2026-06-18 02:00:36,688 : INFO : root : Loading config.
2026-06-18 02:00:36,691 : INFO : YamlMultifileConfigLoader : Machine config file #1: config.yaml
2026-06-18 02:00:36,692 : INFO : ConfigProcessor : Loading config from cache: C:\Users\mpf\AppData\Local\Temp\6d5b600d7be1a6495e3e5a66bc905d87.mpf_cache
2026-06-18 02:00:36,761 : WARNING : ConfigProcessor : Config file in cache changed: C:\pinball\modes\attract\config\attract.yaml
2026-06-18 02:00:36,761 : INFO : ConfigProcessor : Loading config from file C:\Users\mpf\AppData\Local\Programs\Python\Python313\Lib\site-packages\mpf\modes\attract\config\attract.yaml.
2026-06-18 02:00:36,765 : INFO : ConfigProcessor : Loading config: C:\Users\mpf\AppData\Local\Programs\Python\Python313\Lib\site-packages\mpf\modes\attract\config\attract.yaml
2026-06-18 02:00:36,765 : INFO : ConfigProcessor : Loading config from file C:\pinball\modes\attract\config\attract.yaml.
2026-06-18 02:00:36,770 : INFO : ConfigProcessor : Loading config: C:\pinball\modes\attract\config\attract.yaml
2026-06-18 02:00:36,771 : INFO : ConfigProcessor : Config file cache created: C:\Users\mpf\AppData\Local\Temp\8f40fc9be560776ef72c29fc1142b5c0.mpf_cache
2026-06-18 02:00:36,772 : INFO : ConfigProcessor : Loading config from cache: C:\Users\mpf\AppData\Local\Temp\280ef0bf7d2e5d11f4cb038a53adbb41.mpf_cache
2026-06-18 02:00:36,772 : INFO : ConfigProcessor : Loading config from cache: C:\Users\mpf\AppData\Local\Temp\8f40fc9be560776ef72c29fc1142b5c0.mpf_cache
2026-06-18 02:00:36,773 : INFO : ConfigProcessor : Loading config from cache: C:\Users\mpf\AppData\Local\Temp\d40f4ca26774ea864f33fb732ef4f4c0.mpf_cache
2026-06-18 02:00:36,773 : INFO : Machine : Mission Pinball Framework Core Engine v0.80.0.dev13
2026-06-18 02:00:36,773 : INFO : Machine : Command line arguments: {'no_load_cache': False, 'create_config_cache': True, 'bcp': True, 'configfile': ['config.yaml'], 'force_assets_load': False, 'platform_integration_test': False, 'jsonlogging': False, 'logfile': 'logs\\2026-06-18-02-00-36-mpf-DESKTOP-OC28BPB.log', 'pause': False, 'production': False, 'text_ui': False, 'loglevel': 15, 'consoleloglevel': 20, 'force_platform': None, 'syslog_address': None, 'full_logfile_path': 'C:\\pinball\\logs\\2026-06-18-02-00-36-mpf-DESKTOP-OC28BPB.log'}
2026-06-18 02:00:36,773 : INFO : Machine : MPF path: C:\Users\mpf\AppData\Local\Programs\Python\Python313\Lib\site-packages\mpf
2026-06-18 02:00:36,774 : INFO : Machine : Machine path: C:\pinball
2026-06-18 02:00:36,774 : INFO : Machine : Platform: win32
2026-06-18 02:00:36,774 : INFO : Machine : Python executable location: C:\Users\mpf\AppData\Local\Programs\Python\Python313\python.exe
2026-06-18 02:00:36,774 : INFO : Machine : Python version: 3.13.12 (64-bit)
2026-06-18 02:00:36,776 : INFO : Machine : Initializing MPF...
2026-06-18 02:00:36,869 : INFO : FAST : Auto-detecting ports for the following connections: ['net']
2026-06-18 02:00:36,895 : INFO : FAST : Detected NET on port COM4
2026-06-18 02:00:37,009 : INFO : FAST [NET] : Trying to connect to COM4 at 921600bps
2026-06-18 02:00:37,020 : INFO : FAST [NET] : Connected to COM4 at 921600bps
2026-06-18 02:00:37,038 : INFO : FAST [NET] : Connected to FP-CPU-2000 with firmware v02.26
2026-06-18 02:00:37,069 : INFO : FAST [NET] : Registered I/O Board 0: Model: FP-I/O-3208, Firmware: 01.10, Switches: 32, Drivers: 8
2026-06-18 02:00:37,070 : INFO : EventManager : Event: ======'machine_var_credits_string'====== Args={'value': 'FREE PLAY', 'prev_value': None, 'change': True}
2026-06-18 02:00:37,095 : INFO : EventManager : Event: ======'machine_var_master_volume'====== Args={'value': 0.5, 'prev_value': None, 'change': True}
2026-06-18 02:00:37,095 : INFO : EventManager : Event: ======'machine_var_player1_score'====== Args={'value': 0, 'prev_value': None, 'change': True}
2026-06-18 02:00:37,095 : INFO : EventManager : Event: ======'machine_var_mpf_version'====== Args={'value': 'Mission Pinball Framework v0.80.0.dev13', 'prev_value': None, 'change': True}
2026-06-18 02:00:37,095 : INFO : EventManager : Event: ======'machine_var_mpf_extended_version'====== Args={'value': 'Mission Pinball Framework v0.80.0.dev13, Config version:6, Show version: 6, BCP version:1.1', 'prev_value': None, 'change': True}
2026-06-18 02:00:37,095 : INFO : EventManager : Event: ======'machine_var_python_version'====== Args={'value': '3.13.12', 'prev_value': None, 'change': True}
2026-06-18 02:00:37,138 : INFO : EventManager : Event: ======'machine_var_platform'====== Args={'value': 'Windows-11-10.0.26200-SP0', 'prev_value': None, 'change': True}
2026-06-18 02:00:37,138 : INFO : EventManager : Event: ======'machine_var_platform_system'====== Args={'value': 'Windows', 'prev_value': None, 'change': True}
2026-06-18 02:00:37,138 : INFO : EventManager : Event: ======'machine_var_platform_release'====== Args={'value': '11', 'prev_value': None, 'change': True}
2026-06-18 02:00:37,138 : INFO : EventManager : Event: ======'machine_var_platform_version'====== Args={'value': '10.0.26200', 'prev_value': None, 'change': True}
2026-06-18 02:00:37,138 : INFO : EventManager : Event: ======'machine_var_platform_machine'====== Args={'value': 'AMD64', 'prev_value': None, 'change': True}
2026-06-18 02:00:37,138 : INFO : EventManager : Event: ======'machine_var_log_file_path'====== Args={'value': 'C:\\pinball\\logs\\2026-06-18-02-00-36-mpf-DESKTOP-OC28BPB.log', 'prev_value': None, 'change': True}
2026-06-18 02:00:37,138 : INFO : EventManager : Event: ======'init_phase_1'====== Args={}
2026-06-18 02:00:39,229 : INFO : SwitchController : <<<<<<< 's_trough_ball_jam' active >>>>>>>
2026-06-18 02:00:39,229 : INFO : SwitchController : <<<<<<< 's_trough_ball_1' active >>>>>>>
2026-06-18 02:00:39,231 : INFO : EventManager : Event: ======'init_phase_2'====== Args={}
2026-06-18 02:00:39,232 : INFO : SwitchController : Found active switch: (6, [FAST Platform Interface]) <switch.s_trough_ball_jam>
2026-06-18 02:00:39,233 : INFO : SwitchController : Found active switch: (0, [FAST Platform Interface]) <switch.s_trough_ball_1>
2026-06-18 02:00:39,237 : INFO : EventManager : Event: ======'bcp_connection_attempt'====== Args={'name': 'local_display', 'host': 'localhost', 'port': 5050}
2026-06-18 02:00:39,244 : INFO : BCPClientSocket : Connecting BCP to 'local_display' at localhost:5050...
2026-06-18 02:00:39,254 : INFO : BCPClientSocket : Connected BCP to 'local_display' localhost:5050
2026-06-18 02:00:39,256 : INFO : EventManager : Event: ======'bcp_clients_connected'====== Args={}
2026-06-18 02:00:39,733 : INFO : ball_device.bd_trough : BCH: Initial count: 1
2026-06-18 02:00:39,734 : INFO : ball_device.bd_trough : State: idle
2026-06-18 02:00:39,736 : INFO : ball_device.bd_plunger : BCH: Initial count: 0
2026-06-18 02:00:39,736 : INFO : ball_device.bd_plunger : State: idle
2026-06-18 02:00:39,763 : INFO : EventManager : Event: ======'init_phase_3'====== Args={}
2026-06-18 02:00:39,765 : INFO : EventManager : Event: ======'init_phase_4'====== Args={}
2026-06-18 02:00:39,765 : INFO : BallController : Initial balls found: 1
2026-06-18 02:00:39,766 : INFO : EventManager : Event: ======'machine_var_audits_events_game_ended'====== Args={'value': 5, 'prev_value': None, 'change': True}
2026-06-18 02:00:39,766 : INFO : EventManager : Event: ======'machine_var_audits_events_game_started'====== Args={'value': 20, 'prev_value': None, 'change': True}
2026-06-18 02:00:39,767 : INFO : EventManager : Event: ======'machine_var_audits_missing_switches_s_flipper_left_eos'====== Args={'value': 4, 'prev_value': None, 'change': True}
2026-06-18 02:00:39,767 : INFO : EventManager : Event: ======'machine_var_audits_missing_switches_s_flipper_right_eos'====== Args={'value': 2, 'prev_value': None, 'change': True}
2026-06-18 02:00:39,767 : INFO : EventManager : Event: ======'machine_var_audits_missing_switches_s_launch'====== Args={'value': 16, 'prev_value': None, 'change': True}
2026-06-18 02:00:39,767 : INFO : EventManager : Event: ======'machine_var_audits_missing_switches_s_left_flipper'====== Args={'value': 4, 'prev_value': None, 'change': True}
2026-06-18 02:00:39,767 : INFO : EventManager : Event: ======'machine_var_audits_missing_switches_s_left_inlane'====== Args={'value': 12, 'prev_value': None, 'change': True}
2026-06-18 02:00:39,767 : INFO : EventManager : Event: ======'machine_var_audits_missing_switches_s_plunger'====== Args={'value': 1, 'prev_value': None, 'change': True}
2026-06-18 02:00:39,767 : INFO : EventManager : Event: ======'machine_var_audits_missing_switches_s_right_flipper'====== Args={'value': 2, 'prev_value': None, 'change': True}
2026-06-18 02:00:39,767 : INFO : EventManager : Event: ======'machine_var_audits_missing_switches_s_right_inlane'====== Args={'value': 4, 'prev_value': None, 'change': True}
2026-06-18 02:00:39,767 : INFO : EventManager : Event: ======'machine_var_audits_missing_switches_s_right_outlane'====== Args={'value': 4, 'prev_value': None, 'change': True}
2026-06-18 02:00:39,767 : INFO : EventManager : Event: ======'machine_var_audits_missing_switches_s_slingshot_left'====== Args={'value': 1, 'prev_value': None, 'change': True}
2026-06-18 02:00:39,767 : INFO : EventManager : Event: ======'machine_var_audits_missing_switches_s_slingshot_right'====== Args={'value': 4, 'prev_value': None, 'change': True}
2026-06-18 02:00:39,767 : INFO : EventManager : Event: ======'machine_var_audits_missing_switches_s_start'====== Args={'value': 6, 'prev_value': None, 'change': True}
2026-06-18 02:00:39,767 : INFO : EventManager : Event: ======'machine_var_audits_missing_switches_s_trough_ball_1'====== Args={'value': 3, 'prev_value': None, 'change': True}
2026-06-18 02:00:39,767 : INFO : EventManager : Event: ======'machine_var_audits_missing_switches_s_trough_ball_2'====== Args={'value': 3, 'prev_value': None, 'change': True}
2026-06-18 02:00:39,767 : INFO : EventManager : Event: ======'machine_var_audits_missing_switches_s_trough_ball_3'====== Args={'value': 3, 'prev_value': None, 'change': True}
2026-06-18 02:00:39,767 : INFO : EventManager : Event: ======'machine_var_audits_missing_switches_s_trough_ball_4'====== Args={'value': 3, 'prev_value': None, 'change': True}
2026-06-18 02:00:39,768 : INFO : EventManager : Event: ======'machine_var_audits_missing_switches_s_trough_ball_5'====== Args={'value': 3, 'prev_value': None, 'change': True}
2026-06-18 02:00:39,768 : INFO : EventManager : Event: ======'machine_var_audits_missing_switches_s_trough_ball_6'====== Args={'value': 3, 'prev_value': None, 'change': True}
2026-06-18 02:00:39,768 : INFO : EventManager : Event: ======'machine_var_audits_missing_switches_s_trough_ball_jam'====== Args={'value': 3, 'prev_value': None, 'change': True}
2026-06-18 02:00:39,768 : INFO : EventManager : Event: ======'machine_var_audits_player_score'====== Args={'value': {'average': 0, 'top': [0, 0, 0, 0, 0], 'total': 5}, 'prev_value': None, 'change': True}
2026-06-18 02:00:39,768 : INFO : EventManager : Event: ======'machine_var_audits_switches_s_flipper_left_eos'====== Args={'value': 5, 'prev_value': None, 'change': True}
2026-06-18 02:00:39,768 : INFO : EventManager : Event: ======'machine_var_audits_switches_s_flipper_right_eos'====== Args={'value': 4, 'prev_value': None, 'change': True}
2026-06-18 02:00:39,768 : INFO : EventManager : Event: ======'machine_var_audits_switches_s_launch'====== Args={'value': 2, 'prev_value': None, 'change': True}
2026-06-18 02:00:39,768 : INFO : EventManager : Event: ======'machine_var_audits_switches_s_left_flipper'====== Args={'value': 6, 'prev_value': None, 'change': True}
2026-06-18 02:00:39,768 : INFO : EventManager : Event: ======'machine_var_audits_switches_s_left_inlane'====== Args={'value': 9, 'prev_value': None, 'change': True}
2026-06-18 02:00:39,768 : INFO : EventManager : Event: ======'machine_var_audits_switches_s_left_outlane'====== Args={'value': 20, 'prev_value': None, 'change': True}
2026-06-18 02:00:39,768 : INFO : EventManager : Event: ======'machine_var_audits_switches_s_plunger'====== Args={'value': 18, 'prev_value': None, 'change': True}
2026-06-18 02:00:39,768 : INFO : EventManager : Event: ======'machine_var_audits_switches_s_right_flipper'====== Args={'value': 9, 'prev_value': None, 'change': True}
2026-06-18 02:00:39,768 : INFO : EventManager : Event: ======'machine_var_audits_switches_s_right_inlane'====== Args={'value': 7, 'prev_value': None, 'change': True}
2026-06-18 02:00:39,768 : INFO : EventManager : Event: ======'machine_var_audits_switches_s_right_outlane'====== Args={'value': 24, 'prev_value': None, 'change': True}
2026-06-18 02:00:39,768 : INFO : EventManager : Event: ======'machine_var_audits_switches_s_slingshot_left'====== Args={'value': 19, 'prev_value': None, 'change': True}
2026-06-18 02:00:39,768 : INFO : EventManager : Event: ======'machine_var_audits_switches_s_slingshot_right'====== Args={'value': 25, 'prev_value': None, 'change': True}
2026-06-18 02:00:39,768 : INFO : EventManager : Event: ======'machine_var_audits_switches_s_start'====== Args={'value': 0, 'prev_value': None, 'change': True}
2026-06-18 02:00:39,768 : INFO : EventManager : Event: ======'machine_var_audits_switches_s_trough_ball_1'====== Args={'value': 101, 'prev_value': None, 'change': True}
2026-06-18 02:00:39,768 : INFO : EventManager : Event: ======'machine_var_audits_switches_s_trough_ball_2'====== Args={'value': 27, 'prev_value': None, 'change': True}
2026-06-18 02:00:39,768 : INFO : EventManager : Event: ======'machine_var_audits_switches_s_trough_ball_3'====== Args={'value': 15, 'prev_value': None, 'change': True}
2026-06-18 02:00:39,768 : INFO : EventManager : Event: ======'machine_var_audits_switches_s_trough_ball_4'====== Args={'value': 15, 'prev_value': None, 'change': True}
2026-06-18 02:00:39,768 : INFO : EventManager : Event: ======'machine_var_audits_switches_s_trough_ball_5'====== Args={'value': 15, 'prev_value': None, 'change': True}
2026-06-18 02:00:39,768 : INFO : EventManager : Event: ======'machine_var_audits_switches_s_trough_ball_6'====== Args={'value': 15, 'prev_value': None, 'change': True}
2026-06-18 02:00:39,769 : INFO : EventManager : Event: ======'machine_var_audits_switches_s_trough_ball_jam'====== Args={'value': 53, 'prev_value': None, 'change': True}
2026-06-18 02:00:39,769 : INFO : EventManager : Event: ======'init_phase_5'====== Args={}
2026-06-18 02:00:39,769 : INFO : EventManager : Event: ======'init_done'====== Args={}
2026-06-18 02:00:39,769 : INFO : EventManager : Event: ======'machine_reset_phase_1'====== Args={}
2026-06-18 02:00:39,776 : INFO : EventManager : Event: ======'machine_reset_phase_2'====== Args={}
2026-06-18 02:00:39,777 : INFO : EventManager : Event: ======'machine_reset_phase_3'====== Args={}
2026-06-18 02:00:39,777 : INFO : EventManager : Event: ======'reset_complete'====== Args={}
2026-06-18 02:00:39,777 : INFO : EventManager : Event: ======'mode_attract_will_start'====== Args={}
2026-06-18 02:00:39,778 : INFO : Timer.attract_carousel_timer : Starting Timer.
2026-06-18 02:00:39,778 : INFO : EventManager : Event: ======'timer_attract_carousel_timer_started'====== Args={'ticks': 0, 'ticks_remaining': 1}
2026-06-18 02:00:39,778 : INFO : EventManager : Event: ======'timer_attract_carousel_timer_tick'====== Args={'ticks': 0, 'ticks_remaining': 1}
2026-06-18 02:00:39,779 : INFO : EventManager : Event: ======'mode_attract_starting'====== Args={}
2026-06-18 02:00:39,779 : INFO : Mode.attract : Started. Priority: 10
2026-06-18 02:00:39,779 : INFO : EventManager : Event: ======'modes_active_modes_changed'====== Args={}
2026-06-18 02:00:39,779 : INFO : EventManager : Event: ======'mode_attract_started'====== Args={}
2026-06-18 02:00:39,779 : INFO : EventManager : Event: ======'collecting_balls_complete'====== Args={}
2026-06-18 02:00:39,780 : INFO : EventManager : Event: ======'carousel_item_highlighted'====== Args={'carousel': 'attract', 'direction': None, 'item': 'title'}
2026-06-18 02:00:39,780 : INFO : Machine : Starting the main run loop with active modes: [<Mode.attract>]
2026-06-18 02:00:39,807 : INFO : EventManager : Event: ======'slide_attract_created'====== Args={'_from_bcp': True}
2026-06-18 02:00:39,808 : INFO : EventManager : Event: ======'slide__removed'====== Args={'_from_bcp': True}
2026-06-18 02:00:39,808 : INFO : EventManager : Event: ======'slide_attract_active'====== Args={'original_context': 'attract', 'original_calling_context': 'mode_attract_started', 'priority': 10.0, 'cmd': 'slides_play', '_from_bcp': True}
2026-06-18 02:00:44,778 : INFO : Timer.attract_carousel_timer : Timer Complete
2026-06-18 02:00:44,779 : INFO : Timer.attract_carousel_timer : Stopping Timer
2026-06-18 02:00:44,779 : INFO : EventManager : Event: ======'timer_attract_carousel_timer_stopped'====== Args={'ticks': 1, 'ticks_remaining': 1}
2026-06-18 02:00:44,780 : INFO : EventManager : Event: ======'timer_attract_carousel_timer_complete'====== Args={'ticks': 1, 'ticks_remaining': 1}
2026-06-18 02:00:44,780 : INFO : EventManager : Event: ======'carousel_item_highlighted'====== Args={'carousel': 'attract', 'direction': 'forwards', 'item': 'credits'}
2026-06-18 02:00:48,332 : INFO : SwitchController : <<<<<<< 's_right_flipper' active >>>>>>>
2026-06-18 02:00:48,332 : INFO : EventManager : Event: ======'s_right_flipper_active'====== Args={}
2026-06-18 02:00:48,334 : INFO : EventManager : Event: ======'carousel_item_highlighted'====== Args={'carousel': 'attract', 'direction': 'forwards', 'item': 'mpf_logo'}
2026-06-18 02:00:48,489 : INFO : SwitchController : <<<<<<< 's_right_flipper' inactive >>>>>>>
2026-06-18 02:00:49,921 : INFO : SwitchController : <<<<<<< 's_right_flipper' active >>>>>>>
2026-06-18 02:00:49,921 : INFO : EventManager : Event: ======'s_right_flipper_active'====== Args={}
2026-06-18 02:00:49,922 : INFO : EventManager : Event: ======'carousel_item_highlighted'====== Args={'carousel': 'attract', 'direction': 'forwards', 'item': 'title'}
2026-06-18 02:00:50,110 : INFO : SwitchController : <<<<<<< 's_right_flipper' inactive >>>>>>>
2026-06-18 02:00:50,575 : INFO : SwitchController : <<<<<<< 's_right_flipper' active >>>>>>>
2026-06-18 02:00:50,576 : INFO : EventManager : Event: ======'s_right_flipper_active'====== Args={}
2026-06-18 02:00:50,577 : INFO : EventManager : Event: ======'carousel_item_highlighted'====== Args={'carousel': 'attract', 'direction': 'forwards', 'item': 'credits'}
2026-06-18 02:00:50,779 : INFO : SwitchController : <<<<<<< 's_right_flipper' inactive >>>>>>>
2026-06-18 02:00:51,350 : INFO : SwitchController : <<<<<<< 's_right_flipper' active >>>>>>>
2026-06-18 02:00:51,350 : INFO : EventManager : Event: ======'s_right_flipper_active'====== Args={}
2026-06-18 02:00:51,352 : INFO : EventManager : Event: ======'carousel_item_highlighted'====== Args={'carousel': 'attract', 'direction': 'forwards', 'item': 'mpf_logo'}
2026-06-18 02:00:54,354 : INFO : EventManager : Event: ======'flipper_cradle'====== Args={}
2026-06-18 02:00:54,355 : INFO : Timer.attract_carousel_timer : Stopping Timer
2026-06-18 02:00:54,355 : INFO : EventManager : Event: ======'timer_attract_carousel_timer_stopped'====== Args={'ticks': 1, 'ticks_remaining': 1}
2026-06-18 02:00:55,032 : INFO : SwitchController : <<<<<<< 's_right_flipper' inactive >>>>>>>
2026-06-18 02:00:55,033 : INFO : EventManager : Event: ======'flipper_cradle_release'====== Args={}
2026-06-18 02:00:55,033 : INFO : Timer.attract_carousel_timer : Starting Timer.
2026-06-18 02:00:55,034 : INFO : EventManager : Event: ======'timer_attract_carousel_timer_started'====== Args={'ticks': 0, 'ticks_remaining': 1}
2026-06-18 02:00:55,034 : INFO : EventManager : Event: ======'timer_attract_carousel_timer_tick'====== Args={'ticks': 0, 'ticks_remaining': 1}
2026-06-18 02:01:00,047 : INFO : Timer.attract_carousel_timer : Timer Complete
2026-06-18 02:01:00,048 : INFO : Timer.attract_carousel_timer : Stopping Timer
2026-06-18 02:01:00,048 : INFO : EventManager : Event: ======'timer_attract_carousel_timer_stopped'====== Args={'ticks': 1, 'ticks_remaining': 1}
2026-06-18 02:01:00,049 : INFO : EventManager : Event: ======'timer_attract_carousel_timer_complete'====== Args={'ticks': 1, 'ticks_remaining': 1}
2026-06-18 02:01:00,049 : INFO : EventManager : Event: ======'carousel_item_highlighted'====== Args={'carousel': 'attract', 'direction': 'forwards', 'item': 'title'}
2026-06-18 02:01:04,581 : INFO : SwitchController : <<<<<<< 's_left_flipper' active >>>>>>>
2026-06-18 02:01:04,581 : INFO : EventManager : Event: ======'s_left_flipper_active'====== Args={}
2026-06-18 02:01:04,582 : INFO : EventManager : Event: ======'carousel_item_highlighted'====== Args={'carousel': 'attract', 'direction': 'backwards', 'item': 'mpf_logo'}
2026-06-18 02:01:07,591 : INFO : EventManager : Event: ======'flipper_cradle'====== Args={}
2026-06-18 02:01:07,592 : INFO : Timer.attract_carousel_timer : Stopping Timer
2026-06-18 02:01:07,592 : INFO : EventManager : Event: ======'timer_attract_carousel_timer_stopped'====== Args={'ticks': 1, 'ticks_remaining': 1}
2026-06-18 02:01:09,308 : INFO : SwitchController : <<<<<<< 's_left_flipper' inactive >>>>>>>
2026-06-18 02:01:09,308 : INFO : EventManager : Event: ======'flipper_cradle_release'====== Args={}
2026-06-18 02:01:09,309 : INFO : Timer.attract_carousel_timer : Starting Timer.
2026-06-18 02:01:09,309 : INFO : EventManager : Event: ======'timer_attract_carousel_timer_started'====== Args={'ticks': 0, 'ticks_remaining': 1}
2026-06-18 02:01:09,310 : INFO : EventManager : Event: ======'timer_attract_carousel_timer_tick'====== Args={'ticks': 0, 'ticks_remaining': 1}
2026-06-18 02:01:14,319 : INFO : Timer.attract_carousel_timer : Timer Complete
2026-06-18 02:01:14,320 : INFO : Timer.attract_carousel_timer : Stopping Timer
2026-06-18 02:01:14,320 : INFO : EventManager : Event: ======'timer_attract_carousel_timer_stopped'====== Args={'ticks': 1, 'ticks_remaining': 1}
2026-06-18 02:01:14,320 : INFO : EventManager : Event: ======'timer_attract_carousel_timer_complete'====== Args={'ticks': 1, 'ticks_remaining': 1}
2026-06-18 02:01:14,321 : INFO : EventManager : Event: ======'carousel_item_highlighted'====== Args={'carousel': 'attract', 'direction': 'forwards', 'item': 'title'}
2026-06-18 02:01:19,458 : INFO : Machine : Shutting down...
2026-06-18 02:01:19,458 : INFO : EventManager : Event: ======'shutdown'====== Args={}
2026-06-18 02:01:19,572 : INFO : root : MPF run loop ended.
