2026-06-03 23:43:58,584 : INFO : root : Loading config.
2026-06-03 23:43:58,590 : INFO : YamlMultifileConfigLoader : Machine config file #1: config.yaml
2026-06-03 23:43:58,591 : INFO : ConfigProcessor : Loading config from cache: C:\Users\mpf\AppData\Local\Temp\6d5b600d7be1a6495e3e5a66bc905d87.mpf_cache
2026-06-03 23:43:58,690 : INFO : ConfigProcessor : Loading config from cache: C:\Users\mpf\AppData\Local\Temp\8f40fc9be560776ef72c29fc1142b5c0.mpf_cache
2026-06-03 23:43:58,691 : INFO : ConfigProcessor : Loading config from cache: C:\Users\mpf\AppData\Local\Temp\280ef0bf7d2e5d11f4cb038a53adbb41.mpf_cache
2026-06-03 23:43:58,691 : INFO : Machine : Mission Pinball Framework Core Engine v0.80.0.dev13
2026-06-03 23:43:58,691 : INFO : Machine : Command line arguments: {'no_load_cache': False, 'create_config_cache': True, 'bcp': False, 'configfile': ['config.yaml'], 'force_assets_load': False, 'platform_integration_test': False, 'jsonlogging': False, 'logfile': 'logs\\2026-06-03-23-43-58-mpf-DESKTOP-OC28BPB.log', 'pause': False, 'production': False, 'text_ui': False, 'loglevel': 15, 'consoleloglevel': 20, 'force_platform': None, 'syslog_address': None, 'full_logfile_path': 'C:\\pinball\\logs\\2026-06-03-23-43-58-mpf-DESKTOP-OC28BPB.log'}
2026-06-03 23:43:58,691 : INFO : Machine : MPF path: C:\Users\mpf\AppData\Local\Programs\Python\Python313\Lib\site-packages\mpf
2026-06-03 23:43:58,692 : INFO : Machine : Machine path: C:\pinball
2026-06-03 23:43:58,692 : INFO : Machine : Platform: win32
2026-06-03 23:43:58,692 : INFO : Machine : Python executable location: C:\Users\mpf\AppData\Local\Programs\Python\Python313\python.exe
2026-06-03 23:43:58,692 : INFO : Machine : Python version: 3.13.12 (64-bit)
2026-06-03 23:43:58,693 : INFO : Machine : Initializing MPF...
2026-06-03 23:43:58,806 : INFO : FAST : Auto-detecting ports for the following connections: ['net']
2026-06-03 23:43:58,843 : INFO : FAST : Detected NET on port COM4
2026-06-03 23:43:58,959 : INFO : FAST [NET] : Trying to connect to COM4 at 921600bps
2026-06-03 23:43:58,970 : INFO : FAST [NET] : Connected to COM4 at 921600bps
2026-06-03 23:43:58,986 : INFO : FAST [NET] : Connected to FP-CPU-2000 with firmware v02.26
2026-06-03 23:43:59,018 : INFO : FAST [NET] : Registered I/O Board 0: Model: FP-I/O-3208, Firmware: 01.10, Switches: 32, Drivers: 8
2026-06-03 23:43:59,019 : INFO : EventManager : Event: ======'machine_var_credits_string'====== Args={'value': 'FREE PLAY', 'prev_value': None, 'change': True}
2026-06-03 23:43:59,056 : INFO : EventManager : Event: ======'machine_var_master_volume'====== Args={'value': 0.5, 'prev_value': None, 'change': True}
2026-06-03 23:43:59,056 : INFO : EventManager : Event: ======'machine_var_mpf_version'====== Args={'value': 'Mission Pinball Framework v0.80.0.dev13', 'prev_value': None, 'change': True}
2026-06-03 23:43:59,056 : INFO : EventManager : Event: ======'machine_var_mpf_extended_version'====== Args={'value': 'Mission Pinball Framework v0.80.0.dev13, Config version:6, Show version: 6, BCP version:1.1', 'prev_value': None, 'change': True}
2026-06-03 23:43:59,056 : INFO : EventManager : Event: ======'machine_var_python_version'====== Args={'value': '3.13.12', 'prev_value': None, 'change': True}
2026-06-03 23:43:59,099 : INFO : EventManager : Event: ======'machine_var_platform'====== Args={'value': 'Windows-11-10.0.26200-SP0', 'prev_value': None, 'change': True}
2026-06-03 23:43:59,099 : INFO : EventManager : Event: ======'machine_var_platform_system'====== Args={'value': 'Windows', 'prev_value': None, 'change': True}
2026-06-03 23:43:59,099 : INFO : EventManager : Event: ======'machine_var_platform_release'====== Args={'value': '11', 'prev_value': None, 'change': True}
2026-06-03 23:43:59,099 : INFO : EventManager : Event: ======'machine_var_platform_version'====== Args={'value': '10.0.26200', 'prev_value': None, 'change': True}
2026-06-03 23:43:59,099 : INFO : EventManager : Event: ======'machine_var_platform_machine'====== Args={'value': 'AMD64', 'prev_value': None, 'change': True}
2026-06-03 23:43:59,100 : INFO : EventManager : Event: ======'machine_var_log_file_path'====== Args={'value': 'C:\\pinball\\logs\\2026-06-03-23-43-58-mpf-DESKTOP-OC28BPB.log', 'prev_value': None, 'change': True}
2026-06-03 23:43:59,100 : INFO : EventManager : Event: ======'init_phase_1'====== Args={}
2026-06-03 23:44:02,983 : INFO : EventManager : Event: ======'init_phase_2'====== Args={}
2026-06-03 23:44:03,010 : INFO : EventManager : Event: ======'init_phase_3'====== Args={}
2026-06-03 23:44:03,016 : INFO : EventManager : Event: ======'init_phase_4'====== Args={}
2026-06-03 23:44:03,019 : INFO : EventManager : Event: ======'machine_var_audits_switches_s_left_flipper'====== Args={'value': 0, 'prev_value': None, 'change': True}
2026-06-03 23:44:03,019 : INFO : EventManager : Event: ======'machine_var_audits_switches_s_right_flipper'====== Args={'value': 0, 'prev_value': None, 'change': True}
2026-06-03 23:44:03,019 : INFO : EventManager : Event: ======'machine_var_audits_events_game_started'====== Args={'value': 0, 'prev_value': None, 'change': True}
2026-06-03 23:44:03,019 : INFO : EventManager : Event: ======'machine_var_audits_events_game_ended'====== Args={'value': 0, 'prev_value': None, 'change': True}
2026-06-03 23:44:03,019 : INFO : EventManager : Event: ======'machine_var_audits_player_score'====== Args={'value': {'top': [], 'average': 0, 'total': 0}, 'prev_value': None, 'change': True}
2026-06-03 23:44:03,020 : INFO : EventManager : Event: ======'init_phase_5'====== Args={}
2026-06-03 23:44:03,020 : INFO : EventManager : Event: ======'init_done'====== Args={}
2026-06-03 23:44:03,020 : INFO : EventManager : Event: ======'machine_reset_phase_1'====== Args={}
2026-06-03 23:44:03,021 : INFO : EventManager : Event: ======'machine_reset_phase_2'====== Args={}
2026-06-03 23:44:03,021 : INFO : EventManager : Event: ======'machine_reset_phase_3'====== Args={}
2026-06-03 23:44:03,022 : INFO : EventManager : Event: ======'reset_complete'====== Args={}
2026-06-03 23:44:03,023 : INFO : EventManager : Event: ======'mode_attract_will_start'====== Args={}
2026-06-03 23:44:03,025 : INFO : EventManager : Event: ======'mode_attract_starting'====== Args={}
2026-06-03 23:44:03,025 : INFO : Mode.attract : Started. Priority: 10
2026-06-03 23:44:03,025 : INFO : EventManager : Event: ======'modes_active_modes_changed'====== Args={}
2026-06-03 23:44:03,025 : INFO : EventManager : Event: ======'mode_attract_started'====== Args={}
2026-06-03 23:44:03,025 : INFO : EventManager : Event: ======'collecting_balls_complete'====== Args={}
2026-06-03 23:44:03,027 : INFO : Machine : Starting the main run loop with active modes: [<Mode.attract>]
2026-06-03 23:44:06,117 : INFO : SwitchController : <<<<<<< 's_left_flipper' active >>>>>>>
2026-06-03 23:44:06,325 : INFO : SwitchController : <<<<<<< 's_left_flipper' inactive >>>>>>>
2026-06-03 23:44:06,629 : INFO : SwitchController : <<<<<<< 's_left_flipper' active >>>>>>>
2026-06-03 23:44:06,820 : INFO : SwitchController : <<<<<<< 's_left_flipper' inactive >>>>>>>
2026-06-03 23:44:07,155 : INFO : SwitchController : <<<<<<< 's_left_flipper' active >>>>>>>
2026-06-03 23:44:07,363 : INFO : SwitchController : <<<<<<< 's_left_flipper' inactive >>>>>>>
2026-06-03 23:44:07,587 : INFO : SwitchController : <<<<<<< 's_left_flipper' active >>>>>>>
2026-06-03 23:44:07,763 : INFO : SwitchController : <<<<<<< 's_left_flipper' inactive >>>>>>>
2026-06-03 23:44:07,954 : INFO : SwitchController : <<<<<<< 's_left_flipper' active >>>>>>>
2026-06-03 23:44:08,130 : INFO : SwitchController : <<<<<<< 's_left_flipper' inactive >>>>>>>
2026-06-03 23:44:08,242 : INFO : SwitchController : <<<<<<< 's_left_flipper' active >>>>>>>
2026-06-03 23:44:08,418 : INFO : SwitchController : <<<<<<< 's_left_flipper' inactive >>>>>>>
2026-06-03 23:44:08,514 : INFO : SwitchController : <<<<<<< 's_left_flipper' active >>>>>>>
2026-06-03 23:44:08,673 : INFO : SwitchController : <<<<<<< 's_left_flipper' inactive >>>>>>>
2026-06-03 23:44:11,038 : INFO : Machine : Shutting down...
2026-06-03 23:44:11,039 : INFO : EventManager : Event: ======'shutdown'====== Args={}
2026-06-03 23:44:11,152 : INFO : root : MPF run loop ended.
