2026-06-18 00:48:37,391 : INFO : root : Loading config.
2026-06-18 00:48:37,395 : INFO : YamlMultifileConfigLoader : Machine config file #1: config.yaml
2026-06-18 00:48:37,396 : INFO : ConfigProcessor : Loading config from cache: C:\Users\mpf\AppData\Local\Temp\6d5b600d7be1a6495e3e5a66bc905d87.mpf_cache
2026-06-18 00:48:37,488 : INFO : ConfigProcessor : Loading config from cache: C:\Users\mpf\AppData\Local\Temp\8f40fc9be560776ef72c29fc1142b5c0.mpf_cache
2026-06-18 00:48:37,489 : INFO : ConfigProcessor : Loading config from cache: C:\Users\mpf\AppData\Local\Temp\280ef0bf7d2e5d11f4cb038a53adbb41.mpf_cache
2026-06-18 00:48:37,489 : INFO : Machine : Mission Pinball Framework Core Engine v0.80.0.dev13
2026-06-18 00:48:37,489 : INFO : Machine : Command line arguments: {'no_load_cache': False, 'create_config_cache': True, 'bcp': True, 'configfile': ['config.yaml'], 'force_assets_load': False, 'platform_integration_test': False, 'jsonlogging': False, 'logfile': 'logs\\2026-06-18-00-48-37-mpf-DESKTOP-OC28BPB.log', 'pause': False, 'production': False, 'text_ui': True, 'loglevel': 15, 'consoleloglevel': 20, 'force_platform': None, 'syslog_address': None, 'full_logfile_path': 'C:\\pinball\\logs\\2026-06-18-00-48-37-mpf-DESKTOP-OC28BPB.log'}
2026-06-18 00:48:37,489 : INFO : Machine : MPF path: C:\Users\mpf\AppData\Local\Programs\Python\Python313\Lib\site-packages\mpf
2026-06-18 00:48:37,489 : INFO : Machine : Machine path: C:\pinball
2026-06-18 00:48:37,489 : INFO : Machine : Platform: win32
2026-06-18 00:48:37,489 : INFO : Machine : Python executable location: C:\Users\mpf\AppData\Local\Programs\Python\Python313\python.exe
2026-06-18 00:48:37,490 : INFO : Machine : Python version: 3.13.12 (64-bit)
2026-06-18 00:48:37,491 : INFO : Machine : Initializing MPF...
2026-06-18 00:48:37,740 : INFO : FAST : Auto-detecting ports for the following connections: ['net']
2026-06-18 00:48:37,771 : INFO : FAST : Detected NET on port COM4
2026-06-18 00:48:37,883 : INFO : FAST [NET] : Trying to connect to COM4 at 921600bps
2026-06-18 00:48:37,889 : INFO : FAST [NET] : Connected to COM4 at 921600bps
2026-06-18 00:48:37,898 : INFO : FAST [NET] : Connected to FP-CPU-2000 with firmware v02.26
2026-06-18 00:48:37,928 : INFO : FAST [NET] : Registered I/O Board 0: Model: FP-I/O-3208, Firmware: 01.10, Switches: 32, Drivers: 8
2026-06-18 00:48:37,929 : INFO : EventManager : Event: ======'machine_var_credits_string'====== Args={'value': 'FREE PLAY', 'prev_value': None, 'change': True}
2026-06-18 00:48:37,954 : INFO : EventManager : Event: ======'machine_var_master_volume'====== Args={'value': 0.5, 'prev_value': None, 'change': True}
2026-06-18 00:48:37,954 : INFO : EventManager : Event: ======'machine_var_player1_score'====== Args={'value': 0, 'prev_value': None, 'change': True}
2026-06-18 00:48:37,954 : INFO : EventManager : Event: ======'machine_var_mpf_version'====== Args={'value': 'Mission Pinball Framework v0.80.0.dev13', 'prev_value': None, 'change': True}
2026-06-18 00:48:37,954 : INFO : EventManager : Event: ======'machine_var_mpf_extended_version'====== Args={'value': 'Mission Pinball Framework v0.80.0.dev13, Config version:6, Show version: 6, BCP version:1.1', 'prev_value': None, 'change': True}
2026-06-18 00:48:37,954 : INFO : EventManager : Event: ======'machine_var_python_version'====== Args={'value': '3.13.12', 'prev_value': None, 'change': True}
2026-06-18 00:48:37,993 : INFO : EventManager : Event: ======'machine_var_platform'====== Args={'value': 'Windows-11-10.0.26200-SP0', 'prev_value': None, 'change': True}
2026-06-18 00:48:37,993 : INFO : EventManager : Event: ======'machine_var_platform_system'====== Args={'value': 'Windows', 'prev_value': None, 'change': True}
2026-06-18 00:48:37,994 : INFO : EventManager : Event: ======'machine_var_platform_release'====== Args={'value': '11', 'prev_value': None, 'change': True}
2026-06-18 00:48:37,994 : INFO : EventManager : Event: ======'machine_var_platform_version'====== Args={'value': '10.0.26200', 'prev_value': None, 'change': True}
2026-06-18 00:48:37,994 : INFO : EventManager : Event: ======'machine_var_platform_machine'====== Args={'value': 'AMD64', 'prev_value': None, 'change': True}
2026-06-18 00:48:37,994 : INFO : EventManager : Event: ======'machine_var_log_file_path'====== Args={'value': 'C:\\pinball\\logs\\2026-06-18-00-48-37-mpf-DESKTOP-OC28BPB.log', 'prev_value': None, 'change': True}
2026-06-18 00:48:37,994 : INFO : EventManager : Event: ======'init_phase_1'====== Args={}
2026-06-18 00:48:40,385 : INFO : SwitchController : <<<<<<< 's_trough_ball_jam' active >>>>>>>
2026-06-18 00:48:40,385 : INFO : SwitchController : <<<<<<< 's_trough_ball_1' active >>>>>>>
2026-06-18 00:48:40,386 : INFO : EventManager : Event: ======'init_phase_2'====== Args={}
2026-06-18 00:48:40,386 : INFO : SwitchController : Found active switch: (6, [FAST Platform Interface]) <switch.s_trough_ball_jam>
2026-06-18 00:48:40,386 : INFO : SwitchController : Found active switch: (0, [FAST Platform Interface]) <switch.s_trough_ball_1>
2026-06-18 00:48:40,388 : INFO : EventManager : Event: ======'bcp_connection_attempt'====== Args={'name': 'local_display', 'host': 'localhost', 'port': 5050}
2026-06-18 00:48:40,390 : INFO : BCPClientSocket : Connecting BCP to 'local_display' at localhost:5050...
2026-06-18 00:48:40,416 : INFO : BCPClientSocket : Connected BCP to 'local_display' localhost:5050
2026-06-18 00:48:40,417 : INFO : EventManager : Event: ======'bcp_clients_connected'====== Args={}
2026-06-18 00:48:40,888 : INFO : ball_device.bd_trough : BCH: Initial count: 1
2026-06-18 00:48:40,888 : INFO : ball_device.bd_trough : State: idle
2026-06-18 00:48:40,889 : INFO : ball_device.bd_plunger : BCH: Initial count: 0
2026-06-18 00:48:40,889 : INFO : ball_device.bd_plunger : State: idle
2026-06-18 00:48:40,902 : INFO : EventManager : Event: ======'init_phase_3'====== Args={}
2026-06-18 00:48:40,904 : INFO : EventManager : Event: ======'init_phase_4'====== Args={}
2026-06-18 00:48:40,905 : INFO : BallController : Initial balls found: 1
2026-06-18 00:48:40,906 : INFO : EventManager : Event: ======'machine_var_audits_events_game_ended'====== Args={'value': 4, 'prev_value': None, 'change': True}
2026-06-18 00:48:40,906 : INFO : EventManager : Event: ======'machine_var_audits_events_game_started'====== Args={'value': 16, 'prev_value': None, 'change': True}
2026-06-18 00:48:40,906 : INFO : EventManager : Event: ======'machine_var_audits_missing_switches_s_launch'====== Args={'value': 12, 'prev_value': None, 'change': True}
2026-06-18 00:48:40,906 : INFO : EventManager : Event: ======'machine_var_audits_missing_switches_s_left_inlane'====== Args={'value': 8, 'prev_value': None, 'change': True}
2026-06-18 00:48:40,906 : INFO : EventManager : Event: ======'machine_var_audits_missing_switches_s_left_outlane'====== Args={'value': 8, 'prev_value': None, 'change': True}
2026-06-18 00:48:40,906 : INFO : EventManager : Event: ======'machine_var_audits_missing_switches_s_start'====== Args={'value': 2, 'prev_value': None, 'change': True}
2026-06-18 00:48:40,906 : INFO : EventManager : Event: ======'machine_var_audits_player_score'====== Args={'value': {'average': 0, 'top': [0, 0, 0, 0], 'total': 4}, 'prev_value': None, 'change': True}
2026-06-18 00:48:40,907 : INFO : EventManager : Event: ======'machine_var_audits_switches_s_flipper_left_eos'====== Args={'value': 5, 'prev_value': None, 'change': True}
2026-06-18 00:48:40,907 : INFO : EventManager : Event: ======'machine_var_audits_switches_s_flipper_right_eos'====== Args={'value': 3, 'prev_value': None, 'change': True}
2026-06-18 00:48:40,907 : INFO : EventManager : Event: ======'machine_var_audits_switches_s_launch'====== Args={'value': 2, 'prev_value': None, 'change': True}
2026-06-18 00:48:40,907 : INFO : EventManager : Event: ======'machine_var_audits_switches_s_left_flipper'====== Args={'value': 6, 'prev_value': None, 'change': True}
2026-06-18 00:48:40,907 : INFO : EventManager : Event: ======'machine_var_audits_switches_s_left_inlane'====== Args={'value': 9, 'prev_value': None, 'change': True}
2026-06-18 00:48:40,907 : INFO : EventManager : Event: ======'machine_var_audits_switches_s_left_outlane'====== Args={'value': 3, 'prev_value': None, 'change': True}
2026-06-18 00:48:40,908 : INFO : EventManager : Event: ======'machine_var_audits_switches_s_plunger'====== Args={'value': 13, 'prev_value': None, 'change': True}
2026-06-18 00:48:40,908 : INFO : EventManager : Event: ======'machine_var_audits_switches_s_right_flipper'====== Args={'value': 8, 'prev_value': None, 'change': True}
2026-06-18 00:48:40,908 : INFO : EventManager : Event: ======'machine_var_audits_switches_s_right_inlane'====== Args={'value': 7, 'prev_value': None, 'change': True}
2026-06-18 00:48:40,908 : INFO : EventManager : Event: ======'machine_var_audits_switches_s_right_outlane'====== Args={'value': 24, 'prev_value': None, 'change': True}
2026-06-18 00:48:40,908 : INFO : EventManager : Event: ======'machine_var_audits_switches_s_slingshot_left'====== Args={'value': 18, 'prev_value': None, 'change': True}
2026-06-18 00:48:40,908 : INFO : EventManager : Event: ======'machine_var_audits_switches_s_slingshot_right'====== Args={'value': 25, 'prev_value': None, 'change': True}
2026-06-18 00:48:40,908 : INFO : EventManager : Event: ======'machine_var_audits_switches_s_start'====== Args={'value': 0, 'prev_value': None, 'change': True}
2026-06-18 00:48:40,908 : INFO : EventManager : Event: ======'machine_var_audits_switches_s_trough_ball_1'====== Args={'value': 97, 'prev_value': None, 'change': True}
2026-06-18 00:48:40,908 : INFO : EventManager : Event: ======'machine_var_audits_switches_s_trough_ball_2'====== Args={'value': 24, 'prev_value': None, 'change': True}
2026-06-18 00:48:40,908 : INFO : EventManager : Event: ======'machine_var_audits_switches_s_trough_ball_3'====== Args={'value': 12, 'prev_value': None, 'change': True}
2026-06-18 00:48:40,908 : INFO : EventManager : Event: ======'machine_var_audits_switches_s_trough_ball_4'====== Args={'value': 12, 'prev_value': None, 'change': True}
2026-06-18 00:48:40,908 : INFO : EventManager : Event: ======'machine_var_audits_switches_s_trough_ball_5'====== Args={'value': 12, 'prev_value': None, 'change': True}
2026-06-18 00:48:40,908 : INFO : EventManager : Event: ======'machine_var_audits_switches_s_trough_ball_6'====== Args={'value': 12, 'prev_value': None, 'change': True}
2026-06-18 00:48:40,908 : INFO : EventManager : Event: ======'machine_var_audits_switches_s_trough_ball_jam'====== Args={'value': 50, 'prev_value': None, 'change': True}
2026-06-18 00:48:40,909 : INFO : EventManager : Event: ======'init_phase_5'====== Args={}
2026-06-18 00:48:40,910 : INFO : EventManager : Event: ======'init_done'====== Args={}
2026-06-18 00:48:40,910 : INFO : EventManager : Event: ======'machine_reset_phase_1'====== Args={}
2026-06-18 00:48:40,923 : INFO : EventManager : Event: ======'machine_reset_phase_2'====== Args={}
2026-06-18 00:48:40,924 : INFO : EventManager : Event: ======'machine_reset_phase_3'====== Args={}
2026-06-18 00:48:40,925 : INFO : EventManager : Event: ======'reset_complete'====== Args={}
2026-06-18 00:48:40,925 : INFO : EventManager : Event: ======'mode_attract_will_start'====== Args={}
2026-06-18 00:48:40,926 : INFO : EventManager : Event: ======'mode_attract_starting'====== Args={}
2026-06-18 00:48:40,926 : INFO : Mode.attract : Started. Priority: 10
2026-06-18 00:48:40,926 : INFO : EventManager : Event: ======'modes_active_modes_changed'====== Args={}
2026-06-18 00:48:40,926 : INFO : EventManager : Event: ======'mode_attract_started'====== Args={}
2026-06-18 00:48:40,927 : INFO : EventManager : Event: ======'collecting_balls_complete'====== Args={}
2026-06-18 00:48:40,928 : INFO : Machine : Starting the main run loop with active modes: [<Mode.attract>]
2026-06-18 00:48:40,969 : INFO : EventManager : Event: ======'slide_attract_created'====== Args={'_from_bcp': True}
2026-06-18 00:48:40,969 : INFO : EventManager : Event: ======'slide__removed'====== Args={'_from_bcp': True}
2026-06-18 00:48:40,970 : INFO : EventManager : Event: ======'slide_attract_active'====== Args={'original_context': 'attract', 'original_calling_context': 'mode_attract_started', 'priority': 10.0, 'cmd': 'slides_play', '_from_bcp': True}
2026-06-18 00:48:55,531 : INFO : SwitchController : <<<<<<< 's_right_flipper' active >>>>>>>
2026-06-18 00:48:55,719 : INFO : SwitchController : <<<<<<< 's_right_flipper' inactive >>>>>>>
2026-06-18 00:48:58,528 : INFO : SwitchController : <<<<<<< 's_right_flipper' active >>>>>>>
2026-06-18 00:48:58,776 : INFO : SwitchController : <<<<<<< 's_right_flipper' inactive >>>>>>>
2026-06-18 00:49:02,742 : INFO : SwitchController : <<<<<<< 's_start' active >>>>>>>
2026-06-18 00:49:02,979 : INFO : SwitchController : <<<<<<< 's_start' inactive >>>>>>>
2026-06-18 00:49:02,980 : INFO : EventManager : Event: ======'request_to_start_game'====== Args={}
2026-06-18 00:49:02,982 : INFO : EventManager : Event: ======'game_start'====== Args={'buttons': [], 'hold_time': 0.23724360000051092}
2026-06-18 00:49:02,982 : INFO : EventManager : Event: ======'mode_game_will_start'====== Args={'buttons': [], 'hold_time': 0.23724360000051092}
2026-06-18 00:49:02,984 : INFO : EventManager : Event: ======'mode_game_starting'====== Args={'buttons': [], 'hold_time': 0.23724360000051092}
2026-06-18 00:49:02,984 : INFO : EventManager : Event: ======'mode_attract_will_stop'====== Args={}
2026-06-18 00:49:02,984 : INFO : EventManager : Event: ======'mode_attract_stopping'====== Args={}
2026-06-18 00:49:02,985 : INFO : Mode.attract : Stopped.
2026-06-18 00:49:02,985 : INFO : EventManager : Event: ======'modes_active_modes_changed'====== Args={}
2026-06-18 00:49:02,986 : INFO : EventManager : Event: ======'mode_attract_stopped'====== Args={}
2026-06-18 00:49:02,986 : INFO : EventManager : Event: ======'clear'====== Args={'key': 'attract'}
2026-06-18 00:49:02,986 : INFO : Mode.game : Started. Priority: 20
2026-06-18 00:49:02,987 : INFO : EventManager : Event: ======'modes_active_modes_changed'====== Args={}
2026-06-18 00:49:02,987 : INFO : EventManager : Event: ======'mode_game_started'====== Args={'buttons': [], 'hold_time': 0.23724360000051092}
2026-06-18 00:49:02,989 : INFO : EventManager : Event: ======'game_will_start'====== Args={}
2026-06-18 00:49:02,990 : INFO : EventManager : Event: ======'game_starting'====== Args={'game': <Mode.game>}
2026-06-18 00:49:02,998 : INFO : EventManager : Unordered handler for class <Auditor> on event game_ended with priority 1. Handlers: [RegisteredHandler(callback=<bound method Auditor.disable of <Auditor>>, priority=1, kwargs={}, key=UUID('688f56ac-404d-4f60-8046-5155d80a90cd'), condition=None, blocking_facility=None), RegisteredHandler(callback=<bound method Auditor._save_audits of <Auditor>>, priority=1, kwargs={}, key=UUID('e3e4a5a2-1dd9-4b57-8e9f-2ac8fd1e9419'), condition=None, blocking_facility=None)]. The order of those handlers is not defined and they will be executed in random order. This might lead to race conditions and potential bugs.
2026-06-18 00:49:02,998 : INFO : EventManager : Event: ======'player_add_request'====== Args={}
2026-06-18 00:49:02,998 : INFO : EventManager : Event: ======'player_will_add'====== Args={'number': 1}
2026-06-18 00:49:02,999 : INFO : EventManager : Event: ======'player_adding'====== Args={'player': <Player 1>, 'number': 1}
2026-06-18 00:49:02,999 : INFO : EventManager : Event: ======'player_added'====== Args={'player': <Player 1>, 'num': 1}
2026-06-18 00:49:02,999 : INFO : Mode.game : Player added successfully. Total players: 1
2026-06-18 00:49:02,999 : INFO : EventManager : Event: ======'player_index'====== Args={'value': 0, 'prev_value': 0, 'change': 0, 'player_num': 1}
2026-06-18 00:49:02,999 : INFO : EventManager : Event: ======'player_number'====== Args={'value': 1, 'prev_value': 1, 'change': 0, 'player_num': 1}
2026-06-18 00:49:02,999 : INFO : EventManager : Event: ======'player_score'====== Args={'value': 0, 'prev_value': 0, 'change': 0, 'player_num': 1}
2026-06-18 00:49:03,000 : INFO : EventManager : Event: ======'game_started'====== Args={}
2026-06-18 00:49:03,000 : INFO : EventManager : Event: ======'player_turn_will_start'====== Args={'player': <Player 1>, 'number': 1}
2026-06-18 00:49:03,000 : INFO : EventManager : Event: ======'player_turn_starting'====== Args={'player': <Player 1>, 'number': 1}
2026-06-18 00:49:03,000 : INFO : EventManager : Event: ======'player_ball'====== Args={'value': 1, 'prev_value': 0, 'change': 1, 'player_num': 1}
2026-06-18 00:49:03,001 : INFO : EventManager : Event: ======'player_turn_started'====== Args={'player': <Player 1>, 'number': 1}
2026-06-18 00:49:03,003 : INFO : EventManager : Event: ======'ball_will_start'====== Args={'player': 1, 'ball': 1, 'balls_remaining': 2, 'is_extra_ball': False}
2026-06-18 00:49:03,010 : INFO : EventManager : Event: ======'ball_starting'====== Args={'player': 1, 'ball': 1, 'balls_remaining': 2, 'is_extra_ball': False}
2026-06-18 00:49:03,016 : INFO : EventManager : Event: ======'balls_in_play'====== Args={'balls': 1}
2026-06-18 00:49:03,016 : INFO : EventManager : Event: ======'ball_started'====== Args={'player': 1, 'ball': 1, 'balls_remaining': 2, 'is_extra_ball': False}
2026-06-18 00:49:03,017 : INFO : EventManager : Event: ======'single_player_ball_started'====== Args={}
2026-06-18 00:49:03,018 : INFO : EventManager : Event: ======'ball_start_target'====== Args={'target': 'playfield'}
2026-06-18 00:49:03,019 : INFO : ball_device.bd_trough : Setting up player-controlled eject. Balls: 1, Target: <playfield.playfield>, player_controlled_eject_event: None
2026-06-18 00:49:03,019 : INFO : ball_device.bd_trough : Adding 1 ball(s) to the eject_queue with target <playfield.playfield>.
2026-06-18 00:49:03,020 : INFO : EventManager : Event: ======'balldevice_balls_available'====== Args={}
2026-06-18 00:49:03,022 : INFO : ball_device.bd_trough : State: waiting_for_target_ready
2026-06-18 00:49:03,022 : INFO : EventManager : Event: ======'balldevice_bd_trough_ball_eject_attempt'====== Args={'balls': 1, 'target': <ball_device.bd_plunger>, 'source': <ball_device.bd_trough>, 'mechanical_eject': False, 'num_attempts': 0}
2026-06-18 00:49:03,022 : INFO : ball_device.bd_plunger : State: waiting_for_ball
2026-06-18 00:49:03,024 : INFO : ball_device.bd_trough : State: ejecting
2026-06-18 00:49:03,024 : INFO : ball_device.bd_trough : Ejecting ball to <ball_device.bd_plunger>
2026-06-18 00:49:03,024 : INFO : EventManager : Event: ======'balldevice_bd_trough_ejecting_ball'====== Args={'balls': 1, 'target': <ball_device.bd_plunger>, 'source': <ball_device.bd_trough>, 'mechanical_eject': False, 'num_attempts': 0}
2026-06-18 00:49:03,025 : INFO : ball_device.bd_trough : Wait for ball to leave device
2026-06-18 00:49:03,025 : INFO : coil.c_trough_eject_coil : Pulsing Driver for 15ms (1.0 pulse_power)
2026-06-18 00:49:03,057 : INFO : SwitchController : <<<<<<< 's_trough_ball_1' inactive >>>>>>>
2026-06-18 00:49:03,059 : INFO : ball_device.bd_trough : State: ball_left
2026-06-18 00:49:03,059 : INFO : ball_device.bd_trough : Ball left
2026-06-18 00:49:03,059 : INFO : ball_device.bd_trough : Wait for confirm with timeout 2.0
2026-06-18 00:49:03,577 : INFO : SwitchController : <<<<<<< 's_trough_ball_jam' inactive >>>>>>>
2026-06-18 00:49:03,578 : INFO : SwitchController : <<<<<<< 's_plunger' active >>>>>>>
2026-06-18 00:49:03,578 : INFO : EventManager : Event: ======'machine_var_audits_switches_s_plunger'====== Args={'value': 14, 'prev_value': 13, 'change': 1}
2026-06-18 00:49:04,094 : INFO : ball_device.bd_plunger : Received ball from <ball_device.bd_trough>
2026-06-18 00:49:04,094 : INFO : EventManager : Event: ======'balldevice_bd_plunger_ball_enter'====== Args={'new_balls': 1, 'unclaimed_balls': 0, 'new_available_balls': 0, 'device': <ball_device.bd_plunger>}
2026-06-18 00:49:04,094 : INFO : EventManager : Event: ======'balldevice_bd_plunger_ball_entered'====== Args={'new_balls': 0, 'device': <ball_device.bd_plunger>}
2026-06-18 00:49:04,095 : INFO : EventManager : Event: ======'balldevice_bd_plunger_ball_count_changed'====== Args={'balls': 1}
2026-06-18 00:49:04,095 : INFO : ball_device.bd_trough : Got eject confirm
2026-06-18 00:49:04,095 : INFO : ball_device.bd_trough : Eject successful
2026-06-18 00:49:04,095 : INFO : EventManager : Event: ======'balldevice_bd_trough_ball_eject_success'====== Args={'balls': 1, 'target': <ball_device.bd_plunger>}
2026-06-18 00:49:04,095 : INFO : ball_device.bd_plunger : State: waiting_for_target_ready
2026-06-18 00:49:04,095 : INFO : EventManager : Event: ======'balldevice_bd_plunger_ball_eject_attempt'====== Args={'balls': 1, 'target': <playfield.playfield>, 'source': <ball_device.bd_plunger>, 'mechanical_eject': False, 'num_attempts': 0}
2026-06-18 00:49:04,095 : INFO : EventManager : Event: ======'balldevice_bd_trough_ball_count_changed'====== Args={'balls': 0}
2026-06-18 00:49:04,095 : INFO : ball_device.bd_trough : State: idle
2026-06-18 00:49:04,096 : INFO : ball_device.bd_plunger : State: ejecting
2026-06-18 00:49:04,096 : INFO : ball_device.bd_plunger : Ejecting ball to <playfield.playfield>
2026-06-18 00:49:04,096 : INFO : EventManager : Event: ======'balldevice_bd_plunger_ejecting_ball'====== Args={'balls': 1, 'target': <playfield.playfield>, 'source': <ball_device.bd_plunger>, 'mechanical_eject': False, 'num_attempts': 0}
2026-06-18 00:49:04,096 : INFO : ball_device.bd_plunger : Wait for ball to leave device
2026-06-18 00:49:09,097 : INFO : EventManager : Event: ======'balldevice_bd_plunger_ball_eject_failed'====== Args={'target': <playfield.playfield>, 'balls': 1, 'retry': True, 'num_attempts': 1}
2026-06-18 00:49:09,100 : INFO : ball_device.bd_plunger : State: waiting_for_target_ready
2026-06-18 00:49:09,100 : INFO : EventManager : Event: ======'balldevice_bd_plunger_ball_eject_attempt'====== Args={'balls': 1, 'target': <playfield.playfield>, 'source': <ball_device.bd_plunger>, 'mechanical_eject': False, 'num_attempts': 1}
2026-06-18 00:49:09,101 : INFO : ball_device.bd_plunger : State: ejecting
2026-06-18 00:49:09,101 : INFO : ball_device.bd_plunger : Ejecting ball to <playfield.playfield>
2026-06-18 00:49:09,102 : INFO : EventManager : Event: ======'balldevice_bd_plunger_ejecting_ball'====== Args={'balls': 1, 'target': <playfield.playfield>, 'source': <ball_device.bd_plunger>, 'mechanical_eject': False, 'num_attempts': 1}
2026-06-18 00:49:09,102 : INFO : ball_device.bd_plunger : Wait for ball to leave device
2026-06-18 00:49:14,113 : INFO : EventManager : Event: ======'balldevice_bd_plunger_ball_eject_failed'====== Args={'target': <playfield.playfield>, 'balls': 1, 'retry': True, 'num_attempts': 2}
2026-06-18 00:49:14,115 : INFO : ball_device.bd_plunger : State: waiting_for_target_ready
2026-06-18 00:49:14,115 : INFO : EventManager : Event: ======'balldevice_bd_plunger_ball_eject_attempt'====== Args={'balls': 1, 'target': <playfield.playfield>, 'source': <ball_device.bd_plunger>, 'mechanical_eject': False, 'num_attempts': 2}
2026-06-18 00:49:14,115 : INFO : ball_device.bd_plunger : State: ejecting
2026-06-18 00:49:14,115 : INFO : ball_device.bd_plunger : Ejecting ball to <playfield.playfield>
2026-06-18 00:49:14,115 : INFO : EventManager : Event: ======'balldevice_bd_plunger_ejecting_ball'====== Args={'balls': 1, 'target': <playfield.playfield>, 'source': <ball_device.bd_plunger>, 'mechanical_eject': False, 'num_attempts': 2}
2026-06-18 00:49:14,115 : INFO : ball_device.bd_plunger : Wait for ball to leave device
2026-06-18 00:49:19,122 : INFO : EventManager : Event: ======'balldevice_bd_plunger_ball_eject_failed'====== Args={'target': <playfield.playfield>, 'balls': 1, 'retry': True, 'num_attempts': 3}
2026-06-18 00:49:19,124 : INFO : ball_device.bd_plunger : State: waiting_for_target_ready
2026-06-18 00:49:19,125 : INFO : EventManager : Event: ======'balldevice_bd_plunger_ball_eject_attempt'====== Args={'balls': 1, 'target': <playfield.playfield>, 'source': <ball_device.bd_plunger>, 'mechanical_eject': False, 'num_attempts': 3}
2026-06-18 00:49:19,126 : INFO : ball_device.bd_plunger : State: ejecting
2026-06-18 00:49:19,127 : INFO : ball_device.bd_plunger : Ejecting ball to <playfield.playfield>
2026-06-18 00:49:19,127 : INFO : EventManager : Event: ======'balldevice_bd_plunger_ejecting_ball'====== Args={'balls': 1, 'target': <playfield.playfield>, 'source': <ball_device.bd_plunger>, 'mechanical_eject': False, 'num_attempts': 3}
2026-06-18 00:49:19,130 : INFO : ball_device.bd_plunger : Wait for ball to leave device
2026-06-18 00:49:23,478 : INFO : SwitchController : <<<<<<< 's_trough_ball_jam' active >>>>>>>
2026-06-18 00:49:23,479 : INFO : EventManager : Event: ======'machine_var_audits_switches_s_trough_ball_jam'====== Args={'value': 51, 'prev_value': 50, 'change': 1}
2026-06-18 00:49:23,481 : INFO : SwitchController : <<<<<<< 's_plunger' inactive >>>>>>>
2026-06-18 00:49:23,483 : INFO : ball_device.bd_plunger : State: ball_left
2026-06-18 00:49:23,484 : INFO : ball_device.bd_plunger : Ball left
2026-06-18 00:49:23,484 : INFO : ball_device.bd_plunger : Wait for confirm with timeout 5.0
2026-06-18 00:49:28,497 : INFO : ball_device.bd_plunger : State: failed_confirm
2026-06-18 00:49:28,497 : INFO : ball_device.bd_plunger : Got timeout (5.0s) before confirm from <playfield.playfield>
2026-06-18 00:49:28,610 : INFO : ball_device.bd_plunger : Confirming eject because target is playfield and ball did not return.
2026-06-18 00:49:28,611 : INFO : ball_device.bd_plunger : Eject successful
2026-06-18 00:49:28,612 : INFO : EventManager : Event: ======'balldevice_bd_plunger_ball_eject_success'====== Args={'balls': 1, 'target': <playfield.playfield>}
2026-06-18 00:49:28,614 : INFO : EventManager : Event: ======'balldevice_playfield_ball_enter'====== Args={'new_balls': 1, 'unclaimed_balls': 1, 'device': <playfield.playfield>}
2026-06-18 00:49:28,614 : INFO : EventManager : Event: ======'playfield_ball_count_change'====== Args={'balls': 1, 'change': 1}
2026-06-18 00:49:28,615 : INFO : EventManager : Event: ======'balldevice_bd_plunger_ball_count_changed'====== Args={'balls': 0}
2026-06-18 00:49:28,616 : INFO : ball_device.bd_plunger : State: idle
2026-06-18 00:49:36,055 : INFO : SwitchController : <<<<<<< 's_left_outlane' active >>>>>>>
2026-06-18 00:49:36,056 : INFO : EventManager : Event: ======'machine_var_audits_switches_s_left_outlane'====== Args={'value': 4, 'prev_value': 3, 'change': 1}
2026-06-18 00:49:36,274 : INFO : SwitchController : <<<<<<< 's_left_outlane' inactive >>>>>>>
2026-06-18 00:49:36,682 : INFO : SwitchController : <<<<<<< 's_left_outlane' active >>>>>>>
2026-06-18 00:49:36,683 : INFO : EventManager : Event: ======'machine_var_audits_switches_s_left_outlane'====== Args={'value': 5, 'prev_value': 4, 'change': 1}
2026-06-18 00:49:36,916 : INFO : SwitchController : <<<<<<< 's_left_outlane' inactive >>>>>>>
2026-06-18 00:49:37,165 : INFO : SwitchController : <<<<<<< 's_left_outlane' active >>>>>>>
2026-06-18 00:49:37,166 : INFO : EventManager : Event: ======'machine_var_audits_switches_s_left_outlane'====== Args={'value': 6, 'prev_value': 5, 'change': 1}
2026-06-18 00:49:37,341 : INFO : SwitchController : <<<<<<< 's_left_outlane' inactive >>>>>>>
2026-06-18 00:49:37,482 : INFO : SwitchController : <<<<<<< 's_left_outlane' active >>>>>>>
2026-06-18 00:49:37,483 : INFO : EventManager : Event: ======'machine_var_audits_switches_s_left_outlane'====== Args={'value': 7, 'prev_value': 6, 'change': 1}
2026-06-18 00:49:37,633 : INFO : SwitchController : <<<<<<< 's_left_outlane' inactive >>>>>>>
2026-06-18 00:49:37,748 : INFO : SwitchController : <<<<<<< 's_left_outlane' active >>>>>>>
2026-06-18 00:49:37,748 : INFO : EventManager : Event: ======'machine_var_audits_switches_s_left_outlane'====== Args={'value': 8, 'prev_value': 7, 'change': 1}
2026-06-18 00:49:37,873 : INFO : SwitchController : <<<<<<< 's_left_outlane' inactive >>>>>>>
2026-06-18 00:49:57,188 : INFO : SwitchController : <<<<<<< 's_trough_ball_6' active >>>>>>>
2026-06-18 00:49:57,189 : INFO : EventManager : Event: ======'machine_var_audits_switches_s_trough_ball_6'====== Args={'value': 13, 'prev_value': 12, 'change': 1}
2026-06-18 00:49:57,266 : INFO : SwitchController : <<<<<<< 's_trough_ball_6' inactive >>>>>>>
2026-06-18 00:49:57,288 : INFO : SwitchController : <<<<<<< 's_trough_ball_5' active >>>>>>>
2026-06-18 00:49:57,289 : INFO : EventManager : Event: ======'machine_var_audits_switches_s_trough_ball_5'====== Args={'value': 13, 'prev_value': 12, 'change': 1}
2026-06-18 00:49:57,343 : INFO : SwitchController : <<<<<<< 's_trough_ball_5' inactive >>>>>>>
2026-06-18 00:49:57,368 : INFO : SwitchController : <<<<<<< 's_trough_ball_4' active >>>>>>>
2026-06-18 00:49:57,369 : INFO : EventManager : Event: ======'machine_var_audits_switches_s_trough_ball_4'====== Args={'value': 13, 'prev_value': 12, 'change': 1}
2026-06-18 00:49:57,422 : INFO : SwitchController : <<<<<<< 's_trough_ball_4' inactive >>>>>>>
2026-06-18 00:49:57,423 : INFO : SwitchController : <<<<<<< 's_trough_ball_3' active >>>>>>>
2026-06-18 00:49:57,423 : INFO : EventManager : Event: ======'machine_var_audits_switches_s_trough_ball_3'====== Args={'value': 13, 'prev_value': 12, 'change': 1}
2026-06-18 00:49:57,470 : INFO : SwitchController : <<<<<<< 's_trough_ball_3' inactive >>>>>>>
2026-06-18 00:49:57,491 : INFO : SwitchController : <<<<<<< 's_trough_ball_2' active >>>>>>>
2026-06-18 00:49:57,491 : INFO : EventManager : Event: ======'machine_var_audits_switches_s_trough_ball_2'====== Args={'value': 25, 'prev_value': 24, 'change': 1}
2026-06-18 00:49:57,533 : INFO : SwitchController : <<<<<<< 's_trough_ball_2' inactive >>>>>>>
2026-06-18 00:49:57,533 : INFO : SwitchController : <<<<<<< 's_trough_ball_1' active >>>>>>>
2026-06-18 00:49:57,533 : INFO : EventManager : Event: ======'machine_var_audits_switches_s_trough_ball_1'====== Args={'value': 98, 'prev_value': 97, 'change': 1}
2026-06-18 00:49:57,579 : INFO : SwitchController : <<<<<<< 's_trough_ball_1' inactive >>>>>>>
2026-06-18 00:49:57,603 : INFO : SwitchController : <<<<<<< 's_trough_ball_1' active >>>>>>>
2026-06-18 00:49:57,603 : INFO : EventManager : Event: ======'machine_var_audits_switches_s_trough_ball_1'====== Args={'value': 99, 'prev_value': 98, 'change': 1}
2026-06-18 00:49:58,111 : INFO : EventManager : Event: ======'balldevice_bd_trough_ball_count_changed'====== Args={'balls': 1}
2026-06-18 00:49:58,112 : INFO : ball_device.bd_trough : Received unexpected ball
2026-06-18 00:49:58,113 : INFO : EventManager : Event: ======'balldevice_captured_from_playfield'====== Args={'balls': 1}
2026-06-18 00:49:58,113 : INFO : EventManager : Event: ======'sw_playfield_active'====== Args={'balls': 1}
2026-06-18 00:49:58,113 : INFO : EventManager : Event: ======'playfield_ball_count_change'====== Args={'balls': 0, 'change': -1}
2026-06-18 00:49:58,114 : INFO : EventManager : Event: ======'balldevice_bd_trough_ball_enter'====== Args={'new_balls': 1, 'unclaimed_balls': 1, 'new_available_balls': 1, 'device': <ball_device.bd_trough>}
2026-06-18 00:49:58,115 : INFO : EventManager : Event: ======'ball_drain'====== Args={'device': <ball_device.bd_trough>, 'balls': 1}
2026-06-18 00:49:58,117 : INFO : EventManager : Event: ======'ball_will_end'====== Args={}
2026-06-18 00:49:58,117 : INFO : EventManager : Event: ======'balldevice_balls_available'====== Args={}
2026-06-18 00:49:58,117 : INFO : EventManager : Event: ======'balldevice_bd_trough_ball_entered'====== Args={'new_balls': 1, 'device': <ball_device.bd_trough>}
2026-06-18 00:49:58,120 : INFO : EventManager : Event: ======'ball_ending'====== Args={}
2026-06-18 00:49:58,121 : INFO : EventManager : Event: ======'ball_ended'====== Args={}
2026-06-18 00:49:58,122 : INFO : EventManager : Event: ======'player_turn_will_end'====== Args={'player': <Player 1>, 'number': 1}
2026-06-18 00:49:58,123 : INFO : EventManager : Event: ======'player_turn_ending'====== Args={'player': <Player 1>, 'number': 1}
2026-06-18 00:49:58,123 : INFO : EventManager : Event: ======'player_turn_ended'====== Args={'player': <Player 1>, 'number': 1}
2026-06-18 00:49:58,124 : INFO : EventManager : Event: ======'player_turn_will_start'====== Args={'player': <Player 1>, 'number': 1}
2026-06-18 00:49:58,124 : INFO : EventManager : Event: ======'player_turn_starting'====== Args={'player': <Player 1>, 'number': 1}
2026-06-18 00:49:58,124 : INFO : EventManager : Event: ======'player_ball'====== Args={'value': 2, 'prev_value': 1, 'change': 1, 'player_num': 1}
2026-06-18 00:49:58,125 : INFO : EventManager : Event: ======'player_turn_started'====== Args={'player': <Player 1>, 'number': 1}
2026-06-18 00:49:58,126 : INFO : EventManager : Event: ======'ball_will_start'====== Args={'player': 1, 'ball': 2, 'balls_remaining': 1, 'is_extra_ball': False}
2026-06-18 00:49:58,126 : INFO : EventManager : Event: ======'ball_starting'====== Args={'player': 1, 'ball': 2, 'balls_remaining': 1, 'is_extra_ball': False}
2026-06-18 00:49:58,126 : INFO : EventManager : Event: ======'balls_in_play'====== Args={'balls': 1}
2026-06-18 00:49:58,126 : INFO : EventManager : Event: ======'ball_started'====== Args={'player': 1, 'ball': 2, 'balls_remaining': 1, 'is_extra_ball': False}
2026-06-18 00:49:58,128 : INFO : EventManager : Event: ======'single_player_ball_started'====== Args={}
2026-06-18 00:49:58,128 : INFO : EventManager : Event: ======'ball_start_target'====== Args={'target': 'playfield'}
2026-06-18 00:49:58,130 : INFO : ball_device.bd_trough : Setting up player-controlled eject. Balls: 1, Target: <playfield.playfield>, player_controlled_eject_event: None
2026-06-18 00:49:58,130 : INFO : ball_device.bd_trough : Adding 1 ball(s) to the eject_queue with target <playfield.playfield>.
2026-06-18 00:49:58,130 : INFO : EventManager : Event: ======'balldevice_balls_available'====== Args={}
2026-06-18 00:49:58,132 : INFO : ball_device.bd_trough : State: waiting_for_target_ready
2026-06-18 00:49:58,132 : INFO : EventManager : Event: ======'balldevice_bd_trough_ball_eject_attempt'====== Args={'balls': 1, 'target': <ball_device.bd_plunger>, 'source': <ball_device.bd_trough>, 'mechanical_eject': False, 'num_attempts': 0}
2026-06-18 00:49:58,133 : INFO : ball_device.bd_plunger : State: waiting_for_ball
2026-06-18 00:49:58,135 : INFO : ball_device.bd_trough : State: ejecting
2026-06-18 00:49:58,135 : INFO : ball_device.bd_trough : Ejecting ball to <ball_device.bd_plunger>
2026-06-18 00:49:58,136 : INFO : EventManager : Event: ======'balldevice_bd_trough_ejecting_ball'====== Args={'balls': 1, 'target': <ball_device.bd_plunger>, 'source': <ball_device.bd_trough>, 'mechanical_eject': False, 'num_attempts': 0}
2026-06-18 00:49:58,136 : INFO : ball_device.bd_trough : Wait for ball to leave device
2026-06-18 00:49:58,136 : INFO : coil.c_trough_eject_coil : Pulsing Driver for 15ms (1.0 pulse_power)
2026-06-18 00:49:58,176 : INFO : SwitchController : <<<<<<< 's_trough_ball_1' inactive >>>>>>>
2026-06-18 00:49:58,177 : INFO : ball_device.bd_trough : State: ball_left
2026-06-18 00:49:58,177 : INFO : ball_device.bd_trough : Ball left
2026-06-18 00:49:58,177 : INFO : ball_device.bd_trough : Wait for confirm with timeout 2.0
2026-06-18 00:49:58,448 : INFO : SwitchController : <<<<<<< 's_trough_ball_jam' inactive >>>>>>>
2026-06-18 00:49:58,449 : INFO : SwitchController : <<<<<<< 's_plunger' active >>>>>>>
2026-06-18 00:49:58,449 : INFO : EventManager : Event: ======'machine_var_audits_switches_s_plunger'====== Args={'value': 15, 'prev_value': 14, 'change': 1}
2026-06-18 00:49:58,951 : INFO : ball_device.bd_plunger : Received ball from <ball_device.bd_trough>
2026-06-18 00:49:58,952 : INFO : EventManager : Event: ======'balldevice_bd_plunger_ball_enter'====== Args={'new_balls': 1, 'unclaimed_balls': 0, 'new_available_balls': 0, 'device': <ball_device.bd_plunger>}
2026-06-18 00:49:58,954 : INFO : EventManager : Event: ======'balldevice_bd_plunger_ball_entered'====== Args={'new_balls': 0, 'device': <ball_device.bd_plunger>}
2026-06-18 00:49:58,954 : INFO : EventManager : Event: ======'balldevice_bd_plunger_ball_count_changed'====== Args={'balls': 1}
2026-06-18 00:49:58,955 : INFO : ball_device.bd_trough : Got eject confirm
2026-06-18 00:49:58,955 : INFO : ball_device.bd_trough : Eject successful
2026-06-18 00:49:58,955 : INFO : EventManager : Event: ======'balldevice_bd_trough_ball_eject_success'====== Args={'balls': 1, 'target': <ball_device.bd_plunger>}
2026-06-18 00:49:58,956 : INFO : ball_device.bd_plunger : State: waiting_for_target_ready
2026-06-18 00:49:58,956 : INFO : EventManager : Event: ======'balldevice_bd_plunger_ball_eject_attempt'====== Args={'balls': 1, 'target': <playfield.playfield>, 'source': <ball_device.bd_plunger>, 'mechanical_eject': False, 'num_attempts': 0}
2026-06-18 00:49:58,956 : INFO : EventManager : Event: ======'balldevice_bd_trough_ball_count_changed'====== Args={'balls': 0}
2026-06-18 00:49:58,956 : INFO : ball_device.bd_trough : State: idle
2026-06-18 00:49:58,956 : INFO : ball_device.bd_plunger : State: ejecting
2026-06-18 00:49:58,956 : INFO : ball_device.bd_plunger : Ejecting ball to <playfield.playfield>
2026-06-18 00:49:58,957 : INFO : EventManager : Event: ======'balldevice_bd_plunger_ejecting_ball'====== Args={'balls': 1, 'target': <playfield.playfield>, 'source': <ball_device.bd_plunger>, 'mechanical_eject': False, 'num_attempts': 0}
2026-06-18 00:49:58,957 : INFO : ball_device.bd_plunger : Wait for ball to leave device
2026-06-18 00:50:03,971 : INFO : EventManager : Event: ======'balldevice_bd_plunger_ball_eject_failed'====== Args={'target': <playfield.playfield>, 'balls': 1, 'retry': True, 'num_attempts': 1}
2026-06-18 00:50:03,974 : INFO : ball_device.bd_plunger : State: waiting_for_target_ready
2026-06-18 00:50:03,975 : INFO : EventManager : Event: ======'balldevice_bd_plunger_ball_eject_attempt'====== Args={'balls': 1, 'target': <playfield.playfield>, 'source': <ball_device.bd_plunger>, 'mechanical_eject': False, 'num_attempts': 1}
2026-06-18 00:50:03,976 : INFO : ball_device.bd_plunger : State: ejecting
2026-06-18 00:50:03,976 : INFO : ball_device.bd_plunger : Ejecting ball to <playfield.playfield>
2026-06-18 00:50:03,976 : INFO : EventManager : Event: ======'balldevice_bd_plunger_ejecting_ball'====== Args={'balls': 1, 'target': <playfield.playfield>, 'source': <ball_device.bd_plunger>, 'mechanical_eject': False, 'num_attempts': 1}
2026-06-18 00:50:03,977 : INFO : ball_device.bd_plunger : Wait for ball to leave device
2026-06-18 00:50:05,726 : INFO : SwitchController : <<<<<<< 's_trough_ball_jam' active >>>>>>>
2026-06-18 00:50:05,726 : INFO : EventManager : Event: ======'machine_var_audits_switches_s_trough_ball_jam'====== Args={'value': 52, 'prev_value': 51, 'change': 1}
2026-06-18 00:50:05,728 : INFO : SwitchController : <<<<<<< 's_plunger' inactive >>>>>>>
2026-06-18 00:50:05,730 : INFO : ball_device.bd_plunger : State: ball_left
2026-06-18 00:50:05,731 : INFO : ball_device.bd_plunger : Ball left
2026-06-18 00:50:05,731 : INFO : ball_device.bd_plunger : Wait for confirm with timeout 5.0
2026-06-18 00:50:08,609 : INFO : SwitchController : <<<<<<< 's_left_outlane' active >>>>>>>
2026-06-18 00:50:08,609 : INFO : EventManager : Event: ======'machine_var_audits_switches_s_left_outlane'====== Args={'value': 9, 'prev_value': 8, 'change': 1}
2026-06-18 00:50:08,688 : INFO : SwitchController : <<<<<<< 's_left_outlane' inactive >>>>>>>
2026-06-18 00:50:08,843 : INFO : SwitchController : <<<<<<< 's_left_outlane' active >>>>>>>
2026-06-18 00:50:08,844 : INFO : EventManager : Event: ======'machine_var_audits_switches_s_left_outlane'====== Args={'value': 10, 'prev_value': 9, 'change': 1}
2026-06-18 00:50:08,954 : INFO : SwitchController : <<<<<<< 's_left_outlane' inactive >>>>>>>
2026-06-18 00:50:09,063 : INFO : SwitchController : <<<<<<< 's_left_outlane' active >>>>>>>
2026-06-18 00:50:09,063 : INFO : EventManager : Event: ======'machine_var_audits_switches_s_left_outlane'====== Args={'value': 11, 'prev_value': 10, 'change': 1}
2026-06-18 00:50:09,142 : INFO : SwitchController : <<<<<<< 's_left_outlane' inactive >>>>>>>
2026-06-18 00:50:09,299 : INFO : SwitchController : <<<<<<< 's_left_outlane' active >>>>>>>
2026-06-18 00:50:09,299 : INFO : EventManager : Event: ======'machine_var_audits_switches_s_left_outlane'====== Args={'value': 12, 'prev_value': 11, 'change': 1}
2026-06-18 00:50:09,378 : INFO : SwitchController : <<<<<<< 's_left_outlane' inactive >>>>>>>
2026-06-18 00:50:09,549 : INFO : SwitchController : <<<<<<< 's_left_outlane' active >>>>>>>
2026-06-18 00:50:09,550 : INFO : EventManager : Event: ======'machine_var_audits_switches_s_left_outlane'====== Args={'value': 13, 'prev_value': 12, 'change': 1}
2026-06-18 00:50:09,833 : INFO : SwitchController : <<<<<<< 's_left_outlane' inactive >>>>>>>
2026-06-18 00:50:10,081 : INFO : SwitchController : <<<<<<< 's_left_outlane' active >>>>>>>
2026-06-18 00:50:10,082 : INFO : EventManager : Event: ======'machine_var_audits_switches_s_left_outlane'====== Args={'value': 14, 'prev_value': 13, 'change': 1}
2026-06-18 00:50:10,177 : INFO : SwitchController : <<<<<<< 's_left_outlane' inactive >>>>>>>
2026-06-18 00:50:10,239 : INFO : SwitchController : <<<<<<< 's_left_outlane' active >>>>>>>
2026-06-18 00:50:10,240 : INFO : EventManager : Event: ======'machine_var_audits_switches_s_left_outlane'====== Args={'value': 15, 'prev_value': 14, 'change': 1}
2026-06-18 00:50:10,333 : INFO : SwitchController : <<<<<<< 's_left_outlane' inactive >>>>>>>
2026-06-18 00:50:10,741 : INFO : ball_device.bd_plunger : State: failed_confirm
2026-06-18 00:50:10,742 : INFO : ball_device.bd_plunger : Got timeout (5.0s) before confirm from <playfield.playfield>
2026-06-18 00:50:10,851 : INFO : ball_device.bd_plunger : Confirming eject because target is playfield and ball did not return.
2026-06-18 00:50:10,852 : INFO : ball_device.bd_plunger : Eject successful
2026-06-18 00:50:10,852 : INFO : EventManager : Event: ======'balldevice_bd_plunger_ball_eject_success'====== Args={'balls': 1, 'target': <playfield.playfield>}
2026-06-18 00:50:10,853 : INFO : EventManager : Event: ======'balldevice_playfield_ball_enter'====== Args={'new_balls': 1, 'unclaimed_balls': 1, 'device': <playfield.playfield>}
2026-06-18 00:50:10,853 : INFO : EventManager : Event: ======'playfield_ball_count_change'====== Args={'balls': 1, 'change': 1}
2026-06-18 00:50:10,854 : INFO : EventManager : Event: ======'balldevice_bd_plunger_ball_count_changed'====== Args={'balls': 0}
2026-06-18 00:50:10,854 : INFO : ball_device.bd_plunger : State: idle
2026-06-18 00:50:11,920 : INFO : SwitchController : <<<<<<< 's_trough_ball_6' active >>>>>>>
2026-06-18 00:50:11,920 : INFO : EventManager : Event: ======'machine_var_audits_switches_s_trough_ball_6'====== Args={'value': 14, 'prev_value': 13, 'change': 1}
2026-06-18 00:50:12,013 : INFO : SwitchController : <<<<<<< 's_trough_ball_6' inactive >>>>>>>
2026-06-18 00:50:12,015 : INFO : SwitchController : <<<<<<< 's_trough_ball_5' active >>>>>>>
2026-06-18 00:50:12,015 : INFO : EventManager : Event: ======'machine_var_audits_switches_s_trough_ball_5'====== Args={'value': 14, 'prev_value': 13, 'change': 1}
2026-06-18 00:50:12,092 : INFO : SwitchController : <<<<<<< 's_trough_ball_5' inactive >>>>>>>
2026-06-18 00:50:12,093 : INFO : SwitchController : <<<<<<< 's_trough_ball_4' active >>>>>>>
2026-06-18 00:50:12,093 : INFO : EventManager : Event: ======'machine_var_audits_switches_s_trough_ball_4'====== Args={'value': 14, 'prev_value': 13, 'change': 1}
2026-06-18 00:50:12,155 : INFO : SwitchController : <<<<<<< 's_trough_ball_4' inactive >>>>>>>
2026-06-18 00:50:12,157 : INFO : SwitchController : <<<<<<< 's_trough_ball_3' active >>>>>>>
2026-06-18 00:50:12,157 : INFO : EventManager : Event: ======'machine_var_audits_switches_s_trough_ball_3'====== Args={'value': 14, 'prev_value': 13, 'change': 1}
2026-06-18 00:50:12,218 : INFO : SwitchController : <<<<<<< 's_trough_ball_3' inactive >>>>>>>
2026-06-18 00:50:12,218 : INFO : SwitchController : <<<<<<< 's_trough_ball_2' active >>>>>>>
2026-06-18 00:50:12,219 : INFO : EventManager : Event: ======'machine_var_audits_switches_s_trough_ball_2'====== Args={'value': 26, 'prev_value': 25, 'change': 1}
2026-06-18 00:50:12,266 : INFO : SwitchController : <<<<<<< 's_trough_ball_2' inactive >>>>>>>
2026-06-18 00:50:12,267 : INFO : SwitchController : <<<<<<< 's_trough_ball_1' active >>>>>>>
2026-06-18 00:50:12,268 : INFO : EventManager : Event: ======'machine_var_audits_switches_s_trough_ball_1'====== Args={'value': 100, 'prev_value': 99, 'change': 1}
2026-06-18 00:50:12,772 : INFO : EventManager : Event: ======'balldevice_bd_trough_ball_count_changed'====== Args={'balls': 1}
2026-06-18 00:50:12,772 : INFO : ball_device.bd_trough : Received unexpected ball
2026-06-18 00:50:12,772 : INFO : EventManager : Event: ======'balldevice_captured_from_playfield'====== Args={'balls': 1}
2026-06-18 00:50:12,773 : INFO : EventManager : Event: ======'sw_playfield_active'====== Args={'balls': 1}
2026-06-18 00:50:12,773 : INFO : EventManager : Event: ======'playfield_ball_count_change'====== Args={'balls': 0, 'change': -1}
2026-06-18 00:50:12,774 : INFO : EventManager : Event: ======'balldevice_bd_trough_ball_enter'====== Args={'new_balls': 1, 'unclaimed_balls': 1, 'new_available_balls': 1, 'device': <ball_device.bd_trough>}
2026-06-18 00:50:12,774 : INFO : EventManager : Event: ======'ball_drain'====== Args={'device': <ball_device.bd_trough>, 'balls': 1}
2026-06-18 00:50:12,774 : INFO : EventManager : Event: ======'ball_will_end'====== Args={}
2026-06-18 00:50:12,775 : INFO : EventManager : Event: ======'balldevice_balls_available'====== Args={}
2026-06-18 00:50:12,775 : INFO : EventManager : Event: ======'balldevice_bd_trough_ball_entered'====== Args={'new_balls': 1, 'device': <ball_device.bd_trough>}
2026-06-18 00:50:12,776 : INFO : EventManager : Event: ======'ball_ending'====== Args={}
2026-06-18 00:50:12,778 : INFO : EventManager : Event: ======'ball_ended'====== Args={}
2026-06-18 00:50:12,780 : INFO : EventManager : Event: ======'player_turn_will_end'====== Args={'player': <Player 1>, 'number': 1}
2026-06-18 00:50:12,782 : INFO : EventManager : Event: ======'player_turn_ending'====== Args={'player': <Player 1>, 'number': 1}
2026-06-18 00:50:12,783 : INFO : EventManager : Event: ======'player_turn_ended'====== Args={'player': <Player 1>, 'number': 1}
2026-06-18 00:50:12,784 : INFO : EventManager : Event: ======'player_turn_will_start'====== Args={'player': <Player 1>, 'number': 1}
2026-06-18 00:50:12,785 : INFO : EventManager : Event: ======'player_turn_starting'====== Args={'player': <Player 1>, 'number': 1}
2026-06-18 00:50:12,786 : INFO : EventManager : Event: ======'player_ball'====== Args={'value': 3, 'prev_value': 2, 'change': 1, 'player_num': 1}
2026-06-18 00:50:12,788 : INFO : EventManager : Event: ======'player_turn_started'====== Args={'player': <Player 1>, 'number': 1}
2026-06-18 00:50:12,791 : INFO : EventManager : Event: ======'ball_will_start'====== Args={'player': 1, 'ball': 3, 'balls_remaining': 0, 'is_extra_ball': False}
2026-06-18 00:50:12,794 : INFO : EventManager : Event: ======'ball_starting'====== Args={'player': 1, 'ball': 3, 'balls_remaining': 0, 'is_extra_ball': False}
2026-06-18 00:50:12,794 : INFO : EventManager : Event: ======'balls_in_play'====== Args={'balls': 1}
2026-06-18 00:50:12,794 : INFO : EventManager : Event: ======'ball_started'====== Args={'player': 1, 'ball': 3, 'balls_remaining': 0, 'is_extra_ball': False}
2026-06-18 00:50:12,796 : INFO : EventManager : Event: ======'single_player_ball_started'====== Args={}
2026-06-18 00:50:12,797 : INFO : EventManager : Event: ======'ball_start_target'====== Args={'target': 'playfield'}
2026-06-18 00:50:12,799 : INFO : ball_device.bd_trough : Setting up player-controlled eject. Balls: 1, Target: <playfield.playfield>, player_controlled_eject_event: None
2026-06-18 00:50:12,799 : INFO : ball_device.bd_trough : Adding 1 ball(s) to the eject_queue with target <playfield.playfield>.
2026-06-18 00:50:12,799 : INFO : EventManager : Event: ======'balldevice_balls_available'====== Args={}
2026-06-18 00:50:12,802 : INFO : ball_device.bd_trough : State: waiting_for_target_ready
2026-06-18 00:50:12,802 : INFO : EventManager : Event: ======'balldevice_bd_trough_ball_eject_attempt'====== Args={'balls': 1, 'target': <ball_device.bd_plunger>, 'source': <ball_device.bd_trough>, 'mechanical_eject': False, 'num_attempts': 0}
2026-06-18 00:50:12,802 : INFO : ball_device.bd_plunger : State: waiting_for_ball
2026-06-18 00:50:12,803 : INFO : ball_device.bd_trough : State: ejecting
2026-06-18 00:50:12,803 : INFO : ball_device.bd_trough : Ejecting ball to <ball_device.bd_plunger>
2026-06-18 00:50:12,804 : INFO : EventManager : Event: ======'balldevice_bd_trough_ejecting_ball'====== Args={'balls': 1, 'target': <ball_device.bd_plunger>, 'source': <ball_device.bd_trough>, 'mechanical_eject': False, 'num_attempts': 0}
2026-06-18 00:50:12,805 : INFO : ball_device.bd_trough : Wait for ball to leave device
2026-06-18 00:50:12,805 : INFO : coil.c_trough_eject_coil : Pulsing Driver for 15ms (1.0 pulse_power)
2026-06-18 00:50:12,835 : INFO : SwitchController : <<<<<<< 's_trough_ball_1' inactive >>>>>>>
2026-06-18 00:50:12,836 : INFO : ball_device.bd_trough : State: ball_left
2026-06-18 00:50:12,836 : INFO : ball_device.bd_trough : Ball left
2026-06-18 00:50:12,836 : INFO : ball_device.bd_trough : Wait for confirm with timeout 2.0
2026-06-18 00:50:13,353 : INFO : SwitchController : <<<<<<< 's_trough_ball_jam' inactive >>>>>>>
2026-06-18 00:50:13,353 : INFO : SwitchController : <<<<<<< 's_plunger' active >>>>>>>
2026-06-18 00:50:13,354 : INFO : EventManager : Event: ======'machine_var_audits_switches_s_plunger'====== Args={'value': 16, 'prev_value': 15, 'change': 1}
2026-06-18 00:50:13,865 : INFO : ball_device.bd_plunger : Received ball from <ball_device.bd_trough>
2026-06-18 00:50:13,865 : INFO : EventManager : Event: ======'balldevice_bd_plunger_ball_enter'====== Args={'new_balls': 1, 'unclaimed_balls': 0, 'new_available_balls': 0, 'device': <ball_device.bd_plunger>}
2026-06-18 00:50:13,866 : INFO : EventManager : Event: ======'balldevice_bd_plunger_ball_entered'====== Args={'new_balls': 0, 'device': <ball_device.bd_plunger>}
2026-06-18 00:50:13,868 : INFO : EventManager : Event: ======'balldevice_bd_plunger_ball_count_changed'====== Args={'balls': 1}
2026-06-18 00:50:13,868 : INFO : ball_device.bd_trough : Got eject confirm
2026-06-18 00:50:13,868 : INFO : ball_device.bd_trough : Eject successful
2026-06-18 00:50:13,869 : INFO : EventManager : Event: ======'balldevice_bd_trough_ball_eject_success'====== Args={'balls': 1, 'target': <ball_device.bd_plunger>}
2026-06-18 00:50:13,872 : INFO : ball_device.bd_plunger : State: waiting_for_target_ready
2026-06-18 00:50:13,872 : INFO : EventManager : Event: ======'balldevice_bd_plunger_ball_eject_attempt'====== Args={'balls': 1, 'target': <playfield.playfield>, 'source': <ball_device.bd_plunger>, 'mechanical_eject': False, 'num_attempts': 0}
2026-06-18 00:50:13,874 : INFO : EventManager : Event: ======'balldevice_bd_trough_ball_count_changed'====== Args={'balls': 0}
2026-06-18 00:50:13,874 : INFO : ball_device.bd_trough : State: idle
2026-06-18 00:50:13,875 : INFO : ball_device.bd_plunger : State: ejecting
2026-06-18 00:50:13,875 : INFO : ball_device.bd_plunger : Ejecting ball to <playfield.playfield>
2026-06-18 00:50:13,875 : INFO : EventManager : Event: ======'balldevice_bd_plunger_ejecting_ball'====== Args={'balls': 1, 'target': <playfield.playfield>, 'source': <ball_device.bd_plunger>, 'mechanical_eject': False, 'num_attempts': 0}
2026-06-18 00:50:13,876 : INFO : ball_device.bd_plunger : Wait for ball to leave device
2026-06-18 00:50:18,640 : INFO : SwitchController : <<<<<<< 's_trough_ball_jam' active >>>>>>>
2026-06-18 00:50:18,641 : INFO : EventManager : Event: ======'machine_var_audits_switches_s_trough_ball_jam'====== Args={'value': 53, 'prev_value': 52, 'change': 1}
2026-06-18 00:50:18,642 : INFO : SwitchController : <<<<<<< 's_plunger' inactive >>>>>>>
2026-06-18 00:50:18,643 : INFO : ball_device.bd_plunger : State: ball_left
2026-06-18 00:50:18,644 : INFO : ball_device.bd_plunger : Ball left
2026-06-18 00:50:18,644 : INFO : ball_device.bd_plunger : Wait for confirm with timeout 5.0
2026-06-18 00:50:20,313 : INFO : SwitchController : <<<<<<< 's_left_outlane' active >>>>>>>
2026-06-18 00:50:20,314 : INFO : EventManager : Event: ======'machine_var_audits_switches_s_left_outlane'====== Args={'value': 16, 'prev_value': 15, 'change': 1}
2026-06-18 00:50:20,411 : INFO : SwitchController : <<<<<<< 's_left_outlane' inactive >>>>>>>
2026-06-18 00:50:20,518 : INFO : SwitchController : <<<<<<< 's_left_outlane' active >>>>>>>
2026-06-18 00:50:20,519 : INFO : EventManager : Event: ======'machine_var_audits_switches_s_left_outlane'====== Args={'value': 17, 'prev_value': 16, 'change': 1}
2026-06-18 00:50:20,614 : INFO : SwitchController : <<<<<<< 's_left_outlane' inactive >>>>>>>
2026-06-18 00:50:21,498 : INFO : SwitchController : <<<<<<< 's_trough_ball_6' active >>>>>>>
2026-06-18 00:50:21,499 : INFO : EventManager : Event: ======'machine_var_audits_switches_s_trough_ball_6'====== Args={'value': 15, 'prev_value': 14, 'change': 1}
2026-06-18 00:50:21,595 : INFO : SwitchController : <<<<<<< 's_trough_ball_6' inactive >>>>>>>
2026-06-18 00:50:21,622 : INFO : SwitchController : <<<<<<< 's_trough_ball_5' active >>>>>>>
2026-06-18 00:50:21,622 : INFO : EventManager : Event: ======'machine_var_audits_switches_s_trough_ball_5'====== Args={'value': 15, 'prev_value': 14, 'change': 1}
2026-06-18 00:50:21,689 : INFO : SwitchController : <<<<<<< 's_trough_ball_5' inactive >>>>>>>
2026-06-18 00:50:21,690 : INFO : SwitchController : <<<<<<< 's_trough_ball_4' active >>>>>>>
2026-06-18 00:50:21,690 : INFO : EventManager : Event: ======'machine_var_audits_switches_s_trough_ball_4'====== Args={'value': 15, 'prev_value': 14, 'change': 1}
2026-06-18 00:50:21,751 : INFO : SwitchController : <<<<<<< 's_trough_ball_4' inactive >>>>>>>
2026-06-18 00:50:21,771 : INFO : SwitchController : <<<<<<< 's_trough_ball_3' active >>>>>>>
2026-06-18 00:50:21,772 : INFO : EventManager : Event: ======'machine_var_audits_switches_s_trough_ball_3'====== Args={'value': 15, 'prev_value': 14, 'change': 1}
2026-06-18 00:50:21,814 : INFO : SwitchController : <<<<<<< 's_trough_ball_3' inactive >>>>>>>
2026-06-18 00:50:21,838 : INFO : SwitchController : <<<<<<< 's_trough_ball_2' active >>>>>>>
2026-06-18 00:50:21,839 : INFO : EventManager : Event: ======'machine_var_audits_switches_s_trough_ball_2'====== Args={'value': 27, 'prev_value': 26, 'change': 1}
2026-06-18 00:50:21,870 : INFO : SwitchController : <<<<<<< 's_trough_ball_2' inactive >>>>>>>
2026-06-18 00:50:21,870 : INFO : SwitchController : <<<<<<< 's_trough_ball_1' active >>>>>>>
2026-06-18 00:50:21,871 : INFO : EventManager : Event: ======'machine_var_audits_switches_s_trough_ball_1'====== Args={'value': 101, 'prev_value': 100, 'change': 1}
2026-06-18 00:50:22,382 : INFO : EventManager : Event: ======'balldevice_bd_trough_ball_count_changed'====== Args={'balls': 1}
2026-06-18 00:50:22,383 : INFO : ball_device.bd_trough : Received unexpected ball
2026-06-18 00:50:22,383 : INFO : EventManager : Event: ======'balldevice_captured_from_playfield'====== Args={'balls': 1}
2026-06-18 00:50:22,385 : INFO : EventManager : Event: ======'sw_playfield_active'====== Args={'balls': 1}
2026-06-18 00:50:22,385 : INFO : EventManager : Event: ======'playfield_active'====== Args={'source': None}
2026-06-18 00:50:22,386 : INFO : EventManager : Event: ======'playfield_ball_count_change'====== Args={'balls': -1, 'change': -1}
2026-06-18 00:50:22,387 : INFO : EventManager : Event: ======'balldevice_bd_trough_ball_enter'====== Args={'new_balls': 1, 'unclaimed_balls': 1, 'new_available_balls': 1, 'device': <ball_device.bd_trough>}
2026-06-18 00:50:22,387 : INFO : EventManager : Event: ======'ball_drain'====== Args={'device': <ball_device.bd_trough>, 'balls': 1}
2026-06-18 00:50:22,387 : INFO : ball_device.bd_plunger : Got eject confirm
2026-06-18 00:50:22,388 : INFO : ball_device.bd_plunger : Eject successful
2026-06-18 00:50:22,388 : INFO : EventManager : Event: ======'balldevice_bd_plunger_ball_eject_success'====== Args={'balls': 1, 'target': <playfield.playfield>}
2026-06-18 00:50:22,388 : INFO : EventManager : Event: ======'balldevice_playfield_ball_enter'====== Args={'new_balls': 1, 'unclaimed_balls': 1, 'device': <playfield.playfield>}
2026-06-18 00:50:22,388 : INFO : EventManager : Event: ======'playfield_ball_count_change'====== Args={'balls': 0, 'change': 1}
2026-06-18 00:50:22,389 : INFO : EventManager : Event: ======'ball_will_end'====== Args={}
2026-06-18 00:50:22,389 : INFO : EventManager : Event: ======'balldevice_balls_available'====== Args={}
2026-06-18 00:50:22,389 : INFO : EventManager : Event: ======'balldevice_bd_trough_ball_entered'====== Args={'new_balls': 1, 'device': <ball_device.bd_trough>}
2026-06-18 00:50:22,390 : INFO : EventManager : Event: ======'balldevice_bd_plunger_ball_count_changed'====== Args={'balls': 0}
2026-06-18 00:50:22,390 : INFO : ball_device.bd_plunger : State: idle
2026-06-18 00:50:22,391 : INFO : EventManager : Event: ======'ball_ending'====== Args={}
2026-06-18 00:50:22,393 : INFO : EventManager : Event: ======'ball_ended'====== Args={}
2026-06-18 00:50:22,394 : INFO : EventManager : Event: ======'player_turn_will_end'====== Args={'player': <Player 1>, 'number': 1}
2026-06-18 00:50:22,394 : INFO : EventManager : Event: ======'player_turn_ending'====== Args={'player': <Player 1>, 'number': 1}
2026-06-18 00:50:22,394 : INFO : EventManager : Event: ======'player_turn_ended'====== Args={'player': <Player 1>, 'number': 1}
2026-06-18 00:50:22,395 : INFO : EventManager : Event: ======'game_will_end'====== Args={}
2026-06-18 00:50:22,395 : INFO : EventManager : Event: ======'game_ending'====== Args={}
2026-06-18 00:50:22,395 : INFO : EventManager : Event: ======'game_ended'====== Args={}
2026-06-18 00:50:22,396 : INFO : EventManager : Event: ======'mode_game_will_stop'====== Args={}
2026-06-18 00:50:22,396 : INFO : EventManager : Event: ======'mode_game_stopping'====== Args={}
2026-06-18 00:50:22,397 : INFO : EventManager : Event: ======'mode_attract_will_start'====== Args={}
2026-06-18 00:50:22,399 : INFO : EventManager : Event: ======'mode_attract_starting'====== Args={}
2026-06-18 00:50:22,400 : INFO : Mode.attract : Started. Priority: 10
2026-06-18 00:50:22,401 : INFO : EventManager : Event: ======'modes_active_modes_changed'====== Args={}
2026-06-18 00:50:22,401 : INFO : EventManager : Event: ======'mode_attract_started'====== Args={}
2026-06-18 00:50:22,401 : INFO : EventManager : Event: ======'collecting_balls_complete'====== Args={}
2026-06-18 00:50:22,403 : INFO : Mode.game : Stopped.
2026-06-18 00:50:22,403 : INFO : EventManager : Event: ======'modes_active_modes_changed'====== Args={}
2026-06-18 00:50:22,403 : INFO : EventManager : Event: ======'mode_game_stopped'====== Args={}
2026-06-18 00:50:22,403 : INFO : EventManager : Event: ======'clear'====== Args={'key': 'game'}
2026-06-18 00:50:22,420 : INFO : EventManager : Event: ======'slide_attract_created'====== Args={'_from_bcp': True}
2026-06-18 00:50:22,420 : INFO : EventManager : Event: ======'slide_attract_inactive'====== Args={'is_removing': True, '_from_bcp': True}
2026-06-18 00:50:22,421 : INFO : EventManager : Event: ======'slide_attract_active'====== Args={'original_context': 'attract', 'original_calling_context': 'mode_attract_started', 'priority': 10.0, 'cmd': 'slides_play', '_from_bcp': True}
2026-06-18 00:50:22,421 : INFO : EventManager : Event: ======'slide_attract_removed'====== Args={'_from_bcp': True}
2026-06-18 00:50:41,895 : INFO : Machine : Shutting down...
2026-06-18 00:50:41,896 : INFO : EventManager : Event: ======'shutdown'====== Args={}
2026-06-18 00:50:42,009 : INFO : root : MPF run loop ended.
