2026-06-08 23:15:28,919 : INFO : root : Loading config.
2026-06-08 23:15:28,923 : INFO : YamlMultifileConfigLoader : Machine config file #1: config.yaml
2026-06-08 23:15:28,923 : INFO : ConfigProcessor : Loading config from cache: C:\Users\mpf\AppData\Local\Temp\6d5b600d7be1a6495e3e5a66bc905d87.mpf_cache
2026-06-08 23:15:29,009 : INFO : ConfigProcessor : Loading config from cache: C:\Users\mpf\AppData\Local\Temp\8f40fc9be560776ef72c29fc1142b5c0.mpf_cache
2026-06-08 23:15:29,009 : INFO : ConfigProcessor : Loading config from cache: C:\Users\mpf\AppData\Local\Temp\280ef0bf7d2e5d11f4cb038a53adbb41.mpf_cache
2026-06-08 23:15:29,010 : INFO : Machine : Mission Pinball Framework Core Engine v0.80.0.dev13
2026-06-08 23:15:29,010 : INFO : Machine : Command line arguments: {'no_load_cache': False, 'create_config_cache': True, 'bcp': False, 'configfile': ['config.yaml'], 'force_assets_load': False, 'platform_integration_test': False, 'jsonlogging': False, 'logfile': 'logs\\2026-06-08-23-15-28-mpf-DESKTOP-OC28BPB.log', 'pause': False, 'production': False, 'text_ui': False, 'loglevel': 15, 'consoleloglevel': 20, 'force_platform': None, 'syslog_address': None, 'full_logfile_path': 'C:\\pinball\\logs\\2026-06-08-23-15-28-mpf-DESKTOP-OC28BPB.log'}
2026-06-08 23:15:29,010 : INFO : Machine : MPF path: C:\Users\mpf\AppData\Local\Programs\Python\Python313\Lib\site-packages\mpf
2026-06-08 23:15:29,010 : INFO : Machine : Machine path: C:\pinball
2026-06-08 23:15:29,010 : INFO : Machine : Platform: win32
2026-06-08 23:15:29,011 : INFO : Machine : Python executable location: C:\Users\mpf\AppData\Local\Programs\Python\Python313\python.exe
2026-06-08 23:15:29,011 : INFO : Machine : Python version: 3.13.12 (64-bit)
2026-06-08 23:15:29,013 : INFO : Machine : Initializing MPF...
2026-06-08 23:15:29,122 : INFO : FAST : Auto-detecting ports for the following connections: ['net']
2026-06-08 23:15:29,154 : INFO : FAST : Detected NET on port COM4
2026-06-08 23:15:29,271 : INFO : FAST [NET] : Trying to connect to COM4 at 921600bps
2026-06-08 23:15:29,278 : INFO : FAST [NET] : Connected to COM4 at 921600bps
2026-06-08 23:15:29,297 : INFO : FAST [NET] : Connected to FP-CPU-2000 with firmware v02.26
2026-06-08 23:15:29,330 : INFO : FAST [NET] : Registered I/O Board 0: Model: FP-I/O-3208, Firmware: 01.10, Switches: 32, Drivers: 8
2026-06-08 23:15:29,331 : INFO : EventManager : Event: ======'machine_var_credits_string'====== Args={'value': 'FREE PLAY', 'prev_value': None, 'change': True}
2026-06-08 23:15:29,367 : INFO : EventManager : Event: ======'machine_var_master_volume'====== Args={'value': 0.5, 'prev_value': None, 'change': True}
2026-06-08 23:15:29,367 : INFO : EventManager : Event: ======'machine_var_mpf_version'====== Args={'value': 'Mission Pinball Framework v0.80.0.dev13', 'prev_value': None, 'change': True}
2026-06-08 23:15:29,367 : INFO : EventManager : Event: ======'machine_var_mpf_extended_version'====== Args={'value': 'Mission Pinball Framework v0.80.0.dev13, Config version:6, Show version: 6, BCP version:1.1', 'prev_value': None, 'change': True}
2026-06-08 23:15:29,367 : INFO : EventManager : Event: ======'machine_var_python_version'====== Args={'value': '3.13.12', 'prev_value': None, 'change': True}
2026-06-08 23:15:29,401 : INFO : EventManager : Event: ======'machine_var_platform'====== Args={'value': 'Windows-11-10.0.26200-SP0', 'prev_value': None, 'change': True}
2026-06-08 23:15:29,401 : INFO : EventManager : Event: ======'machine_var_platform_system'====== Args={'value': 'Windows', 'prev_value': None, 'change': True}
2026-06-08 23:15:29,401 : INFO : EventManager : Event: ======'machine_var_platform_release'====== Args={'value': '11', 'prev_value': None, 'change': True}
2026-06-08 23:15:29,401 : INFO : EventManager : Event: ======'machine_var_platform_version'====== Args={'value': '10.0.26200', 'prev_value': None, 'change': True}
2026-06-08 23:15:29,401 : INFO : EventManager : Event: ======'machine_var_platform_machine'====== Args={'value': 'AMD64', 'prev_value': None, 'change': True}
2026-06-08 23:15:29,401 : INFO : EventManager : Event: ======'machine_var_log_file_path'====== Args={'value': 'C:\\pinball\\logs\\2026-06-08-23-15-28-mpf-DESKTOP-OC28BPB.log', 'prev_value': None, 'change': True}
2026-06-08 23:15:29,401 : INFO : EventManager : Event: ======'init_phase_1'====== Args={}
2026-06-08 23:15:31,641 : INFO : SwitchController : <<<<<<< 's_trough_ball_2' active >>>>>>>
2026-06-08 23:15:31,642 : INFO : SwitchController : <<<<<<< 's_trough_ball_3' active >>>>>>>
2026-06-08 23:15:31,642 : INFO : SwitchController : <<<<<<< 's_trough_ball_4' active >>>>>>>
2026-06-08 23:15:31,642 : INFO : SwitchController : <<<<<<< 's_trough_ball_5' active >>>>>>>
2026-06-08 23:15:31,643 : INFO : SwitchController : <<<<<<< 's_trough_ball_6' active >>>>>>>
2026-06-08 23:15:31,644 : INFO : EventManager : Event: ======'init_phase_2'====== Args={}
2026-06-08 23:15:31,644 : INFO : SwitchController : Found active switch: (1, [FAST Platform Interface]) <switch.s_trough_ball_2>
2026-06-08 23:15:31,645 : INFO : SwitchController : Found active switch: (2, [FAST Platform Interface]) <switch.s_trough_ball_3>
2026-06-08 23:15:31,645 : INFO : SwitchController : Found active switch: (3, [FAST Platform Interface]) <switch.s_trough_ball_4>
2026-06-08 23:15:31,645 : INFO : SwitchController : Found active switch: (4, [FAST Platform Interface]) <switch.s_trough_ball_5>
2026-06-08 23:15:31,645 : INFO : SwitchController : Found active switch: (5, [FAST Platform Interface]) <switch.s_trough_ball_6>
2026-06-08 23:15:31,671 : INFO : EventManager : Event: ======'init_phase_3'====== Args={}
2026-06-08 23:15:31,673 : INFO : EventManager : Event: ======'init_phase_4'====== Args={}
2026-06-08 23:15:31,676 : INFO : EventManager : Event: ======'machine_var_audits_switches_s_left_flipper'====== Args={'value': 0, 'prev_value': None, 'change': True}
2026-06-08 23:15:31,676 : INFO : EventManager : Event: ======'machine_var_audits_switches_s_plunger'====== Args={'value': 0, 'prev_value': None, 'change': True}
2026-06-08 23:15:31,676 : INFO : EventManager : Event: ======'machine_var_audits_switches_s_trough_ball_jam'====== Args={'value': 0, 'prev_value': None, 'change': True}
2026-06-08 23:15:31,676 : INFO : EventManager : Event: ======'machine_var_audits_switches_s_trough_ball_3'====== Args={'value': 0, 'prev_value': None, 'change': True}
2026-06-08 23:15:31,676 : INFO : EventManager : Event: ======'machine_var_audits_switches_s_trough_ball_4'====== Args={'value': 0, 'prev_value': None, 'change': True}
2026-06-08 23:15:31,676 : INFO : EventManager : Event: ======'machine_var_audits_switches_s_trough_ball_1'====== Args={'value': 0, 'prev_value': None, 'change': True}
2026-06-08 23:15:31,676 : INFO : EventManager : Event: ======'machine_var_audits_switches_s_right_flipper'====== Args={'value': 0, 'prev_value': None, 'change': True}
2026-06-08 23:15:31,676 : INFO : EventManager : Event: ======'machine_var_audits_switches_s_trough_ball_5'====== Args={'value': 0, 'prev_value': None, 'change': True}
2026-06-08 23:15:31,676 : INFO : EventManager : Event: ======'machine_var_audits_switches_s_trough_ball_2'====== Args={'value': 0, 'prev_value': None, 'change': True}
2026-06-08 23:15:31,676 : INFO : EventManager : Event: ======'machine_var_audits_switches_s_trough_ball_6'====== Args={'value': 0, 'prev_value': None, 'change': True}
2026-06-08 23:15:31,677 : INFO : EventManager : Event: ======'machine_var_audits_events_game_started'====== Args={'value': 0, 'prev_value': None, 'change': True}
2026-06-08 23:15:31,677 : INFO : EventManager : Event: ======'machine_var_audits_events_game_ended'====== Args={'value': 0, 'prev_value': None, 'change': True}
2026-06-08 23:15:31,677 : INFO : EventManager : Event: ======'machine_var_audits_player_score'====== Args={'value': {'top': [], 'average': 0, 'total': 0}, 'prev_value': None, 'change': True}
2026-06-08 23:15:31,677 : INFO : EventManager : Event: ======'init_phase_5'====== Args={}
2026-06-08 23:15:31,677 : INFO : EventManager : Event: ======'init_done'====== Args={}
2026-06-08 23:15:31,677 : INFO : EventManager : Event: ======'machine_reset_phase_1'====== Args={}
2026-06-08 23:15:31,678 : INFO : EventManager : Event: ======'machine_reset_phase_2'====== Args={}
2026-06-08 23:15:31,679 : INFO : EventManager : Event: ======'machine_reset_phase_3'====== Args={}
2026-06-08 23:15:31,679 : INFO : EventManager : Event: ======'reset_complete'====== Args={}
2026-06-08 23:15:31,680 : INFO : EventManager : Event: ======'mode_attract_will_start'====== Args={}
2026-06-08 23:15:31,682 : INFO : EventManager : Event: ======'mode_attract_starting'====== Args={}
2026-06-08 23:15:31,682 : INFO : Mode.attract : Started. Priority: 10
2026-06-08 23:15:31,682 : INFO : EventManager : Event: ======'modes_active_modes_changed'====== Args={}
2026-06-08 23:15:31,682 : INFO : EventManager : Event: ======'mode_attract_started'====== Args={}
2026-06-08 23:15:31,683 : INFO : EventManager : Event: ======'collecting_balls_complete'====== Args={}
2026-06-08 23:15:31,683 : INFO : Machine : Starting the main run loop with active modes: [<Mode.attract>]
2026-06-08 23:15:35,000 : INFO : SwitchController : <<<<<<< 's_plunger' active >>>>>>>
2026-06-08 23:15:35,272 : INFO : SwitchController : <<<<<<< 's_plunger' inactive >>>>>>>
2026-06-08 23:15:35,862 : INFO : SwitchController : <<<<<<< 's_plunger' active >>>>>>>
2026-06-08 23:15:36,070 : INFO : SwitchController : <<<<<<< 's_plunger' inactive >>>>>>>
2026-06-08 23:15:36,502 : INFO : SwitchController : <<<<<<< 's_plunger' active >>>>>>>
2026-06-08 23:15:36,773 : INFO : SwitchController : <<<<<<< 's_plunger' inactive >>>>>>>
2026-06-08 23:15:37,174 : INFO : SwitchController : <<<<<<< 's_plunger' active >>>>>>>
2026-06-08 23:15:37,446 : INFO : SwitchController : <<<<<<< 's_plunger' inactive >>>>>>>
2026-06-08 23:15:37,956 : INFO : SwitchController : <<<<<<< 's_plunger' active >>>>>>>
2026-06-08 23:15:38,500 : INFO : SwitchController : <<<<<<< 's_plunger' inactive >>>>>>>
2026-06-08 23:15:38,980 : INFO : SwitchController : <<<<<<< 's_plunger' active >>>>>>>
2026-06-08 23:15:39,491 : INFO : SwitchController : <<<<<<< 's_plunger' inactive >>>>>>>
2026-06-08 23:15:39,876 : INFO : SwitchController : <<<<<<< 's_plunger' active >>>>>>>
2026-06-08 23:15:40,785 : INFO : SwitchController : <<<<<<< 's_plunger' inactive >>>>>>>
2026-06-08 23:15:41,281 : INFO : SwitchController : <<<<<<< 's_plunger' active >>>>>>>
2026-06-08 23:15:41,473 : INFO : SwitchController : <<<<<<< 's_plunger' inactive >>>>>>>
2026-06-08 23:15:41,649 : INFO : SwitchController : <<<<<<< 's_plunger' active >>>>>>>
2026-06-08 23:15:41,791 : INFO : SwitchController : <<<<<<< 's_plunger' inactive >>>>>>>
2026-06-08 23:15:42,142 : INFO : SwitchController : <<<<<<< 's_plunger' active >>>>>>>
2026-06-08 23:15:42,287 : INFO : SwitchController : <<<<<<< 's_plunger' inactive >>>>>>>
2026-06-08 23:15:42,399 : INFO : SwitchController : <<<<<<< 's_plunger' active >>>>>>>
2026-06-08 23:15:42,541 : INFO : SwitchController : <<<<<<< 's_plunger' inactive >>>>>>>
2026-06-08 23:15:42,638 : INFO : SwitchController : <<<<<<< 's_plunger' active >>>>>>>
2026-06-08 23:15:42,732 : INFO : SwitchController : <<<<<<< 's_plunger' inactive >>>>>>>
2026-06-08 23:15:43,053 : INFO : SwitchController : <<<<<<< 's_plunger' active >>>>>>>
2026-06-08 23:15:43,198 : INFO : SwitchController : <<<<<<< 's_plunger' inactive >>>>>>>
2026-06-08 23:15:43,277 : INFO : SwitchController : <<<<<<< 's_plunger' active >>>>>>>
2026-06-08 23:15:43,407 : INFO : SwitchController : <<<<<<< 's_plunger' inactive >>>>>>>
2026-06-08 23:15:43,484 : INFO : SwitchController : <<<<<<< 's_plunger' active >>>>>>>
2026-06-08 23:15:43,612 : INFO : SwitchController : <<<<<<< 's_plunger' inactive >>>>>>>
2026-06-08 23:15:43,692 : INFO : SwitchController : <<<<<<< 's_plunger' active >>>>>>>
2026-06-08 23:15:43,820 : INFO : SwitchController : <<<<<<< 's_plunger' inactive >>>>>>>
2026-06-08 23:15:48,178 : INFO : Machine : Shutting down...
2026-06-08 23:15:48,179 : INFO : EventManager : Event: ======'shutdown'====== Args={}
2026-06-08 23:15:48,300 : INFO : root : MPF run loop ended.
