2026-06-18 01:52:40,968 : INFO : root : Loading config.
2026-06-18 01:52:40,971 : INFO : YamlMultifileConfigLoader : Machine config file #1: config.yaml
2026-06-18 01:52:40,972 : INFO : ConfigProcessor : Loading config from cache: C:\Users\mpf\AppData\Local\Temp\6d5b600d7be1a6495e3e5a66bc905d87.mpf_cache
2026-06-18 01:52:41,044 : WARNING : ConfigProcessor : Config file in cache changed: C:\pinball\modes\attract\config\attract.yaml
2026-06-18 01:52:41,044 : INFO : ConfigProcessor : Loading config from file C:\Users\mpf\AppData\Local\Programs\Python\Python313\Lib\site-packages\mpf\modes\attract\config\attract.yaml.
2026-06-18 01:52:41,048 : INFO : ConfigProcessor : Loading config: C:\Users\mpf\AppData\Local\Programs\Python\Python313\Lib\site-packages\mpf\modes\attract\config\attract.yaml
2026-06-18 01:52:41,048 : INFO : ConfigProcessor : Loading config from file C:\pinball\modes\attract\config\attract.yaml.
2026-06-18 01:52:41,050 : INFO : ConfigProcessor : Loading config: C:\pinball\modes\attract\config\attract.yaml
2026-06-18 01:52:41,051 : INFO : ConfigProcessor : Config file cache created: C:\Users\mpf\AppData\Local\Temp\8f40fc9be560776ef72c29fc1142b5c0.mpf_cache
2026-06-18 01:52:41,051 : INFO : ConfigProcessor : Loading config from cache: C:\Users\mpf\AppData\Local\Temp\280ef0bf7d2e5d11f4cb038a53adbb41.mpf_cache
2026-06-18 01:52:41,052 : INFO : ConfigProcessor : Loading config from cache: C:\Users\mpf\AppData\Local\Temp\8f40fc9be560776ef72c29fc1142b5c0.mpf_cache
2026-06-18 01:52:41,053 : INFO : ConfigProcessor : Loading config from cache: C:\Users\mpf\AppData\Local\Temp\d40f4ca26774ea864f33fb732ef4f4c0.mpf_cache
2026-06-18 01:52:41,053 : INFO : Machine : Mission Pinball Framework Core Engine v0.80.0.dev13
2026-06-18 01:52:41,053 : INFO : Machine : Command line arguments: {'no_load_cache': False, 'create_config_cache': True, 'bcp': True, 'configfile': ['config.yaml'], 'force_assets_load': False, 'platform_integration_test': False, 'jsonlogging': False, 'logfile': 'logs\\2026-06-18-01-52-40-mpf-DESKTOP-OC28BPB.log', 'pause': False, 'production': False, 'text_ui': True, 'loglevel': 15, 'consoleloglevel': 20, 'force_platform': None, 'syslog_address': None, 'full_logfile_path': 'C:\\pinball\\logs\\2026-06-18-01-52-40-mpf-DESKTOP-OC28BPB.log'}
2026-06-18 01:52:41,053 : INFO : Machine : MPF path: C:\Users\mpf\AppData\Local\Programs\Python\Python313\Lib\site-packages\mpf
2026-06-18 01:52:41,053 : INFO : Machine : Machine path: C:\pinball
2026-06-18 01:52:41,053 : INFO : Machine : Platform: win32
2026-06-18 01:52:41,053 : INFO : Machine : Python executable location: C:\Users\mpf\AppData\Local\Programs\Python\Python313\python.exe
2026-06-18 01:52:41,053 : INFO : Machine : Python version: 3.13.12 (64-bit)
2026-06-18 01:52:41,055 : INFO : Machine : Initializing MPF...
2026-06-18 01:52:41,276 : INFO : FAST : Auto-detecting ports for the following connections: ['net']
2026-06-18 01:52:41,296 : INFO : FAST : Detected NET on port COM4
2026-06-18 01:52:41,409 : INFO : FAST [NET] : Trying to connect to COM4 at 921600bps
2026-06-18 01:52:41,419 : INFO : FAST [NET] : Connected to COM4 at 921600bps
2026-06-18 01:52:41,422 : INFO : FAST [NET] : Connected to FP-CPU-2000 with firmware v02.26
2026-06-18 01:52:41,455 : INFO : FAST [NET] : Registered I/O Board 0: Model: FP-I/O-3208, Firmware: 01.10, Switches: 32, Drivers: 8
2026-06-18 01:52:41,456 : INFO : EventManager : Event: ======'machine_var_credits_string'====== Args={'value': 'FREE PLAY', 'prev_value': None, 'change': True}
2026-06-18 01:52:41,495 : INFO : EventManager : Event: ======'machine_var_master_volume'====== Args={'value': 0.5, 'prev_value': None, 'change': True}
2026-06-18 01:52:41,496 : INFO : EventManager : Event: ======'machine_var_player1_score'====== Args={'value': 0, 'prev_value': None, 'change': True}
2026-06-18 01:52:41,496 : INFO : EventManager : Event: ======'machine_var_mpf_version'====== Args={'value': 'Mission Pinball Framework v0.80.0.dev13', 'prev_value': None, 'change': True}
2026-06-18 01:52:41,496 : INFO : EventManager : Event: ======'machine_var_mpf_extended_version'====== Args={'value': 'Mission Pinball Framework v0.80.0.dev13, Config version:6, Show version: 6, BCP version:1.1', 'prev_value': None, 'change': True}
2026-06-18 01:52:41,496 : INFO : EventManager : Event: ======'machine_var_python_version'====== Args={'value': '3.13.12', 'prev_value': None, 'change': True}
2026-06-18 01:52:41,535 : INFO : EventManager : Event: ======'machine_var_platform'====== Args={'value': 'Windows-11-10.0.26200-SP0', 'prev_value': None, 'change': True}
2026-06-18 01:52:41,536 : INFO : EventManager : Event: ======'machine_var_platform_system'====== Args={'value': 'Windows', 'prev_value': None, 'change': True}
2026-06-18 01:52:41,536 : INFO : EventManager : Event: ======'machine_var_platform_release'====== Args={'value': '11', 'prev_value': None, 'change': True}
2026-06-18 01:52:41,536 : INFO : EventManager : Event: ======'machine_var_platform_version'====== Args={'value': '10.0.26200', 'prev_value': None, 'change': True}
2026-06-18 01:52:41,536 : INFO : EventManager : Event: ======'machine_var_platform_machine'====== Args={'value': 'AMD64', 'prev_value': None, 'change': True}
2026-06-18 01:52:41,536 : INFO : EventManager : Event: ======'machine_var_log_file_path'====== Args={'value': 'C:\\pinball\\logs\\2026-06-18-01-52-40-mpf-DESKTOP-OC28BPB.log', 'prev_value': None, 'change': True}
2026-06-18 01:52:41,536 : INFO : EventManager : Event: ======'init_phase_1'====== Args={}
2026-06-18 01:52:43,632 : INFO : SwitchController : <<<<<<< 's_trough_ball_jam' active >>>>>>>
2026-06-18 01:52:43,632 : INFO : SwitchController : <<<<<<< 's_trough_ball_1' active >>>>>>>
2026-06-18 01:52:43,633 : INFO : EventManager : Event: ======'init_phase_2'====== Args={}
2026-06-18 01:52:43,633 : INFO : SwitchController : Found active switch: (6, [FAST Platform Interface]) <switch.s_trough_ball_jam>
2026-06-18 01:52:43,634 : INFO : SwitchController : Found active switch: (0, [FAST Platform Interface]) <switch.s_trough_ball_1>
2026-06-18 01:52:43,641 : INFO : EventManager : Event: ======'bcp_connection_attempt'====== Args={'name': 'local_display', 'host': 'localhost', 'port': 5050}
2026-06-18 01:52:43,644 : INFO : BCPClientSocket : Connecting BCP to 'local_display' at localhost:5050...
2026-06-18 01:52:43,665 : INFO : BCPClientSocket : Connected BCP to 'local_display' localhost:5050
2026-06-18 01:52:43,665 : INFO : EventManager : Event: ======'bcp_clients_connected'====== Args={}
2026-06-18 01:52:44,134 : INFO : ball_device.bd_trough : BCH: Initial count: 1
2026-06-18 01:52:44,136 : INFO : ball_device.bd_trough : State: idle
2026-06-18 01:52:44,138 : INFO : ball_device.bd_plunger : BCH: Initial count: 0
2026-06-18 01:52:44,139 : INFO : ball_device.bd_plunger : State: idle
2026-06-18 01:52:44,171 : INFO : EventManager : Event: ======'init_phase_3'====== Args={}
2026-06-18 01:52:44,176 : INFO : EventManager : Event: ======'init_phase_4'====== Args={}
2026-06-18 01:52:44,176 : INFO : BallController : Initial balls found: 1
2026-06-18 01:52:44,178 : INFO : EventManager : Event: ======'machine_var_audits_events_game_ended'====== Args={'value': 5, 'prev_value': None, 'change': True}
2026-06-18 01:52:44,178 : INFO : EventManager : Event: ======'machine_var_audits_events_game_started'====== Args={'value': 19, 'prev_value': None, 'change': True}
2026-06-18 01:52:44,178 : INFO : EventManager : Event: ======'machine_var_audits_missing_switches_s_flipper_left_eos'====== Args={'value': 3, 'prev_value': None, 'change': True}
2026-06-18 01:52:44,178 : INFO : EventManager : Event: ======'machine_var_audits_missing_switches_s_flipper_right_eos'====== Args={'value': 1, 'prev_value': None, 'change': True}
2026-06-18 01:52:44,179 : INFO : EventManager : Event: ======'machine_var_audits_missing_switches_s_launch'====== Args={'value': 15, 'prev_value': None, 'change': True}
2026-06-18 01:52:44,179 : INFO : EventManager : Event: ======'machine_var_audits_missing_switches_s_left_flipper'====== Args={'value': 3, 'prev_value': None, 'change': True}
2026-06-18 01:52:44,179 : INFO : EventManager : Event: ======'machine_var_audits_missing_switches_s_left_inlane'====== Args={'value': 11, 'prev_value': None, 'change': True}
2026-06-18 01:52:44,179 : INFO : EventManager : Event: ======'machine_var_audits_missing_switches_s_left_outlane'====== Args={'value': 2, 'prev_value': None, 'change': True}
2026-06-18 01:52:44,179 : INFO : EventManager : Event: ======'machine_var_audits_missing_switches_s_right_flipper'====== Args={'value': 1, 'prev_value': None, 'change': True}
2026-06-18 01:52:44,179 : INFO : EventManager : Event: ======'machine_var_audits_missing_switches_s_right_inlane'====== Args={'value': 3, 'prev_value': None, 'change': True}
2026-06-18 01:52:44,179 : INFO : EventManager : Event: ======'machine_var_audits_missing_switches_s_right_outlane'====== Args={'value': 3, 'prev_value': None, 'change': True}
2026-06-18 01:52:44,179 : INFO : EventManager : Event: ======'machine_var_audits_missing_switches_s_slingshot_right'====== Args={'value': 3, 'prev_value': None, 'change': True}
2026-06-18 01:52:44,179 : INFO : EventManager : Event: ======'machine_var_audits_missing_switches_s_start'====== Args={'value': 5, 'prev_value': None, 'change': True}
2026-06-18 01:52:44,179 : INFO : EventManager : Event: ======'machine_var_audits_missing_switches_s_trough_ball_1'====== Args={'value': 2, 'prev_value': None, 'change': True}
2026-06-18 01:52:44,179 : INFO : EventManager : Event: ======'machine_var_audits_missing_switches_s_trough_ball_2'====== Args={'value': 2, 'prev_value': None, 'change': True}
2026-06-18 01:52:44,179 : INFO : EventManager : Event: ======'machine_var_audits_missing_switches_s_trough_ball_3'====== Args={'value': 2, 'prev_value': None, 'change': True}
2026-06-18 01:52:44,179 : INFO : EventManager : Event: ======'machine_var_audits_missing_switches_s_trough_ball_4'====== Args={'value': 2, 'prev_value': None, 'change': True}
2026-06-18 01:52:44,180 : INFO : EventManager : Event: ======'machine_var_audits_missing_switches_s_trough_ball_5'====== Args={'value': 2, 'prev_value': None, 'change': True}
2026-06-18 01:52:44,180 : INFO : EventManager : Event: ======'machine_var_audits_missing_switches_s_trough_ball_6'====== Args={'value': 2, 'prev_value': None, 'change': True}
2026-06-18 01:52:44,180 : INFO : EventManager : Event: ======'machine_var_audits_missing_switches_s_trough_ball_jam'====== Args={'value': 2, 'prev_value': None, 'change': True}
2026-06-18 01:52:44,180 : INFO : EventManager : Event: ======'machine_var_audits_player_score'====== Args={'value': {'average': 0, 'top': [0, 0, 0, 0, 0], 'total': 5}, 'prev_value': None, 'change': True}
2026-06-18 01:52:44,180 : INFO : EventManager : Event: ======'machine_var_audits_switches_s_flipper_left_eos'====== Args={'value': 5, 'prev_value': None, 'change': True}
2026-06-18 01:52:44,180 : INFO : EventManager : Event: ======'machine_var_audits_switches_s_flipper_right_eos'====== Args={'value': 4, 'prev_value': None, 'change': True}
2026-06-18 01:52:44,180 : INFO : EventManager : Event: ======'machine_var_audits_switches_s_launch'====== Args={'value': 2, 'prev_value': None, 'change': True}
2026-06-18 01:52:44,180 : INFO : EventManager : Event: ======'machine_var_audits_switches_s_left_flipper'====== Args={'value': 6, 'prev_value': None, 'change': True}
2026-06-18 01:52:44,180 : INFO : EventManager : Event: ======'machine_var_audits_switches_s_left_inlane'====== Args={'value': 9, 'prev_value': None, 'change': True}
2026-06-18 01:52:44,180 : INFO : EventManager : Event: ======'machine_var_audits_switches_s_left_outlane'====== Args={'value': 17, 'prev_value': None, 'change': True}
2026-06-18 01:52:44,180 : INFO : EventManager : Event: ======'machine_var_audits_switches_s_plunger'====== Args={'value': 18, 'prev_value': None, 'change': True}
2026-06-18 01:52:44,180 : INFO : EventManager : Event: ======'machine_var_audits_switches_s_right_flipper'====== Args={'value': 9, 'prev_value': None, 'change': True}
2026-06-18 01:52:44,180 : INFO : EventManager : Event: ======'machine_var_audits_switches_s_right_inlane'====== Args={'value': 7, 'prev_value': None, 'change': True}
2026-06-18 01:52:44,181 : INFO : EventManager : Event: ======'machine_var_audits_switches_s_right_outlane'====== Args={'value': 24, 'prev_value': None, 'change': True}
2026-06-18 01:52:44,181 : INFO : EventManager : Event: ======'machine_var_audits_switches_s_slingshot_left'====== Args={'value': 19, 'prev_value': None, 'change': True}
2026-06-18 01:52:44,181 : INFO : EventManager : Event: ======'machine_var_audits_switches_s_slingshot_right'====== Args={'value': 25, 'prev_value': None, 'change': True}
2026-06-18 01:52:44,181 : INFO : EventManager : Event: ======'machine_var_audits_switches_s_start'====== Args={'value': 0, 'prev_value': None, 'change': True}
2026-06-18 01:52:44,181 : INFO : EventManager : Event: ======'machine_var_audits_switches_s_trough_ball_1'====== Args={'value': 101, 'prev_value': None, 'change': True}
2026-06-18 01:52:44,181 : INFO : EventManager : Event: ======'machine_var_audits_switches_s_trough_ball_2'====== Args={'value': 27, 'prev_value': None, 'change': True}
2026-06-18 01:52:44,181 : INFO : EventManager : Event: ======'machine_var_audits_switches_s_trough_ball_3'====== Args={'value': 15, 'prev_value': None, 'change': True}
2026-06-18 01:52:44,181 : INFO : EventManager : Event: ======'machine_var_audits_switches_s_trough_ball_4'====== Args={'value': 15, 'prev_value': None, 'change': True}
2026-06-18 01:52:44,181 : INFO : EventManager : Event: ======'machine_var_audits_switches_s_trough_ball_5'====== Args={'value': 15, 'prev_value': None, 'change': True}
2026-06-18 01:52:44,181 : INFO : EventManager : Event: ======'machine_var_audits_switches_s_trough_ball_6'====== Args={'value': 15, 'prev_value': None, 'change': True}
2026-06-18 01:52:44,181 : INFO : EventManager : Event: ======'machine_var_audits_switches_s_trough_ball_jam'====== Args={'value': 53, 'prev_value': None, 'change': True}
2026-06-18 01:52:44,182 : INFO : EventManager : Event: ======'init_phase_5'====== Args={}
2026-06-18 01:52:44,182 : INFO : EventManager : Event: ======'init_done'====== Args={}
2026-06-18 01:52:44,215 : INFO : EventManager : Event: ======'machine_reset_phase_1'====== Args={}
2026-06-18 01:52:44,221 : INFO : EventManager : Event: ======'machine_reset_phase_2'====== Args={}
2026-06-18 01:52:44,221 : INFO : EventManager : Event: ======'machine_reset_phase_3'====== Args={}
2026-06-18 01:52:44,222 : INFO : EventManager : Event: ======'reset_complete'====== Args={}
2026-06-18 01:52:44,222 : INFO : EventManager : Event: ======'mode_attract_will_start'====== Args={}
2026-06-18 01:52:44,223 : INFO : EventManager : Event: ======'mode_attract_starting'====== Args={}
2026-06-18 01:52:44,223 : INFO : Mode.attract : Started. Priority: 10
2026-06-18 01:52:44,224 : INFO : EventManager : Event: ======'modes_active_modes_changed'====== Args={}
2026-06-18 01:52:44,224 : INFO : EventManager : Event: ======'mode_attract_started'====== Args={}
2026-06-18 01:52:44,224 : INFO : EventManager : Event: ======'collecting_balls_complete'====== Args={}
2026-06-18 01:52:44,224 : INFO : EventManager : Event: ======'carousel_item_highlighted'====== Args={'carousel': 'attract', 'direction': None, 'item': 'title'}
2026-06-18 01:52:44,225 : INFO : Machine : Starting the main run loop with active modes: [<Mode.attract>]
2026-06-18 01:52:44,261 : INFO : EventManager : Event: ======'slide_attract_created'====== Args={'_from_bcp': True}
2026-06-18 01:52:44,261 : INFO : EventManager : Event: ======'slide__removed'====== Args={'_from_bcp': True}
2026-06-18 01:52:44,261 : INFO : EventManager : Event: ======'slide_attract_active'====== Args={'original_context': 'attract', 'original_calling_context': 'mode_attract_started', 'priority': 10.0, 'cmd': 'slides_play', '_from_bcp': True}
2026-06-18 01:52:51,844 : INFO : SwitchController : <<<<<<< 's_right_flipper' active >>>>>>>
2026-06-18 01:52:51,844 : INFO : EventManager : Event: ======'s_right_flipper_active'====== Args={}
2026-06-18 01:52:51,845 : INFO : EventManager : Event: ======'carousel_item_highlighted'====== Args={'carousel': 'attract', 'direction': 'forwards', 'item': 'credits'}
2026-06-18 01:52:52,062 : INFO : SwitchController : <<<<<<< 's_right_flipper' inactive >>>>>>>
2026-06-18 01:52:52,362 : INFO : SwitchController : <<<<<<< 's_right_flipper' active >>>>>>>
2026-06-18 01:52:52,363 : INFO : EventManager : Event: ======'s_right_flipper_active'====== Args={}
2026-06-18 01:52:52,363 : INFO : EventManager : Event: ======'carousel_item_highlighted'====== Args={'carousel': 'attract', 'direction': 'forwards', 'item': 'mpf_logo'}
2026-06-18 01:52:52,535 : INFO : SwitchController : <<<<<<< 's_right_flipper' inactive >>>>>>>
2026-06-18 01:52:52,959 : INFO : SwitchController : <<<<<<< 's_right_flipper' active >>>>>>>
2026-06-18 01:52:52,960 : INFO : EventManager : Event: ======'s_right_flipper_active'====== Args={}
2026-06-18 01:52:52,961 : INFO : EventManager : Event: ======'carousel_item_highlighted'====== Args={'carousel': 'attract', 'direction': 'forwards', 'item': 'title'}
2026-06-18 01:52:53,152 : INFO : SwitchController : <<<<<<< 's_right_flipper' inactive >>>>>>>
2026-06-18 01:52:53,589 : INFO : SwitchController : <<<<<<< 's_right_flipper' active >>>>>>>
2026-06-18 01:52:53,589 : INFO : EventManager : Event: ======'s_right_flipper_active'====== Args={}
2026-06-18 01:52:53,590 : INFO : EventManager : Event: ======'carousel_item_highlighted'====== Args={'carousel': 'attract', 'direction': 'forwards', 'item': 'credits'}
2026-06-18 01:52:53,793 : INFO : SwitchController : <<<<<<< 's_right_flipper' inactive >>>>>>>
2026-06-18 01:52:53,950 : INFO : SwitchController : <<<<<<< 's_right_flipper' active >>>>>>>
2026-06-18 01:52:53,951 : INFO : EventManager : Event: ======'s_right_flipper_active'====== Args={}
2026-06-18 01:52:53,953 : INFO : EventManager : Event: ======'carousel_item_highlighted'====== Args={'carousel': 'attract', 'direction': 'forwards', 'item': 'mpf_logo'}
2026-06-18 01:52:54,123 : INFO : SwitchController : <<<<<<< 's_right_flipper' inactive >>>>>>>
2026-06-18 01:52:55,149 : INFO : SwitchController : <<<<<<< 's_right_flipper' active >>>>>>>
2026-06-18 01:52:55,150 : INFO : EventManager : Event: ======'s_right_flipper_active'====== Args={}
2026-06-18 01:52:55,151 : INFO : EventManager : Event: ======'carousel_item_highlighted'====== Args={'carousel': 'attract', 'direction': 'forwards', 'item': 'title'}
2026-06-18 01:52:55,335 : INFO : SwitchController : <<<<<<< 's_right_flipper' inactive >>>>>>>
2026-06-18 01:52:55,649 : INFO : SwitchController : <<<<<<< 's_right_flipper' active >>>>>>>
2026-06-18 01:52:55,650 : INFO : EventManager : Event: ======'s_right_flipper_active'====== Args={}
2026-06-18 01:52:55,650 : INFO : EventManager : Event: ======'carousel_item_highlighted'====== Args={'carousel': 'attract', 'direction': 'forwards', 'item': 'credits'}
2026-06-18 01:52:55,805 : INFO : SwitchController : <<<<<<< 's_right_flipper' inactive >>>>>>>
2026-06-18 01:52:55,932 : INFO : SwitchController : <<<<<<< 's_right_flipper' active >>>>>>>
2026-06-18 01:52:55,932 : INFO : EventManager : Event: ======'s_right_flipper_active'====== Args={}
2026-06-18 01:52:55,933 : INFO : EventManager : Event: ======'carousel_item_highlighted'====== Args={'carousel': 'attract', 'direction': 'forwards', 'item': 'mpf_logo'}
2026-06-18 01:52:56,072 : INFO : SwitchController : <<<<<<< 's_right_flipper' inactive >>>>>>>
2026-06-18 01:52:58,516 : INFO : SwitchController : <<<<<<< 's_left_flipper' active >>>>>>>
2026-06-18 01:52:58,517 : INFO : EventManager : Event: ======'s_left_flipper_active'====== Args={}
2026-06-18 01:52:58,518 : INFO : EventManager : Event: ======'carousel_item_highlighted'====== Args={'carousel': 'attract', 'direction': 'backwards', 'item': 'credits'}
2026-06-18 01:52:58,720 : INFO : SwitchController : <<<<<<< 's_left_flipper' inactive >>>>>>>
2026-06-18 01:52:59,254 : INFO : SwitchController : <<<<<<< 's_left_flipper' active >>>>>>>
2026-06-18 01:52:59,254 : INFO : EventManager : Event: ======'s_left_flipper_active'====== Args={}
2026-06-18 01:52:59,255 : INFO : EventManager : Event: ======'carousel_item_highlighted'====== Args={'carousel': 'attract', 'direction': 'backwards', 'item': 'title'}
2026-06-18 01:52:59,474 : INFO : SwitchController : <<<<<<< 's_left_flipper' inactive >>>>>>>
2026-06-18 01:53:00,230 : INFO : SwitchController : <<<<<<< 's_left_flipper' active >>>>>>>
2026-06-18 01:53:00,231 : INFO : EventManager : Event: ======'s_left_flipper_active'====== Args={}
2026-06-18 01:53:00,232 : INFO : EventManager : Event: ======'carousel_item_highlighted'====== Args={'carousel': 'attract', 'direction': 'backwards', 'item': 'mpf_logo'}
2026-06-18 01:53:00,434 : INFO : SwitchController : <<<<<<< 's_left_flipper' inactive >>>>>>>
2026-06-18 01:53:00,953 : INFO : SwitchController : <<<<<<< 's_left_flipper' active >>>>>>>
2026-06-18 01:53:00,953 : INFO : EventManager : Event: ======'s_left_flipper_active'====== Args={}
2026-06-18 01:53:00,954 : INFO : EventManager : Event: ======'carousel_item_highlighted'====== Args={'carousel': 'attract', 'direction': 'backwards', 'item': 'credits'}
2026-06-18 01:53:01,158 : INFO : SwitchController : <<<<<<< 's_left_flipper' inactive >>>>>>>
2026-06-18 01:53:01,679 : INFO : SwitchController : <<<<<<< 's_left_flipper' active >>>>>>>
2026-06-18 01:53:01,680 : INFO : EventManager : Event: ======'s_left_flipper_active'====== Args={}
2026-06-18 01:53:01,680 : INFO : EventManager : Event: ======'carousel_item_highlighted'====== Args={'carousel': 'attract', 'direction': 'backwards', 'item': 'title'}
2026-06-18 01:53:01,964 : INFO : SwitchController : <<<<<<< 's_left_flipper' inactive >>>>>>>
2026-06-18 01:53:02,173 : INFO : SwitchController : <<<<<<< 's_left_flipper' active >>>>>>>
2026-06-18 01:53:02,173 : INFO : EventManager : Event: ======'s_left_flipper_active'====== Args={}
2026-06-18 01:53:02,174 : INFO : EventManager : Event: ======'carousel_item_highlighted'====== Args={'carousel': 'attract', 'direction': 'backwards', 'item': 'mpf_logo'}
2026-06-18 01:53:02,438 : INFO : SwitchController : <<<<<<< 's_left_flipper' inactive >>>>>>>
2026-06-18 01:53:02,799 : INFO : SwitchController : <<<<<<< 's_left_flipper' active >>>>>>>
2026-06-18 01:53:02,799 : INFO : EventManager : Event: ======'s_left_flipper_active'====== Args={}
2026-06-18 01:53:02,801 : INFO : EventManager : Event: ======'carousel_item_highlighted'====== Args={'carousel': 'attract', 'direction': 'backwards', 'item': 'credits'}
2026-06-18 01:53:03,051 : INFO : SwitchController : <<<<<<< 's_left_flipper' inactive >>>>>>>
2026-06-18 01:53:03,396 : INFO : SwitchController : <<<<<<< 's_left_flipper' active >>>>>>>
2026-06-18 01:53:03,397 : INFO : EventManager : Event: ======'s_left_flipper_active'====== Args={}
2026-06-18 01:53:03,398 : INFO : EventManager : Event: ======'carousel_item_highlighted'====== Args={'carousel': 'attract', 'direction': 'backwards', 'item': 'title'}
2026-06-18 01:53:03,617 : INFO : SwitchController : <<<<<<< 's_left_flipper' inactive >>>>>>>
2026-06-18 01:53:07,030 : INFO : SwitchController : <<<<<<< 's_start' active >>>>>>>
2026-06-18 01:53:07,232 : INFO : SwitchController : <<<<<<< 's_start' inactive >>>>>>>
2026-06-18 01:53:07,233 : INFO : EventManager : Event: ======'request_to_start_game'====== Args={}
2026-06-18 01:53:07,233 : INFO : EventManager : Event: ======'game_start'====== Args={'buttons': [], 'hold_time': 0.2024866000010661}
2026-06-18 01:53:07,234 : INFO : EventManager : Event: ======'mode_game_will_start'====== Args={'buttons': [], 'hold_time': 0.2024866000010661}
2026-06-18 01:53:07,236 : INFO : EventManager : Event: ======'mode_game_starting'====== Args={'buttons': [], 'hold_time': 0.2024866000010661}
2026-06-18 01:53:07,236 : INFO : EventManager : Event: ======'mode_attract_will_stop'====== Args={}
2026-06-18 01:53:07,237 : INFO : EventManager : Event: ======'mode_attract_stopping'====== Args={}
2026-06-18 01:53:07,237 : INFO : Mode.attract : Stopped.
2026-06-18 01:53:07,238 : INFO : EventManager : Event: ======'modes_active_modes_changed'====== Args={}
2026-06-18 01:53:07,239 : INFO : EventManager : Event: ======'mode_attract_stopped'====== Args={}
2026-06-18 01:53:07,239 : INFO : EventManager : Event: ======'clear'====== Args={'key': 'attract'}
2026-06-18 01:53:07,240 : INFO : Mode.game : Started. Priority: 20
2026-06-18 01:53:07,240 : INFO : EventManager : Event: ======'modes_active_modes_changed'====== Args={}
2026-06-18 01:53:07,241 : INFO : EventManager : Event: ======'mode_game_started'====== Args={'buttons': [], 'hold_time': 0.2024866000010661}
2026-06-18 01:53:07,243 : INFO : EventManager : Event: ======'game_will_start'====== Args={}
2026-06-18 01:53:07,256 : INFO : EventManager : Event: ======'game_starting'====== Args={'game': <Mode.game>}
2026-06-18 01:53:07,259 : INFO : EventManager : Unordered handler for class <Auditor> on event game_ended with priority 1. Handlers: [RegisteredHandler(callback=<bound method Auditor.disable of <Auditor>>, priority=1, kwargs={}, key=UUID('08ddc6a2-9c10-4a0c-8f72-2397d52fcc4c'), condition=None, blocking_facility=None), RegisteredHandler(callback=<bound method Auditor._save_audits of <Auditor>>, priority=1, kwargs={}, key=UUID('aa52ef0a-d59c-417a-a396-ee35616a77ea'), condition=None, blocking_facility=None)]. The order of those handlers is not defined and they will be executed in random order. This might lead to race conditions and potential bugs.
2026-06-18 01:53:07,260 : INFO : EventManager : Event: ======'player_add_request'====== Args={}
2026-06-18 01:53:07,260 : INFO : EventManager : Event: ======'player_will_add'====== Args={'number': 1}
2026-06-18 01:53:07,261 : INFO : EventManager : Event: ======'player_adding'====== Args={'player': <Player 1>, 'number': 1}
2026-06-18 01:53:07,261 : INFO : EventManager : Event: ======'player_added'====== Args={'player': <Player 1>, 'num': 1}
2026-06-18 01:53:07,261 : INFO : Mode.game : Player added successfully. Total players: 1
2026-06-18 01:53:07,262 : INFO : EventManager : Event: ======'player_index'====== Args={'value': 0, 'prev_value': 0, 'change': 0, 'player_num': 1}
2026-06-18 01:53:07,263 : INFO : EventManager : Event: ======'player_number'====== Args={'value': 1, 'prev_value': 1, 'change': 0, 'player_num': 1}
2026-06-18 01:53:07,263 : INFO : EventManager : Event: ======'player_score'====== Args={'value': 0, 'prev_value': 0, 'change': 0, 'player_num': 1}
2026-06-18 01:53:07,265 : INFO : EventManager : Event: ======'game_started'====== Args={}
2026-06-18 01:53:07,267 : INFO : EventManager : Event: ======'player_turn_will_start'====== Args={'player': <Player 1>, 'number': 1}
2026-06-18 01:53:07,267 : INFO : EventManager : Event: ======'player_turn_starting'====== Args={'player': <Player 1>, 'number': 1}
2026-06-18 01:53:07,269 : INFO : EventManager : Event: ======'player_ball'====== Args={'value': 1, 'prev_value': 0, 'change': 1, 'player_num': 1}
2026-06-18 01:53:07,273 : INFO : EventManager : Event: ======'player_turn_started'====== Args={'player': <Player 1>, 'number': 1}
2026-06-18 01:53:07,298 : INFO : EventManager : Event: ======'ball_will_start'====== Args={'player': 1, 'ball': 1, 'balls_remaining': 2, 'is_extra_ball': False}
2026-06-18 01:53:07,324 : INFO : EventManager : Event: ======'ball_starting'====== Args={'player': 1, 'ball': 1, 'balls_remaining': 2, 'is_extra_ball': False}
2026-06-18 01:53:07,324 : INFO : EventManager : Event: ======'mode_base_will_start'====== Args={'queue': <QueuedEvent>, 'player': 1, 'ball': 1, 'balls_remaining': 2, 'is_extra_ball': False}
2026-06-18 01:53:07,326 : INFO : EventManager : Event: ======'mode_base_starting'====== Args={'queue': <QueuedEvent>, 'player': 1, 'ball': 1, 'balls_remaining': 2, 'is_extra_ball': False}
2026-06-18 01:53:07,327 : INFO : Mode.base : Started. Priority: 100
2026-06-18 01:53:07,327 : INFO : EventManager : Event: ======'modes_active_modes_changed'====== Args={}
2026-06-18 01:53:07,327 : INFO : EventManager : Event: ======'mode_base_started'====== Args={'queue': <QueuedEvent>, 'player': 1, 'ball': 1, 'balls_remaining': 2, 'is_extra_ball': False}
2026-06-18 01:53:07,329 : INFO : EventManager : Event: ======'balls_in_play'====== Args={'balls': 1}
2026-06-18 01:53:07,329 : INFO : EventManager : Event: ======'ball_started'====== Args={'player': 1, 'ball': 1, 'balls_remaining': 2, 'is_extra_ball': False}
2026-06-18 01:53:07,333 : INFO : EventManager : Event: ======'single_player_ball_started'====== Args={}
2026-06-18 01:53:07,335 : INFO : EventManager : Event: ======'ball_start_target'====== Args={'target': 'playfield'}
2026-06-18 01:53:07,337 : INFO : ball_device.bd_trough : Setting up player-controlled eject. Balls: 1, Target: <playfield.playfield>, player_controlled_eject_event: None
2026-06-18 01:53:07,338 : INFO : ball_device.bd_trough : Adding 1 ball(s) to the eject_queue with target <playfield.playfield>.
2026-06-18 01:53:07,338 : INFO : EventManager : Event: ======'balldevice_balls_available'====== Args={}
2026-06-18 01:53:07,359 : INFO : ball_device.bd_trough : State: waiting_for_target_ready
2026-06-18 01:53:07,360 : INFO : EventManager : Event: ======'balldevice_bd_trough_ball_eject_attempt'====== Args={'balls': 1, 'target': <ball_device.bd_plunger>, 'source': <ball_device.bd_trough>, 'mechanical_eject': False, 'num_attempts': 0}
2026-06-18 01:53:07,361 : INFO : ball_device.bd_plunger : State: waiting_for_ball
2026-06-18 01:53:07,361 : INFO : ball_device.bd_trough : State: ejecting
2026-06-18 01:53:07,361 : INFO : ball_device.bd_trough : Ejecting ball to <ball_device.bd_plunger>
2026-06-18 01:53:07,362 : INFO : EventManager : Event: ======'balldevice_bd_trough_ejecting_ball'====== Args={'balls': 1, 'target': <ball_device.bd_plunger>, 'source': <ball_device.bd_trough>, 'mechanical_eject': False, 'num_attempts': 0}
2026-06-18 01:53:07,363 : INFO : ball_device.bd_trough : Wait for ball to leave device
2026-06-18 01:53:07,364 : INFO : coil.c_trough_eject_coil : Pulsing Driver for 15ms (1.0 pulse_power)
2026-06-18 01:53:09,370 : INFO : EventManager : Event: ======'balldevice_bd_trough_ball_eject_failed'====== Args={'target': <ball_device.bd_plunger>, 'balls': 1, 'retry': True, 'num_attempts': 1}
2026-06-18 01:53:09,372 : INFO : ball_device.bd_trough : State: waiting_for_target_ready
2026-06-18 01:53:09,373 : INFO : EventManager : Event: ======'balldevice_bd_trough_ball_eject_attempt'====== Args={'balls': 1, 'target': <ball_device.bd_plunger>, 'source': <ball_device.bd_trough>, 'mechanical_eject': False, 'num_attempts': 1}
2026-06-18 01:53:09,374 : INFO : ball_device.bd_trough : State: ejecting
2026-06-18 01:53:09,374 : INFO : ball_device.bd_trough : Ejecting ball to <ball_device.bd_plunger>
2026-06-18 01:53:09,375 : INFO : EventManager : Event: ======'balldevice_bd_trough_ejecting_ball'====== Args={'balls': 1, 'target': <ball_device.bd_plunger>, 'source': <ball_device.bd_trough>, 'mechanical_eject': False, 'num_attempts': 1}
2026-06-18 01:53:09,376 : INFO : ball_device.bd_trough : Wait for ball to leave device
2026-06-18 01:53:09,377 : INFO : coil.c_trough_eject_coil : Pulsing Driver for 15ms (1.0 pulse_power)
2026-06-18 01:53:11,383 : INFO : EventManager : Event: ======'balldevice_bd_trough_ball_eject_failed'====== Args={'target': <ball_device.bd_plunger>, 'balls': 1, 'retry': True, 'num_attempts': 2}
2026-06-18 01:53:11,387 : INFO : ball_device.bd_trough : State: waiting_for_target_ready
2026-06-18 01:53:11,387 : INFO : EventManager : Event: ======'balldevice_bd_trough_ball_eject_attempt'====== Args={'balls': 1, 'target': <ball_device.bd_plunger>, 'source': <ball_device.bd_trough>, 'mechanical_eject': False, 'num_attempts': 2}
2026-06-18 01:53:11,388 : INFO : ball_device.bd_trough : State: ejecting
2026-06-18 01:53:11,389 : INFO : ball_device.bd_trough : Ejecting ball to <ball_device.bd_plunger>
2026-06-18 01:53:11,389 : INFO : EventManager : Event: ======'balldevice_bd_trough_ejecting_ball'====== Args={'balls': 1, 'target': <ball_device.bd_plunger>, 'source': <ball_device.bd_trough>, 'mechanical_eject': False, 'num_attempts': 2}
2026-06-18 01:53:11,390 : INFO : ball_device.bd_trough : Wait for ball to leave device
2026-06-18 01:53:11,391 : INFO : coil.c_trough_eject_coil : Pulsing Driver for 15ms (1.0 pulse_power)
2026-06-18 01:53:13,398 : INFO : ball_device.bd_trough : State: eject_broken
2026-06-18 01:53:13,399 : INFO : EventManager : Event: ======'balldevice_bd_trough_ball_eject_failed'====== Args={'target': <ball_device.bd_plunger>, 'balls': 1, 'retry': False, 'num_attempts': 3}
2026-06-18 01:53:13,400 : INFO : EventManager : Event: ======'balldevice_bd_trough_broken'====== Args={}
2026-06-18 01:53:21,578 : INFO : SwitchController : <<<<<<< 's_left_outlane' active >>>>>>>
2026-06-18 01:53:21,578 : INFO : EventManager : Event: ======'machine_var_audits_switches_s_left_outlane'====== Args={'value': 18, 'prev_value': 17, 'change': 1}
2026-06-18 01:53:21,892 : INFO : SwitchController : <<<<<<< 's_left_outlane' inactive >>>>>>>
2026-06-18 01:53:22,035 : INFO : SwitchController : <<<<<<< 's_left_outlane' active >>>>>>>
2026-06-18 01:53:22,036 : INFO : EventManager : Event: ======'machine_var_audits_switches_s_left_outlane'====== Args={'value': 19, 'prev_value': 18, 'change': 1}
2026-06-18 01:53:22,171 : INFO : SwitchController : <<<<<<< 's_left_outlane' inactive >>>>>>>
2026-06-18 01:53:22,305 : INFO : SwitchController : <<<<<<< 's_left_outlane' active >>>>>>>
2026-06-18 01:53:22,306 : INFO : EventManager : Event: ======'machine_var_audits_switches_s_left_outlane'====== Args={'value': 20, 'prev_value': 19, 'change': 1}
2026-06-18 01:53:22,418 : INFO : SwitchController : <<<<<<< 's_left_outlane' inactive >>>>>>>
2026-06-18 01:53:23,522 : INFO : Machine : Shutting down...
2026-06-18 01:53:23,522 : INFO : EventManager : Event: ======'shutdown'====== Args={}
2026-06-18 01:53:23,525 : INFO : EventManager : Event: ======'mode_game_will_stop'====== Args={}
2026-06-18 01:53:23,525 : INFO : EventManager : Event: ======'mode_game_stopping'====== Args={}
2026-06-18 01:53:23,526 : INFO : EventManager : Event: ======'mode_base_will_stop'====== Args={}
2026-06-18 01:53:23,526 : INFO : EventManager : Event: ======'mode_base_stopping'====== Args={}
2026-06-18 01:53:23,527 : INFO : Mode.base : Stopped.
2026-06-18 01:53:23,527 : INFO : EventManager : Event: ======'modes_active_modes_changed'====== Args={}
2026-06-18 01:53:23,527 : INFO : EventManager : Event: ======'mode_base_stopped'====== Args={}
2026-06-18 01:53:23,527 : INFO : EventManager : Event: ======'clear'====== Args={'key': 'base'}
2026-06-18 01:53:23,528 : INFO : Mode.game : Stopped.
2026-06-18 01:53:23,528 : INFO : EventManager : Event: ======'modes_active_modes_changed'====== Args={}
2026-06-18 01:53:23,528 : INFO : EventManager : Event: ======'mode_game_stopped'====== Args={}
2026-06-18 01:53:23,528 : INFO : EventManager : Event: ======'clear'====== Args={'key': 'game'}
2026-06-18 01:53:23,635 : INFO : root : MPF run loop ended.
