2026-06-18 01:21:10,521 : INFO : root : Loading config.
2026-06-18 01:21:10,524 : INFO : YamlMultifileConfigLoader : Machine config file #1: config.yaml
2026-06-18 01:21:10,525 : INFO : ConfigProcessor : Loading config from cache: C:\Users\mpf\AppData\Local\Temp\6d5b600d7be1a6495e3e5a66bc905d87.mpf_cache
2026-06-18 01:21:10,585 : INFO : ConfigProcessor : Loading config from cache: C:\Users\mpf\AppData\Local\Temp\8f40fc9be560776ef72c29fc1142b5c0.mpf_cache
2026-06-18 01:21:10,585 : INFO : ConfigProcessor : Loading config from cache: C:\Users\mpf\AppData\Local\Temp\280ef0bf7d2e5d11f4cb038a53adbb41.mpf_cache
2026-06-18 01:21:10,586 : INFO : ConfigProcessor : Loading config from cache: C:\Users\mpf\AppData\Local\Temp\8f40fc9be560776ef72c29fc1142b5c0.mpf_cache
2026-06-18 01:21:10,586 : INFO : ConfigProcessor : Loading config from cache: C:\Users\mpf\AppData\Local\Temp\d40f4ca26774ea864f33fb732ef4f4c0.mpf_cache
2026-06-18 01:21:10,587 : INFO : Machine : Mission Pinball Framework Core Engine v0.80.0.dev13
2026-06-18 01:21:10,587 : INFO : Machine : Command line arguments: {'no_load_cache': False, 'create_config_cache': True, 'bcp': True, 'configfile': ['config.yaml'], 'force_assets_load': False, 'platform_integration_test': False, 'jsonlogging': False, 'logfile': 'logs\\2026-06-18-01-21-10-mpf-DESKTOP-OC28BPB.log', 'pause': False, 'production': False, 'text_ui': True, 'loglevel': 15, 'consoleloglevel': 20, 'force_platform': None, 'syslog_address': None, 'full_logfile_path': 'C:\\pinball\\logs\\2026-06-18-01-21-10-mpf-DESKTOP-OC28BPB.log'}
2026-06-18 01:21:10,587 : INFO : Machine : MPF path: C:\Users\mpf\AppData\Local\Programs\Python\Python313\Lib\site-packages\mpf
2026-06-18 01:21:10,587 : INFO : Machine : Machine path: C:\pinball
2026-06-18 01:21:10,587 : INFO : Machine : Platform: win32
2026-06-18 01:21:10,587 : INFO : Machine : Python executable location: C:\Users\mpf\AppData\Local\Programs\Python\Python313\python.exe
2026-06-18 01:21:10,587 : INFO : Machine : Python version: 3.13.12 (64-bit)
2026-06-18 01:21:10,588 : INFO : Machine : Initializing MPF...
2026-06-18 01:21:10,779 : INFO : FAST : Auto-detecting ports for the following connections: ['net']
2026-06-18 01:21:10,801 : INFO : FAST : Detected NET on port COM4
2026-06-18 01:21:10,917 : INFO : FAST [NET] : Trying to connect to COM4 at 921600bps
2026-06-18 01:21:10,925 : INFO : FAST [NET] : Connected to COM4 at 921600bps
2026-06-18 01:21:10,943 : INFO : FAST [NET] : Connected to FP-CPU-2000 with firmware v02.26
2026-06-18 01:21:10,961 : INFO : FAST [NET] : Registered I/O Board 0: Model: FP-I/O-3208, Firmware: 01.10, Switches: 32, Drivers: 8
2026-06-18 01:21:10,962 : INFO : EventManager : Event: ======'machine_var_credits_string'====== Args={'value': 'FREE PLAY', 'prev_value': None, 'change': True}
2026-06-18 01:21:10,981 : INFO : EventManager : Event: ======'machine_var_master_volume'====== Args={'value': 0.5, 'prev_value': None, 'change': True}
2026-06-18 01:21:10,981 : INFO : EventManager : Event: ======'machine_var_player1_score'====== Args={'value': 0, 'prev_value': None, 'change': True}
2026-06-18 01:21:10,981 : INFO : EventManager : Event: ======'machine_var_mpf_version'====== Args={'value': 'Mission Pinball Framework v0.80.0.dev13', 'prev_value': None, 'change': True}
2026-06-18 01:21:10,981 : INFO : EventManager : Event: ======'machine_var_mpf_extended_version'====== Args={'value': 'Mission Pinball Framework v0.80.0.dev13, Config version:6, Show version: 6, BCP version:1.1', 'prev_value': None, 'change': True}
2026-06-18 01:21:10,981 : INFO : EventManager : Event: ======'machine_var_python_version'====== Args={'value': '3.13.12', 'prev_value': None, 'change': True}
2026-06-18 01:21:11,010 : INFO : EventManager : Event: ======'machine_var_platform'====== Args={'value': 'Windows-11-10.0.26200-SP0', 'prev_value': None, 'change': True}
2026-06-18 01:21:11,010 : INFO : EventManager : Event: ======'machine_var_platform_system'====== Args={'value': 'Windows', 'prev_value': None, 'change': True}
2026-06-18 01:21:11,010 : INFO : EventManager : Event: ======'machine_var_platform_release'====== Args={'value': '11', 'prev_value': None, 'change': True}
2026-06-18 01:21:11,010 : INFO : EventManager : Event: ======'machine_var_platform_version'====== Args={'value': '10.0.26200', 'prev_value': None, 'change': True}
2026-06-18 01:21:11,010 : INFO : EventManager : Event: ======'machine_var_platform_machine'====== Args={'value': 'AMD64', 'prev_value': None, 'change': True}
2026-06-18 01:21:11,011 : INFO : EventManager : Event: ======'machine_var_log_file_path'====== Args={'value': 'C:\\pinball\\logs\\2026-06-18-01-21-10-mpf-DESKTOP-OC28BPB.log', 'prev_value': None, 'change': True}
2026-06-18 01:21:11,011 : INFO : EventManager : Event: ======'init_phase_1'====== Args={}
2026-06-18 01:21:12,860 : INFO : SwitchController : <<<<<<< 's_trough_ball_jam' active >>>>>>>
2026-06-18 01:21:12,860 : INFO : SwitchController : <<<<<<< 's_trough_ball_1' active >>>>>>>
2026-06-18 01:21:12,862 : INFO : EventManager : Event: ======'init_phase_2'====== Args={}
2026-06-18 01:21:12,863 : INFO : SwitchController : Found active switch: (6, [FAST Platform Interface]) <switch.s_trough_ball_jam>
2026-06-18 01:21:12,863 : INFO : SwitchController : Found active switch: (0, [FAST Platform Interface]) <switch.s_trough_ball_1>
2026-06-18 01:21:12,871 : INFO : EventManager : Event: ======'bcp_connection_attempt'====== Args={'name': 'local_display', 'host': 'localhost', 'port': 5050}
2026-06-18 01:21:12,874 : INFO : BCPClientSocket : Connecting BCP to 'local_display' at localhost:5050...
2026-06-18 01:21:17,260 : INFO : SwitchController : <<<<<<< 's_left_outlane' active >>>>>>>
2026-06-18 01:21:17,368 : INFO : SwitchController : <<<<<<< 's_left_outlane' inactive >>>>>>>
2026-06-18 01:21:17,479 : INFO : SwitchController : <<<<<<< 's_left_outlane' active >>>>>>>
2026-06-18 01:21:17,574 : INFO : SwitchController : <<<<<<< 's_left_outlane' inactive >>>>>>>
2026-06-18 01:21:17,653 : INFO : SwitchController : <<<<<<< 's_left_outlane' active >>>>>>>
2026-06-18 01:21:17,748 : INFO : SwitchController : <<<<<<< 's_left_outlane' inactive >>>>>>>
2026-06-18 01:21:20,180 : INFO : Machine : Starting the main run loop with active modes: []
2026-06-18 01:21:20,181 : WARNING : Machine : Attract mode is not active, game will not be playable. Please check your attract mode configuration.
2026-06-18 01:21:20,181 : INFO : Machine : Shutting down...
2026-06-18 01:21:20,181 : INFO : EventManager : Event: ======'shutdown'====== Args={}
2026-06-18 01:21:21,311 : INFO : root : MPF run loop ended.
