2026-06-18 03:28:30,015 : INFO : root : Loading config.
2026-06-18 03:28:30,018 : INFO : YamlMultifileConfigLoader : Machine config file #1: config.yaml
2026-06-18 03:28:30,019 : INFO : ConfigProcessor : Loading config from cache: C:\Users\mpf\AppData\Local\Temp\6d5b600d7be1a6495e3e5a66bc905d87.mpf_cache
2026-06-18 03:28:30,090 : INFO : ConfigProcessor : Loading config from cache: C:\Users\mpf\AppData\Local\Temp\8f40fc9be560776ef72c29fc1142b5c0.mpf_cache
2026-06-18 03:28:30,091 : INFO : ConfigProcessor : Loading config from cache: C:\Users\mpf\AppData\Local\Temp\280ef0bf7d2e5d11f4cb038a53adbb41.mpf_cache
2026-06-18 03:28:30,092 : INFO : ConfigProcessor : Loading config from cache: C:\Users\mpf\AppData\Local\Temp\8f40fc9be560776ef72c29fc1142b5c0.mpf_cache
2026-06-18 03:28:30,093 : WARNING : ConfigProcessor : Config file in cache changed: C:\pinball\modes\base\config\base.yaml
2026-06-18 03:28:30,093 : INFO : ConfigProcessor : Loading config from file C:\pinball\modes\base\config\base.yaml.
2026-06-18 03:28:30,098 : INFO : ConfigProcessor : Loading config: C:\pinball\modes\base\config\base.yaml
2026-06-18 03:28:30,099 : INFO : ConfigProcessor : Config file cache created: C:\Users\mpf\AppData\Local\Temp\d40f4ca26774ea864f33fb732ef4f4c0.mpf_cache
2026-06-18 03:28:30,100 : INFO : Machine : Mission Pinball Framework Core Engine v0.81.0.dev2
2026-06-18 03:28:30,100 : INFO : Machine : Command line arguments: {'no_load_cache': False, 'create_config_cache': True, 'bcp': True, 'configfile': ['config.yaml'], 'force_assets_load': False, 'platform_integration_test': False, 'jsonlogging': False, 'logfile': 'logs\\2026-06-18-03-28-30-mpf-DESKTOP-OC28BPB.log', 'pause': False, 'production': False, 'text_ui': False, 'loglevel': 15, 'consoleloglevel': 20, 'force_platform': None, 'syslog_address': None, 'full_logfile_path': 'C:\\pinball\\logs\\2026-06-18-03-28-30-mpf-DESKTOP-OC28BPB.log'}
2026-06-18 03:28:30,101 : INFO : Machine : MPF path: C:\Users\mpf\AppData\Local\Programs\Python\Python313\Lib\site-packages\mpf
2026-06-18 03:28:30,101 : INFO : Machine : Machine path: C:\pinball
2026-06-18 03:28:30,101 : INFO : Machine : Platform: win32
2026-06-18 03:28:30,101 : INFO : Machine : Python executable location: C:\Users\mpf\AppData\Local\Programs\Python\Python313\python.exe
2026-06-18 03:28:30,101 : INFO : Machine : Python version: 3.13.12 (64-bit)
2026-06-18 03:28:30,104 : INFO : Machine : Initializing MPF...
2026-06-18 03:28:30,208 : INFO : FAST : Auto-detecting ports for the following connections: ['net']
2026-06-18 03:28:30,242 : INFO : FAST : Detected NET on port COM4
2026-06-18 03:28:30,354 : INFO : FAST [NET] : Trying to connect to COM4 at 921600bps
2026-06-18 03:28:30,364 : INFO : FAST [NET] : Connected to COM4 at 921600bps
2026-06-18 03:28:30,368 : INFO : FAST [NET] : Connected to FP-CPU-2000 with firmware v02.26
2026-06-18 03:28:30,399 : INFO : FAST [NET] : Registered I/O Board 0: Model: FP-I/O-3208, Firmware: 01.10, Switches: 32, Drivers: 8
2026-06-18 03:28:30,400 : INFO : EventManager : Event: ======'machine_var_credits_string'====== Args={'value': 'FREE PLAY', 'prev_value': None, 'change': True}
2026-06-18 03:28:30,422 : INFO : EventManager : Event: ======'machine_var_master_volume'====== Args={'value': 0.5, 'prev_value': None, 'change': True}
2026-06-18 03:28:30,422 : INFO : EventManager : Event: ======'machine_var_player1_score'====== Args={'value': 0, 'prev_value': None, 'change': True}
2026-06-18 03:28:30,422 : INFO : EventManager : Event: ======'machine_var_mpf_version'====== Args={'value': 'Mission Pinball Framework v0.81.0.dev2', 'prev_value': None, 'change': True}
2026-06-18 03:28:30,422 : INFO : EventManager : Event: ======'machine_var_mpf_extended_version'====== Args={'value': 'Mission Pinball Framework v0.81.0.dev2, Config version:6, Show version: 6, BCP version:1.1', 'prev_value': None, 'change': True}
2026-06-18 03:28:30,422 : INFO : EventManager : Event: ======'machine_var_python_version'====== Args={'value': '3.13.12', 'prev_value': None, 'change': True}
2026-06-18 03:28:30,467 : INFO : EventManager : Event: ======'machine_var_platform'====== Args={'value': 'Windows-11-10.0.26200-SP0', 'prev_value': None, 'change': True}
2026-06-18 03:28:30,467 : INFO : EventManager : Event: ======'machine_var_platform_system'====== Args={'value': 'Windows', 'prev_value': None, 'change': True}
2026-06-18 03:28:30,467 : INFO : EventManager : Event: ======'machine_var_platform_release'====== Args={'value': '11', 'prev_value': None, 'change': True}
2026-06-18 03:28:30,467 : INFO : EventManager : Event: ======'machine_var_platform_version'====== Args={'value': '10.0.26200', 'prev_value': None, 'change': True}
2026-06-18 03:28:30,467 : INFO : EventManager : Event: ======'machine_var_platform_machine'====== Args={'value': 'AMD64', 'prev_value': None, 'change': True}
2026-06-18 03:28:30,467 : INFO : EventManager : Event: ======'machine_var_log_file_path'====== Args={'value': 'C:\\pinball\\logs\\2026-06-18-03-28-30-mpf-DESKTOP-OC28BPB.log', 'prev_value': None, 'change': True}
2026-06-18 03:28:30,467 : INFO : EventManager : Event: ======'init_phase_1'====== Args={}
2026-06-18 03:28:32,674 : INFO : SwitchController : <<<<<<< 's_trough_ball_jam' active >>>>>>>
2026-06-18 03:28:32,674 : INFO : SwitchController : <<<<<<< 's_trough_ball_1' active >>>>>>>
2026-06-18 03:28:32,675 : INFO : EventManager : Event: ======'init_phase_2'====== Args={}
2026-06-18 03:28:32,677 : INFO : SwitchController : Found active switch: (6, [FAST Platform Interface]) <switch.s_trough_ball_jam>
2026-06-18 03:28:32,678 : INFO : SwitchController : Found active switch: (0, [FAST Platform Interface]) <switch.s_trough_ball_1>
2026-06-18 03:28:32,682 : INFO : EventManager : Event: ======'bcp_connection_attempt'====== Args={'name': 'local_display', 'host': 'localhost', 'port': 5050}
2026-06-18 03:28:32,687 : INFO : BCPClientSocket : Connecting BCP to 'local_display' at localhost:5050...
2026-06-18 03:28:32,711 : INFO : BCPClientSocket : Connected BCP to 'local_display' localhost:5050
2026-06-18 03:28:32,711 : INFO : EventManager : Event: ======'bcp_clients_connected'====== Args={}
2026-06-18 03:28:33,176 : INFO : ball_device.bd_trough : BCH: Initial count: 1
2026-06-18 03:28:33,177 : INFO : ball_device.bd_trough : State: idle
2026-06-18 03:28:33,179 : INFO : ball_device.bd_plunger : BCH: Initial count: 0
2026-06-18 03:28:33,180 : INFO : ball_device.bd_plunger : State: idle
2026-06-18 03:28:33,196 : INFO : EventManager : Event: ======'init_phase_3'====== Args={}
2026-06-18 03:28:33,198 : INFO : EventManager : Event: ======'init_phase_4'====== Args={}
2026-06-18 03:28:33,198 : INFO : BallController : Initial balls found: 1
2026-06-18 03:28:33,200 : INFO : EventManager : Event: ======'machine_var_audits_events_game_ended'====== Args={'value': 5, 'prev_value': None, 'change': True}
2026-06-18 03:28:33,200 : INFO : EventManager : Event: ======'machine_var_audits_events_game_started'====== Args={'value': 22, 'prev_value': None, 'change': True}
2026-06-18 03:28:33,200 : INFO : EventManager : Event: ======'machine_var_audits_missing_switches_s_flipper_left_eos'====== Args={'value': 6, 'prev_value': None, 'change': True}
2026-06-18 03:28:33,200 : INFO : EventManager : Event: ======'machine_var_audits_missing_switches_s_flipper_right_eos'====== Args={'value': 4, 'prev_value': None, 'change': True}
2026-06-18 03:28:33,200 : INFO : EventManager : Event: ======'machine_var_audits_missing_switches_s_plunger'====== Args={'value': 3, 'prev_value': None, 'change': True}
2026-06-18 03:28:33,200 : INFO : EventManager : Event: ======'machine_var_audits_missing_switches_s_right_inlane'====== Args={'value': 6, 'prev_value': None, 'change': True}
2026-06-18 03:28:33,200 : INFO : EventManager : Event: ======'machine_var_audits_missing_switches_s_right_outlane'====== Args={'value': 6, 'prev_value': None, 'change': True}
2026-06-18 03:28:33,200 : INFO : EventManager : Event: ======'machine_var_audits_missing_switches_s_slingshot_left'====== Args={'value': 3, 'prev_value': None, 'change': True}
2026-06-18 03:28:33,200 : INFO : EventManager : Event: ======'machine_var_audits_missing_switches_s_slingshot_right'====== Args={'value': 6, 'prev_value': None, 'change': True}
2026-06-18 03:28:33,200 : INFO : EventManager : Event: ======'machine_var_audits_missing_switches_s_start'====== Args={'value': 8, 'prev_value': None, 'change': True}
2026-06-18 03:28:33,200 : INFO : EventManager : Event: ======'machine_var_audits_missing_switches_s_trough_ball_1'====== Args={'value': 5, 'prev_value': None, 'change': True}
2026-06-18 03:28:33,201 : INFO : EventManager : Event: ======'machine_var_audits_missing_switches_s_trough_ball_2'====== Args={'value': 5, 'prev_value': None, 'change': True}
2026-06-18 03:28:33,201 : INFO : EventManager : Event: ======'machine_var_audits_missing_switches_s_trough_ball_3'====== Args={'value': 5, 'prev_value': None, 'change': True}
2026-06-18 03:28:33,201 : INFO : EventManager : Event: ======'machine_var_audits_missing_switches_s_trough_ball_4'====== Args={'value': 5, 'prev_value': None, 'change': True}
2026-06-18 03:28:33,201 : INFO : EventManager : Event: ======'machine_var_audits_missing_switches_s_trough_ball_5'====== Args={'value': 5, 'prev_value': None, 'change': True}
2026-06-18 03:28:33,201 : INFO : EventManager : Event: ======'machine_var_audits_missing_switches_s_trough_ball_6'====== Args={'value': 5, 'prev_value': None, 'change': True}
2026-06-18 03:28:33,201 : INFO : EventManager : Event: ======'machine_var_audits_missing_switches_s_trough_ball_jam'====== Args={'value': 5, 'prev_value': None, 'change': True}
2026-06-18 03:28:33,201 : INFO : EventManager : Event: ======'machine_var_audits_player_score'====== Args={'value': {'average': 0, 'top': [0, 0, 0, 0, 0], 'total': 5}, 'prev_value': None, 'change': True}
2026-06-18 03:28:33,201 : INFO : EventManager : Event: ======'machine_var_audits_shots_inlane_left'====== Args={'value': 3, 'prev_value': None, 'change': True}
2026-06-18 03:28:33,201 : INFO : EventManager : Event: ======'machine_var_audits_shots_outlane_left'====== Args={'value': 4, 'prev_value': None, 'change': True}
2026-06-18 03:28:33,201 : INFO : EventManager : Event: ======'machine_var_audits_switches_s_flipper_left_eos'====== Args={'value': 5, 'prev_value': None, 'change': True}
2026-06-18 03:28:33,201 : INFO : EventManager : Event: ======'machine_var_audits_switches_s_flipper_right_eos'====== Args={'value': 4, 'prev_value': None, 'change': True}
2026-06-18 03:28:33,201 : INFO : EventManager : Event: ======'machine_var_audits_switches_s_launch'====== Args={'value': 3, 'prev_value': None, 'change': True}
2026-06-18 03:28:33,201 : INFO : EventManager : Event: ======'machine_var_audits_switches_s_left_flipper'====== Args={'value': 7, 'prev_value': None, 'change': True}
2026-06-18 03:28:33,201 : INFO : EventManager : Event: ======'machine_var_audits_switches_s_left_inlane'====== Args={'value': 16, 'prev_value': None, 'change': True}
2026-06-18 03:28:33,201 : INFO : EventManager : Event: ======'machine_var_audits_switches_s_left_outlane'====== Args={'value': 29, 'prev_value': None, 'change': True}
2026-06-18 03:28:33,201 : INFO : EventManager : Event: ======'machine_var_audits_switches_s_plunger'====== Args={'value': 18, 'prev_value': None, 'change': True}
2026-06-18 03:28:33,201 : INFO : EventManager : Event: ======'machine_var_audits_switches_s_right_flipper'====== Args={'value': 10, 'prev_value': None, 'change': True}
2026-06-18 03:28:33,201 : INFO : EventManager : Event: ======'machine_var_audits_switches_s_right_inlane'====== Args={'value': 7, 'prev_value': None, 'change': True}
2026-06-18 03:28:33,201 : INFO : EventManager : Event: ======'machine_var_audits_switches_s_right_outlane'====== Args={'value': 24, 'prev_value': None, 'change': True}
2026-06-18 03:28:33,201 : INFO : EventManager : Event: ======'machine_var_audits_switches_s_slingshot_left'====== Args={'value': 19, 'prev_value': None, 'change': True}
2026-06-18 03:28:33,201 : INFO : EventManager : Event: ======'machine_var_audits_switches_s_slingshot_right'====== Args={'value': 25, 'prev_value': None, 'change': True}
2026-06-18 03:28:33,201 : INFO : EventManager : Event: ======'machine_var_audits_switches_s_start'====== Args={'value': 0, 'prev_value': None, 'change': True}
2026-06-18 03:28:33,201 : INFO : EventManager : Event: ======'machine_var_audits_switches_s_trough_ball_1'====== Args={'value': 101, 'prev_value': None, 'change': True}
2026-06-18 03:28:33,201 : INFO : EventManager : Event: ======'machine_var_audits_switches_s_trough_ball_2'====== Args={'value': 27, 'prev_value': None, 'change': True}
2026-06-18 03:28:33,202 : INFO : EventManager : Event: ======'machine_var_audits_switches_s_trough_ball_3'====== Args={'value': 15, 'prev_value': None, 'change': True}
2026-06-18 03:28:33,202 : INFO : EventManager : Event: ======'machine_var_audits_switches_s_trough_ball_4'====== Args={'value': 15, 'prev_value': None, 'change': True}
2026-06-18 03:28:33,202 : INFO : EventManager : Event: ======'machine_var_audits_switches_s_trough_ball_5'====== Args={'value': 15, 'prev_value': None, 'change': True}
2026-06-18 03:28:33,202 : INFO : EventManager : Event: ======'machine_var_audits_switches_s_trough_ball_6'====== Args={'value': 15, 'prev_value': None, 'change': True}
2026-06-18 03:28:33,202 : INFO : EventManager : Event: ======'machine_var_audits_switches_s_trough_ball_jam'====== Args={'value': 53, 'prev_value': None, 'change': True}
2026-06-18 03:28:33,202 : INFO : EventManager : Event: ======'init_phase_5'====== Args={}
2026-06-18 03:28:33,202 : INFO : EventManager : Event: ======'init_done'====== Args={}
2026-06-18 03:28:33,202 : INFO : EventManager : Event: ======'machine_reset_phase_1'====== Args={}
2026-06-18 03:28:33,213 : INFO : EventManager : Event: ======'machine_reset_phase_2'====== Args={}
2026-06-18 03:28:33,213 : INFO : EventManager : Event: ======'machine_reset_phase_3'====== Args={}
2026-06-18 03:28:33,213 : INFO : EventManager : Event: ======'reset_complete'====== Args={}
2026-06-18 03:28:33,213 : INFO : EventManager : Event: ======'mode_attract_will_start'====== Args={}
2026-06-18 03:28:33,214 : INFO : Timer.attract_carousel_timer : Starting Timer.
2026-06-18 03:28:33,214 : INFO : EventManager : Event: ======'timer_attract_carousel_timer_started'====== Args={'ticks': 0, 'ticks_remaining': 1}
2026-06-18 03:28:33,214 : INFO : EventManager : Event: ======'timer_attract_carousel_timer_tick'====== Args={'ticks': 0, 'ticks_remaining': 1}
2026-06-18 03:28:33,214 : INFO : EventManager : Event: ======'mode_attract_starting'====== Args={}
2026-06-18 03:28:33,214 : INFO : Mode.attract : Started. Priority: 10
2026-06-18 03:28:33,215 : INFO : EventManager : Event: ======'modes_active_modes_changed'====== Args={}
2026-06-18 03:28:33,215 : INFO : EventManager : Event: ======'mode_attract_started'====== Args={}
2026-06-18 03:28:33,215 : INFO : EventManager : Event: ======'collecting_balls_complete'====== Args={}
2026-06-18 03:28:33,215 : INFO : EventManager : Event: ======'carousel_item_highlighted'====== Args={'carousel': 'attract', 'direction': None, 'item': 'title'}
2026-06-18 03:28:33,216 : INFO : Machine : Starting the main run loop with active modes: [<Mode.attract>]
2026-06-18 03:28:33,242 : INFO : EventManager : Event: ======'slide_attract_created'====== Args={'_from_bcp': True}
2026-06-18 03:28:33,242 : INFO : EventManager : Event: ======'slide__removed'====== Args={'_from_bcp': True}
2026-06-18 03:28:33,243 : INFO : EventManager : Event: ======'slide_attract_active'====== Args={'original_context': 'attract', 'original_calling_context': 'mode_attract_started', 'priority': 10.0, 'cmd': 'slides_play', '_from_bcp': True}
2026-06-18 03:28:38,221 : INFO : Timer.attract_carousel_timer : Timer Complete
2026-06-18 03:28:38,222 : INFO : Timer.attract_carousel_timer : Stopping Timer
2026-06-18 03:28:38,222 : INFO : EventManager : Event: ======'timer_attract_carousel_timer_stopped'====== Args={'ticks': 1, 'ticks_remaining': 1}
2026-06-18 03:28:38,223 : INFO : EventManager : Event: ======'timer_attract_carousel_timer_complete'====== Args={'ticks': 1, 'ticks_remaining': 1}
2026-06-18 03:28:38,223 : INFO : EventManager : Event: ======'carousel_item_highlighted'====== Args={'carousel': 'attract', 'direction': 'forwards', 'item': 'credits'}
2026-06-18 03:28:39,213 : INFO : SwitchController : <<<<<<< 's_start' active >>>>>>>
2026-06-18 03:28:39,483 : INFO : SwitchController : <<<<<<< 's_start' inactive >>>>>>>
2026-06-18 03:28:39,484 : INFO : EventManager : Event: ======'request_to_start_game'====== Args={}
2026-06-18 03:28:39,484 : INFO : EventManager : Event: ======'game_start'====== Args={'buttons': [], 'hold_time': 0.2692824000005203}
2026-06-18 03:28:39,484 : INFO : EventManager : Event: ======'mode_game_will_start'====== Args={'buttons': [], 'hold_time': 0.2692824000005203}
2026-06-18 03:28:39,487 : INFO : EventManager : Event: ======'mode_game_starting'====== Args={'buttons': [], 'hold_time': 0.2692824000005203}
2026-06-18 03:28:39,487 : INFO : EventManager : Event: ======'mode_attract_will_stop'====== Args={}
2026-06-18 03:28:39,487 : INFO : EventManager : Event: ======'mode_attract_stopping'====== Args={}
2026-06-18 03:28:39,488 : INFO : Mode.attract : Stopped.
2026-06-18 03:28:39,488 : INFO : EventManager : Event: ======'modes_active_modes_changed'====== Args={}
2026-06-18 03:28:39,489 : INFO : EventManager : Event: ======'mode_attract_stopped'====== Args={}
2026-06-18 03:28:39,489 : INFO : EventManager : Event: ======'clear'====== Args={'key': 'attract'}
2026-06-18 03:28:39,489 : INFO : Timer.attract_carousel_timer : Stopping Timer
2026-06-18 03:28:39,490 : INFO : EventManager : Event: ======'timer_attract_carousel_timer_stopped'====== Args={'ticks': 1, 'ticks_remaining': 1}
2026-06-18 03:28:39,490 : INFO : Mode.game : Started. Priority: 20
2026-06-18 03:28:39,490 : INFO : EventManager : Event: ======'modes_active_modes_changed'====== Args={}
2026-06-18 03:28:39,490 : INFO : EventManager : Event: ======'mode_game_started'====== Args={'buttons': [], 'hold_time': 0.2692824000005203}
2026-06-18 03:28:39,495 : INFO : EventManager : Event: ======'game_will_start'====== Args={}
2026-06-18 03:28:39,498 : INFO : EventManager : Event: ======'game_starting'====== Args={'game': <Mode.game>}
2026-06-18 03:28:39,500 : INFO : EventManager : Unordered handler for class <Auditor> on event game_ended with priority 1. Handlers: [RegisteredHandler(callback=<bound method Auditor.disable of <Auditor>>, priority=1, kwargs={}, key=UUID('f7f2569a-6a27-4e90-a35c-727d6d030cbd'), condition=None, blocking_facility=None), RegisteredHandler(callback=<bound method Auditor._save_audits of <Auditor>>, priority=1, kwargs={}, key=UUID('4f6ddeb4-4fc6-447b-88ab-41bc52dd2aa8'), condition=None, blocking_facility=None)]. The order of those handlers is not defined and they will be executed in random order. This might lead to race conditions and potential bugs.
2026-06-18 03:28:39,501 : INFO : EventManager : Event: ======'player_add_request'====== Args={}
2026-06-18 03:28:39,501 : INFO : EventManager : Event: ======'player_will_add'====== Args={'number': 1}
2026-06-18 03:28:39,502 : INFO : EventManager : Event: ======'player_adding'====== Args={'player': <Player 1>, 'number': 1}
2026-06-18 03:28:39,502 : INFO : EventManager : Event: ======'player_added'====== Args={'player': <Player 1>, 'num': 1}
2026-06-18 03:28:39,502 : INFO : Mode.game : Player added successfully. Total players: 1
2026-06-18 03:28:39,503 : INFO : EventManager : Event: ======'player_index'====== Args={'value': 0, 'prev_value': 0, 'change': 0, 'player_num': 1}
2026-06-18 03:28:39,503 : INFO : EventManager : Event: ======'player_number'====== Args={'value': 1, 'prev_value': 1, 'change': 0, 'player_num': 1}
2026-06-18 03:28:39,504 : INFO : EventManager : Event: ======'player_score'====== Args={'value': 0, 'prev_value': 0, 'change': 0, 'player_num': 1}
2026-06-18 03:28:39,504 : INFO : EventManager : Event: ======'game_started'====== Args={}
2026-06-18 03:28:39,505 : INFO : EventManager : Event: ======'player_turn_will_start'====== Args={'player': <Player 1>, 'number': 1}
2026-06-18 03:28:39,506 : INFO : EventManager : Event: ======'player_turn_starting'====== Args={'player': <Player 1>, 'number': 1}
2026-06-18 03:28:39,506 : INFO : EventManager : Event: ======'player_ball'====== Args={'value': 1, 'prev_value': 0, 'change': 1, 'player_num': 1}
2026-06-18 03:28:39,508 : INFO : EventManager : Event: ======'player_turn_started'====== Args={'player': <Player 1>, 'number': 1}
2026-06-18 03:28:39,535 : INFO : EventManager : Event: ======'ball_will_start'====== Args={'player': 1, 'ball': 1, 'balls_remaining': 2, 'is_extra_ball': False}
2026-06-18 03:28:39,538 : INFO : EventManager : Event: ======'ball_starting'====== Args={'player': 1, 'ball': 1, 'balls_remaining': 2, 'is_extra_ball': False}
2026-06-18 03:28:39,540 : INFO : EventManager : Event: ======'mode_base_will_start'====== Args={'queue': <QueuedEvent>, 'player': 1, 'ball': 1, 'balls_remaining': 2, 'is_extra_ball': False}
2026-06-18 03:28:39,541 : INFO : EventManager : Event: ======'player_shot_outlane_left_enabled'====== Args={'value': True, 'prev_value': 0, 'change': 1, 'player_num': 1}
2026-06-18 03:28:39,547 : INFO : EventManager : Event: ======'player_shot_inlane_left_enabled'====== Args={'value': True, 'prev_value': 0, 'change': 1, 'player_num': 1}
2026-06-18 03:28:39,550 : INFO : EventManager : Event: ======'mode_base_starting'====== Args={'queue': <QueuedEvent>, 'player': 1, 'ball': 1, 'balls_remaining': 2, 'is_extra_ball': False}
2026-06-18 03:28:39,553 : INFO : Mode.base : Started. Priority: 100
2026-06-18 03:28:39,553 : INFO : EventManager : Event: ======'modes_active_modes_changed'====== Args={}
2026-06-18 03:28:39,553 : INFO : EventManager : Event: ======'mode_base_started'====== Args={'queue': <QueuedEvent>, 'player': 1, 'ball': 1, 'balls_remaining': 2, 'is_extra_ball': False}
2026-06-18 03:28:39,554 : INFO : EventManager : Event: ======'balls_in_play'====== Args={'balls': 1}
2026-06-18 03:28:39,554 : INFO : EventManager : Event: ======'ball_started'====== Args={'player': 1, 'ball': 1, 'balls_remaining': 2, 'is_extra_ball': False}
2026-06-18 03:28:39,558 : INFO : EventManager : Event: ======'single_player_ball_started'====== Args={}
2026-06-18 03:28:39,561 : INFO : EventManager : Event: ======'ball_start_target'====== Args={'target': 'playfield'}
2026-06-18 03:28:39,564 : INFO : ball_device.bd_trough : Setting up player-controlled eject. Balls: 1, Target: <playfield.playfield>, player_controlled_eject_event: None
2026-06-18 03:28:39,564 : INFO : ball_device.bd_trough : Adding 1 ball(s) to the eject_queue with target <playfield.playfield>.
2026-06-18 03:28:39,564 : INFO : EventManager : Event: ======'balldevice_balls_available'====== Args={}
2026-06-18 03:28:39,566 : INFO : ball_device.bd_trough : State: waiting_for_target_ready
2026-06-18 03:28:39,566 : INFO : EventManager : Event: ======'balldevice_bd_trough_ball_eject_attempt'====== Args={'balls': 1, 'target': <ball_device.bd_plunger>, 'source': <ball_device.bd_trough>, 'mechanical_eject': False, 'num_attempts': 0}
2026-06-18 03:28:39,567 : INFO : ball_device.bd_plunger : State: waiting_for_ball
2026-06-18 03:28:39,568 : INFO : ball_device.bd_trough : State: ejecting
2026-06-18 03:28:39,568 : INFO : ball_device.bd_trough : Ejecting ball to <ball_device.bd_plunger>
2026-06-18 03:28:39,569 : INFO : EventManager : Event: ======'balldevice_bd_trough_ejecting_ball'====== Args={'balls': 1, 'target': <ball_device.bd_plunger>, 'source': <ball_device.bd_trough>, 'mechanical_eject': False, 'num_attempts': 0}
2026-06-18 03:28:39,570 : INFO : ball_device.bd_trough : Wait for ball to leave device
2026-06-18 03:28:39,570 : INFO : coil.c_trough_eject_coil : Pulsing Driver for 15ms (1.0 pulse_power)
2026-06-18 03:28:41,230 : INFO : SwitchController : <<<<<<< 's_right_flipper' active >>>>>>>
2026-06-18 03:28:41,230 : INFO : EventManager : Event: ======'machine_var_audits_switches_s_right_flipper'====== Args={'value': 11, 'prev_value': 10, 'change': 1}
2026-06-18 03:28:41,512 : INFO : SwitchController : <<<<<<< 's_right_flipper' inactive >>>>>>>
2026-06-18 03:28:41,575 : INFO : EventManager : Event: ======'balldevice_bd_trough_ball_eject_failed'====== Args={'target': <ball_device.bd_plunger>, 'balls': 1, 'retry': True, 'num_attempts': 1}
2026-06-18 03:28:41,579 : INFO : ball_device.bd_trough : State: waiting_for_target_ready
2026-06-18 03:28:41,580 : INFO : EventManager : Event: ======'balldevice_bd_trough_ball_eject_attempt'====== Args={'balls': 1, 'target': <ball_device.bd_plunger>, 'source': <ball_device.bd_trough>, 'mechanical_eject': False, 'num_attempts': 1}
2026-06-18 03:28:41,581 : INFO : ball_device.bd_trough : State: ejecting
2026-06-18 03:28:41,582 : INFO : ball_device.bd_trough : Ejecting ball to <ball_device.bd_plunger>
2026-06-18 03:28:41,582 : INFO : EventManager : Event: ======'balldevice_bd_trough_ejecting_ball'====== Args={'balls': 1, 'target': <ball_device.bd_plunger>, 'source': <ball_device.bd_trough>, 'mechanical_eject': False, 'num_attempts': 1}
2026-06-18 03:28:41,586 : INFO : ball_device.bd_trough : Wait for ball to leave device
2026-06-18 03:28:41,587 : INFO : coil.c_trough_eject_coil : Pulsing Driver for 15ms (1.0 pulse_power)
2026-06-18 03:28:42,945 : INFO : SwitchController : <<<<<<< 's_left_flipper' active >>>>>>>
2026-06-18 03:28:42,945 : INFO : EventManager : Event: ======'machine_var_audits_switches_s_left_flipper'====== Args={'value': 8, 'prev_value': 7, 'change': 1}
2026-06-18 03:28:43,135 : INFO : SwitchController : <<<<<<< 's_left_flipper' inactive >>>>>>>
2026-06-18 03:28:43,590 : INFO : EventManager : Event: ======'balldevice_bd_trough_ball_eject_failed'====== Args={'target': <ball_device.bd_plunger>, 'balls': 1, 'retry': True, 'num_attempts': 2}
2026-06-18 03:28:43,595 : INFO : ball_device.bd_trough : State: waiting_for_target_ready
2026-06-18 03:28:43,595 : INFO : EventManager : Event: ======'balldevice_bd_trough_ball_eject_attempt'====== Args={'balls': 1, 'target': <ball_device.bd_plunger>, 'source': <ball_device.bd_trough>, 'mechanical_eject': False, 'num_attempts': 2}
2026-06-18 03:28:43,596 : INFO : ball_device.bd_trough : State: ejecting
2026-06-18 03:28:43,597 : INFO : ball_device.bd_trough : Ejecting ball to <ball_device.bd_plunger>
2026-06-18 03:28:43,597 : INFO : EventManager : Event: ======'balldevice_bd_trough_ejecting_ball'====== Args={'balls': 1, 'target': <ball_device.bd_plunger>, 'source': <ball_device.bd_trough>, 'mechanical_eject': False, 'num_attempts': 2}
2026-06-18 03:28:43,599 : INFO : ball_device.bd_trough : Wait for ball to leave device
2026-06-18 03:28:43,599 : INFO : coil.c_trough_eject_coil : Pulsing Driver for 15ms (1.0 pulse_power)
2026-06-18 03:28:44,753 : INFO : SwitchController : <<<<<<< 's_launch' active >>>>>>>
2026-06-18 03:28:44,754 : INFO : EventManager : Event: ======'machine_var_audits_switches_s_launch'====== Args={'value': 4, 'prev_value': 3, 'change': 1}
2026-06-18 03:28:44,973 : INFO : SwitchController : <<<<<<< 's_launch' inactive >>>>>>>
2026-06-18 03:28:45,609 : INFO : ball_device.bd_trough : State: eject_broken
2026-06-18 03:28:45,609 : INFO : EventManager : Event: ======'balldevice_bd_trough_ball_eject_failed'====== Args={'target': <ball_device.bd_plunger>, 'balls': 1, 'retry': False, 'num_attempts': 3}
2026-06-18 03:28:45,611 : INFO : EventManager : Event: ======'balldevice_bd_trough_broken'====== Args={}
2026-06-18 03:28:45,925 : INFO : SwitchController : <<<<<<< 's_left_outlane' active >>>>>>>
2026-06-18 03:28:45,926 : INFO : EventManager : Event: ======'playfield_active'====== Args={'source': 'outlane_left'}
2026-06-18 03:28:45,926 : INFO : EventManager : Event: ======'unexpected_ball_on_playfield'====== Args={}
2026-06-18 03:28:45,926 : INFO : EventManager : Event: ======'s_left_outlane_active'====== Args={}
2026-06-18 03:28:45,926 : INFO : EventManager : Event: ======'machine_var_audits_switches_s_left_outlane'====== Args={'value': 30, 'prev_value': 29, 'change': 1}
2026-06-18 03:28:45,929 : INFO : EventManager : Event: ======'player_shot_outlane_left'====== Args={'value': 1, 'prev_value': 0, 'change': 1, 'player_num': 1}
2026-06-18 03:28:45,929 : INFO : EventManager : Event: ======'machine_var_audits_shots_outlane_left'====== Args={'value': 5, 'prev_value': 4, 'change': 1}
2026-06-18 03:28:45,929 : INFO : EventManager : Event: ======'outlane_left_hit'====== Args={'profile': 'default', 'state': 'unlit', 'advancing': True}
2026-06-18 03:28:45,929 : INFO : EventManager : Event: ======'outlane_left_default_hit'====== Args={'profile': 'default', 'state': 'unlit', 'advancing': True}
2026-06-18 03:28:45,929 : INFO : EventManager : Event: ======'outlane_left_default_unlit_hit'====== Args={'profile': 'default', 'state': 'unlit', 'advancing': True}
2026-06-18 03:28:45,929 : INFO : EventManager : Event: ======'outlane_left_unlit_hit'====== Args={'profile': 'default', 'state': 'unlit', 'advancing': True}
2026-06-18 03:28:45,930 : INFO : EventManager : Event: ======'player_score'====== Args={'value': 100, 'prev_value': 0, 'change': 100, 'player_num': 1, 'source': 'base'}
2026-06-18 03:28:46,036 : INFO : SwitchController : <<<<<<< 's_left_outlane' inactive >>>>>>>
2026-06-18 03:28:46,177 : INFO : SwitchController : <<<<<<< 's_left_outlane' active >>>>>>>
2026-06-18 03:28:46,178 : INFO : EventManager : Event: ======'playfield_active'====== Args={'source': 'outlane_left'}
2026-06-18 03:28:46,179 : INFO : EventManager : Event: ======'unexpected_ball_on_playfield'====== Args={}
2026-06-18 03:28:46,179 : INFO : EventManager : Event: ======'s_left_outlane_active'====== Args={}
2026-06-18 03:28:46,180 : INFO : EventManager : Event: ======'machine_var_audits_switches_s_left_outlane'====== Args={'value': 31, 'prev_value': 30, 'change': 1}
2026-06-18 03:28:46,181 : INFO : EventManager : Event: ======'machine_var_audits_shots_outlane_left'====== Args={'value': 6, 'prev_value': 5, 'change': 1}
2026-06-18 03:28:46,182 : INFO : EventManager : Event: ======'outlane_left_hit'====== Args={'profile': 'default', 'state': 'lit', 'advancing': False}
2026-06-18 03:28:46,183 : INFO : EventManager : Event: ======'outlane_left_default_hit'====== Args={'profile': 'default', 'state': 'lit', 'advancing': False}
2026-06-18 03:28:46,183 : INFO : EventManager : Event: ======'outlane_left_default_lit_hit'====== Args={'profile': 'default', 'state': 'lit', 'advancing': False}
2026-06-18 03:28:46,183 : INFO : EventManager : Event: ======'outlane_left_lit_hit'====== Args={'profile': 'default', 'state': 'lit', 'advancing': False}
2026-06-18 03:28:46,183 : INFO : EventManager : Event: ======'player_score'====== Args={'value': 200, 'prev_value': 100, 'change': 100, 'player_num': 1, 'source': 'base'}
2026-06-18 03:28:46,256 : INFO : SwitchController : <<<<<<< 's_left_outlane' inactive >>>>>>>
2026-06-18 03:28:46,367 : INFO : SwitchController : <<<<<<< 's_left_outlane' active >>>>>>>
2026-06-18 03:28:46,367 : INFO : EventManager : Event: ======'playfield_active'====== Args={'source': 'outlane_left'}
2026-06-18 03:28:46,367 : INFO : EventManager : Event: ======'unexpected_ball_on_playfield'====== Args={}
2026-06-18 03:28:46,368 : INFO : EventManager : Event: ======'s_left_outlane_active'====== Args={}
2026-06-18 03:28:46,369 : INFO : EventManager : Event: ======'machine_var_audits_switches_s_left_outlane'====== Args={'value': 32, 'prev_value': 31, 'change': 1}
2026-06-18 03:28:46,371 : INFO : EventManager : Event: ======'machine_var_audits_shots_outlane_left'====== Args={'value': 7, 'prev_value': 6, 'change': 1}
2026-06-18 03:28:46,372 : INFO : EventManager : Event: ======'outlane_left_hit'====== Args={'profile': 'default', 'state': 'lit', 'advancing': False}
2026-06-18 03:28:46,372 : INFO : EventManager : Event: ======'outlane_left_default_hit'====== Args={'profile': 'default', 'state': 'lit', 'advancing': False}
2026-06-18 03:28:46,372 : INFO : EventManager : Event: ======'outlane_left_default_lit_hit'====== Args={'profile': 'default', 'state': 'lit', 'advancing': False}
2026-06-18 03:28:46,372 : INFO : EventManager : Event: ======'outlane_left_lit_hit'====== Args={'profile': 'default', 'state': 'lit', 'advancing': False}
2026-06-18 03:28:46,373 : INFO : EventManager : Event: ======'player_score'====== Args={'value': 300, 'prev_value': 200, 'change': 100, 'player_num': 1, 'source': 'base'}
2026-06-18 03:28:46,461 : INFO : SwitchController : <<<<<<< 's_left_outlane' inactive >>>>>>>
2026-06-18 03:28:46,557 : INFO : SwitchController : <<<<<<< 's_left_outlane' active >>>>>>>
2026-06-18 03:28:46,558 : INFO : EventManager : Event: ======'playfield_active'====== Args={'source': 'outlane_left'}
2026-06-18 03:28:46,558 : INFO : EventManager : Event: ======'unexpected_ball_on_playfield'====== Args={}
2026-06-18 03:28:46,559 : INFO : EventManager : Event: ======'s_left_outlane_active'====== Args={}
2026-06-18 03:28:46,559 : INFO : EventManager : Event: ======'machine_var_audits_switches_s_left_outlane'====== Args={'value': 33, 'prev_value': 32, 'change': 1}
2026-06-18 03:28:46,561 : INFO : EventManager : Event: ======'machine_var_audits_shots_outlane_left'====== Args={'value': 8, 'prev_value': 7, 'change': 1}
2026-06-18 03:28:46,561 : INFO : EventManager : Event: ======'outlane_left_hit'====== Args={'profile': 'default', 'state': 'lit', 'advancing': False}
2026-06-18 03:28:46,562 : INFO : EventManager : Event: ======'outlane_left_default_hit'====== Args={'profile': 'default', 'state': 'lit', 'advancing': False}
2026-06-18 03:28:46,562 : INFO : EventManager : Event: ======'outlane_left_default_lit_hit'====== Args={'profile': 'default', 'state': 'lit', 'advancing': False}
2026-06-18 03:28:46,562 : INFO : EventManager : Event: ======'outlane_left_lit_hit'====== Args={'profile': 'default', 'state': 'lit', 'advancing': False}
2026-06-18 03:28:46,563 : INFO : EventManager : Event: ======'player_score'====== Args={'value': 400, 'prev_value': 300, 'change': 100, 'player_num': 1, 'source': 'base'}
2026-06-18 03:28:46,669 : INFO : SwitchController : <<<<<<< 's_left_outlane' inactive >>>>>>>
2026-06-18 03:28:46,746 : INFO : SwitchController : <<<<<<< 's_left_outlane' active >>>>>>>
2026-06-18 03:28:46,747 : INFO : EventManager : Event: ======'playfield_active'====== Args={'source': 'outlane_left'}
2026-06-18 03:28:46,747 : INFO : EventManager : Event: ======'unexpected_ball_on_playfield'====== Args={}
2026-06-18 03:28:46,747 : INFO : EventManager : Event: ======'s_left_outlane_active'====== Args={}
2026-06-18 03:28:46,748 : INFO : EventManager : Event: ======'machine_var_audits_switches_s_left_outlane'====== Args={'value': 34, 'prev_value': 33, 'change': 1}
2026-06-18 03:28:46,749 : INFO : EventManager : Event: ======'machine_var_audits_shots_outlane_left'====== Args={'value': 9, 'prev_value': 8, 'change': 1}
2026-06-18 03:28:46,750 : INFO : EventManager : Event: ======'outlane_left_hit'====== Args={'profile': 'default', 'state': 'lit', 'advancing': False}
2026-06-18 03:28:46,750 : INFO : EventManager : Event: ======'outlane_left_default_hit'====== Args={'profile': 'default', 'state': 'lit', 'advancing': False}
2026-06-18 03:28:46,751 : INFO : EventManager : Event: ======'outlane_left_default_lit_hit'====== Args={'profile': 'default', 'state': 'lit', 'advancing': False}
2026-06-18 03:28:46,751 : INFO : EventManager : Event: ======'outlane_left_lit_hit'====== Args={'profile': 'default', 'state': 'lit', 'advancing': False}
2026-06-18 03:28:46,752 : INFO : EventManager : Event: ======'player_score'====== Args={'value': 500, 'prev_value': 400, 'change': 100, 'player_num': 1, 'source': 'base'}
2026-06-18 03:28:46,841 : INFO : SwitchController : <<<<<<< 's_left_outlane' inactive >>>>>>>
2026-06-18 03:28:46,920 : INFO : SwitchController : <<<<<<< 's_left_outlane' active >>>>>>>
2026-06-18 03:28:46,921 : INFO : EventManager : Event: ======'playfield_active'====== Args={'source': 'outlane_left'}
2026-06-18 03:28:46,921 : INFO : EventManager : Event: ======'unexpected_ball_on_playfield'====== Args={}
2026-06-18 03:28:46,921 : INFO : EventManager : Event: ======'s_left_outlane_active'====== Args={}
2026-06-18 03:28:46,922 : INFO : EventManager : Event: ======'machine_var_audits_switches_s_left_outlane'====== Args={'value': 35, 'prev_value': 34, 'change': 1}
2026-06-18 03:28:46,924 : INFO : EventManager : Event: ======'machine_var_audits_shots_outlane_left'====== Args={'value': 10, 'prev_value': 9, 'change': 1}
2026-06-18 03:28:46,925 : INFO : EventManager : Event: ======'outlane_left_hit'====== Args={'profile': 'default', 'state': 'lit', 'advancing': False}
2026-06-18 03:28:46,925 : INFO : EventManager : Event: ======'outlane_left_default_hit'====== Args={'profile': 'default', 'state': 'lit', 'advancing': False}
2026-06-18 03:28:46,926 : INFO : EventManager : Event: ======'outlane_left_default_lit_hit'====== Args={'profile': 'default', 'state': 'lit', 'advancing': False}
2026-06-18 03:28:46,926 : INFO : EventManager : Event: ======'outlane_left_lit_hit'====== Args={'profile': 'default', 'state': 'lit', 'advancing': False}
2026-06-18 03:28:46,926 : INFO : EventManager : Event: ======'player_score'====== Args={'value': 600, 'prev_value': 500, 'change': 100, 'player_num': 1, 'source': 'base'}
2026-06-18 03:28:47,015 : INFO : SwitchController : <<<<<<< 's_left_outlane' inactive >>>>>>>
2026-06-18 03:28:47,127 : INFO : SwitchController : <<<<<<< 's_left_outlane' active >>>>>>>
2026-06-18 03:28:47,128 : INFO : EventManager : Event: ======'playfield_active'====== Args={'source': 'outlane_left'}
2026-06-18 03:28:47,129 : INFO : EventManager : Event: ======'unexpected_ball_on_playfield'====== Args={}
2026-06-18 03:28:47,129 : INFO : EventManager : Event: ======'s_left_outlane_active'====== Args={}
2026-06-18 03:28:47,130 : INFO : EventManager : Event: ======'machine_var_audits_switches_s_left_outlane'====== Args={'value': 36, 'prev_value': 35, 'change': 1}
2026-06-18 03:28:47,132 : INFO : EventManager : Event: ======'machine_var_audits_shots_outlane_left'====== Args={'value': 11, 'prev_value': 10, 'change': 1}
2026-06-18 03:28:47,133 : INFO : EventManager : Event: ======'outlane_left_hit'====== Args={'profile': 'default', 'state': 'lit', 'advancing': False}
2026-06-18 03:28:47,133 : INFO : EventManager : Event: ======'outlane_left_default_hit'====== Args={'profile': 'default', 'state': 'lit', 'advancing': False}
2026-06-18 03:28:47,134 : INFO : EventManager : Event: ======'outlane_left_default_lit_hit'====== Args={'profile': 'default', 'state': 'lit', 'advancing': False}
2026-06-18 03:28:47,134 : INFO : EventManager : Event: ======'outlane_left_lit_hit'====== Args={'profile': 'default', 'state': 'lit', 'advancing': False}
2026-06-18 03:28:47,134 : INFO : EventManager : Event: ======'player_score'====== Args={'value': 700, 'prev_value': 600, 'change': 100, 'player_num': 1, 'source': 'base'}
2026-06-18 03:28:47,222 : INFO : SwitchController : <<<<<<< 's_left_outlane' inactive >>>>>>>
2026-06-18 03:28:47,316 : INFO : SwitchController : <<<<<<< 's_left_outlane' active >>>>>>>
2026-06-18 03:28:47,317 : INFO : EventManager : Event: ======'playfield_active'====== Args={'source': 'outlane_left'}
2026-06-18 03:28:47,317 : INFO : EventManager : Event: ======'unexpected_ball_on_playfield'====== Args={}
2026-06-18 03:28:47,318 : INFO : EventManager : Event: ======'s_left_outlane_active'====== Args={}
2026-06-18 03:28:47,318 : INFO : EventManager : Event: ======'machine_var_audits_switches_s_left_outlane'====== Args={'value': 37, 'prev_value': 36, 'change': 1}
2026-06-18 03:28:47,321 : INFO : EventManager : Event: ======'machine_var_audits_shots_outlane_left'====== Args={'value': 12, 'prev_value': 11, 'change': 1}
2026-06-18 03:28:47,322 : INFO : EventManager : Event: ======'outlane_left_hit'====== Args={'profile': 'default', 'state': 'lit', 'advancing': False}
2026-06-18 03:28:47,322 : INFO : EventManager : Event: ======'outlane_left_default_hit'====== Args={'profile': 'default', 'state': 'lit', 'advancing': False}
2026-06-18 03:28:47,322 : INFO : EventManager : Event: ======'outlane_left_default_lit_hit'====== Args={'profile': 'default', 'state': 'lit', 'advancing': False}
2026-06-18 03:28:47,322 : INFO : EventManager : Event: ======'outlane_left_lit_hit'====== Args={'profile': 'default', 'state': 'lit', 'advancing': False}
2026-06-18 03:28:47,323 : INFO : EventManager : Event: ======'player_score'====== Args={'value': 800, 'prev_value': 700, 'change': 100, 'player_num': 1, 'source': 'base'}
2026-06-18 03:28:47,410 : INFO : SwitchController : <<<<<<< 's_left_outlane' inactive >>>>>>>
2026-06-18 03:28:47,491 : INFO : SwitchController : <<<<<<< 's_left_outlane' active >>>>>>>
2026-06-18 03:28:47,491 : INFO : EventManager : Event: ======'playfield_active'====== Args={'source': 'outlane_left'}
2026-06-18 03:28:47,491 : INFO : EventManager : Event: ======'unexpected_ball_on_playfield'====== Args={}
2026-06-18 03:28:47,492 : INFO : EventManager : Event: ======'s_left_outlane_active'====== Args={}
2026-06-18 03:28:47,492 : INFO : EventManager : Event: ======'machine_var_audits_switches_s_left_outlane'====== Args={'value': 38, 'prev_value': 37, 'change': 1}
2026-06-18 03:28:47,493 : INFO : EventManager : Event: ======'machine_var_audits_shots_outlane_left'====== Args={'value': 13, 'prev_value': 12, 'change': 1}
2026-06-18 03:28:47,494 : INFO : EventManager : Event: ======'outlane_left_hit'====== Args={'profile': 'default', 'state': 'lit', 'advancing': False}
2026-06-18 03:28:47,494 : INFO : EventManager : Event: ======'outlane_left_default_hit'====== Args={'profile': 'default', 'state': 'lit', 'advancing': False}
2026-06-18 03:28:47,495 : INFO : EventManager : Event: ======'outlane_left_default_lit_hit'====== Args={'profile': 'default', 'state': 'lit', 'advancing': False}
2026-06-18 03:28:47,495 : INFO : EventManager : Event: ======'outlane_left_lit_hit'====== Args={'profile': 'default', 'state': 'lit', 'advancing': False}
2026-06-18 03:28:47,495 : INFO : EventManager : Event: ======'player_score'====== Args={'value': 900, 'prev_value': 800, 'change': 100, 'player_num': 1, 'source': 'base'}
2026-06-18 03:28:47,584 : INFO : SwitchController : <<<<<<< 's_left_outlane' inactive >>>>>>>
2026-06-18 03:28:48,211 : INFO : SwitchController : <<<<<<< 's_left_inlane' active >>>>>>>
2026-06-18 03:28:48,211 : INFO : EventManager : Event: ======'playfield_active'====== Args={'source': 'inlane_left'}
2026-06-18 03:28:48,212 : INFO : EventManager : Event: ======'unexpected_ball_on_playfield'====== Args={}
2026-06-18 03:28:48,212 : INFO : EventManager : Event: ======'s_left_inlane_active'====== Args={}
2026-06-18 03:28:48,212 : INFO : EventManager : Event: ======'machine_var_audits_switches_s_left_inlane'====== Args={'value': 17, 'prev_value': 16, 'change': 1}
2026-06-18 03:28:48,214 : INFO : EventManager : Event: ======'player_shot_inlane_left'====== Args={'value': 1, 'prev_value': 0, 'change': 1, 'player_num': 1}
2026-06-18 03:28:48,215 : INFO : EventManager : Event: ======'machine_var_audits_shots_inlane_left'====== Args={'value': 4, 'prev_value': 3, 'change': 1}
2026-06-18 03:28:48,215 : INFO : EventManager : Event: ======'inlane_left_hit'====== Args={'profile': 'default', 'state': 'unlit', 'advancing': True}
2026-06-18 03:28:48,216 : INFO : EventManager : Event: ======'inlane_left_default_hit'====== Args={'profile': 'default', 'state': 'unlit', 'advancing': True}
2026-06-18 03:28:48,216 : INFO : EventManager : Event: ======'inlane_left_default_unlit_hit'====== Args={'profile': 'default', 'state': 'unlit', 'advancing': True}
2026-06-18 03:28:48,216 : INFO : EventManager : Event: ======'inlane_left_unlit_hit'====== Args={'profile': 'default', 'state': 'unlit', 'advancing': True}
2026-06-18 03:28:48,216 : INFO : EventManager : Event: ======'player_score'====== Args={'value': 1100, 'prev_value': 900, 'change': 200, 'player_num': 1, 'source': 'base'}
2026-06-18 03:28:48,304 : INFO : SwitchController : <<<<<<< 's_left_inlane' inactive >>>>>>>
2026-06-18 03:28:48,399 : INFO : SwitchController : <<<<<<< 's_left_inlane' active >>>>>>>
2026-06-18 03:28:48,400 : INFO : EventManager : Event: ======'playfield_active'====== Args={'source': 'inlane_left'}
2026-06-18 03:28:48,400 : INFO : EventManager : Event: ======'unexpected_ball_on_playfield'====== Args={}
2026-06-18 03:28:48,400 : INFO : EventManager : Event: ======'s_left_inlane_active'====== Args={}
2026-06-18 03:28:48,401 : INFO : EventManager : Event: ======'machine_var_audits_switches_s_left_inlane'====== Args={'value': 18, 'prev_value': 17, 'change': 1}
2026-06-18 03:28:48,403 : INFO : EventManager : Event: ======'machine_var_audits_shots_inlane_left'====== Args={'value': 5, 'prev_value': 4, 'change': 1}
2026-06-18 03:28:48,403 : INFO : EventManager : Event: ======'inlane_left_hit'====== Args={'profile': 'default', 'state': 'lit', 'advancing': False}
2026-06-18 03:28:48,404 : INFO : EventManager : Event: ======'inlane_left_default_hit'====== Args={'profile': 'default', 'state': 'lit', 'advancing': False}
2026-06-18 03:28:48,404 : INFO : EventManager : Event: ======'inlane_left_default_lit_hit'====== Args={'profile': 'default', 'state': 'lit', 'advancing': False}
2026-06-18 03:28:48,404 : INFO : EventManager : Event: ======'inlane_left_lit_hit'====== Args={'profile': 'default', 'state': 'lit', 'advancing': False}
2026-06-18 03:28:48,404 : INFO : EventManager : Event: ======'player_score'====== Args={'value': 1300, 'prev_value': 1100, 'change': 200, 'player_num': 1, 'source': 'base'}
2026-06-18 03:28:48,511 : INFO : SwitchController : <<<<<<< 's_left_inlane' inactive >>>>>>>
2026-06-18 03:28:48,603 : INFO : SwitchController : <<<<<<< 's_left_inlane' active >>>>>>>
2026-06-18 03:28:48,604 : INFO : EventManager : Event: ======'playfield_active'====== Args={'source': 'inlane_left'}
2026-06-18 03:28:48,604 : INFO : EventManager : Event: ======'unexpected_ball_on_playfield'====== Args={}
2026-06-18 03:28:48,605 : INFO : EventManager : Event: ======'s_left_inlane_active'====== Args={}
2026-06-18 03:28:48,605 : INFO : EventManager : Event: ======'machine_var_audits_switches_s_left_inlane'====== Args={'value': 19, 'prev_value': 18, 'change': 1}
2026-06-18 03:28:48,607 : INFO : EventManager : Event: ======'machine_var_audits_shots_inlane_left'====== Args={'value': 6, 'prev_value': 5, 'change': 1}
2026-06-18 03:28:48,608 : INFO : EventManager : Event: ======'inlane_left_hit'====== Args={'profile': 'default', 'state': 'lit', 'advancing': False}
2026-06-18 03:28:48,609 : INFO : EventManager : Event: ======'inlane_left_default_hit'====== Args={'profile': 'default', 'state': 'lit', 'advancing': False}
2026-06-18 03:28:48,609 : INFO : EventManager : Event: ======'inlane_left_default_lit_hit'====== Args={'profile': 'default', 'state': 'lit', 'advancing': False}
2026-06-18 03:28:48,609 : INFO : EventManager : Event: ======'inlane_left_lit_hit'====== Args={'profile': 'default', 'state': 'lit', 'advancing': False}
2026-06-18 03:28:48,610 : INFO : EventManager : Event: ======'player_score'====== Args={'value': 1500, 'prev_value': 1300, 'change': 200, 'player_num': 1, 'source': 'base'}
2026-06-18 03:28:48,697 : INFO : SwitchController : <<<<<<< 's_left_inlane' inactive >>>>>>>
2026-06-18 03:28:48,792 : INFO : SwitchController : <<<<<<< 's_left_inlane' active >>>>>>>
2026-06-18 03:28:48,793 : INFO : EventManager : Event: ======'playfield_active'====== Args={'source': 'inlane_left'}
2026-06-18 03:28:48,793 : INFO : EventManager : Event: ======'unexpected_ball_on_playfield'====== Args={}
2026-06-18 03:28:48,793 : INFO : EventManager : Event: ======'s_left_inlane_active'====== Args={}
2026-06-18 03:28:48,793 : INFO : EventManager : Event: ======'machine_var_audits_switches_s_left_inlane'====== Args={'value': 20, 'prev_value': 19, 'change': 1}
2026-06-18 03:28:48,795 : INFO : EventManager : Event: ======'machine_var_audits_shots_inlane_left'====== Args={'value': 7, 'prev_value': 6, 'change': 1}
2026-06-18 03:28:48,796 : INFO : EventManager : Event: ======'inlane_left_hit'====== Args={'profile': 'default', 'state': 'lit', 'advancing': False}
2026-06-18 03:28:48,796 : INFO : EventManager : Event: ======'inlane_left_default_hit'====== Args={'profile': 'default', 'state': 'lit', 'advancing': False}
2026-06-18 03:28:48,796 : INFO : EventManager : Event: ======'inlane_left_default_lit_hit'====== Args={'profile': 'default', 'state': 'lit', 'advancing': False}
2026-06-18 03:28:48,797 : INFO : EventManager : Event: ======'inlane_left_lit_hit'====== Args={'profile': 'default', 'state': 'lit', 'advancing': False}
2026-06-18 03:28:48,797 : INFO : EventManager : Event: ======'player_score'====== Args={'value': 1700, 'prev_value': 1500, 'change': 200, 'player_num': 1, 'source': 'base'}
2026-06-18 03:28:48,904 : INFO : SwitchController : <<<<<<< 's_left_inlane' inactive >>>>>>>
2026-06-18 03:28:48,999 : INFO : SwitchController : <<<<<<< 's_left_inlane' active >>>>>>>
2026-06-18 03:28:48,999 : INFO : EventManager : Event: ======'playfield_active'====== Args={'source': 'inlane_left'}
2026-06-18 03:28:49,000 : INFO : EventManager : Event: ======'unexpected_ball_on_playfield'====== Args={}
2026-06-18 03:28:49,000 : INFO : EventManager : Event: ======'s_left_inlane_active'====== Args={}
2026-06-18 03:28:49,000 : INFO : EventManager : Event: ======'machine_var_audits_switches_s_left_inlane'====== Args={'value': 21, 'prev_value': 20, 'change': 1}
2026-06-18 03:28:49,003 : INFO : EventManager : Event: ======'machine_var_audits_shots_inlane_left'====== Args={'value': 8, 'prev_value': 7, 'change': 1}
2026-06-18 03:28:49,004 : INFO : EventManager : Event: ======'inlane_left_hit'====== Args={'profile': 'default', 'state': 'lit', 'advancing': False}
2026-06-18 03:28:49,004 : INFO : EventManager : Event: ======'inlane_left_default_hit'====== Args={'profile': 'default', 'state': 'lit', 'advancing': False}
2026-06-18 03:28:49,004 : INFO : EventManager : Event: ======'inlane_left_default_lit_hit'====== Args={'profile': 'default', 'state': 'lit', 'advancing': False}
2026-06-18 03:28:49,004 : INFO : EventManager : Event: ======'inlane_left_lit_hit'====== Args={'profile': 'default', 'state': 'lit', 'advancing': False}
2026-06-18 03:28:49,005 : INFO : EventManager : Event: ======'player_score'====== Args={'value': 1900, 'prev_value': 1700, 'change': 200, 'player_num': 1, 'source': 'base'}
2026-06-18 03:28:49,110 : INFO : SwitchController : <<<<<<< 's_left_inlane' inactive >>>>>>>
2026-06-18 03:28:49,189 : INFO : SwitchController : <<<<<<< 's_left_inlane' active >>>>>>>
2026-06-18 03:28:49,189 : INFO : EventManager : Event: ======'playfield_active'====== Args={'source': 'inlane_left'}
2026-06-18 03:28:49,190 : INFO : EventManager : Event: ======'unexpected_ball_on_playfield'====== Args={}
2026-06-18 03:28:49,190 : INFO : EventManager : Event: ======'s_left_inlane_active'====== Args={}
2026-06-18 03:28:49,190 : INFO : EventManager : Event: ======'machine_var_audits_switches_s_left_inlane'====== Args={'value': 22, 'prev_value': 21, 'change': 1}
2026-06-18 03:28:49,193 : INFO : EventManager : Event: ======'machine_var_audits_shots_inlane_left'====== Args={'value': 9, 'prev_value': 8, 'change': 1}
2026-06-18 03:28:49,194 : INFO : EventManager : Event: ======'inlane_left_hit'====== Args={'profile': 'default', 'state': 'lit', 'advancing': False}
2026-06-18 03:28:49,194 : INFO : EventManager : Event: ======'inlane_left_default_hit'====== Args={'profile': 'default', 'state': 'lit', 'advancing': False}
2026-06-18 03:28:49,195 : INFO : EventManager : Event: ======'inlane_left_default_lit_hit'====== Args={'profile': 'default', 'state': 'lit', 'advancing': False}
2026-06-18 03:28:49,195 : INFO : EventManager : Event: ======'inlane_left_lit_hit'====== Args={'profile': 'default', 'state': 'lit', 'advancing': False}
2026-06-18 03:28:49,196 : INFO : EventManager : Event: ======'player_score'====== Args={'value': 2100, 'prev_value': 1900, 'change': 200, 'player_num': 1, 'source': 'base'}
2026-06-18 03:28:49,282 : INFO : SwitchController : <<<<<<< 's_left_inlane' inactive >>>>>>>
2026-06-18 03:28:49,361 : INFO : SwitchController : <<<<<<< 's_left_inlane' active >>>>>>>
2026-06-18 03:28:49,361 : INFO : EventManager : Event: ======'playfield_active'====== Args={'source': 'inlane_left'}
2026-06-18 03:28:49,362 : INFO : EventManager : Event: ======'unexpected_ball_on_playfield'====== Args={}
2026-06-18 03:28:49,362 : INFO : EventManager : Event: ======'s_left_inlane_active'====== Args={}
2026-06-18 03:28:49,362 : INFO : EventManager : Event: ======'machine_var_audits_switches_s_left_inlane'====== Args={'value': 23, 'prev_value': 22, 'change': 1}
2026-06-18 03:28:49,366 : INFO : EventManager : Event: ======'machine_var_audits_shots_inlane_left'====== Args={'value': 10, 'prev_value': 9, 'change': 1}
2026-06-18 03:28:49,366 : INFO : EventManager : Event: ======'inlane_left_hit'====== Args={'profile': 'default', 'state': 'lit', 'advancing': False}
2026-06-18 03:28:49,366 : INFO : EventManager : Event: ======'inlane_left_default_hit'====== Args={'profile': 'default', 'state': 'lit', 'advancing': False}
2026-06-18 03:28:49,367 : INFO : EventManager : Event: ======'inlane_left_default_lit_hit'====== Args={'profile': 'default', 'state': 'lit', 'advancing': False}
2026-06-18 03:28:49,367 : INFO : EventManager : Event: ======'inlane_left_lit_hit'====== Args={'profile': 'default', 'state': 'lit', 'advancing': False}
2026-06-18 03:28:49,367 : INFO : EventManager : Event: ======'player_score'====== Args={'value': 2300, 'prev_value': 2100, 'change': 200, 'player_num': 1, 'source': 'base'}
2026-06-18 03:28:49,454 : INFO : SwitchController : <<<<<<< 's_left_inlane' inactive >>>>>>>
2026-06-18 03:28:51,362 : INFO : SwitchController : <<<<<<< 's_slingshot_left' active >>>>>>>
2026-06-18 03:28:51,362 : INFO : EventManager : Event: ======'playfield_active'====== Args={'source': 'left_sling'}
2026-06-18 03:28:51,362 : INFO : EventManager : Event: ======'unexpected_ball_on_playfield'====== Args={}
2026-06-18 03:28:51,363 : INFO : EventManager : Event: ======'machine_var_audits_switches_s_slingshot_left'====== Args={'value': 20, 'prev_value': 19, 'change': 1}
2026-06-18 03:28:51,489 : INFO : SwitchController : <<<<<<< 's_slingshot_left' inactive >>>>>>>
2026-06-18 03:28:51,645 : INFO : SwitchController : <<<<<<< 's_slingshot_left' active >>>>>>>
2026-06-18 03:28:51,646 : INFO : EventManager : Event: ======'playfield_active'====== Args={'source': 'left_sling'}
2026-06-18 03:28:51,646 : INFO : EventManager : Event: ======'unexpected_ball_on_playfield'====== Args={}
2026-06-18 03:28:51,646 : INFO : EventManager : Event: ======'machine_var_audits_switches_s_slingshot_left'====== Args={'value': 21, 'prev_value': 20, 'change': 1}
2026-06-18 03:28:51,753 : INFO : SwitchController : <<<<<<< 's_slingshot_left' inactive >>>>>>>
2026-06-18 03:28:51,847 : INFO : SwitchController : <<<<<<< 's_slingshot_left' active >>>>>>>
2026-06-18 03:28:51,848 : INFO : EventManager : Event: ======'playfield_active'====== Args={'source': 'left_sling'}
2026-06-18 03:28:51,848 : INFO : EventManager : Event: ======'unexpected_ball_on_playfield'====== Args={}
2026-06-18 03:28:51,848 : INFO : EventManager : Event: ======'machine_var_audits_switches_s_slingshot_left'====== Args={'value': 22, 'prev_value': 21, 'change': 1}
2026-06-18 03:28:51,940 : INFO : SwitchController : <<<<<<< 's_slingshot_left' inactive >>>>>>>
2026-06-18 03:28:52,033 : INFO : SwitchController : <<<<<<< 's_slingshot_left' active >>>>>>>
2026-06-18 03:28:52,034 : INFO : EventManager : Event: ======'playfield_active'====== Args={'source': 'left_sling'}
2026-06-18 03:28:52,034 : INFO : EventManager : Event: ======'unexpected_ball_on_playfield'====== Args={}
2026-06-18 03:28:52,035 : INFO : EventManager : Event: ======'machine_var_audits_switches_s_slingshot_left'====== Args={'value': 23, 'prev_value': 22, 'change': 1}
2026-06-18 03:28:52,112 : INFO : SwitchController : <<<<<<< 's_slingshot_left' inactive >>>>>>>
