2026-06-03 23:27:33,485 : INFO : root : Loading config.
2026-06-03 23:27:33,488 : INFO : YamlMultifileConfigLoader : Machine config file #1: config.yaml
2026-06-03 23:27:33,488 : WARNING : ConfigProcessor : Config file in cache changed: C:\pinball\config\config.yaml
2026-06-03 23:27:33,488 : INFO : ConfigProcessor : Loading config from file C:\Users\mpf\AppData\Local\Programs\Python\Python313\Lib\site-packages\mpf\mpfconfig.yaml.
2026-06-03 23:27:33,537 : INFO : ConfigProcessor : Loading config: C:\Users\mpf\AppData\Local\Programs\Python\Python313\Lib\site-packages\mpf\mpfconfig.yaml
2026-06-03 23:27:33,538 : INFO : ConfigProcessor : Loading config from file C:\pinball\config\config.yaml.
2026-06-03 23:27:33,545 : INFO : ConfigProcessor : Loading config: C:\pinball\config\config.yaml
2026-06-03 23:27:33,546 : INFO : ConfigProcessor : Config file cache created: C:\Users\mpf\AppData\Local\Temp\6d5b600d7be1a6495e3e5a66bc905d87.mpf_cache
2026-06-03 23:27:33,633 : INFO : ConfigProcessor : Loading config from cache: C:\Users\mpf\AppData\Local\Temp\8f40fc9be560776ef72c29fc1142b5c0.mpf_cache
2026-06-03 23:27:33,634 : INFO : ConfigProcessor : Loading config from cache: C:\Users\mpf\AppData\Local\Temp\280ef0bf7d2e5d11f4cb038a53adbb41.mpf_cache
2026-06-03 23:27:33,634 : INFO : Machine : Mission Pinball Framework Core Engine v0.80.0.dev13
2026-06-03 23:27:33,634 : INFO : Machine : Command line arguments: {'no_load_cache': False, 'create_config_cache': True, 'bcp': False, 'configfile': ['config.yaml'], 'force_assets_load': False, 'platform_integration_test': False, 'jsonlogging': False, 'logfile': 'logs\\2026-06-03-23-27-33-mpf-DESKTOP-OC28BPB.log', 'pause': False, 'production': False, 'text_ui': False, 'loglevel': 15, 'consoleloglevel': 20, 'force_platform': None, 'syslog_address': None, 'full_logfile_path': 'C:\\pinball\\logs\\2026-06-03-23-27-33-mpf-DESKTOP-OC28BPB.log'}
2026-06-03 23:27:33,634 : INFO : Machine : MPF path: C:\Users\mpf\AppData\Local\Programs\Python\Python313\Lib\site-packages\mpf
2026-06-03 23:27:33,634 : INFO : Machine : Machine path: C:\pinball
2026-06-03 23:27:33,634 : INFO : Machine : Platform: win32
2026-06-03 23:27:33,634 : INFO : Machine : Python executable location: C:\Users\mpf\AppData\Local\Programs\Python\Python313\python.exe
2026-06-03 23:27:33,634 : INFO : Machine : Python version: 3.13.12 (64-bit)
2026-06-03 23:27:33,636 : INFO : Machine : Initializing MPF...
2026-06-03 23:27:33,737 : INFO : FAST : Auto-detecting ports for the following connections: ['net']
2026-06-03 23:27:33,766 : INFO : FAST : Detected NET on port COM4
2026-06-03 23:27:33,882 : INFO : FAST [NET] : Trying to connect to COM4 at 921600bps
2026-06-03 23:27:33,892 : INFO : FAST [NET] : Connected to COM4 at 921600bps
2026-06-03 23:27:33,910 : INFO : FAST [NET] : Connected to FP-CPU-2000 with firmware v02.26
2026-06-03 23:27:33,926 : INFO : FAST [NET] : Registered I/O Board 0: Model: FP-I/O-3208, Firmware: 01.10, Switches: 32, Drivers: 8
2026-06-03 23:27:33,927 : INFO : EventManager : Event: ======'machine_var_credits_string'====== Args={'value': 'FREE PLAY', 'prev_value': None, 'change': True}
2026-06-03 23:27:33,954 : INFO : EventManager : Event: ======'machine_var_master_volume'====== Args={'value': 0.5, 'prev_value': None, 'change': True}
2026-06-03 23:27:33,954 : INFO : EventManager : Event: ======'machine_var_mpf_version'====== Args={'value': 'Mission Pinball Framework v0.80.0.dev13', 'prev_value': None, 'change': True}
2026-06-03 23:27:33,954 : INFO : EventManager : Event: ======'machine_var_mpf_extended_version'====== Args={'value': 'Mission Pinball Framework v0.80.0.dev13, Config version:6, Show version: 6, BCP version:1.1', 'prev_value': None, 'change': True}
2026-06-03 23:27:33,954 : INFO : EventManager : Event: ======'machine_var_python_version'====== Args={'value': '3.13.12', 'prev_value': None, 'change': True}
2026-06-03 23:27:33,993 : INFO : EventManager : Event: ======'machine_var_platform'====== Args={'value': 'Windows-11-10.0.26200-SP0', 'prev_value': None, 'change': True}
2026-06-03 23:27:33,993 : INFO : EventManager : Event: ======'machine_var_platform_system'====== Args={'value': 'Windows', 'prev_value': None, 'change': True}
2026-06-03 23:27:33,993 : INFO : EventManager : Event: ======'machine_var_platform_release'====== Args={'value': '11', 'prev_value': None, 'change': True}
2026-06-03 23:27:33,993 : INFO : EventManager : Event: ======'machine_var_platform_version'====== Args={'value': '10.0.26200', 'prev_value': None, 'change': True}
2026-06-03 23:27:33,993 : INFO : EventManager : Event: ======'machine_var_platform_machine'====== Args={'value': 'AMD64', 'prev_value': None, 'change': True}
2026-06-03 23:27:33,993 : INFO : EventManager : Event: ======'machine_var_log_file_path'====== Args={'value': 'C:\\pinball\\logs\\2026-06-03-23-27-33-mpf-DESKTOP-OC28BPB.log', 'prev_value': None, 'change': True}
2026-06-03 23:27:33,993 : INFO : EventManager : Event: ======'init_phase_1'====== Args={}
2026-06-03 23:27:34,009 : ERROR : asyncio : Task exception was never retrieved
future: <Task finished name='Task-14' coro=<SystemWideDevice.device_added_system_wide() done, defined at C:\Users\mpf\AppData\Local\Programs\Python\Python313\Lib\site-packages\mpf\core\system_wide_device.py:15> exception=AssertionError('Failed to configure driver c_flipper_left_main in platform. See error above')>
Traceback (most recent call last):
  File "C:\Users\mpf\AppData\Local\Programs\Python\Python313\Lib\site-packages\mpf\platforms\fast\fast.py", line 346, in _parse_driver_number
    board = self.io_boards_by_name[board_str]
            ~~~~~~~~~~~~~~~~~~~~~~^^^^^^^^^^^
KeyError: '0'

During handling of the above exception, another exception occurred:

Traceback (most recent call last):
  File "C:\Users\mpf\AppData\Local\Programs\Python\Python313\Lib\site-packages\mpf\devices\driver.py", line 118, in _initialize
    self.hw_driver = self.platform.configure_driver(config, self.config['number'], platform_settings)
                     ~~~~~~~~~~~~~~~~~~~~~~~~~~~~~~^^^^^^^^^^^^^^^^^^^^^^^^^^^^^^^^^^^^^^^^^^^^^^^^^^
  File "C:\Users\mpf\AppData\Local\Programs\Python\Python313\Lib\site-packages\mpf\platforms\fast\fast.py", line 395, in configure_driver
    index = self._parse_driver_number(number)
  File "C:\Users\mpf\AppData\Local\Programs\Python\Python313\Lib\site-packages\mpf\platforms\fast\fast.py", line 348, in _parse_driver_number
    raise AssertionError(f"I/O Board {board_str} does not exist for driver {number}")
AssertionError: I/O Board 0 does not exist for driver 0-5

The above exception was the direct cause of the following exception:

Traceback (most recent call last):
  File "C:\Users\mpf\AppData\Local\Programs\Python\Python313\Lib\site-packages\mpf\core\system_wide_device.py", line 17, in device_added_system_wide
    await self._initialize()
  File "C:\Users\mpf\AppData\Local\Programs\Python\Python313\Lib\site-packages\mpf\devices\driver.py", line 120, in _initialize
    raise AssertionError("Failed to configure driver {} in platform. See error above".format(self.name)) from e
AssertionError: Failed to configure driver c_flipper_left_main in platform. See error above
2026-06-03 23:27:34,012 : INFO : Machine : Starting the main run loop with active modes: []
2026-06-03 23:27:34,012 : WARNING : Machine : Attract mode is not active, game will not be playable. Please check your attract mode configuration.
2026-06-03 23:27:34,013 : INFO : Machine : Shutting down...
2026-06-03 23:27:34,013 : INFO : EventManager : Event: ======'shutdown'====== Args={}
2026-06-03 23:27:35,133 : ERROR : Machine : Runtime Exception
Traceback (most recent call last):
  File "C:\Users\mpf\AppData\Local\Programs\Python\Python313\Lib\site-packages\mpf\platforms\fast\fast.py", line 346, in _parse_driver_number
    board = self.io_boards_by_name[board_str]
            ~~~~~~~~~~~~~~~~~~~~~~^^^^^^^^^^^
KeyError: '0'

During handling of the above exception, another exception occurred:

Traceback (most recent call last):
  File "C:\Users\mpf\AppData\Local\Programs\Python\Python313\Lib\site-packages\mpf\devices\driver.py", line 118, in _initialize
    self.hw_driver = self.platform.configure_driver(config, self.config['number'], platform_settings)
                     ~~~~~~~~~~~~~~~~~~~~~~~~~~~~~~^^^^^^^^^^^^^^^^^^^^^^^^^^^^^^^^^^^^^^^^^^^^^^^^^^
  File "C:\Users\mpf\AppData\Local\Programs\Python\Python313\Lib\site-packages\mpf\platforms\fast\fast.py", line 395, in configure_driver
    index = self._parse_driver_number(number)
  File "C:\Users\mpf\AppData\Local\Programs\Python\Python313\Lib\site-packages\mpf\platforms\fast\fast.py", line 348, in _parse_driver_number
    raise AssertionError(f"I/O Board {board_str} does not exist for driver {number}")
AssertionError: I/O Board 0 does not exist for driver 0-5

The above exception was the direct cause of the following exception:

Traceback (most recent call last):
  File "C:\Users\mpf\AppData\Local\Programs\Python\Python313\Lib\site-packages\mpf\core\machine.py", line 810, in _run_loop
    raise self._exception['exception']
  File "C:\Users\mpf\AppData\Local\Programs\Python\Python313\Lib\site-packages\mpf\core\system_wide_device.py", line 17, in device_added_system_wide
    await self._initialize()
  File "C:\Users\mpf\AppData\Local\Programs\Python\Python313\Lib\site-packages\mpf\devices\driver.py", line 120, in _initialize
    raise AssertionError("Failed to configure driver {} in platform. See error above".format(self.name)) from e
AssertionError: Failed to configure driver c_flipper_left_main in platform. See error above
2026-06-03 23:27:35,140 : INFO : root : MPF run loop ended.
