2026-06-18 01:08:02,905 : INFO : root : Loading config.
2026-06-18 01:08:02,909 : INFO : YamlMultifileConfigLoader : Machine config file #1: config.yaml
2026-06-18 01:08:02,910 : INFO : ConfigProcessor : Loading config from cache: C:\Users\mpf\AppData\Local\Temp\6d5b600d7be1a6495e3e5a66bc905d87.mpf_cache
2026-06-18 01:08:02,988 : INFO : ConfigProcessor : Loading config from cache: C:\Users\mpf\AppData\Local\Temp\8f40fc9be560776ef72c29fc1142b5c0.mpf_cache
2026-06-18 01:08:02,989 : INFO : ConfigProcessor : Loading config from cache: C:\Users\mpf\AppData\Local\Temp\280ef0bf7d2e5d11f4cb038a53adbb41.mpf_cache
2026-06-18 01:08:02,989 : INFO : Machine : Mission Pinball Framework Core Engine v0.80.0.dev13
2026-06-18 01:08:02,989 : INFO : Machine : Command line arguments: {'no_load_cache': False, 'create_config_cache': True, 'bcp': True, 'configfile': ['config.yaml'], 'force_assets_load': False, 'platform_integration_test': False, 'jsonlogging': False, 'logfile': 'logs\\2026-06-18-01-08-02-mpf-DESKTOP-OC28BPB.log', 'pause': False, 'production': False, 'text_ui': True, 'loglevel': 15, 'consoleloglevel': 20, 'force_platform': None, 'syslog_address': None, 'full_logfile_path': 'C:\\pinball\\logs\\2026-06-18-01-08-02-mpf-DESKTOP-OC28BPB.log'}
2026-06-18 01:08:02,989 : INFO : Machine : MPF path: C:\Users\mpf\AppData\Local\Programs\Python\Python313\Lib\site-packages\mpf
2026-06-18 01:08:02,989 : INFO : Machine : Machine path: C:\pinball
2026-06-18 01:08:02,989 : INFO : Machine : Platform: win32
2026-06-18 01:08:02,989 : INFO : Machine : Python executable location: C:\Users\mpf\AppData\Local\Programs\Python\Python313\python.exe
2026-06-18 01:08:02,989 : INFO : Machine : Python version: 3.13.12 (64-bit)
2026-06-18 01:08:02,991 : INFO : Machine : Initializing MPF...
2026-06-18 01:08:03,173 : INFO : FAST : Auto-detecting ports for the following connections: ['net']
2026-06-18 01:08:03,204 : INFO : FAST : Detected NET on port COM4
2026-06-18 01:08:03,314 : INFO : FAST [NET] : Trying to connect to COM4 at 921600bps
2026-06-18 01:08:03,323 : INFO : FAST [NET] : Connected to COM4 at 921600bps
2026-06-18 01:08:03,327 : INFO : FAST [NET] : Connected to FP-CPU-2000 with firmware v02.26
2026-06-18 01:08:03,359 : INFO : FAST [NET] : Registered I/O Board 0: Model: FP-I/O-3208, Firmware: 01.10, Switches: 32, Drivers: 8
2026-06-18 01:08:03,360 : INFO : EventManager : Event: ======'machine_var_credits_string'====== Args={'value': 'FREE PLAY', 'prev_value': None, 'change': True}
2026-06-18 01:08:03,391 : INFO : EventManager : Event: ======'machine_var_master_volume'====== Args={'value': 0.5, 'prev_value': None, 'change': True}
2026-06-18 01:08:03,391 : INFO : EventManager : Event: ======'machine_var_player1_score'====== Args={'value': 0, 'prev_value': None, 'change': True}
2026-06-18 01:08:03,391 : INFO : EventManager : Event: ======'machine_var_mpf_version'====== Args={'value': 'Mission Pinball Framework v0.80.0.dev13', 'prev_value': None, 'change': True}
2026-06-18 01:08:03,391 : INFO : EventManager : Event: ======'machine_var_mpf_extended_version'====== Args={'value': 'Mission Pinball Framework v0.80.0.dev13, Config version:6, Show version: 6, BCP version:1.1', 'prev_value': None, 'change': True}
2026-06-18 01:08:03,391 : INFO : EventManager : Event: ======'machine_var_python_version'====== Args={'value': '3.13.12', 'prev_value': None, 'change': True}
2026-06-18 01:08:03,429 : INFO : EventManager : Event: ======'machine_var_platform'====== Args={'value': 'Windows-11-10.0.26200-SP0', 'prev_value': None, 'change': True}
2026-06-18 01:08:03,429 : INFO : EventManager : Event: ======'machine_var_platform_system'====== Args={'value': 'Windows', 'prev_value': None, 'change': True}
2026-06-18 01:08:03,429 : INFO : EventManager : Event: ======'machine_var_platform_release'====== Args={'value': '11', 'prev_value': None, 'change': True}
2026-06-18 01:08:03,429 : INFO : EventManager : Event: ======'machine_var_platform_version'====== Args={'value': '10.0.26200', 'prev_value': None, 'change': True}
2026-06-18 01:08:03,429 : INFO : EventManager : Event: ======'machine_var_platform_machine'====== Args={'value': 'AMD64', 'prev_value': None, 'change': True}
2026-06-18 01:08:03,429 : INFO : EventManager : Event: ======'machine_var_log_file_path'====== Args={'value': 'C:\\pinball\\logs\\2026-06-18-01-08-02-mpf-DESKTOP-OC28BPB.log', 'prev_value': None, 'change': True}
2026-06-18 01:08:03,429 : INFO : EventManager : Event: ======'init_phase_1'====== Args={}
2026-06-18 01:08:05,730 : INFO : SwitchController : <<<<<<< 's_trough_ball_jam' active >>>>>>>
2026-06-18 01:08:05,730 : INFO : SwitchController : <<<<<<< 's_trough_ball_1' active >>>>>>>
2026-06-18 01:08:05,731 : INFO : EventManager : Event: ======'init_phase_2'====== Args={}
2026-06-18 01:08:05,733 : INFO : SwitchController : Found active switch: (6, [FAST Platform Interface]) <switch.s_trough_ball_jam>
2026-06-18 01:08:05,733 : INFO : SwitchController : Found active switch: (0, [FAST Platform Interface]) <switch.s_trough_ball_1>
2026-06-18 01:08:05,736 : INFO : EventManager : Event: ======'bcp_connection_attempt'====== Args={'name': 'local_display', 'host': 'localhost', 'port': 5050}
2026-06-18 01:08:05,739 : INFO : BCPClientSocket : Connecting BCP to 'local_display' at localhost:5050...
2026-06-18 01:08:05,762 : INFO : BCPClientSocket : Connected BCP to 'local_display' localhost:5050
2026-06-18 01:08:05,763 : INFO : EventManager : Event: ======'bcp_clients_connected'====== Args={}
2026-06-18 01:08:06,232 : INFO : ball_device.bd_trough : BCH: Initial count: 1
2026-06-18 01:08:06,233 : INFO : ball_device.bd_trough : State: idle
2026-06-18 01:08:06,235 : INFO : ball_device.bd_plunger : BCH: Initial count: 0
2026-06-18 01:08:06,236 : INFO : ball_device.bd_plunger : State: idle
2026-06-18 01:08:06,249 : INFO : EventManager : Event: ======'init_phase_3'====== Args={}
2026-06-18 01:08:06,251 : INFO : EventManager : Event: ======'init_phase_4'====== Args={}
2026-06-18 01:08:06,252 : INFO : BallController : Initial balls found: 1
2026-06-18 01:08:06,253 : INFO : EventManager : Event: ======'machine_var_audits_events_game_ended'====== Args={'value': 5, 'prev_value': None, 'change': True}
2026-06-18 01:08:06,253 : INFO : EventManager : Event: ======'machine_var_audits_events_game_started'====== Args={'value': 17, 'prev_value': None, 'change': True}
2026-06-18 01:08:06,253 : INFO : EventManager : Event: ======'machine_var_audits_missing_switches_s_flipper_left_eos'====== Args={'value': 1, 'prev_value': None, 'change': True}
2026-06-18 01:08:06,253 : INFO : EventManager : Event: ======'machine_var_audits_missing_switches_s_flipper_right_eos'====== Args={'value': 1, 'prev_value': None, 'change': True}
2026-06-18 01:08:06,253 : INFO : EventManager : Event: ======'machine_var_audits_missing_switches_s_launch'====== Args={'value': 13, 'prev_value': None, 'change': True}
2026-06-18 01:08:06,253 : INFO : EventManager : Event: ======'machine_var_audits_missing_switches_s_left_flipper'====== Args={'value': 1, 'prev_value': None, 'change': True}
2026-06-18 01:08:06,253 : INFO : EventManager : Event: ======'machine_var_audits_missing_switches_s_left_inlane'====== Args={'value': 9, 'prev_value': None, 'change': True}
2026-06-18 01:08:06,253 : INFO : EventManager : Event: ======'machine_var_audits_missing_switches_s_right_flipper'====== Args={'value': 1, 'prev_value': None, 'change': True}
2026-06-18 01:08:06,253 : INFO : EventManager : Event: ======'machine_var_audits_missing_switches_s_right_inlane'====== Args={'value': 1, 'prev_value': None, 'change': True}
2026-06-18 01:08:06,253 : INFO : EventManager : Event: ======'machine_var_audits_missing_switches_s_right_outlane'====== Args={'value': 1, 'prev_value': None, 'change': True}
2026-06-18 01:08:06,253 : INFO : EventManager : Event: ======'machine_var_audits_missing_switches_s_slingshot_left'====== Args={'value': 1, 'prev_value': None, 'change': True}
2026-06-18 01:08:06,254 : INFO : EventManager : Event: ======'machine_var_audits_missing_switches_s_slingshot_right'====== Args={'value': 1, 'prev_value': None, 'change': True}
2026-06-18 01:08:06,254 : INFO : EventManager : Event: ======'machine_var_audits_missing_switches_s_start'====== Args={'value': 3, 'prev_value': None, 'change': True}
2026-06-18 01:08:06,254 : INFO : EventManager : Event: ======'machine_var_audits_player_score'====== Args={'value': {'average': 0, 'top': [0, 0, 0, 0, 0], 'total': 5}, 'prev_value': None, 'change': True}
2026-06-18 01:08:06,254 : INFO : EventManager : Event: ======'machine_var_audits_switches_s_flipper_left_eos'====== Args={'value': 5, 'prev_value': None, 'change': True}
2026-06-18 01:08:06,254 : INFO : EventManager : Event: ======'machine_var_audits_switches_s_flipper_right_eos'====== Args={'value': 3, 'prev_value': None, 'change': True}
2026-06-18 01:08:06,254 : INFO : EventManager : Event: ======'machine_var_audits_switches_s_launch'====== Args={'value': 2, 'prev_value': None, 'change': True}
2026-06-18 01:08:06,254 : INFO : EventManager : Event: ======'machine_var_audits_switches_s_left_flipper'====== Args={'value': 6, 'prev_value': None, 'change': True}
2026-06-18 01:08:06,254 : INFO : EventManager : Event: ======'machine_var_audits_switches_s_left_inlane'====== Args={'value': 9, 'prev_value': None, 'change': True}
2026-06-18 01:08:06,254 : INFO : EventManager : Event: ======'machine_var_audits_switches_s_left_outlane'====== Args={'value': 17, 'prev_value': None, 'change': True}
2026-06-18 01:08:06,254 : INFO : EventManager : Event: ======'machine_var_audits_switches_s_plunger'====== Args={'value': 16, 'prev_value': None, 'change': True}
2026-06-18 01:08:06,254 : INFO : EventManager : Event: ======'machine_var_audits_switches_s_right_flipper'====== Args={'value': 8, 'prev_value': None, 'change': True}
2026-06-18 01:08:06,254 : INFO : EventManager : Event: ======'machine_var_audits_switches_s_right_inlane'====== Args={'value': 7, 'prev_value': None, 'change': True}
2026-06-18 01:08:06,254 : INFO : EventManager : Event: ======'machine_var_audits_switches_s_right_outlane'====== Args={'value': 24, 'prev_value': None, 'change': True}
2026-06-18 01:08:06,254 : INFO : EventManager : Event: ======'machine_var_audits_switches_s_slingshot_left'====== Args={'value': 18, 'prev_value': None, 'change': True}
2026-06-18 01:08:06,254 : INFO : EventManager : Event: ======'machine_var_audits_switches_s_slingshot_right'====== Args={'value': 25, 'prev_value': None, 'change': True}
2026-06-18 01:08:06,254 : INFO : EventManager : Event: ======'machine_var_audits_switches_s_start'====== Args={'value': 0, 'prev_value': None, 'change': True}
2026-06-18 01:08:06,254 : INFO : EventManager : Event: ======'machine_var_audits_switches_s_trough_ball_1'====== Args={'value': 101, 'prev_value': None, 'change': True}
2026-06-18 01:08:06,255 : INFO : EventManager : Event: ======'machine_var_audits_switches_s_trough_ball_2'====== Args={'value': 27, 'prev_value': None, 'change': True}
2026-06-18 01:08:06,255 : INFO : EventManager : Event: ======'machine_var_audits_switches_s_trough_ball_3'====== Args={'value': 15, 'prev_value': None, 'change': True}
2026-06-18 01:08:06,255 : INFO : EventManager : Event: ======'machine_var_audits_switches_s_trough_ball_4'====== Args={'value': 15, 'prev_value': None, 'change': True}
2026-06-18 01:08:06,255 : INFO : EventManager : Event: ======'machine_var_audits_switches_s_trough_ball_5'====== Args={'value': 15, 'prev_value': None, 'change': True}
2026-06-18 01:08:06,255 : INFO : EventManager : Event: ======'machine_var_audits_switches_s_trough_ball_6'====== Args={'value': 15, 'prev_value': None, 'change': True}
2026-06-18 01:08:06,255 : INFO : EventManager : Event: ======'machine_var_audits_switches_s_trough_ball_jam'====== Args={'value': 53, 'prev_value': None, 'change': True}
2026-06-18 01:08:06,255 : INFO : EventManager : Event: ======'init_phase_5'====== Args={}
2026-06-18 01:08:06,255 : INFO : EventManager : Event: ======'init_done'====== Args={}
2026-06-18 01:08:06,255 : INFO : EventManager : Event: ======'machine_reset_phase_1'====== Args={}
2026-06-18 01:08:06,273 : INFO : EventManager : Event: ======'machine_reset_phase_2'====== Args={}
2026-06-18 01:08:06,273 : INFO : EventManager : Event: ======'machine_reset_phase_3'====== Args={}
2026-06-18 01:08:06,273 : INFO : EventManager : Event: ======'reset_complete'====== Args={}
2026-06-18 01:08:06,273 : INFO : EventManager : Event: ======'mode_attract_will_start'====== Args={}
2026-06-18 01:08:06,274 : INFO : EventManager : Event: ======'mode_attract_starting'====== Args={}
2026-06-18 01:08:06,274 : INFO : Mode.attract : Started. Priority: 10
2026-06-18 01:08:06,274 : INFO : EventManager : Event: ======'modes_active_modes_changed'====== Args={}
2026-06-18 01:08:06,274 : INFO : EventManager : Event: ======'mode_attract_started'====== Args={}
2026-06-18 01:08:06,275 : INFO : EventManager : Event: ======'collecting_balls_complete'====== Args={}
2026-06-18 01:08:06,275 : INFO : Machine : Starting the main run loop with active modes: [<Mode.attract>]
2026-06-18 01:08:06,296 : INFO : EventManager : Event: ======'slide_attract_created'====== Args={'_from_bcp': True}
2026-06-18 01:08:06,296 : INFO : EventManager : Event: ======'slide__removed'====== Args={'_from_bcp': True}
2026-06-18 01:08:06,297 : INFO : EventManager : Event: ======'slide_attract_active'====== Args={'original_context': 'attract', 'original_calling_context': 'mode_attract_started', 'priority': 10.0, 'cmd': 'slides_play', '_from_bcp': True}
2026-06-18 01:08:46,387 : INFO : SwitchController : <<<<<<< 's_left_outlane' active >>>>>>>
2026-06-18 01:08:46,513 : INFO : SwitchController : <<<<<<< 's_left_outlane' inactive >>>>>>>
2026-06-18 01:08:46,748 : INFO : SwitchController : <<<<<<< 's_left_outlane' active >>>>>>>
2026-06-18 01:08:46,876 : INFO : SwitchController : <<<<<<< 's_left_outlane' inactive >>>>>>>
2026-06-18 01:08:47,119 : INFO : SwitchController : <<<<<<< 's_left_outlane' active >>>>>>>
2026-06-18 01:08:47,190 : INFO : SwitchController : <<<<<<< 's_left_outlane' inactive >>>>>>>
2026-06-18 01:08:47,331 : INFO : SwitchController : <<<<<<< 's_left_outlane' active >>>>>>>
2026-06-18 01:08:47,394 : INFO : SwitchController : <<<<<<< 's_left_outlane' inactive >>>>>>>
2026-06-18 01:08:57,977 : INFO : SwitchController : <<<<<<< 's_slingshot_left' active >>>>>>>
2026-06-18 01:08:58,165 : INFO : SwitchController : <<<<<<< 's_slingshot_left' inactive >>>>>>>
2026-06-18 01:08:58,307 : INFO : SwitchController : <<<<<<< 's_slingshot_left' active >>>>>>>
2026-06-18 01:08:58,449 : INFO : SwitchController : <<<<<<< 's_slingshot_left' inactive >>>>>>>
2026-06-18 01:08:58,780 : INFO : SwitchController : <<<<<<< 's_slingshot_left' active >>>>>>>
2026-06-18 01:08:58,953 : INFO : SwitchController : <<<<<<< 's_slingshot_left' inactive >>>>>>>
2026-06-18 01:08:59,064 : INFO : SwitchController : <<<<<<< 's_slingshot_left' active >>>>>>>
2026-06-18 01:08:59,266 : INFO : SwitchController : <<<<<<< 's_slingshot_left' inactive >>>>>>>
2026-06-18 01:09:20,371 : INFO : SwitchController : <<<<<<< 's_left_inlane' active >>>>>>>
2026-06-18 01:09:20,399 : INFO : SwitchController : <<<<<<< 's_left_inlane' inactive >>>>>>>
2026-06-18 01:09:28,398 : INFO : SwitchController : <<<<<<< 's_left_inlane' active >>>>>>>
2026-06-18 01:09:28,556 : INFO : SwitchController : <<<<<<< 's_left_inlane' inactive >>>>>>>
2026-06-18 01:09:28,668 : INFO : SwitchController : <<<<<<< 's_left_inlane' active >>>>>>>
2026-06-18 01:09:28,761 : INFO : SwitchController : <<<<<<< 's_left_inlane' inactive >>>>>>>
2026-06-18 01:09:28,856 : INFO : SwitchController : <<<<<<< 's_left_inlane' active >>>>>>>
2026-06-18 01:09:29,013 : INFO : SwitchController : <<<<<<< 's_left_inlane' inactive >>>>>>>
2026-06-18 01:09:29,122 : INFO : SwitchController : <<<<<<< 's_left_inlane' active >>>>>>>
2026-06-18 01:09:29,249 : INFO : SwitchController : <<<<<<< 's_left_inlane' inactive >>>>>>>
2026-06-18 01:09:29,296 : INFO : SwitchController : <<<<<<< 's_left_inlane' active >>>>>>>
2026-06-18 01:09:29,391 : INFO : SwitchController : <<<<<<< 's_left_inlane' inactive >>>>>>>
2026-06-18 01:09:29,677 : INFO : SwitchController : <<<<<<< 's_left_outlane' active >>>>>>>
2026-06-18 01:09:29,820 : INFO : SwitchController : <<<<<<< 's_left_outlane' inactive >>>>>>>
2026-06-18 01:09:29,946 : INFO : SwitchController : <<<<<<< 's_left_outlane' active >>>>>>>
2026-06-18 01:09:30,040 : INFO : SwitchController : <<<<<<< 's_left_outlane' inactive >>>>>>>
2026-06-18 01:09:30,133 : INFO : SwitchController : <<<<<<< 's_left_outlane' active >>>>>>>
2026-06-18 01:09:30,243 : INFO : SwitchController : <<<<<<< 's_left_outlane' inactive >>>>>>>
2026-06-18 01:09:50,259 : INFO : Machine : Shutting down...
2026-06-18 01:09:50,259 : INFO : EventManager : Event: ======'shutdown'====== Args={}
2026-06-18 01:09:50,383 : INFO : root : MPF run loop ended.
