2026-06-09 00:04:19,586 : INFO : root : Loading config.
2026-06-09 00:04:19,589 : INFO : YamlMultifileConfigLoader : Machine config file #1: config.yaml
2026-06-09 00:04:19,589 : INFO : ConfigProcessor : Loading config from cache: C:\Users\mpf\AppData\Local\Temp\6d5b600d7be1a6495e3e5a66bc905d87.mpf_cache
2026-06-09 00:04:19,667 : INFO : ConfigProcessor : Loading config from cache: C:\Users\mpf\AppData\Local\Temp\8f40fc9be560776ef72c29fc1142b5c0.mpf_cache
2026-06-09 00:04:19,668 : INFO : ConfigProcessor : Loading config from cache: C:\Users\mpf\AppData\Local\Temp\280ef0bf7d2e5d11f4cb038a53adbb41.mpf_cache
2026-06-09 00:04:19,669 : INFO : Machine : Mission Pinball Framework Core Engine v0.80.0.dev13
2026-06-09 00:04:19,669 : INFO : Machine : Command line arguments: {'no_load_cache': False, 'create_config_cache': True, 'bcp': False, 'configfile': ['config.yaml'], 'force_assets_load': False, 'platform_integration_test': False, 'jsonlogging': False, 'logfile': 'logs\\2026-06-09-00-04-19-mpf-DESKTOP-OC28BPB.log', 'pause': False, 'production': False, 'text_ui': False, 'loglevel': 15, 'consoleloglevel': 20, 'force_platform': None, 'syslog_address': None, 'full_logfile_path': 'C:\\pinball\\logs\\2026-06-09-00-04-19-mpf-DESKTOP-OC28BPB.log'}
2026-06-09 00:04:19,669 : INFO : Machine : MPF path: C:\Users\mpf\AppData\Local\Programs\Python\Python313\Lib\site-packages\mpf
2026-06-09 00:04:19,669 : INFO : Machine : Machine path: C:\pinball
2026-06-09 00:04:19,669 : INFO : Machine : Platform: win32
2026-06-09 00:04:19,669 : INFO : Machine : Python executable location: C:\Users\mpf\AppData\Local\Programs\Python\Python313\python.exe
2026-06-09 00:04:19,669 : INFO : Machine : Python version: 3.13.12 (64-bit)
2026-06-09 00:04:19,670 : INFO : Machine : Initializing MPF...
2026-06-09 00:04:19,772 : INFO : FAST : Auto-detecting ports for the following connections: ['net']
2026-06-09 00:04:19,808 : INFO : FAST : Detected NET on port COM4
2026-06-09 00:04:19,925 : INFO : FAST [NET] : Trying to connect to COM4 at 921600bps
2026-06-09 00:04:19,931 : INFO : FAST [NET] : Connected to COM4 at 921600bps
2026-06-09 00:04:19,936 : INFO : FAST [NET] : Connected to FP-CPU-2000 with firmware v02.26
2026-06-09 00:04:19,969 : INFO : FAST [NET] : Registered I/O Board 0: Model: FP-I/O-3208, Firmware: 01.10, Switches: 32, Drivers: 8
2026-06-09 00:04:19,970 : INFO : EventManager : Event: ======'machine_var_credits_string'====== Args={'value': 'FREE PLAY', 'prev_value': None, 'change': True}
2026-06-09 00:04:19,996 : INFO : EventManager : Event: ======'machine_var_master_volume'====== Args={'value': 0.5, 'prev_value': None, 'change': True}
2026-06-09 00:04:19,996 : INFO : EventManager : Event: ======'machine_var_mpf_version'====== Args={'value': 'Mission Pinball Framework v0.80.0.dev13', 'prev_value': None, 'change': True}
2026-06-09 00:04:19,997 : INFO : EventManager : Event: ======'machine_var_mpf_extended_version'====== Args={'value': 'Mission Pinball Framework v0.80.0.dev13, Config version:6, Show version: 6, BCP version:1.1', 'prev_value': None, 'change': True}
2026-06-09 00:04:19,997 : INFO : EventManager : Event: ======'machine_var_python_version'====== Args={'value': '3.13.12', 'prev_value': None, 'change': True}
2026-06-09 00:04:20,030 : INFO : EventManager : Event: ======'machine_var_platform'====== Args={'value': 'Windows-11-10.0.26200-SP0', 'prev_value': None, 'change': True}
2026-06-09 00:04:20,030 : INFO : EventManager : Event: ======'machine_var_platform_system'====== Args={'value': 'Windows', 'prev_value': None, 'change': True}
2026-06-09 00:04:20,030 : INFO : EventManager : Event: ======'machine_var_platform_release'====== Args={'value': '11', 'prev_value': None, 'change': True}
2026-06-09 00:04:20,030 : INFO : EventManager : Event: ======'machine_var_platform_version'====== Args={'value': '10.0.26200', 'prev_value': None, 'change': True}
2026-06-09 00:04:20,030 : INFO : EventManager : Event: ======'machine_var_platform_machine'====== Args={'value': 'AMD64', 'prev_value': None, 'change': True}
2026-06-09 00:04:20,030 : INFO : EventManager : Event: ======'machine_var_log_file_path'====== Args={'value': 'C:\\pinball\\logs\\2026-06-09-00-04-19-mpf-DESKTOP-OC28BPB.log', 'prev_value': None, 'change': True}
2026-06-09 00:04:20,030 : INFO : EventManager : Event: ======'init_phase_1'====== Args={}
2026-06-09 00:04:22,034 : INFO : SwitchController : <<<<<<< 's_trough_ball_2' active >>>>>>>
2026-06-09 00:04:22,034 : INFO : SwitchController : <<<<<<< 's_trough_ball_3' active >>>>>>>
2026-06-09 00:04:22,035 : INFO : SwitchController : <<<<<<< 's_trough_ball_4' active >>>>>>>
2026-06-09 00:04:22,035 : INFO : SwitchController : <<<<<<< 's_trough_ball_5' active >>>>>>>
2026-06-09 00:04:22,035 : INFO : SwitchController : <<<<<<< 's_trough_ball_6' active >>>>>>>
2026-06-09 00:04:22,037 : INFO : EventManager : Event: ======'init_phase_2'====== Args={}
2026-06-09 00:04:22,039 : INFO : SwitchController : Found active switch: (1, [FAST Platform Interface]) <switch.s_trough_ball_2>
2026-06-09 00:04:22,039 : INFO : SwitchController : Found active switch: (2, [FAST Platform Interface]) <switch.s_trough_ball_3>
2026-06-09 00:04:22,040 : INFO : SwitchController : Found active switch: (3, [FAST Platform Interface]) <switch.s_trough_ball_4>
2026-06-09 00:04:22,040 : INFO : SwitchController : Found active switch: (4, [FAST Platform Interface]) <switch.s_trough_ball_5>
2026-06-09 00:04:22,040 : INFO : SwitchController : Found active switch: (5, [FAST Platform Interface]) <switch.s_trough_ball_6>
2026-06-09 00:04:22,053 : INFO : EventManager : Event: ======'init_phase_3'====== Args={}
2026-06-09 00:04:22,055 : INFO : EventManager : Event: ======'init_phase_4'====== Args={}
2026-06-09 00:04:22,056 : INFO : EventManager : Event: ======'machine_var_audits_switches_s_left_inlane'====== Args={'value': 0, 'prev_value': None, 'change': True}
2026-06-09 00:04:22,057 : INFO : EventManager : Event: ======'machine_var_audits_switches_s_left_flipper'====== Args={'value': 0, 'prev_value': None, 'change': True}
2026-06-09 00:04:22,057 : INFO : EventManager : Event: ======'machine_var_audits_switches_s_right_flipper'====== Args={'value': 0, 'prev_value': None, 'change': True}
2026-06-09 00:04:22,057 : INFO : EventManager : Event: ======'machine_var_audits_switches_s_trough_ball_6'====== Args={'value': 0, 'prev_value': None, 'change': True}
2026-06-09 00:04:22,057 : INFO : EventManager : Event: ======'machine_var_audits_switches_s_left_outlane'====== Args={'value': 0, 'prev_value': None, 'change': True}
2026-06-09 00:04:22,057 : INFO : EventManager : Event: ======'machine_var_audits_switches_s_trough_ball_5'====== Args={'value': 0, 'prev_value': None, 'change': True}
2026-06-09 00:04:22,057 : INFO : EventManager : Event: ======'machine_var_audits_switches_s_flipper_left_eos'====== Args={'value': 0, 'prev_value': None, 'change': True}
2026-06-09 00:04:22,057 : INFO : EventManager : Event: ======'machine_var_audits_switches_s_trough_ball_jam'====== Args={'value': 0, 'prev_value': None, 'change': True}
2026-06-09 00:04:22,057 : INFO : EventManager : Event: ======'machine_var_audits_switches_s_trough_ball_2'====== Args={'value': 0, 'prev_value': None, 'change': True}
2026-06-09 00:04:22,057 : INFO : EventManager : Event: ======'machine_var_audits_switches_s_slingshot_left'====== Args={'value': 0, 'prev_value': None, 'change': True}
2026-06-09 00:04:22,057 : INFO : EventManager : Event: ======'machine_var_audits_switches_s_start'====== Args={'value': 0, 'prev_value': None, 'change': True}
2026-06-09 00:04:22,057 : INFO : EventManager : Event: ======'machine_var_audits_switches_s_launch'====== Args={'value': 0, 'prev_value': None, 'change': True}
2026-06-09 00:04:22,057 : INFO : EventManager : Event: ======'machine_var_audits_switches_s_flipper_right_eos'====== Args={'value': 0, 'prev_value': None, 'change': True}
2026-06-09 00:04:22,057 : INFO : EventManager : Event: ======'machine_var_audits_switches_s_trough_ball_1'====== Args={'value': 0, 'prev_value': None, 'change': True}
2026-06-09 00:04:22,057 : INFO : EventManager : Event: ======'machine_var_audits_switches_s_plunger'====== Args={'value': 0, 'prev_value': None, 'change': True}
2026-06-09 00:04:22,057 : INFO : EventManager : Event: ======'machine_var_audits_switches_s_slingshot_right'====== Args={'value': 0, 'prev_value': None, 'change': True}
2026-06-09 00:04:22,057 : INFO : EventManager : Event: ======'machine_var_audits_switches_s_trough_ball_3'====== Args={'value': 0, 'prev_value': None, 'change': True}
2026-06-09 00:04:22,057 : INFO : EventManager : Event: ======'machine_var_audits_switches_s_right_outlane'====== Args={'value': 0, 'prev_value': None, 'change': True}
2026-06-09 00:04:22,057 : INFO : EventManager : Event: ======'machine_var_audits_switches_s_right_inlane'====== Args={'value': 0, 'prev_value': None, 'change': True}
2026-06-09 00:04:22,057 : INFO : EventManager : Event: ======'machine_var_audits_switches_s_trough_ball_4'====== Args={'value': 0, 'prev_value': None, 'change': True}
2026-06-09 00:04:22,057 : INFO : EventManager : Event: ======'machine_var_audits_events_game_started'====== Args={'value': 0, 'prev_value': None, 'change': True}
2026-06-09 00:04:22,057 : INFO : EventManager : Event: ======'machine_var_audits_events_game_ended'====== Args={'value': 0, 'prev_value': None, 'change': True}
2026-06-09 00:04:22,057 : INFO : EventManager : Event: ======'machine_var_audits_player_score'====== Args={'value': {'top': [], 'average': 0, 'total': 0}, 'prev_value': None, 'change': True}
2026-06-09 00:04:22,058 : INFO : EventManager : Event: ======'init_phase_5'====== Args={}
2026-06-09 00:04:22,058 : INFO : EventManager : Event: ======'init_done'====== Args={}
2026-06-09 00:04:22,058 : INFO : EventManager : Event: ======'machine_reset_phase_1'====== Args={}
2026-06-09 00:04:22,058 : INFO : EventManager : Event: ======'machine_reset_phase_2'====== Args={}
2026-06-09 00:04:22,058 : INFO : EventManager : Event: ======'machine_reset_phase_3'====== Args={}
2026-06-09 00:04:22,059 : INFO : EventManager : Event: ======'reset_complete'====== Args={}
2026-06-09 00:04:22,059 : INFO : EventManager : Event: ======'mode_attract_will_start'====== Args={}
2026-06-09 00:04:22,059 : INFO : EventManager : Event: ======'mode_attract_starting'====== Args={}
2026-06-09 00:04:22,059 : INFO : Mode.attract : Started. Priority: 10
2026-06-09 00:04:22,059 : INFO : EventManager : Event: ======'modes_active_modes_changed'====== Args={}
2026-06-09 00:04:22,060 : INFO : EventManager : Event: ======'mode_attract_started'====== Args={}
2026-06-09 00:04:22,060 : INFO : EventManager : Event: ======'collecting_balls_complete'====== Args={}
2026-06-09 00:04:22,060 : INFO : Machine : Starting the main run loop with active modes: [<Mode.attract>]
2026-06-09 00:04:35,690 : INFO : SwitchController : <<<<<<< 's_right_flipper' active >>>>>>>
2026-06-09 00:04:35,705 : INFO : SwitchController : <<<<<<< 's_flipper_right_eos' active >>>>>>>
2026-06-09 00:04:35,818 : INFO : SwitchController : <<<<<<< 's_right_flipper' inactive >>>>>>>
2026-06-09 00:04:35,897 : INFO : SwitchController : <<<<<<< 's_flipper_right_eos' inactive >>>>>>>
2026-06-09 00:04:40,909 : INFO : SwitchController : <<<<<<< 's_right_flipper' active >>>>>>>
2026-06-09 00:04:40,938 : INFO : SwitchController : <<<<<<< 's_flipper_right_eos' active >>>>>>>
2026-06-09 00:04:41,929 : INFO : SwitchController : <<<<<<< 's_right_flipper' inactive >>>>>>>
2026-06-09 00:04:42,009 : INFO : SwitchController : <<<<<<< 's_flipper_right_eos' inactive >>>>>>>
2026-06-09 00:05:05,844 : INFO : SwitchController : <<<<<<< 's_slingshot_right' active >>>>>>>
2026-06-09 00:05:05,954 : INFO : SwitchController : <<<<<<< 's_slingshot_right' inactive >>>>>>>
2026-06-09 00:05:16,739 : INFO : SwitchController : <<<<<<< 's_plunger' active >>>>>>>
2026-06-09 00:05:16,915 : INFO : SwitchController : <<<<<<< 's_plunger' inactive >>>>>>>
2026-06-09 00:05:17,139 : INFO : SwitchController : <<<<<<< 's_plunger' active >>>>>>>
2026-06-09 00:05:17,266 : INFO : SwitchController : <<<<<<< 's_plunger' inactive >>>>>>>
2026-06-09 00:05:19,906 : INFO : SwitchController : <<<<<<< 's_slingshot_right' active >>>>>>>
2026-06-09 00:05:20,019 : INFO : SwitchController : <<<<<<< 's_slingshot_right' inactive >>>>>>>
2026-06-09 00:05:21,252 : INFO : SwitchController : <<<<<<< 's_slingshot_right' active >>>>>>>
2026-06-09 00:05:21,332 : INFO : SwitchController : <<<<<<< 's_slingshot_right' inactive >>>>>>>
2026-06-09 00:05:22,257 : INFO : SwitchController : <<<<<<< 's_slingshot_right' active >>>>>>>
2026-06-09 00:05:22,354 : INFO : SwitchController : <<<<<<< 's_slingshot_right' inactive >>>>>>>
2026-06-09 00:05:22,786 : INFO : SwitchController : <<<<<<< 's_slingshot_right' active >>>>>>>
2026-06-09 00:05:22,881 : INFO : SwitchController : <<<<<<< 's_slingshot_right' inactive >>>>>>>
2026-06-09 00:05:23,698 : INFO : SwitchController : <<<<<<< 's_slingshot_right' active >>>>>>>
2026-06-09 00:05:23,778 : INFO : SwitchController : <<<<<<< 's_slingshot_right' inactive >>>>>>>
2026-06-09 00:05:24,082 : INFO : SwitchController : <<<<<<< 's_slingshot_right' active >>>>>>>
2026-06-09 00:05:24,146 : INFO : SwitchController : <<<<<<< 's_slingshot_right' inactive >>>>>>>
2026-06-09 00:05:24,402 : INFO : SwitchController : <<<<<<< 's_slingshot_right' active >>>>>>>
2026-06-09 00:05:24,419 : INFO : SwitchController : <<<<<<< 's_slingshot_right' inactive >>>>>>>
2026-06-09 00:05:38,401 : INFO : Machine : Shutting down...
2026-06-09 00:05:38,401 : INFO : EventManager : Event: ======'shutdown'====== Args={}
2026-06-09 00:05:38,513 : INFO : root : MPF run loop ended.
