2026-06-14 23:52:23,182 : INFO : root : Loading config.
2026-06-14 23:52:23,211 : INFO : YamlMultifileConfigLoader : Machine config file #1: config.yaml
2026-06-14 23:52:23,212 : WARNING : ConfigProcessor : Config file in cache changed: C:\pinball\config\config.yaml
2026-06-14 23:52:23,212 : INFO : ConfigProcessor : Loading config from file C:\Users\mpf\AppData\Local\Programs\Python\Python313\Lib\site-packages\mpf\mpfconfig.yaml.
2026-06-14 23:52:23,277 : INFO : ConfigProcessor : Loading config: C:\Users\mpf\AppData\Local\Programs\Python\Python313\Lib\site-packages\mpf\mpfconfig.yaml
2026-06-14 23:52:23,278 : INFO : ConfigProcessor : Loading config from file C:\pinball\config\config.yaml.
2026-06-14 23:52:23,310 : INFO : ConfigProcessor : Loading config: C:\pinball\config\config.yaml
2026-06-14 23:52:23,312 : INFO : ConfigProcessor : Config file cache created: C:\Users\mpf\AppData\Local\Temp\6d5b600d7be1a6495e3e5a66bc905d87.mpf_cache
2026-06-14 23:52:23,400 : INFO : ConfigProcessor : Loading config from cache: C:\Users\mpf\AppData\Local\Temp\8f40fc9be560776ef72c29fc1142b5c0.mpf_cache
2026-06-14 23:52:23,430 : INFO : ConfigProcessor : Loading config from cache: C:\Users\mpf\AppData\Local\Temp\280ef0bf7d2e5d11f4cb038a53adbb41.mpf_cache
2026-06-14 23:52:23,478 : INFO : Machine : Mission Pinball Framework Core Engine v0.80.0.dev13
2026-06-14 23:52:23,478 : INFO : Machine : Command line arguments: {'no_load_cache': False, 'create_config_cache': True, 'bcp': False, 'configfile': ['config.yaml'], 'force_assets_load': False, 'platform_integration_test': False, 'jsonlogging': False, 'logfile': 'logs\\2026-06-14-23-52-23-mpf-DESKTOP-OC28BPB.log', 'pause': False, 'production': False, 'text_ui': False, 'loglevel': 15, 'consoleloglevel': 20, 'force_platform': None, 'syslog_address': None, 'full_logfile_path': 'C:\\pinball\\logs\\2026-06-14-23-52-23-mpf-DESKTOP-OC28BPB.log'}
2026-06-14 23:52:23,478 : INFO : Machine : MPF path: C:\Users\mpf\AppData\Local\Programs\Python\Python313\Lib\site-packages\mpf
2026-06-14 23:52:23,478 : INFO : Machine : Machine path: C:\pinball
2026-06-14 23:52:23,478 : INFO : Machine : Platform: win32
2026-06-14 23:52:23,478 : INFO : Machine : Python executable location: C:\Users\mpf\AppData\Local\Programs\Python\Python313\python.exe
2026-06-14 23:52:23,478 : INFO : Machine : Python version: 3.13.12 (64-bit)
2026-06-14 23:52:23,482 : INFO : Machine : Initializing MPF...
2026-06-14 23:52:23,882 : INFO : FAST : Auto-detecting ports for the following connections: ['net']
2026-06-14 23:52:23,932 : INFO : FAST : Detected NET on port COM4
2026-06-14 23:52:24,048 : INFO : FAST [NET] : Trying to connect to COM4 at 921600bps
2026-06-14 23:52:24,055 : INFO : FAST [NET] : Connected to COM4 at 921600bps
2026-06-14 23:52:24,059 : INFO : FAST [NET] : Connected to FP-CPU-2000 with firmware v02.26
2026-06-14 23:52:24,091 : INFO : FAST [NET] : Registered I/O Board 0: Model: FP-I/O-3208, Firmware: 01.10, Switches: 32, Drivers: 8
2026-06-14 23:52:24,091 : INFO : EventManager : Event: ======'machine_var_credits_string'====== Args={'value': 'FREE PLAY', 'prev_value': None, 'change': True}
2026-06-14 23:52:24,116 : INFO : EventManager : Event: ======'machine_var_master_volume'====== Args={'value': 0.5, 'prev_value': None, 'change': True}
2026-06-14 23:52:24,116 : INFO : EventManager : Event: ======'machine_var_mpf_version'====== Args={'value': 'Mission Pinball Framework v0.80.0.dev13', 'prev_value': None, 'change': True}
2026-06-14 23:52:24,116 : INFO : EventManager : Event: ======'machine_var_mpf_extended_version'====== Args={'value': 'Mission Pinball Framework v0.80.0.dev13, Config version:6, Show version: 6, BCP version:1.1', 'prev_value': None, 'change': True}
2026-06-14 23:52:24,116 : INFO : EventManager : Event: ======'machine_var_python_version'====== Args={'value': '3.13.12', 'prev_value': None, 'change': True}
2026-06-14 23:52:24,154 : INFO : EventManager : Event: ======'machine_var_platform'====== Args={'value': 'Windows-11-10.0.26200-SP0', 'prev_value': None, 'change': True}
2026-06-14 23:52:24,155 : INFO : EventManager : Event: ======'machine_var_platform_system'====== Args={'value': 'Windows', 'prev_value': None, 'change': True}
2026-06-14 23:52:24,155 : INFO : EventManager : Event: ======'machine_var_platform_release'====== Args={'value': '11', 'prev_value': None, 'change': True}
2026-06-14 23:52:24,155 : INFO : EventManager : Event: ======'machine_var_platform_version'====== Args={'value': '10.0.26200', 'prev_value': None, 'change': True}
2026-06-14 23:52:24,155 : INFO : EventManager : Event: ======'machine_var_platform_machine'====== Args={'value': 'AMD64', 'prev_value': None, 'change': True}
2026-06-14 23:52:24,155 : INFO : EventManager : Event: ======'machine_var_log_file_path'====== Args={'value': 'C:\\pinball\\logs\\2026-06-14-23-52-23-mpf-DESKTOP-OC28BPB.log', 'prev_value': None, 'change': True}
2026-06-14 23:52:24,155 : INFO : EventManager : Event: ======'init_phase_1'====== Args={}
2026-06-14 23:52:24,171 : ERROR : ConfigValidator : Your config contains a value for the setting "flippers:right_flipper:ball_devices", but this is not a valid setting name.
2026-06-14 23:52:24,171 : ERROR : asyncio : Exception in callback EventManager._async_handler_done()() at C:\Users\mpf\AppData\Local\Programs\Python\Python313\Lib\site-packages\mpf\core\events.py:124
handle: <Handle EventManager._async_handler_done()() at C:\Users\mpf\AppData\Local\Programs\Python\Python313\Lib\site-packages\mpf\core\events.py:124>
Traceback (most recent call last):
  File "C:\Users\mpf\AppData\Local\Programs\Python\Python313\Lib\asyncio\events.py", line 89, in _run
    self._context.run(self._callback, *self._args)
    ~~~~~~~~~~~~~~~~~^^^^^^^^^^^^^^^^^^^^^^^^^^^^^
  File "C:\Users\mpf\AppData\Local\Programs\Python\Python313\Lib\site-packages\mpf\core\events.py", line 127, in _async_handler_done
    future.result()
    ~~~~~~~~~~~~~^^
  File "C:\Users\mpf\AppData\Local\Programs\Python\Python313\Lib\site-packages\mpf\core\device_manager.py", line 88, in _load_device_modules
    self.load_devices_config(validate=True)
    ~~~~~~~~~~~~~~~~~~~~~~~~^^^^^^^^^^^^^^^
  File "C:\Users\mpf\AppData\Local\Programs\Python\Python313\Lib\site-packages\mpf\core\device_manager.py", line 146, in load_devices_config
    config[device_name] = collection[device_name].validate_and_parse_config(config[device_name], False)
                          ~~~~~~~~~~~~~~~~~~~~~~~~~~~~~~~~~~~~~~~~~~~~~~~~~^^^^^^^^^^^^^^^^^^^^^^^^^^^^
  File "C:\Users\mpf\AppData\Local\Programs\Python\Python313\Lib\site-packages\mpf\core\device.py", line 108, in validate_and_parse_config
    self.machine.config_validator.validate_config(
    ~~~~~~~~~~~~~~~~~~~~~~~~~~~~~~~~~~~~~~~~~~~~~^
        self.config_section, config, self.name, "device", prefix=debug_prefix)
        ^^^^^^^^^^^^^^^^^^^^^^^^^^^^^^^^^^^^^^^^^^^^^^^^^^^^^^^^^^^^^^^^^^^^^^
  File "C:\Users\mpf\AppData\Local\Programs\Python\Python313\Lib\site-packages\mpf\core\config_validator.py", line 164, in validate_config
    return self._validate_config(config_spec, source, base_spec=base_spec, add_missing_keys=add_missing_keys,
           ~~~~~~~~~~~~~~~~~~~~~^^^^^^^^^^^^^^^^^^^^^^^^^^^^^^^^^^^^^^^^^^^^^^^^^^^^^^^^^^^^^^^^^^^^^^^^^^^^^
                                 validation_failure_info=validation_failure_info)
                                 ^^^^^^^^^^^^^^^^^^^^^^^^^^^^^^^^^^^^^^^^^^^^^^^^
  File "C:\Users\mpf\AppData\Local\Programs\Python\Python313\Lib\site-packages\mpf\core\config_validator.py", line 177, in _validate_config
    self.check_for_invalid_sections(this_spec, source, validation_failure_info)
    ~~~~~~~~~~~~~~~~~~~~~~~~~~~~~~~^^^^^^^^^^^^^^^^^^^^^^^^^^^^^^^^^^^^^^^^^^^^
  File "C:\Users\mpf\AppData\Local\Programs\Python\Python313\Lib\site-packages\mpf\core\config_validator.py", line 345, in check_for_invalid_sections
    raise ConfigFileError('Your config contains a value for the '
                          'setting "' + path_string + '", but this is not a valid '
                                                      'setting name.', 2, self.log.name)
mpf.exceptions.config_file_error.ConfigFileError: Config File Error in ConfigValidator: Your config contains a value for the setting "flippers:right_flipper:ball_devices", but this is not a valid setting name. Error Code: CFE-ConfigValidator-2 (https://missionpinball.org/latest/logs)
2026-06-14 23:52:24,377 : INFO : Machine : Starting the main run loop with active modes: []
2026-06-14 23:52:24,377 : WARNING : Machine : Attract mode is not active, game will not be playable. Please check your attract mode configuration.
2026-06-14 23:52:24,378 : INFO : Machine : Shutting down...
2026-06-14 23:52:24,378 : INFO : EventManager : Event: ======'shutdown'====== Args={}
2026-06-14 23:52:25,495 : ERROR : Machine : Runtime Exception
Traceback (most recent call last):
  File "C:\Users\mpf\AppData\Local\Programs\Python\Python313\Lib\site-packages\mpf\core\machine.py", line 810, in _run_loop
    raise self._exception['exception']
  File "C:\Users\mpf\AppData\Local\Programs\Python\Python313\Lib\asyncio\events.py", line 89, in _run
    self._context.run(self._callback, *self._args)
    ~~~~~~~~~~~~~~~~~^^^^^^^^^^^^^^^^^^^^^^^^^^^^^
  File "C:\Users\mpf\AppData\Local\Programs\Python\Python313\Lib\site-packages\mpf\core\events.py", line 127, in _async_handler_done
    future.result()
    ~~~~~~~~~~~~~^^
  File "C:\Users\mpf\AppData\Local\Programs\Python\Python313\Lib\site-packages\mpf\core\device_manager.py", line 88, in _load_device_modules
    self.load_devices_config(validate=True)
    ~~~~~~~~~~~~~~~~~~~~~~~~^^^^^^^^^^^^^^^
  File "C:\Users\mpf\AppData\Local\Programs\Python\Python313\Lib\site-packages\mpf\core\device_manager.py", line 146, in load_devices_config
    config[device_name] = collection[device_name].validate_and_parse_config(config[device_name], False)
                          ~~~~~~~~~~~~~~~~~~~~~~~~~~~~~~~~~~~~~~~~~~~~~~~~~^^^^^^^^^^^^^^^^^^^^^^^^^^^^
  File "C:\Users\mpf\AppData\Local\Programs\Python\Python313\Lib\site-packages\mpf\core\device.py", line 108, in validate_and_parse_config
    self.machine.config_validator.validate_config(
    ~~~~~~~~~~~~~~~~~~~~~~~~~~~~~~~~~~~~~~~~~~~~~^
        self.config_section, config, self.name, "device", prefix=debug_prefix)
        ^^^^^^^^^^^^^^^^^^^^^^^^^^^^^^^^^^^^^^^^^^^^^^^^^^^^^^^^^^^^^^^^^^^^^^
  File "C:\Users\mpf\AppData\Local\Programs\Python\Python313\Lib\site-packages\mpf\core\config_validator.py", line 164, in validate_config
    return self._validate_config(config_spec, source, base_spec=base_spec, add_missing_keys=add_missing_keys,
           ~~~~~~~~~~~~~~~~~~~~~^^^^^^^^^^^^^^^^^^^^^^^^^^^^^^^^^^^^^^^^^^^^^^^^^^^^^^^^^^^^^^^^^^^^^^^^^^^^^
                                 validation_failure_info=validation_failure_info)
                                 ^^^^^^^^^^^^^^^^^^^^^^^^^^^^^^^^^^^^^^^^^^^^^^^^
  File "C:\Users\mpf\AppData\Local\Programs\Python\Python313\Lib\site-packages\mpf\core\config_validator.py", line 177, in _validate_config
    self.check_for_invalid_sections(this_spec, source, validation_failure_info)
    ~~~~~~~~~~~~~~~~~~~~~~~~~~~~~~~^^^^^^^^^^^^^^^^^^^^^^^^^^^^^^^^^^^^^^^^^^^^
  File "C:\Users\mpf\AppData\Local\Programs\Python\Python313\Lib\site-packages\mpf\core\config_validator.py", line 345, in check_for_invalid_sections
    raise ConfigFileError('Your config contains a value for the '
                          'setting "' + path_string + '", but this is not a valid '
                                                      'setting name.', 2, self.log.name)
mpf.exceptions.config_file_error.ConfigFileError: Config File Error in ConfigValidator: Your config contains a value for the setting "flippers:right_flipper:ball_devices", but this is not a valid setting name. Error Code: CFE-ConfigValidator-2 (https://missionpinball.org/latest/logs)
2026-06-14 23:52:25,522 : INFO : root : MPF run loop ended.
