2026-06-03 23:32:00,334 : INFO : root : Loading config.
2026-06-03 23:32:00,337 : INFO : YamlMultifileConfigLoader : Machine config file #1: config.yaml
2026-06-03 23:32:00,337 : WARNING : ConfigProcessor : Config file in cache changed: C:\pinball\config\config.yaml
2026-06-03 23:32:00,338 : INFO : ConfigProcessor : Loading config from file C:\Users\mpf\AppData\Local\Programs\Python\Python313\Lib\site-packages\mpf\mpfconfig.yaml.
2026-06-03 23:32:00,385 : INFO : ConfigProcessor : Loading config: C:\Users\mpf\AppData\Local\Programs\Python\Python313\Lib\site-packages\mpf\mpfconfig.yaml
2026-06-03 23:32:00,385 : INFO : ConfigProcessor : Loading config from file C:\pinball\config\config.yaml.
2026-06-03 23:32:00,393 : INFO : ConfigProcessor : Loading config: C:\pinball\config\config.yaml
2026-06-03 23:32:00,395 : INFO : ConfigProcessor : Config file cache created: C:\Users\mpf\AppData\Local\Temp\6d5b600d7be1a6495e3e5a66bc905d87.mpf_cache
2026-06-03 23:32:00,483 : INFO : ConfigProcessor : Loading config from cache: C:\Users\mpf\AppData\Local\Temp\8f40fc9be560776ef72c29fc1142b5c0.mpf_cache
2026-06-03 23:32:00,484 : INFO : ConfigProcessor : Loading config from cache: C:\Users\mpf\AppData\Local\Temp\280ef0bf7d2e5d11f4cb038a53adbb41.mpf_cache
2026-06-03 23:32:00,484 : INFO : Machine : Mission Pinball Framework Core Engine v0.80.0.dev13
2026-06-03 23:32:00,484 : INFO : Machine : Command line arguments: {'no_load_cache': False, 'create_config_cache': True, 'bcp': False, 'configfile': ['config.yaml'], 'force_assets_load': False, 'platform_integration_test': False, 'jsonlogging': False, 'logfile': 'logs\\2026-06-03-23-32-00-mpf-DESKTOP-OC28BPB.log', 'pause': False, 'production': False, 'text_ui': False, 'loglevel': 15, 'consoleloglevel': 20, 'force_platform': None, 'syslog_address': None, 'full_logfile_path': 'C:\\pinball\\logs\\2026-06-03-23-32-00-mpf-DESKTOP-OC28BPB.log'}
2026-06-03 23:32:00,484 : INFO : Machine : MPF path: C:\Users\mpf\AppData\Local\Programs\Python\Python313\Lib\site-packages\mpf
2026-06-03 23:32:00,484 : INFO : Machine : Machine path: C:\pinball
2026-06-03 23:32:00,484 : INFO : Machine : Platform: win32
2026-06-03 23:32:00,484 : INFO : Machine : Python executable location: C:\Users\mpf\AppData\Local\Programs\Python\Python313\python.exe
2026-06-03 23:32:00,484 : INFO : Machine : Python version: 3.13.12 (64-bit)
2026-06-03 23:32:00,486 : INFO : Machine : Initializing MPF...
2026-06-03 23:32:00,588 : INFO : FAST : Auto-detecting ports for the following connections: ['net']
2026-06-03 23:32:00,617 : INFO : FAST : Detected NET on port COM4
2026-06-03 23:32:00,734 : INFO : FAST [NET] : Trying to connect to COM4 at 921600bps
2026-06-03 23:32:00,742 : INFO : FAST [NET] : Connected to COM4 at 921600bps
2026-06-03 23:32:00,761 : INFO : FAST [NET] : Connected to FP-CPU-2000 with firmware v02.26
2026-06-03 23:32:00,776 : INFO : FAST [NET] : Registered I/O Board 0: Model: FP-I/O-3208, Firmware: 01.10, Switches: 32, Drivers: 8
2026-06-03 23:32:00,778 : INFO : EventManager : Event: ======'machine_var_credits_string'====== Args={'value': 'FREE PLAY', 'prev_value': None, 'change': True}
2026-06-03 23:32:00,805 : INFO : EventManager : Event: ======'machine_var_master_volume'====== Args={'value': 0.5, 'prev_value': None, 'change': True}
2026-06-03 23:32:00,805 : INFO : EventManager : Event: ======'machine_var_mpf_version'====== Args={'value': 'Mission Pinball Framework v0.80.0.dev13', 'prev_value': None, 'change': True}
2026-06-03 23:32:00,805 : INFO : EventManager : Event: ======'machine_var_mpf_extended_version'====== Args={'value': 'Mission Pinball Framework v0.80.0.dev13, Config version:6, Show version: 6, BCP version:1.1', 'prev_value': None, 'change': True}
2026-06-03 23:32:00,805 : INFO : EventManager : Event: ======'machine_var_python_version'====== Args={'value': '3.13.12', 'prev_value': None, 'change': True}
2026-06-03 23:32:00,840 : INFO : EventManager : Event: ======'machine_var_platform'====== Args={'value': 'Windows-11-10.0.26200-SP0', 'prev_value': None, 'change': True}
2026-06-03 23:32:00,840 : INFO : EventManager : Event: ======'machine_var_platform_system'====== Args={'value': 'Windows', 'prev_value': None, 'change': True}
2026-06-03 23:32:00,840 : INFO : EventManager : Event: ======'machine_var_platform_release'====== Args={'value': '11', 'prev_value': None, 'change': True}
2026-06-03 23:32:00,840 : INFO : EventManager : Event: ======'machine_var_platform_version'====== Args={'value': '10.0.26200', 'prev_value': None, 'change': True}
2026-06-03 23:32:00,841 : INFO : EventManager : Event: ======'machine_var_platform_machine'====== Args={'value': 'AMD64', 'prev_value': None, 'change': True}
2026-06-03 23:32:00,841 : INFO : EventManager : Event: ======'machine_var_log_file_path'====== Args={'value': 'C:\\pinball\\logs\\2026-06-03-23-32-00-mpf-DESKTOP-OC28BPB.log', 'prev_value': None, 'change': True}
2026-06-03 23:32:00,841 : INFO : EventManager : Event: ======'init_phase_1'====== Args={}
2026-06-03 23:32:03,077 : INFO : EventManager : Event: ======'init_phase_2'====== Args={}
2026-06-03 23:32:03,089 : INFO : EventManager : Event: ======'init_phase_3'====== Args={}
2026-06-03 23:32:03,090 : INFO : EventManager : Event: ======'init_phase_4'====== Args={}
2026-06-03 23:32:03,091 : INFO : EventManager : Event: ======'machine_var_audits_switches_s_right_flipper'====== Args={'value': 0, 'prev_value': None, 'change': True}
2026-06-03 23:32:03,092 : INFO : EventManager : Event: ======'machine_var_audits_switches_s_left_flipper'====== Args={'value': 0, 'prev_value': None, 'change': True}
2026-06-03 23:32:03,092 : INFO : EventManager : Event: ======'machine_var_audits_events_game_started'====== Args={'value': 0, 'prev_value': None, 'change': True}
2026-06-03 23:32:03,092 : INFO : EventManager : Event: ======'machine_var_audits_events_game_ended'====== Args={'value': 0, 'prev_value': None, 'change': True}
2026-06-03 23:32:03,092 : INFO : EventManager : Event: ======'machine_var_audits_player_score'====== Args={'value': {'top': [], 'average': 0, 'total': 0}, 'prev_value': None, 'change': True}
2026-06-03 23:32:03,092 : INFO : EventManager : Event: ======'init_phase_5'====== Args={}
2026-06-03 23:32:03,093 : INFO : EventManager : Event: ======'init_done'====== Args={}
2026-06-03 23:32:03,093 : INFO : EventManager : Event: ======'machine_reset_phase_1'====== Args={}
2026-06-03 23:32:03,093 : INFO : EventManager : Event: ======'machine_reset_phase_2'====== Args={}
2026-06-03 23:32:03,093 : INFO : EventManager : Event: ======'machine_reset_phase_3'====== Args={}
2026-06-03 23:32:03,094 : INFO : EventManager : Event: ======'reset_complete'====== Args={}
2026-06-03 23:32:03,094 : INFO : EventManager : Event: ======'mode_attract_will_start'====== Args={}
2026-06-03 23:32:03,094 : INFO : EventManager : Event: ======'mode_attract_starting'====== Args={}
2026-06-03 23:32:03,095 : INFO : Mode.attract : Started. Priority: 10
2026-06-03 23:32:03,095 : INFO : EventManager : Event: ======'modes_active_modes_changed'====== Args={}
2026-06-03 23:32:03,095 : INFO : EventManager : Event: ======'mode_attract_started'====== Args={}
2026-06-03 23:32:03,095 : INFO : EventManager : Event: ======'collecting_balls_complete'====== Args={}
2026-06-03 23:32:03,095 : INFO : Machine : Starting the main run loop with active modes: [<Mode.attract>]
2026-06-03 23:32:06,355 : INFO : SwitchController : <<<<<<< 's_left_flipper' active >>>>>>>
2026-06-03 23:32:07,218 : INFO : SwitchController : <<<<<<< 's_left_flipper' inactive >>>>>>>
2026-06-03 23:32:07,761 : INFO : SwitchController : <<<<<<< 's_left_flipper' active >>>>>>>
2026-06-03 23:32:08,161 : INFO : SwitchController : <<<<<<< 's_left_flipper' inactive >>>>>>>
2026-06-03 23:32:08,592 : INFO : SwitchController : <<<<<<< 's_left_flipper' active >>>>>>>
2026-06-03 23:32:08,888 : INFO : SwitchController : <<<<<<< 's_left_flipper' inactive >>>>>>>
2026-06-03 23:32:09,248 : INFO : SwitchController : <<<<<<< 's_left_flipper' active >>>>>>>
2026-06-03 23:32:09,486 : INFO : SwitchController : <<<<<<< 's_left_flipper' inactive >>>>>>>
2026-06-03 23:32:09,966 : INFO : SwitchController : <<<<<<< 's_left_flipper' active >>>>>>>
2026-06-03 23:32:10,175 : INFO : SwitchController : <<<<<<< 's_left_flipper' inactive >>>>>>>
2026-06-03 23:32:10,493 : INFO : SwitchController : <<<<<<< 's_left_flipper' active >>>>>>>
2026-06-03 23:32:10,653 : INFO : SwitchController : <<<<<<< 's_left_flipper' inactive >>>>>>>
2026-06-03 23:32:10,877 : INFO : SwitchController : <<<<<<< 's_left_flipper' active >>>>>>>
2026-06-03 23:32:11,052 : INFO : SwitchController : <<<<<<< 's_left_flipper' inactive >>>>>>>
2026-06-03 23:32:11,228 : INFO : SwitchController : <<<<<<< 's_left_flipper' active >>>>>>>
2026-06-03 23:32:12,077 : INFO : SwitchController : <<<<<<< 's_left_flipper' inactive >>>>>>>
2026-06-03 23:32:12,474 : INFO : SwitchController : <<<<<<< 's_left_flipper' active >>>>>>>
2026-06-03 23:32:12,650 : INFO : SwitchController : <<<<<<< 's_left_flipper' inactive >>>>>>>
2026-06-03 23:32:12,778 : INFO : SwitchController : <<<<<<< 's_left_flipper' active >>>>>>>
2026-06-03 23:32:12,922 : INFO : SwitchController : <<<<<<< 's_left_flipper' inactive >>>>>>>
2026-06-03 23:32:13,657 : INFO : SwitchController : <<<<<<< 's_left_flipper' active >>>>>>>
2026-06-03 23:32:13,784 : INFO : SwitchController : <<<<<<< 's_left_flipper' inactive >>>>>>>
2026-06-03 23:32:16,298 : INFO : Machine : Shutting down...
2026-06-03 23:32:16,299 : INFO : EventManager : Event: ======'shutdown'====== Args={}
2026-06-03 23:32:16,405 : INFO : root : MPF run loop ended.
