2026-06-18 01:21:32,302 : INFO : root : Loading config.
2026-06-18 01:21:32,306 : INFO : YamlMultifileConfigLoader : Machine config file #1: config.yaml
2026-06-18 01:21:32,307 : INFO : ConfigProcessor : Loading config from cache: C:\Users\mpf\AppData\Local\Temp\6d5b600d7be1a6495e3e5a66bc905d87.mpf_cache
2026-06-18 01:21:32,380 : INFO : ConfigProcessor : Loading config from cache: C:\Users\mpf\AppData\Local\Temp\8f40fc9be560776ef72c29fc1142b5c0.mpf_cache
2026-06-18 01:21:32,380 : INFO : ConfigProcessor : Loading config from cache: C:\Users\mpf\AppData\Local\Temp\280ef0bf7d2e5d11f4cb038a53adbb41.mpf_cache
2026-06-18 01:21:32,381 : INFO : ConfigProcessor : Loading config from cache: C:\Users\mpf\AppData\Local\Temp\8f40fc9be560776ef72c29fc1142b5c0.mpf_cache
2026-06-18 01:21:32,381 : INFO : ConfigProcessor : Loading config from cache: C:\Users\mpf\AppData\Local\Temp\d40f4ca26774ea864f33fb732ef4f4c0.mpf_cache
2026-06-18 01:21:32,382 : INFO : Machine : Mission Pinball Framework Core Engine v0.80.0.dev13
2026-06-18 01:21:32,382 : INFO : Machine : Command line arguments: {'no_load_cache': False, 'create_config_cache': True, 'bcp': True, 'configfile': ['config.yaml'], 'force_assets_load': False, 'platform_integration_test': False, 'jsonlogging': False, 'logfile': 'logs\\2026-06-18-01-21-32-mpf-DESKTOP-OC28BPB.log', 'pause': False, 'production': False, 'text_ui': True, 'loglevel': 15, 'consoleloglevel': 20, 'force_platform': None, 'syslog_address': None, 'full_logfile_path': 'C:\\pinball\\logs\\2026-06-18-01-21-32-mpf-DESKTOP-OC28BPB.log'}
2026-06-18 01:21:32,382 : INFO : Machine : MPF path: C:\Users\mpf\AppData\Local\Programs\Python\Python313\Lib\site-packages\mpf
2026-06-18 01:21:32,382 : INFO : Machine : Machine path: C:\pinball
2026-06-18 01:21:32,382 : INFO : Machine : Platform: win32
2026-06-18 01:21:32,382 : INFO : Machine : Python executable location: C:\Users\mpf\AppData\Local\Programs\Python\Python313\python.exe
2026-06-18 01:21:32,382 : INFO : Machine : Python version: 3.13.12 (64-bit)
2026-06-18 01:21:32,383 : INFO : Machine : Initializing MPF...
2026-06-18 01:21:32,589 : INFO : FAST : Auto-detecting ports for the following connections: ['net']
2026-06-18 01:21:32,613 : INFO : FAST : Detected NET on port COM4
2026-06-18 01:21:32,730 : INFO : FAST [NET] : Trying to connect to COM4 at 921600bps
2026-06-18 01:21:32,739 : INFO : FAST [NET] : Connected to COM4 at 921600bps
2026-06-18 01:21:32,744 : INFO : FAST [NET] : Connected to FP-CPU-2000 with firmware v02.26
2026-06-18 01:21:32,771 : INFO : FAST [NET] : Registered I/O Board 0: Model: FP-I/O-3208, Firmware: 01.10, Switches: 32, Drivers: 8
2026-06-18 01:21:32,772 : INFO : EventManager : Event: ======'machine_var_credits_string'====== Args={'value': 'FREE PLAY', 'prev_value': None, 'change': True}
2026-06-18 01:21:32,802 : INFO : EventManager : Event: ======'machine_var_master_volume'====== Args={'value': 0.5, 'prev_value': None, 'change': True}
2026-06-18 01:21:32,802 : INFO : EventManager : Event: ======'machine_var_player1_score'====== Args={'value': 0, 'prev_value': None, 'change': True}
2026-06-18 01:21:32,802 : INFO : EventManager : Event: ======'machine_var_mpf_version'====== Args={'value': 'Mission Pinball Framework v0.80.0.dev13', 'prev_value': None, 'change': True}
2026-06-18 01:21:32,802 : INFO : EventManager : Event: ======'machine_var_mpf_extended_version'====== Args={'value': 'Mission Pinball Framework v0.80.0.dev13, Config version:6, Show version: 6, BCP version:1.1', 'prev_value': None, 'change': True}
2026-06-18 01:21:32,802 : INFO : EventManager : Event: ======'machine_var_python_version'====== Args={'value': '3.13.12', 'prev_value': None, 'change': True}
2026-06-18 01:21:32,846 : INFO : EventManager : Event: ======'machine_var_platform'====== Args={'value': 'Windows-11-10.0.26200-SP0', 'prev_value': None, 'change': True}
2026-06-18 01:21:32,846 : INFO : EventManager : Event: ======'machine_var_platform_system'====== Args={'value': 'Windows', 'prev_value': None, 'change': True}
2026-06-18 01:21:32,846 : INFO : EventManager : Event: ======'machine_var_platform_release'====== Args={'value': '11', 'prev_value': None, 'change': True}
2026-06-18 01:21:32,846 : INFO : EventManager : Event: ======'machine_var_platform_version'====== Args={'value': '10.0.26200', 'prev_value': None, 'change': True}
2026-06-18 01:21:32,846 : INFO : EventManager : Event: ======'machine_var_platform_machine'====== Args={'value': 'AMD64', 'prev_value': None, 'change': True}
2026-06-18 01:21:32,846 : INFO : EventManager : Event: ======'machine_var_log_file_path'====== Args={'value': 'C:\\pinball\\logs\\2026-06-18-01-21-32-mpf-DESKTOP-OC28BPB.log', 'prev_value': None, 'change': True}
2026-06-18 01:21:32,846 : INFO : EventManager : Event: ======'init_phase_1'====== Args={}
2026-06-18 01:21:34,924 : INFO : SwitchController : <<<<<<< 's_trough_ball_jam' active >>>>>>>
2026-06-18 01:21:34,925 : INFO : SwitchController : <<<<<<< 's_trough_ball_1' active >>>>>>>
2026-06-18 01:21:34,926 : INFO : EventManager : Event: ======'init_phase_2'====== Args={}
2026-06-18 01:21:34,927 : INFO : SwitchController : Found active switch: (6, [FAST Platform Interface]) <switch.s_trough_ball_jam>
2026-06-18 01:21:34,927 : INFO : SwitchController : Found active switch: (0, [FAST Platform Interface]) <switch.s_trough_ball_1>
2026-06-18 01:21:34,933 : INFO : EventManager : Event: ======'bcp_connection_attempt'====== Args={'name': 'local_display', 'host': 'localhost', 'port': 5050}
2026-06-18 01:21:34,937 : INFO : BCPClientSocket : Connecting BCP to 'local_display' at localhost:5050...
2026-06-18 01:21:34,956 : INFO : BCPClientSocket : Connected BCP to 'local_display' localhost:5050
2026-06-18 01:21:34,957 : INFO : EventManager : Event: ======'bcp_clients_connected'====== Args={}
2026-06-18 01:21:35,426 : INFO : ball_device.bd_trough : BCH: Initial count: 1
2026-06-18 01:21:35,427 : INFO : ball_device.bd_trough : State: idle
2026-06-18 01:21:35,428 : INFO : ball_device.bd_plunger : BCH: Initial count: 0
2026-06-18 01:21:35,428 : INFO : ball_device.bd_plunger : State: idle
2026-06-18 01:21:35,450 : INFO : EventManager : Event: ======'init_phase_3'====== Args={}
2026-06-18 01:21:35,453 : INFO : EventManager : Event: ======'init_phase_4'====== Args={}
2026-06-18 01:21:35,454 : INFO : BallController : Initial balls found: 1
2026-06-18 01:21:35,455 : INFO : EventManager : Event: ======'machine_var_audits_events_game_ended'====== Args={'value': 5, 'prev_value': None, 'change': True}
2026-06-18 01:21:35,455 : INFO : EventManager : Event: ======'machine_var_audits_events_game_started'====== Args={'value': 18, 'prev_value': None, 'change': True}
2026-06-18 01:21:35,455 : INFO : EventManager : Event: ======'machine_var_audits_missing_switches_s_flipper_left_eos'====== Args={'value': 2, 'prev_value': None, 'change': True}
2026-06-18 01:21:35,455 : INFO : EventManager : Event: ======'machine_var_audits_missing_switches_s_launch'====== Args={'value': 14, 'prev_value': None, 'change': True}
2026-06-18 01:21:35,455 : INFO : EventManager : Event: ======'machine_var_audits_missing_switches_s_left_flipper'====== Args={'value': 2, 'prev_value': None, 'change': True}
2026-06-18 01:21:35,456 : INFO : EventManager : Event: ======'machine_var_audits_missing_switches_s_left_inlane'====== Args={'value': 10, 'prev_value': None, 'change': True}
2026-06-18 01:21:35,456 : INFO : EventManager : Event: ======'machine_var_audits_missing_switches_s_left_outlane'====== Args={'value': 1, 'prev_value': None, 'change': True}
2026-06-18 01:21:35,456 : INFO : EventManager : Event: ======'machine_var_audits_missing_switches_s_right_inlane'====== Args={'value': 2, 'prev_value': None, 'change': True}
2026-06-18 01:21:35,456 : INFO : EventManager : Event: ======'machine_var_audits_missing_switches_s_right_outlane'====== Args={'value': 2, 'prev_value': None, 'change': True}
2026-06-18 01:21:35,456 : INFO : EventManager : Event: ======'machine_var_audits_missing_switches_s_slingshot_left'====== Args={'value': 2, 'prev_value': None, 'change': True}
2026-06-18 01:21:35,456 : INFO : EventManager : Event: ======'machine_var_audits_missing_switches_s_slingshot_right'====== Args={'value': 2, 'prev_value': None, 'change': True}
2026-06-18 01:21:35,456 : INFO : EventManager : Event: ======'machine_var_audits_missing_switches_s_start'====== Args={'value': 4, 'prev_value': None, 'change': True}
2026-06-18 01:21:35,456 : INFO : EventManager : Event: ======'machine_var_audits_missing_switches_s_trough_ball_1'====== Args={'value': 1, 'prev_value': None, 'change': True}
2026-06-18 01:21:35,456 : INFO : EventManager : Event: ======'machine_var_audits_missing_switches_s_trough_ball_2'====== Args={'value': 1, 'prev_value': None, 'change': True}
2026-06-18 01:21:35,456 : INFO : EventManager : Event: ======'machine_var_audits_missing_switches_s_trough_ball_3'====== Args={'value': 1, 'prev_value': None, 'change': True}
2026-06-18 01:21:35,456 : INFO : EventManager : Event: ======'machine_var_audits_missing_switches_s_trough_ball_4'====== Args={'value': 1, 'prev_value': None, 'change': True}
2026-06-18 01:21:35,456 : INFO : EventManager : Event: ======'machine_var_audits_missing_switches_s_trough_ball_5'====== Args={'value': 1, 'prev_value': None, 'change': True}
2026-06-18 01:21:35,456 : INFO : EventManager : Event: ======'machine_var_audits_missing_switches_s_trough_ball_6'====== Args={'value': 1, 'prev_value': None, 'change': True}
2026-06-18 01:21:35,456 : INFO : EventManager : Event: ======'machine_var_audits_missing_switches_s_trough_ball_jam'====== Args={'value': 1, 'prev_value': None, 'change': True}
2026-06-18 01:21:35,456 : INFO : EventManager : Event: ======'machine_var_audits_player_score'====== Args={'value': {'average': 0, 'top': [0, 0, 0, 0, 0], 'total': 5}, 'prev_value': None, 'change': True}
2026-06-18 01:21:35,456 : INFO : EventManager : Event: ======'machine_var_audits_switches_s_flipper_left_eos'====== Args={'value': 5, 'prev_value': None, 'change': True}
2026-06-18 01:21:35,456 : INFO : EventManager : Event: ======'machine_var_audits_switches_s_flipper_right_eos'====== Args={'value': 4, 'prev_value': None, 'change': True}
2026-06-18 01:21:35,457 : INFO : EventManager : Event: ======'machine_var_audits_switches_s_launch'====== Args={'value': 2, 'prev_value': None, 'change': True}
2026-06-18 01:21:35,457 : INFO : EventManager : Event: ======'machine_var_audits_switches_s_left_flipper'====== Args={'value': 6, 'prev_value': None, 'change': True}
2026-06-18 01:21:35,457 : INFO : EventManager : Event: ======'machine_var_audits_switches_s_left_inlane'====== Args={'value': 9, 'prev_value': None, 'change': True}
2026-06-18 01:21:35,457 : INFO : EventManager : Event: ======'machine_var_audits_switches_s_left_outlane'====== Args={'value': 17, 'prev_value': None, 'change': True}
2026-06-18 01:21:35,457 : INFO : EventManager : Event: ======'machine_var_audits_switches_s_plunger'====== Args={'value': 17, 'prev_value': None, 'change': True}
2026-06-18 01:21:35,457 : INFO : EventManager : Event: ======'machine_var_audits_switches_s_right_flipper'====== Args={'value': 9, 'prev_value': None, 'change': True}
2026-06-18 01:21:35,457 : INFO : EventManager : Event: ======'machine_var_audits_switches_s_right_inlane'====== Args={'value': 7, 'prev_value': None, 'change': True}
2026-06-18 01:21:35,457 : INFO : EventManager : Event: ======'machine_var_audits_switches_s_right_outlane'====== Args={'value': 24, 'prev_value': None, 'change': True}
2026-06-18 01:21:35,457 : INFO : EventManager : Event: ======'machine_var_audits_switches_s_slingshot_left'====== Args={'value': 18, 'prev_value': None, 'change': True}
2026-06-18 01:21:35,457 : INFO : EventManager : Event: ======'machine_var_audits_switches_s_slingshot_right'====== Args={'value': 25, 'prev_value': None, 'change': True}
2026-06-18 01:21:35,457 : INFO : EventManager : Event: ======'machine_var_audits_switches_s_start'====== Args={'value': 0, 'prev_value': None, 'change': True}
2026-06-18 01:21:35,457 : INFO : EventManager : Event: ======'machine_var_audits_switches_s_trough_ball_1'====== Args={'value': 101, 'prev_value': None, 'change': True}
2026-06-18 01:21:35,457 : INFO : EventManager : Event: ======'machine_var_audits_switches_s_trough_ball_2'====== Args={'value': 27, 'prev_value': None, 'change': True}
2026-06-18 01:21:35,457 : INFO : EventManager : Event: ======'machine_var_audits_switches_s_trough_ball_3'====== Args={'value': 15, 'prev_value': None, 'change': True}
2026-06-18 01:21:35,457 : INFO : EventManager : Event: ======'machine_var_audits_switches_s_trough_ball_4'====== Args={'value': 15, 'prev_value': None, 'change': True}
2026-06-18 01:21:35,458 : INFO : EventManager : Event: ======'machine_var_audits_switches_s_trough_ball_5'====== Args={'value': 15, 'prev_value': None, 'change': True}
2026-06-18 01:21:35,458 : INFO : EventManager : Event: ======'machine_var_audits_switches_s_trough_ball_6'====== Args={'value': 15, 'prev_value': None, 'change': True}
2026-06-18 01:21:35,458 : INFO : EventManager : Event: ======'machine_var_audits_switches_s_trough_ball_jam'====== Args={'value': 53, 'prev_value': None, 'change': True}
2026-06-18 01:21:35,458 : INFO : EventManager : Event: ======'init_phase_5'====== Args={}
2026-06-18 01:21:35,458 : INFO : EventManager : Event: ======'init_done'====== Args={}
2026-06-18 01:21:35,458 : INFO : EventManager : Event: ======'machine_reset_phase_1'====== Args={}
2026-06-18 01:21:35,461 : INFO : EventManager : Event: ======'machine_reset_phase_2'====== Args={}
2026-06-18 01:21:35,462 : INFO : EventManager : Event: ======'machine_reset_phase_3'====== Args={}
2026-06-18 01:21:35,462 : INFO : EventManager : Event: ======'reset_complete'====== Args={}
2026-06-18 01:21:35,462 : INFO : EventManager : Event: ======'mode_attract_will_start'====== Args={}
2026-06-18 01:21:35,462 : INFO : EventManager : Event: ======'mode_attract_starting'====== Args={}
2026-06-18 01:21:35,462 : INFO : Mode.attract : Started. Priority: 10
2026-06-18 01:21:35,462 : INFO : EventManager : Event: ======'modes_active_modes_changed'====== Args={}
2026-06-18 01:21:35,463 : INFO : EventManager : Event: ======'mode_attract_started'====== Args={}
2026-06-18 01:21:35,463 : INFO : EventManager : Event: ======'collecting_balls_complete'====== Args={}
2026-06-18 01:21:35,463 : INFO : Machine : Starting the main run loop with active modes: [<Mode.attract>]
2026-06-18 01:21:35,510 : INFO : EventManager : Event: ======'slide_attract_created'====== Args={'_from_bcp': True}
2026-06-18 01:21:35,510 : INFO : EventManager : Event: ======'slide__removed'====== Args={'_from_bcp': True}
2026-06-18 01:21:35,510 : INFO : EventManager : Event: ======'slide_attract_active'====== Args={'original_context': 'attract', 'original_calling_context': 'mode_attract_started', 'priority': 10.0, 'cmd': 'slides_play', '_from_bcp': True}
2026-06-18 01:21:38,602 : INFO : SwitchController : <<<<<<< 's_left_outlane' active >>>>>>>
2026-06-18 01:21:38,696 : INFO : SwitchController : <<<<<<< 's_left_outlane' inactive >>>>>>>
2026-06-18 01:21:38,818 : INFO : SwitchController : <<<<<<< 's_left_outlane' active >>>>>>>
2026-06-18 01:21:38,913 : INFO : SwitchController : <<<<<<< 's_left_outlane' inactive >>>>>>>
2026-06-18 01:21:38,991 : INFO : SwitchController : <<<<<<< 's_left_outlane' active >>>>>>>
2026-06-18 01:21:39,086 : INFO : SwitchController : <<<<<<< 's_left_outlane' inactive >>>>>>>
2026-06-18 01:21:39,872 : INFO : SwitchController : <<<<<<< 's_left_inlane' active >>>>>>>
2026-06-18 01:21:39,950 : INFO : SwitchController : <<<<<<< 's_left_inlane' inactive >>>>>>>
2026-06-18 01:21:40,043 : INFO : SwitchController : <<<<<<< 's_left_inlane' active >>>>>>>
2026-06-18 01:21:40,105 : INFO : SwitchController : <<<<<<< 's_left_inlane' inactive >>>>>>>
2026-06-18 01:21:40,841 : INFO : SwitchController : <<<<<<< 's_slingshot_left' active >>>>>>>
2026-06-18 01:21:40,917 : INFO : SwitchController : <<<<<<< 's_slingshot_left' inactive >>>>>>>
2026-06-18 01:21:41,453 : INFO : SwitchController : <<<<<<< 's_slingshot_left' active >>>>>>>
2026-06-18 01:21:41,547 : INFO : SwitchController : <<<<<<< 's_slingshot_left' inactive >>>>>>>
2026-06-18 01:21:41,594 : INFO : SwitchController : <<<<<<< 's_slingshot_left' active >>>>>>>
2026-06-18 01:21:41,722 : INFO : SwitchController : <<<<<<< 's_slingshot_left' inactive >>>>>>>
2026-06-18 01:21:41,784 : INFO : SwitchController : <<<<<<< 's_slingshot_left' active >>>>>>>
2026-06-18 01:21:41,926 : INFO : SwitchController : <<<<<<< 's_slingshot_left' inactive >>>>>>>
2026-06-18 01:21:41,958 : INFO : SwitchController : <<<<<<< 's_slingshot_left' active >>>>>>>
2026-06-18 01:21:42,082 : INFO : SwitchController : <<<<<<< 's_slingshot_left' inactive >>>>>>>
2026-06-18 01:21:42,146 : INFO : SwitchController : <<<<<<< 's_slingshot_left' active >>>>>>>
2026-06-18 01:21:42,191 : INFO : SwitchController : <<<<<<< 's_slingshot_left' inactive >>>>>>>
2026-06-18 01:21:45,378 : INFO : SwitchController : <<<<<<< 's_right_flipper' active >>>>>>>
2026-06-18 01:21:45,632 : INFO : SwitchController : <<<<<<< 's_right_flipper' inactive >>>>>>>
2026-06-18 01:21:45,867 : INFO : SwitchController : <<<<<<< 's_right_flipper' active >>>>>>>
2026-06-18 01:21:46,119 : INFO : SwitchController : <<<<<<< 's_right_flipper' inactive >>>>>>>
2026-06-18 01:21:48,506 : INFO : SwitchController : <<<<<<< 's_left_flipper' active >>>>>>>
2026-06-18 01:21:48,684 : INFO : SwitchController : <<<<<<< 's_left_flipper' inactive >>>>>>>
2026-06-18 01:21:48,935 : INFO : SwitchController : <<<<<<< 's_left_flipper' active >>>>>>>
2026-06-18 01:21:49,109 : INFO : SwitchController : <<<<<<< 's_left_flipper' inactive >>>>>>>
2026-06-18 01:21:51,257 : INFO : SwitchController : <<<<<<< 's_launch' active >>>>>>>
2026-06-18 01:21:51,445 : INFO : SwitchController : <<<<<<< 's_launch' inactive >>>>>>>
2026-06-18 01:21:51,764 : INFO : SwitchController : <<<<<<< 's_launch' active >>>>>>>
2026-06-18 01:21:51,971 : INFO : SwitchController : <<<<<<< 's_launch' inactive >>>>>>>
2026-06-18 01:21:52,267 : INFO : SwitchController : <<<<<<< 's_launch' active >>>>>>>
2026-06-18 01:21:52,471 : INFO : SwitchController : <<<<<<< 's_launch' inactive >>>>>>>
2026-06-18 01:21:52,690 : INFO : SwitchController : <<<<<<< 's_launch' active >>>>>>>
2026-06-18 01:21:52,864 : INFO : SwitchController : <<<<<<< 's_launch' inactive >>>>>>>
2026-06-18 01:21:53,070 : INFO : SwitchController : <<<<<<< 's_launch' active >>>>>>>
2026-06-18 01:21:53,242 : INFO : SwitchController : <<<<<<< 's_launch' inactive >>>>>>>
2026-06-18 01:21:53,431 : INFO : SwitchController : <<<<<<< 's_launch' active >>>>>>>
2026-06-18 01:21:53,604 : INFO : SwitchController : <<<<<<< 's_launch' inactive >>>>>>>
2026-06-18 01:21:53,854 : INFO : SwitchController : <<<<<<< 's_launch' active >>>>>>>
2026-06-18 01:21:54,027 : INFO : SwitchController : <<<<<<< 's_launch' inactive >>>>>>>
2026-06-18 01:21:54,229 : INFO : SwitchController : <<<<<<< 's_launch' active >>>>>>>
2026-06-18 01:21:54,401 : INFO : SwitchController : <<<<<<< 's_launch' inactive >>>>>>>
2026-06-18 01:21:54,590 : INFO : SwitchController : <<<<<<< 's_launch' active >>>>>>>
2026-06-18 01:21:54,747 : INFO : SwitchController : <<<<<<< 's_launch' inactive >>>>>>>
2026-06-18 01:21:55,434 : INFO : SwitchController : <<<<<<< 's_launch' active >>>>>>>
2026-06-18 01:21:55,640 : INFO : SwitchController : <<<<<<< 's_launch' inactive >>>>>>>
2026-06-18 01:21:57,209 : INFO : Machine : Shutting down...
2026-06-18 01:21:57,209 : INFO : EventManager : Event: ======'shutdown'====== Args={}
2026-06-18 01:21:57,322 : INFO : root : MPF run loop ended.
