2026-06-18 03:26:08,771 : INFO : root : Loading config.
2026-06-18 03:26:08,775 : INFO : YamlMultifileConfigLoader : Machine config file #1: config.yaml
2026-06-18 03:26:08,775 : INFO : ConfigProcessor : Loading config from cache: C:\Users\mpf\AppData\Local\Temp\6d5b600d7be1a6495e3e5a66bc905d87.mpf_cache
2026-06-18 03:26:08,838 : INFO : ConfigProcessor : Loading config from cache: C:\Users\mpf\AppData\Local\Temp\8f40fc9be560776ef72c29fc1142b5c0.mpf_cache
2026-06-18 03:26:08,839 : INFO : ConfigProcessor : Loading config from cache: C:\Users\mpf\AppData\Local\Temp\280ef0bf7d2e5d11f4cb038a53adbb41.mpf_cache
2026-06-18 03:26:08,839 : INFO : ConfigProcessor : Loading config from cache: C:\Users\mpf\AppData\Local\Temp\8f40fc9be560776ef72c29fc1142b5c0.mpf_cache
2026-06-18 03:26:08,840 : WARNING : ConfigProcessor : Config file in cache changed: C:\pinball\modes\base\config\base.yaml
2026-06-18 03:26:08,840 : INFO : ConfigProcessor : Loading config from file C:\pinball\modes\base\config\base.yaml.
2026-06-18 03:26:08,844 : INFO : ConfigProcessor : Loading config: C:\pinball\modes\base\config\base.yaml
2026-06-18 03:26:08,844 : INFO : ConfigProcessor : Config file cache created: C:\Users\mpf\AppData\Local\Temp\d40f4ca26774ea864f33fb732ef4f4c0.mpf_cache
2026-06-18 03:26:08,845 : INFO : Machine : Mission Pinball Framework Core Engine v0.81.0.dev2
2026-06-18 03:26:08,845 : INFO : Machine : Command line arguments: {'no_load_cache': False, 'create_config_cache': True, 'bcp': True, 'configfile': ['config.yaml'], 'force_assets_load': False, 'platform_integration_test': False, 'jsonlogging': False, 'logfile': 'logs\\2026-06-18-03-26-08-mpf-DESKTOP-OC28BPB.log', 'pause': False, 'production': False, 'text_ui': False, 'loglevel': 15, 'consoleloglevel': 20, 'force_platform': None, 'syslog_address': None, 'full_logfile_path': 'C:\\pinball\\logs\\2026-06-18-03-26-08-mpf-DESKTOP-OC28BPB.log'}
2026-06-18 03:26:08,845 : INFO : Machine : MPF path: C:\Users\mpf\AppData\Local\Programs\Python\Python313\Lib\site-packages\mpf
2026-06-18 03:26:08,845 : INFO : Machine : Machine path: C:\pinball
2026-06-18 03:26:08,845 : INFO : Machine : Platform: win32
2026-06-18 03:26:08,845 : INFO : Machine : Python executable location: C:\Users\mpf\AppData\Local\Programs\Python\Python313\python.exe
2026-06-18 03:26:08,845 : INFO : Machine : Python version: 3.13.12 (64-bit)
2026-06-18 03:26:08,847 : INFO : Machine : Initializing MPF...
2026-06-18 03:26:08,937 : INFO : FAST : Auto-detecting ports for the following connections: ['net']
2026-06-18 03:26:08,972 : INFO : FAST : Detected NET on port COM4
2026-06-18 03:26:09,084 : INFO : FAST [NET] : Trying to connect to COM4 at 921600bps
2026-06-18 03:26:09,091 : INFO : FAST [NET] : Connected to COM4 at 921600bps
2026-06-18 03:26:09,097 : INFO : FAST [NET] : Connected to FP-CPU-2000 with firmware v02.26
2026-06-18 03:26:09,112 : INFO : FAST [NET] : Registered I/O Board 0: Model: FP-I/O-3208, Firmware: 01.10, Switches: 32, Drivers: 8
2026-06-18 03:26:09,113 : INFO : EventManager : Event: ======'machine_var_credits_string'====== Args={'value': 'FREE PLAY', 'prev_value': None, 'change': True}
2026-06-18 03:26:09,134 : INFO : EventManager : Event: ======'machine_var_master_volume'====== Args={'value': 0.5, 'prev_value': None, 'change': True}
2026-06-18 03:26:09,134 : INFO : EventManager : Event: ======'machine_var_player1_score'====== Args={'value': 0, 'prev_value': None, 'change': True}
2026-06-18 03:26:09,134 : INFO : EventManager : Event: ======'machine_var_mpf_version'====== Args={'value': 'Mission Pinball Framework v0.81.0.dev2', 'prev_value': None, 'change': True}
2026-06-18 03:26:09,134 : INFO : EventManager : Event: ======'machine_var_mpf_extended_version'====== Args={'value': 'Mission Pinball Framework v0.81.0.dev2, Config version:6, Show version: 6, BCP version:1.1', 'prev_value': None, 'change': True}
2026-06-18 03:26:09,134 : INFO : EventManager : Event: ======'machine_var_python_version'====== Args={'value': '3.13.12', 'prev_value': None, 'change': True}
2026-06-18 03:26:09,168 : INFO : EventManager : Event: ======'machine_var_platform'====== Args={'value': 'Windows-11-10.0.26200-SP0', 'prev_value': None, 'change': True}
2026-06-18 03:26:09,168 : INFO : EventManager : Event: ======'machine_var_platform_system'====== Args={'value': 'Windows', 'prev_value': None, 'change': True}
2026-06-18 03:26:09,168 : INFO : EventManager : Event: ======'machine_var_platform_release'====== Args={'value': '11', 'prev_value': None, 'change': True}
2026-06-18 03:26:09,168 : INFO : EventManager : Event: ======'machine_var_platform_version'====== Args={'value': '10.0.26200', 'prev_value': None, 'change': True}
2026-06-18 03:26:09,168 : INFO : EventManager : Event: ======'machine_var_platform_machine'====== Args={'value': 'AMD64', 'prev_value': None, 'change': True}
2026-06-18 03:26:09,168 : INFO : EventManager : Event: ======'machine_var_log_file_path'====== Args={'value': 'C:\\pinball\\logs\\2026-06-18-03-26-08-mpf-DESKTOP-OC28BPB.log', 'prev_value': None, 'change': True}
2026-06-18 03:26:09,168 : INFO : EventManager : Event: ======'init_phase_1'====== Args={}
2026-06-18 03:26:11,249 : INFO : SwitchController : <<<<<<< 's_trough_ball_jam' active >>>>>>>
2026-06-18 03:26:11,250 : INFO : SwitchController : <<<<<<< 's_trough_ball_1' active >>>>>>>
2026-06-18 03:26:11,251 : INFO : EventManager : Event: ======'init_phase_2'====== Args={}
2026-06-18 03:26:11,252 : INFO : SwitchController : Found active switch: (6, [FAST Platform Interface]) <switch.s_trough_ball_jam>
2026-06-18 03:26:11,252 : INFO : SwitchController : Found active switch: (0, [FAST Platform Interface]) <switch.s_trough_ball_1>
2026-06-18 03:26:11,262 : INFO : EventManager : Event: ======'bcp_connection_attempt'====== Args={'name': 'local_display', 'host': 'localhost', 'port': 5050}
2026-06-18 03:26:11,267 : INFO : BCPClientSocket : Connecting BCP to 'local_display' at localhost:5050...
2026-06-18 03:26:11,285 : INFO : BCPClientSocket : Connected BCP to 'local_display' localhost:5050
2026-06-18 03:26:11,286 : INFO : EventManager : Event: ======'bcp_clients_connected'====== Args={}
2026-06-18 03:26:11,751 : INFO : ball_device.bd_trough : BCH: Initial count: 1
2026-06-18 03:26:11,753 : INFO : ball_device.bd_trough : State: idle
2026-06-18 03:26:11,754 : INFO : ball_device.bd_plunger : BCH: Initial count: 0
2026-06-18 03:26:11,754 : INFO : ball_device.bd_plunger : State: idle
2026-06-18 03:26:11,778 : INFO : EventManager : Event: ======'init_phase_3'====== Args={}
2026-06-18 03:26:11,780 : INFO : EventManager : Event: ======'init_phase_4'====== Args={}
2026-06-18 03:26:11,780 : INFO : BallController : Initial balls found: 1
2026-06-18 03:26:11,782 : INFO : EventManager : Event: ======'machine_var_audits_events_game_ended'====== Args={'value': 5, 'prev_value': None, 'change': True}
2026-06-18 03:26:11,783 : INFO : EventManager : Event: ======'machine_var_audits_events_game_started'====== Args={'value': 21, 'prev_value': None, 'change': True}
2026-06-18 03:26:11,783 : INFO : EventManager : Event: ======'machine_var_audits_missing_switches_s_flipper_left_eos'====== Args={'value': 5, 'prev_value': None, 'change': True}
2026-06-18 03:26:11,783 : INFO : EventManager : Event: ======'machine_var_audits_missing_switches_s_flipper_right_eos'====== Args={'value': 3, 'prev_value': None, 'change': True}
2026-06-18 03:26:11,783 : INFO : EventManager : Event: ======'machine_var_audits_missing_switches_s_launch'====== Args={'value': 17, 'prev_value': None, 'change': True}
2026-06-18 03:26:11,783 : INFO : EventManager : Event: ======'machine_var_audits_missing_switches_s_left_flipper'====== Args={'value': 5, 'prev_value': None, 'change': True}
2026-06-18 03:26:11,783 : INFO : EventManager : Event: ======'machine_var_audits_missing_switches_s_plunger'====== Args={'value': 2, 'prev_value': None, 'change': True}
2026-06-18 03:26:11,783 : INFO : EventManager : Event: ======'machine_var_audits_missing_switches_s_right_flipper'====== Args={'value': 3, 'prev_value': None, 'change': True}
2026-06-18 03:26:11,783 : INFO : EventManager : Event: ======'machine_var_audits_missing_switches_s_right_inlane'====== Args={'value': 5, 'prev_value': None, 'change': True}
2026-06-18 03:26:11,783 : INFO : EventManager : Event: ======'machine_var_audits_missing_switches_s_right_outlane'====== Args={'value': 5, 'prev_value': None, 'change': True}
2026-06-18 03:26:11,783 : INFO : EventManager : Event: ======'machine_var_audits_missing_switches_s_slingshot_left'====== Args={'value': 2, 'prev_value': None, 'change': True}
2026-06-18 03:26:11,784 : INFO : EventManager : Event: ======'machine_var_audits_missing_switches_s_slingshot_right'====== Args={'value': 5, 'prev_value': None, 'change': True}
2026-06-18 03:26:11,784 : INFO : EventManager : Event: ======'machine_var_audits_missing_switches_s_start'====== Args={'value': 7, 'prev_value': None, 'change': True}
2026-06-18 03:26:11,784 : INFO : EventManager : Event: ======'machine_var_audits_missing_switches_s_trough_ball_1'====== Args={'value': 4, 'prev_value': None, 'change': True}
2026-06-18 03:26:11,784 : INFO : EventManager : Event: ======'machine_var_audits_missing_switches_s_trough_ball_2'====== Args={'value': 4, 'prev_value': None, 'change': True}
2026-06-18 03:26:11,784 : INFO : EventManager : Event: ======'machine_var_audits_missing_switches_s_trough_ball_3'====== Args={'value': 4, 'prev_value': None, 'change': True}
2026-06-18 03:26:11,784 : INFO : EventManager : Event: ======'machine_var_audits_missing_switches_s_trough_ball_4'====== Args={'value': 4, 'prev_value': None, 'change': True}
2026-06-18 03:26:11,784 : INFO : EventManager : Event: ======'machine_var_audits_missing_switches_s_trough_ball_5'====== Args={'value': 4, 'prev_value': None, 'change': True}
2026-06-18 03:26:11,784 : INFO : EventManager : Event: ======'machine_var_audits_missing_switches_s_trough_ball_6'====== Args={'value': 4, 'prev_value': None, 'change': True}
2026-06-18 03:26:11,784 : INFO : EventManager : Event: ======'machine_var_audits_missing_switches_s_trough_ball_jam'====== Args={'value': 4, 'prev_value': None, 'change': True}
2026-06-18 03:26:11,784 : INFO : EventManager : Event: ======'machine_var_audits_player_score'====== Args={'value': {'average': 0, 'top': [0, 0, 0, 0, 0], 'total': 5}, 'prev_value': None, 'change': True}
2026-06-18 03:26:11,784 : INFO : EventManager : Event: ======'machine_var_audits_switches_s_flipper_left_eos'====== Args={'value': 5, 'prev_value': None, 'change': True}
2026-06-18 03:26:11,784 : INFO : EventManager : Event: ======'machine_var_audits_switches_s_flipper_right_eos'====== Args={'value': 4, 'prev_value': None, 'change': True}
2026-06-18 03:26:11,784 : INFO : EventManager : Event: ======'machine_var_audits_switches_s_launch'====== Args={'value': 2, 'prev_value': None, 'change': True}
2026-06-18 03:26:11,784 : INFO : EventManager : Event: ======'machine_var_audits_switches_s_left_flipper'====== Args={'value': 6, 'prev_value': None, 'change': True}
2026-06-18 03:26:11,784 : INFO : EventManager : Event: ======'machine_var_audits_switches_s_left_inlane'====== Args={'value': 13, 'prev_value': None, 'change': True}
2026-06-18 03:26:11,784 : INFO : EventManager : Event: ======'machine_var_audits_switches_s_left_outlane'====== Args={'value': 25, 'prev_value': None, 'change': True}
2026-06-18 03:26:11,784 : INFO : EventManager : Event: ======'machine_var_audits_switches_s_plunger'====== Args={'value': 18, 'prev_value': None, 'change': True}
2026-06-18 03:26:11,784 : INFO : EventManager : Event: ======'machine_var_audits_switches_s_right_flipper'====== Args={'value': 9, 'prev_value': None, 'change': True}
2026-06-18 03:26:11,784 : INFO : EventManager : Event: ======'machine_var_audits_switches_s_right_inlane'====== Args={'value': 7, 'prev_value': None, 'change': True}
2026-06-18 03:26:11,784 : INFO : EventManager : Event: ======'machine_var_audits_switches_s_right_outlane'====== Args={'value': 24, 'prev_value': None, 'change': True}
2026-06-18 03:26:11,784 : INFO : EventManager : Event: ======'machine_var_audits_switches_s_slingshot_left'====== Args={'value': 19, 'prev_value': None, 'change': True}
2026-06-18 03:26:11,784 : INFO : EventManager : Event: ======'machine_var_audits_switches_s_slingshot_right'====== Args={'value': 25, 'prev_value': None, 'change': True}
2026-06-18 03:26:11,784 : INFO : EventManager : Event: ======'machine_var_audits_switches_s_start'====== Args={'value': 0, 'prev_value': None, 'change': True}
2026-06-18 03:26:11,784 : INFO : EventManager : Event: ======'machine_var_audits_switches_s_trough_ball_1'====== Args={'value': 101, 'prev_value': None, 'change': True}
2026-06-18 03:26:11,784 : INFO : EventManager : Event: ======'machine_var_audits_switches_s_trough_ball_2'====== Args={'value': 27, 'prev_value': None, 'change': True}
2026-06-18 03:26:11,785 : INFO : EventManager : Event: ======'machine_var_audits_switches_s_trough_ball_3'====== Args={'value': 15, 'prev_value': None, 'change': True}
2026-06-18 03:26:11,785 : INFO : EventManager : Event: ======'machine_var_audits_switches_s_trough_ball_4'====== Args={'value': 15, 'prev_value': None, 'change': True}
2026-06-18 03:26:11,785 : INFO : EventManager : Event: ======'machine_var_audits_switches_s_trough_ball_5'====== Args={'value': 15, 'prev_value': None, 'change': True}
2026-06-18 03:26:11,785 : INFO : EventManager : Event: ======'machine_var_audits_switches_s_trough_ball_6'====== Args={'value': 15, 'prev_value': None, 'change': True}
2026-06-18 03:26:11,785 : INFO : EventManager : Event: ======'machine_var_audits_switches_s_trough_ball_jam'====== Args={'value': 53, 'prev_value': None, 'change': True}
2026-06-18 03:26:11,785 : INFO : EventManager : Event: ======'init_phase_5'====== Args={}
2026-06-18 03:26:11,785 : INFO : EventManager : Event: ======'init_done'====== Args={}
2026-06-18 03:26:11,785 : INFO : EventManager : Event: ======'machine_reset_phase_1'====== Args={}
2026-06-18 03:26:22,326 : INFO : EventManager : Event: ======'machine_reset_phase_2'====== Args={}
2026-06-18 03:26:22,326 : INFO : EventManager : Event: ======'machine_reset_phase_3'====== Args={}
2026-06-18 03:26:22,329 : INFO : EventManager : Event: ======'reset_complete'====== Args={}
2026-06-18 03:26:22,330 : INFO : EventManager : Event: ======'mode_attract_will_start'====== Args={}
2026-06-18 03:26:22,331 : INFO : Timer.attract_carousel_timer : Starting Timer.
2026-06-18 03:26:22,331 : INFO : EventManager : Event: ======'timer_attract_carousel_timer_started'====== Args={'ticks': 0, 'ticks_remaining': 1}
2026-06-18 03:26:22,331 : INFO : EventManager : Event: ======'timer_attract_carousel_timer_tick'====== Args={'ticks': 0, 'ticks_remaining': 1}
2026-06-18 03:26:22,332 : INFO : EventManager : Event: ======'mode_attract_starting'====== Args={}
2026-06-18 03:26:22,332 : INFO : Mode.attract : Started. Priority: 10
2026-06-18 03:26:22,332 : INFO : EventManager : Event: ======'modes_active_modes_changed'====== Args={}
2026-06-18 03:26:22,332 : INFO : EventManager : Event: ======'mode_attract_started'====== Args={}
2026-06-18 03:26:22,333 : INFO : EventManager : Event: ======'collecting_balls_complete'====== Args={}
2026-06-18 03:26:22,333 : INFO : EventManager : Event: ======'carousel_item_highlighted'====== Args={'carousel': 'attract', 'direction': None, 'item': 'title'}
2026-06-18 03:26:22,334 : INFO : Machine : Starting the main run loop with active modes: [<Mode.attract>]
2026-06-18 03:26:22,366 : INFO : EventManager : Event: ======'slide_attract_created'====== Args={'_from_bcp': True}
2026-06-18 03:26:22,366 : INFO : EventManager : Event: ======'slide__removed'====== Args={'_from_bcp': True}
2026-06-18 03:26:22,367 : INFO : EventManager : Event: ======'slide_attract_active'====== Args={'original_context': 'attract', 'original_calling_context': 'mode_attract_started', 'priority': 10.0, 'cmd': 'slides_play', '_from_bcp': True}
2026-06-18 03:26:26,301 : INFO : SwitchController : <<<<<<< 's_start' active >>>>>>>
2026-06-18 03:26:26,490 : INFO : SwitchController : <<<<<<< 's_start' inactive >>>>>>>
2026-06-18 03:26:26,490 : INFO : EventManager : Event: ======'request_to_start_game'====== Args={}
2026-06-18 03:26:26,491 : INFO : EventManager : Event: ======'game_start'====== Args={'buttons': [], 'hold_time': 0.18913620000057563}
2026-06-18 03:26:26,492 : INFO : EventManager : Event: ======'mode_game_will_start'====== Args={'buttons': [], 'hold_time': 0.18913620000057563}
2026-06-18 03:26:26,494 : INFO : EventManager : Event: ======'mode_game_starting'====== Args={'buttons': [], 'hold_time': 0.18913620000057563}
2026-06-18 03:26:26,495 : INFO : EventManager : Event: ======'mode_attract_will_stop'====== Args={}
2026-06-18 03:26:26,495 : INFO : EventManager : Event: ======'mode_attract_stopping'====== Args={}
2026-06-18 03:26:26,496 : INFO : Mode.attract : Stopped.
2026-06-18 03:26:26,496 : INFO : EventManager : Event: ======'modes_active_modes_changed'====== Args={}
2026-06-18 03:26:26,496 : INFO : EventManager : Event: ======'mode_attract_stopped'====== Args={}
2026-06-18 03:26:26,496 : INFO : EventManager : Event: ======'clear'====== Args={'key': 'attract'}
2026-06-18 03:26:26,496 : INFO : Timer.attract_carousel_timer : Stopping Timer
2026-06-18 03:26:26,497 : INFO : EventManager : Event: ======'timer_attract_carousel_timer_stopped'====== Args={'ticks': 0, 'ticks_remaining': 1}
2026-06-18 03:26:26,497 : INFO : Mode.game : Started. Priority: 20
2026-06-18 03:26:26,497 : INFO : EventManager : Event: ======'modes_active_modes_changed'====== Args={}
2026-06-18 03:26:26,497 : INFO : EventManager : Event: ======'mode_game_started'====== Args={'buttons': [], 'hold_time': 0.18913620000057563}
2026-06-18 03:26:26,499 : INFO : EventManager : Event: ======'game_will_start'====== Args={}
2026-06-18 03:26:26,500 : INFO : EventManager : Event: ======'game_starting'====== Args={'game': <Mode.game>}
2026-06-18 03:26:26,502 : INFO : EventManager : Unordered handler for class <Auditor> on event game_ended with priority 1. Handlers: [RegisteredHandler(callback=<bound method Auditor.disable of <Auditor>>, priority=1, kwargs={}, key=UUID('ac25be9d-3551-49d4-b981-1c9737d508e5'), condition=None, blocking_facility=None), RegisteredHandler(callback=<bound method Auditor._save_audits of <Auditor>>, priority=1, kwargs={}, key=UUID('fb6ced9e-e9cc-42e4-bfe3-ee86bd1f94e4'), condition=None, blocking_facility=None)]. The order of those handlers is not defined and they will be executed in random order. This might lead to race conditions and potential bugs.
2026-06-18 03:26:26,502 : INFO : EventManager : Event: ======'player_add_request'====== Args={}
2026-06-18 03:26:26,502 : INFO : EventManager : Event: ======'player_will_add'====== Args={'number': 1}
2026-06-18 03:26:26,502 : INFO : EventManager : Event: ======'player_adding'====== Args={'player': <Player 1>, 'number': 1}
2026-06-18 03:26:26,502 : INFO : EventManager : Event: ======'player_added'====== Args={'player': <Player 1>, 'num': 1}
2026-06-18 03:26:26,502 : INFO : Mode.game : Player added successfully. Total players: 1
2026-06-18 03:26:26,503 : INFO : EventManager : Event: ======'player_index'====== Args={'value': 0, 'prev_value': 0, 'change': 0, 'player_num': 1}
2026-06-18 03:26:26,503 : INFO : EventManager : Event: ======'player_number'====== Args={'value': 1, 'prev_value': 1, 'change': 0, 'player_num': 1}
2026-06-18 03:26:26,503 : INFO : EventManager : Event: ======'player_score'====== Args={'value': 0, 'prev_value': 0, 'change': 0, 'player_num': 1}
2026-06-18 03:26:26,503 : INFO : EventManager : Event: ======'game_started'====== Args={}
2026-06-18 03:26:26,504 : INFO : EventManager : Event: ======'player_turn_will_start'====== Args={'player': <Player 1>, 'number': 1}
2026-06-18 03:26:26,504 : INFO : EventManager : Event: ======'player_turn_starting'====== Args={'player': <Player 1>, 'number': 1}
2026-06-18 03:26:26,504 : INFO : EventManager : Event: ======'player_ball'====== Args={'value': 1, 'prev_value': 0, 'change': 1, 'player_num': 1}
2026-06-18 03:26:26,504 : INFO : EventManager : Event: ======'player_turn_started'====== Args={'player': <Player 1>, 'number': 1}
2026-06-18 03:26:26,505 : INFO : EventManager : Event: ======'ball_will_start'====== Args={'player': 1, 'ball': 1, 'balls_remaining': 2, 'is_extra_ball': False}
2026-06-18 03:26:26,505 : INFO : EventManager : Event: ======'ball_starting'====== Args={'player': 1, 'ball': 1, 'balls_remaining': 2, 'is_extra_ball': False}
2026-06-18 03:26:26,505 : INFO : EventManager : Event: ======'mode_base_will_start'====== Args={'queue': <QueuedEvent>, 'player': 1, 'ball': 1, 'balls_remaining': 2, 'is_extra_ball': False}
2026-06-18 03:26:26,505 : INFO : EventManager : Event: ======'player_shot_outlane_left_enabled'====== Args={'value': True, 'prev_value': 0, 'change': 1, 'player_num': 1}
2026-06-18 03:26:26,507 : INFO : EventManager : Event: ======'player_shot_inlane_left_enabled'====== Args={'value': True, 'prev_value': 0, 'change': 1, 'player_num': 1}
2026-06-18 03:26:26,508 : INFO : EventManager : Event: ======'mode_base_starting'====== Args={'queue': <QueuedEvent>, 'player': 1, 'ball': 1, 'balls_remaining': 2, 'is_extra_ball': False}
2026-06-18 03:26:26,514 : INFO : Mode.base : Started. Priority: 100
2026-06-18 03:26:26,514 : INFO : EventManager : Event: ======'modes_active_modes_changed'====== Args={}
2026-06-18 03:26:26,514 : INFO : EventManager : Event: ======'mode_base_started'====== Args={'queue': <QueuedEvent>, 'player': 1, 'ball': 1, 'balls_remaining': 2, 'is_extra_ball': False}
2026-06-18 03:26:26,514 : INFO : EventManager : Event: ======'start_mode_base'====== Args={'priority': 0}
2026-06-18 03:26:26,514 : INFO : EventManager : Event: ======'balls_in_play'====== Args={'balls': 1}
2026-06-18 03:26:26,514 : INFO : EventManager : Event: ======'ball_started'====== Args={'player': 1, 'ball': 1, 'balls_remaining': 2, 'is_extra_ball': False}
2026-06-18 03:26:26,517 : INFO : EventManager : Event: ======'single_player_ball_started'====== Args={}
2026-06-18 03:26:26,518 : INFO : EventManager : Event: ======'ball_start_target'====== Args={'target': 'playfield'}
2026-06-18 03:26:26,518 : INFO : ball_device.bd_trough : Setting up player-controlled eject. Balls: 1, Target: <playfield.playfield>, player_controlled_eject_event: None
2026-06-18 03:26:26,518 : INFO : ball_device.bd_trough : Adding 1 ball(s) to the eject_queue with target <playfield.playfield>.
2026-06-18 03:26:26,519 : INFO : EventManager : Event: ======'balldevice_balls_available'====== Args={}
2026-06-18 03:26:26,521 : INFO : ball_device.bd_trough : State: waiting_for_target_ready
2026-06-18 03:26:26,522 : INFO : EventManager : Event: ======'balldevice_bd_trough_ball_eject_attempt'====== Args={'balls': 1, 'target': <ball_device.bd_plunger>, 'source': <ball_device.bd_trough>, 'mechanical_eject': False, 'num_attempts': 0}
2026-06-18 03:26:26,522 : INFO : ball_device.bd_plunger : State: waiting_for_ball
2026-06-18 03:26:26,522 : INFO : ball_device.bd_trough : State: ejecting
2026-06-18 03:26:26,522 : INFO : ball_device.bd_trough : Ejecting ball to <ball_device.bd_plunger>
2026-06-18 03:26:26,522 : INFO : EventManager : Event: ======'balldevice_bd_trough_ejecting_ball'====== Args={'balls': 1, 'target': <ball_device.bd_plunger>, 'source': <ball_device.bd_trough>, 'mechanical_eject': False, 'num_attempts': 0}
2026-06-18 03:26:26,522 : INFO : ball_device.bd_trough : Wait for ball to leave device
2026-06-18 03:26:26,523 : INFO : coil.c_trough_eject_coil : Pulsing Driver for 15ms (1.0 pulse_power)
2026-06-18 03:26:28,526 : INFO : EventManager : Event: ======'balldevice_bd_trough_ball_eject_failed'====== Args={'target': <ball_device.bd_plunger>, 'balls': 1, 'retry': True, 'num_attempts': 1}
2026-06-18 03:26:28,529 : INFO : ball_device.bd_trough : State: waiting_for_target_ready
2026-06-18 03:26:28,530 : INFO : EventManager : Event: ======'balldevice_bd_trough_ball_eject_attempt'====== Args={'balls': 1, 'target': <ball_device.bd_plunger>, 'source': <ball_device.bd_trough>, 'mechanical_eject': False, 'num_attempts': 1}
2026-06-18 03:26:28,531 : INFO : ball_device.bd_trough : State: ejecting
2026-06-18 03:26:28,531 : INFO : ball_device.bd_trough : Ejecting ball to <ball_device.bd_plunger>
2026-06-18 03:26:28,531 : INFO : EventManager : Event: ======'balldevice_bd_trough_ejecting_ball'====== Args={'balls': 1, 'target': <ball_device.bd_plunger>, 'source': <ball_device.bd_trough>, 'mechanical_eject': False, 'num_attempts': 1}
2026-06-18 03:26:28,533 : INFO : ball_device.bd_trough : Wait for ball to leave device
2026-06-18 03:26:28,534 : INFO : coil.c_trough_eject_coil : Pulsing Driver for 15ms (1.0 pulse_power)
2026-06-18 03:26:30,549 : INFO : EventManager : Event: ======'balldevice_bd_trough_ball_eject_failed'====== Args={'target': <ball_device.bd_plunger>, 'balls': 1, 'retry': True, 'num_attempts': 2}
2026-06-18 03:26:30,552 : INFO : ball_device.bd_trough : State: waiting_for_target_ready
2026-06-18 03:26:30,553 : INFO : EventManager : Event: ======'balldevice_bd_trough_ball_eject_attempt'====== Args={'balls': 1, 'target': <ball_device.bd_plunger>, 'source': <ball_device.bd_trough>, 'mechanical_eject': False, 'num_attempts': 2}
2026-06-18 03:26:30,554 : INFO : ball_device.bd_trough : State: ejecting
2026-06-18 03:26:30,554 : INFO : ball_device.bd_trough : Ejecting ball to <ball_device.bd_plunger>
2026-06-18 03:26:30,554 : INFO : EventManager : Event: ======'balldevice_bd_trough_ejecting_ball'====== Args={'balls': 1, 'target': <ball_device.bd_plunger>, 'source': <ball_device.bd_trough>, 'mechanical_eject': False, 'num_attempts': 2}
2026-06-18 03:26:30,555 : INFO : ball_device.bd_trough : Wait for ball to leave device
2026-06-18 03:26:30,557 : INFO : coil.c_trough_eject_coil : Pulsing Driver for 15ms (1.0 pulse_power)
2026-06-18 03:26:31,466 : INFO : SwitchController : <<<<<<< 's_right_flipper' active >>>>>>>
2026-06-18 03:26:31,467 : INFO : EventManager : Event: ======'machine_var_audits_switches_s_right_flipper'====== Args={'value': 10, 'prev_value': 9, 'change': 1}
2026-06-18 03:26:31,749 : INFO : SwitchController : <<<<<<< 's_right_flipper' inactive >>>>>>>
2026-06-18 03:26:32,565 : INFO : ball_device.bd_trough : State: eject_broken
2026-06-18 03:26:32,566 : INFO : EventManager : Event: ======'balldevice_bd_trough_ball_eject_failed'====== Args={'target': <ball_device.bd_plunger>, 'balls': 1, 'retry': False, 'num_attempts': 3}
2026-06-18 03:26:32,567 : INFO : EventManager : Event: ======'balldevice_bd_trough_broken'====== Args={}
2026-06-18 03:26:33,306 : INFO : SwitchController : <<<<<<< 's_left_flipper' active >>>>>>>
2026-06-18 03:26:33,306 : INFO : EventManager : Event: ======'machine_var_audits_switches_s_left_flipper'====== Args={'value': 7, 'prev_value': 6, 'change': 1}
2026-06-18 03:26:33,509 : INFO : SwitchController : <<<<<<< 's_left_flipper' inactive >>>>>>>
2026-06-18 03:26:35,805 : INFO : SwitchController : <<<<<<< 's_launch' active >>>>>>>
2026-06-18 03:26:35,806 : INFO : EventManager : Event: ======'machine_var_audits_switches_s_launch'====== Args={'value': 3, 'prev_value': 2, 'change': 1}
2026-06-18 03:26:35,994 : INFO : SwitchController : <<<<<<< 's_launch' inactive >>>>>>>
2026-06-18 03:26:37,311 : INFO : SwitchController : <<<<<<< 's_left_outlane' active >>>>>>>
2026-06-18 03:26:37,312 : INFO : EventManager : Event: ======'playfield_active'====== Args={'source': 'outlane_left'}
2026-06-18 03:26:37,312 : INFO : EventManager : Event: ======'unexpected_ball_on_playfield'====== Args={}
2026-06-18 03:26:37,312 : INFO : EventManager : Event: ======'s_left_outlane_active'====== Args={}
2026-06-18 03:26:37,313 : INFO : EventManager : Event: ======'machine_var_audits_switches_s_left_outlane'====== Args={'value': 26, 'prev_value': 25, 'change': 1}
2026-06-18 03:26:37,316 : INFO : EventManager : Event: ======'player_shot_outlane_left'====== Args={'value': 1, 'prev_value': 0, 'change': 1, 'player_num': 1}
2026-06-18 03:26:37,317 : INFO : EventManager : Event: ======'machine_var_audits_shots_outlane_left'====== Args={'value': 1, 'prev_value': None, 'change': True}
2026-06-18 03:26:37,318 : INFO : EventManager : Event: ======'outlane_left_hit'====== Args={'profile': 'default', 'state': 'unlit', 'advancing': True}
2026-06-18 03:26:37,318 : INFO : EventManager : Event: ======'outlane_left_default_hit'====== Args={'profile': 'default', 'state': 'unlit', 'advancing': True}
2026-06-18 03:26:37,318 : INFO : EventManager : Event: ======'outlane_left_default_unlit_hit'====== Args={'profile': 'default', 'state': 'unlit', 'advancing': True}
2026-06-18 03:26:37,319 : INFO : EventManager : Event: ======'outlane_left_unlit_hit'====== Args={'profile': 'default', 'state': 'unlit', 'advancing': True}
2026-06-18 03:26:37,319 : INFO : EventManager : Event: ======'player_score'====== Args={'value': 100, 'prev_value': 0, 'change': 100, 'player_num': 1, 'source': 'base'}
2026-06-18 03:26:37,421 : INFO : SwitchController : <<<<<<< 's_left_outlane' inactive >>>>>>>
2026-06-18 03:26:37,546 : INFO : SwitchController : <<<<<<< 's_left_outlane' active >>>>>>>
2026-06-18 03:26:37,548 : INFO : EventManager : Event: ======'playfield_active'====== Args={'source': 'outlane_left'}
2026-06-18 03:26:37,548 : INFO : EventManager : Event: ======'unexpected_ball_on_playfield'====== Args={}
2026-06-18 03:26:37,548 : INFO : EventManager : Event: ======'s_left_outlane_active'====== Args={}
2026-06-18 03:26:37,549 : INFO : EventManager : Event: ======'machine_var_audits_switches_s_left_outlane'====== Args={'value': 27, 'prev_value': 26, 'change': 1}
2026-06-18 03:26:37,551 : INFO : EventManager : Event: ======'machine_var_audits_shots_outlane_left'====== Args={'value': 2, 'prev_value': 1, 'change': 1}
2026-06-18 03:26:37,552 : INFO : EventManager : Event: ======'outlane_left_hit'====== Args={'profile': 'default', 'state': 'lit', 'advancing': False}
2026-06-18 03:26:37,552 : INFO : EventManager : Event: ======'outlane_left_default_hit'====== Args={'profile': 'default', 'state': 'lit', 'advancing': False}
2026-06-18 03:26:37,553 : INFO : EventManager : Event: ======'outlane_left_default_lit_hit'====== Args={'profile': 'default', 'state': 'lit', 'advancing': False}
2026-06-18 03:26:37,553 : INFO : EventManager : Event: ======'outlane_left_lit_hit'====== Args={'profile': 'default', 'state': 'lit', 'advancing': False}
2026-06-18 03:26:37,553 : INFO : EventManager : Event: ======'player_score'====== Args={'value': 200, 'prev_value': 100, 'change': 100, 'player_num': 1, 'source': 'base'}
2026-06-18 03:26:37,657 : INFO : SwitchController : <<<<<<< 's_left_outlane' inactive >>>>>>>
2026-06-18 03:26:37,752 : INFO : SwitchController : <<<<<<< 's_left_outlane' active >>>>>>>
2026-06-18 03:26:37,752 : INFO : EventManager : Event: ======'playfield_active'====== Args={'source': 'outlane_left'}
2026-06-18 03:26:37,752 : INFO : EventManager : Event: ======'unexpected_ball_on_playfield'====== Args={}
2026-06-18 03:26:37,753 : INFO : EventManager : Event: ======'s_left_outlane_active'====== Args={}
2026-06-18 03:26:37,753 : INFO : EventManager : Event: ======'machine_var_audits_switches_s_left_outlane'====== Args={'value': 28, 'prev_value': 27, 'change': 1}
2026-06-18 03:26:37,755 : INFO : EventManager : Event: ======'machine_var_audits_shots_outlane_left'====== Args={'value': 3, 'prev_value': 2, 'change': 1}
2026-06-18 03:26:37,755 : INFO : EventManager : Event: ======'outlane_left_hit'====== Args={'profile': 'default', 'state': 'lit', 'advancing': False}
2026-06-18 03:26:37,756 : INFO : EventManager : Event: ======'outlane_left_default_hit'====== Args={'profile': 'default', 'state': 'lit', 'advancing': False}
2026-06-18 03:26:37,756 : INFO : EventManager : Event: ======'outlane_left_default_lit_hit'====== Args={'profile': 'default', 'state': 'lit', 'advancing': False}
2026-06-18 03:26:37,756 : INFO : EventManager : Event: ======'outlane_left_lit_hit'====== Args={'profile': 'default', 'state': 'lit', 'advancing': False}
2026-06-18 03:26:37,756 : INFO : EventManager : Event: ======'player_score'====== Args={'value': 300, 'prev_value': 200, 'change': 100, 'player_num': 1, 'source': 'base'}
2026-06-18 03:26:37,846 : INFO : SwitchController : <<<<<<< 's_left_outlane' inactive >>>>>>>
2026-06-18 03:26:37,893 : INFO : SwitchController : <<<<<<< 's_left_outlane' active >>>>>>>
2026-06-18 03:26:37,894 : INFO : EventManager : Event: ======'playfield_active'====== Args={'source': 'outlane_left'}
2026-06-18 03:26:37,894 : INFO : EventManager : Event: ======'unexpected_ball_on_playfield'====== Args={}
2026-06-18 03:26:37,894 : INFO : EventManager : Event: ======'s_left_outlane_active'====== Args={}
2026-06-18 03:26:37,895 : INFO : EventManager : Event: ======'machine_var_audits_switches_s_left_outlane'====== Args={'value': 29, 'prev_value': 28, 'change': 1}
2026-06-18 03:26:37,896 : INFO : EventManager : Event: ======'machine_var_audits_shots_outlane_left'====== Args={'value': 4, 'prev_value': 3, 'change': 1}
2026-06-18 03:26:37,897 : INFO : EventManager : Event: ======'outlane_left_hit'====== Args={'profile': 'default', 'state': 'lit', 'advancing': False}
2026-06-18 03:26:37,897 : INFO : EventManager : Event: ======'outlane_left_default_hit'====== Args={'profile': 'default', 'state': 'lit', 'advancing': False}
2026-06-18 03:26:37,898 : INFO : EventManager : Event: ======'outlane_left_default_lit_hit'====== Args={'profile': 'default', 'state': 'lit', 'advancing': False}
2026-06-18 03:26:37,898 : INFO : EventManager : Event: ======'outlane_left_lit_hit'====== Args={'profile': 'default', 'state': 'lit', 'advancing': False}
2026-06-18 03:26:37,899 : INFO : EventManager : Event: ======'player_score'====== Args={'value': 400, 'prev_value': 300, 'change': 100, 'player_num': 1, 'source': 'base'}
2026-06-18 03:26:38,020 : INFO : SwitchController : <<<<<<< 's_left_outlane' inactive >>>>>>>
2026-06-18 03:26:38,668 : INFO : SwitchController : <<<<<<< 's_left_inlane' active >>>>>>>
2026-06-18 03:26:38,669 : INFO : EventManager : Event: ======'playfield_active'====== Args={'source': 'inlane_left'}
2026-06-18 03:26:38,669 : INFO : EventManager : Event: ======'unexpected_ball_on_playfield'====== Args={}
2026-06-18 03:26:38,669 : INFO : EventManager : Event: ======'s_left_inlane_active'====== Args={}
2026-06-18 03:26:38,670 : INFO : EventManager : Event: ======'machine_var_audits_switches_s_left_inlane'====== Args={'value': 14, 'prev_value': 13, 'change': 1}
2026-06-18 03:26:38,673 : INFO : EventManager : Event: ======'player_shot_inlane_left'====== Args={'value': 1, 'prev_value': 0, 'change': 1, 'player_num': 1}
2026-06-18 03:26:38,673 : INFO : EventManager : Event: ======'machine_var_audits_shots_inlane_left'====== Args={'value': 1, 'prev_value': None, 'change': True}
2026-06-18 03:26:38,673 : INFO : EventManager : Event: ======'inlane_left_hit'====== Args={'profile': 'default', 'state': 'unlit', 'advancing': True}
2026-06-18 03:26:38,673 : INFO : EventManager : Event: ======'inlane_left_default_hit'====== Args={'profile': 'default', 'state': 'unlit', 'advancing': True}
2026-06-18 03:26:38,673 : INFO : EventManager : Event: ======'inlane_left_default_unlit_hit'====== Args={'profile': 'default', 'state': 'unlit', 'advancing': True}
2026-06-18 03:26:38,673 : INFO : EventManager : Event: ======'inlane_left_unlit_hit'====== Args={'profile': 'default', 'state': 'unlit', 'advancing': True}
2026-06-18 03:26:38,673 : INFO : EventManager : Event: ======'player_score'====== Args={'value': 600, 'prev_value': 400, 'change': 200, 'player_num': 1, 'source': 'base'}
2026-06-18 03:26:38,747 : INFO : SwitchController : <<<<<<< 's_left_inlane' inactive >>>>>>>
2026-06-18 03:26:38,826 : INFO : SwitchController : <<<<<<< 's_left_inlane' active >>>>>>>
2026-06-18 03:26:38,826 : INFO : EventManager : Event: ======'playfield_active'====== Args={'source': 'inlane_left'}
2026-06-18 03:26:38,826 : INFO : EventManager : Event: ======'unexpected_ball_on_playfield'====== Args={}
2026-06-18 03:26:38,827 : INFO : EventManager : Event: ======'s_left_inlane_active'====== Args={}
2026-06-18 03:26:38,827 : INFO : EventManager : Event: ======'machine_var_audits_switches_s_left_inlane'====== Args={'value': 15, 'prev_value': 14, 'change': 1}
2026-06-18 03:26:38,829 : INFO : EventManager : Event: ======'machine_var_audits_shots_inlane_left'====== Args={'value': 2, 'prev_value': 1, 'change': 1}
2026-06-18 03:26:38,830 : INFO : EventManager : Event: ======'inlane_left_hit'====== Args={'profile': 'default', 'state': 'lit', 'advancing': False}
2026-06-18 03:26:38,830 : INFO : EventManager : Event: ======'inlane_left_default_hit'====== Args={'profile': 'default', 'state': 'lit', 'advancing': False}
2026-06-18 03:26:38,831 : INFO : EventManager : Event: ======'inlane_left_default_lit_hit'====== Args={'profile': 'default', 'state': 'lit', 'advancing': False}
2026-06-18 03:26:38,831 : INFO : EventManager : Event: ======'inlane_left_lit_hit'====== Args={'profile': 'default', 'state': 'lit', 'advancing': False}
2026-06-18 03:26:38,831 : INFO : EventManager : Event: ======'player_score'====== Args={'value': 800, 'prev_value': 600, 'change': 200, 'player_num': 1, 'source': 'base'}
2026-06-18 03:26:38,937 : INFO : SwitchController : <<<<<<< 's_left_inlane' inactive >>>>>>>
2026-06-18 03:26:39,029 : INFO : SwitchController : <<<<<<< 's_left_inlane' active >>>>>>>
2026-06-18 03:26:39,029 : INFO : EventManager : Event: ======'playfield_active'====== Args={'source': 'inlane_left'}
2026-06-18 03:26:39,029 : INFO : EventManager : Event: ======'unexpected_ball_on_playfield'====== Args={}
2026-06-18 03:26:39,029 : INFO : EventManager : Event: ======'s_left_inlane_active'====== Args={}
2026-06-18 03:26:39,030 : INFO : EventManager : Event: ======'machine_var_audits_switches_s_left_inlane'====== Args={'value': 16, 'prev_value': 15, 'change': 1}
2026-06-18 03:26:39,032 : INFO : EventManager : Event: ======'machine_var_audits_shots_inlane_left'====== Args={'value': 3, 'prev_value': 2, 'change': 1}
2026-06-18 03:26:39,033 : INFO : EventManager : Event: ======'inlane_left_hit'====== Args={'profile': 'default', 'state': 'lit', 'advancing': False}
2026-06-18 03:26:39,033 : INFO : EventManager : Event: ======'inlane_left_default_hit'====== Args={'profile': 'default', 'state': 'lit', 'advancing': False}
2026-06-18 03:26:39,033 : INFO : EventManager : Event: ======'inlane_left_default_lit_hit'====== Args={'profile': 'default', 'state': 'lit', 'advancing': False}
2026-06-18 03:26:39,033 : INFO : EventManager : Event: ======'inlane_left_lit_hit'====== Args={'profile': 'default', 'state': 'lit', 'advancing': False}
2026-06-18 03:26:39,033 : INFO : EventManager : Event: ======'player_score'====== Args={'value': 1000, 'prev_value': 800, 'change': 200, 'player_num': 1, 'source': 'base'}
2026-06-18 03:26:39,280 : INFO : SwitchController : <<<<<<< 's_left_inlane' inactive >>>>>>>
2026-06-18 03:26:51,064 : INFO : Machine : Shutting down...
2026-06-18 03:26:51,064 : INFO : EventManager : Event: ======'shutdown'====== Args={}
2026-06-18 03:26:51,065 : INFO : EventManager : Event: ======'mode_game_will_stop'====== Args={}
2026-06-18 03:26:51,065 : INFO : EventManager : Event: ======'mode_game_stopping'====== Args={}
2026-06-18 03:26:51,066 : INFO : EventManager : Event: ======'mode_base_will_stop'====== Args={}
2026-06-18 03:26:51,066 : INFO : EventManager : Event: ======'mode_base_stopping'====== Args={}
2026-06-18 03:26:51,066 : INFO : EventManager : Event: ======'stop_mode_base'====== Args={'priority': 0}
2026-06-18 03:26:51,067 : INFO : Mode.base : Stopped.
2026-06-18 03:26:51,067 : INFO : EventManager : Event: ======'modes_active_modes_changed'====== Args={}
2026-06-18 03:26:51,067 : INFO : EventManager : Event: ======'mode_base_stopped'====== Args={}
2026-06-18 03:26:51,067 : INFO : EventManager : Event: ======'clear'====== Args={'key': 'base'}
2026-06-18 03:26:51,067 : INFO : Mode.game : Stopped.
2026-06-18 03:26:51,068 : INFO : EventManager : Event: ======'modes_active_modes_changed'====== Args={}
2026-06-18 03:26:51,068 : INFO : EventManager : Event: ======'mode_game_stopped'====== Args={}
2026-06-18 03:26:51,068 : INFO : EventManager : Event: ======'clear'====== Args={'key': 'game'}
2026-06-18 03:26:51,177 : INFO : root : MPF run loop ended.
