2026-06-14 23:59:14,731 : INFO : root : Loading config.
2026-06-14 23:59:14,735 : INFO : YamlMultifileConfigLoader : Machine config file #1: config.yaml
2026-06-14 23:59:14,735 : WARNING : ConfigProcessor : Config file in cache changed: C:\pinball\config\config.yaml
2026-06-14 23:59:14,735 : INFO : ConfigProcessor : Loading config from file C:\Users\mpf\AppData\Local\Programs\Python\Python313\Lib\site-packages\mpf\mpfconfig.yaml.
2026-06-14 23:59:14,791 : INFO : ConfigProcessor : Loading config: C:\Users\mpf\AppData\Local\Programs\Python\Python313\Lib\site-packages\mpf\mpfconfig.yaml
2026-06-14 23:59:14,791 : INFO : ConfigProcessor : Loading config from file C:\pinball\config\config.yaml.
2026-06-14 23:59:14,824 : INFO : ConfigProcessor : Loading config: C:\pinball\config\config.yaml
2026-06-14 23:59:14,825 : INFO : ConfigProcessor : Config file cache created: C:\Users\mpf\AppData\Local\Temp\6d5b600d7be1a6495e3e5a66bc905d87.mpf_cache
2026-06-14 23:59:14,937 : INFO : ConfigProcessor : Loading config from cache: C:\Users\mpf\AppData\Local\Temp\8f40fc9be560776ef72c29fc1142b5c0.mpf_cache
2026-06-14 23:59:14,938 : INFO : ConfigProcessor : Loading config from cache: C:\Users\mpf\AppData\Local\Temp\280ef0bf7d2e5d11f4cb038a53adbb41.mpf_cache
2026-06-14 23:59:14,939 : INFO : Machine : Mission Pinball Framework Core Engine v0.80.0.dev13
2026-06-14 23:59:14,939 : INFO : Machine : Command line arguments: {'no_load_cache': False, 'create_config_cache': True, 'bcp': False, 'configfile': ['config.yaml'], 'force_assets_load': False, 'platform_integration_test': False, 'jsonlogging': False, 'logfile': 'logs\\2026-06-14-23-59-14-mpf-DESKTOP-OC28BPB.log', 'pause': False, 'production': False, 'text_ui': False, 'loglevel': 15, 'consoleloglevel': 20, 'force_platform': None, 'syslog_address': None, 'full_logfile_path': 'C:\\pinball\\logs\\2026-06-14-23-59-14-mpf-DESKTOP-OC28BPB.log'}
2026-06-14 23:59:14,939 : INFO : Machine : MPF path: C:\Users\mpf\AppData\Local\Programs\Python\Python313\Lib\site-packages\mpf
2026-06-14 23:59:14,939 : INFO : Machine : Machine path: C:\pinball
2026-06-14 23:59:14,939 : INFO : Machine : Platform: win32
2026-06-14 23:59:14,939 : INFO : Machine : Python executable location: C:\Users\mpf\AppData\Local\Programs\Python\Python313\python.exe
2026-06-14 23:59:14,939 : INFO : Machine : Python version: 3.13.12 (64-bit)
2026-06-14 23:59:14,941 : INFO : Machine : Initializing MPF...
2026-06-14 23:59:15,075 : INFO : FAST : Auto-detecting ports for the following connections: ['net']
2026-06-14 23:59:15,116 : INFO : FAST : Detected NET on port COM4
2026-06-14 23:59:15,235 : INFO : FAST [NET] : Trying to connect to COM4 at 921600bps
2026-06-14 23:59:15,243 : INFO : FAST [NET] : Connected to COM4 at 921600bps
2026-06-14 23:59:15,258 : INFO : FAST [NET] : Connected to FP-CPU-2000 with firmware v02.26
2026-06-14 23:59:15,291 : INFO : FAST [NET] : Registered I/O Board 0: Model: FP-I/O-3208, Firmware: 01.10, Switches: 32, Drivers: 8
2026-06-14 23:59:15,293 : INFO : EventManager : Event: ======'machine_var_credits_string'====== Args={'value': 'FREE PLAY', 'prev_value': None, 'change': True}
2026-06-14 23:59:15,363 : INFO : EventManager : Event: ======'machine_var_master_volume'====== Args={'value': 0.5, 'prev_value': None, 'change': True}
2026-06-14 23:59:15,363 : INFO : EventManager : Event: ======'machine_var_mpf_version'====== Args={'value': 'Mission Pinball Framework v0.80.0.dev13', 'prev_value': None, 'change': True}
2026-06-14 23:59:15,363 : INFO : EventManager : Event: ======'machine_var_mpf_extended_version'====== Args={'value': 'Mission Pinball Framework v0.80.0.dev13, Config version:6, Show version: 6, BCP version:1.1', 'prev_value': None, 'change': True}
2026-06-14 23:59:15,363 : INFO : EventManager : Event: ======'machine_var_python_version'====== Args={'value': '3.13.12', 'prev_value': None, 'change': True}
2026-06-14 23:59:15,417 : INFO : EventManager : Event: ======'machine_var_platform'====== Args={'value': 'Windows-11-10.0.26200-SP0', 'prev_value': None, 'change': True}
2026-06-14 23:59:15,417 : INFO : EventManager : Event: ======'machine_var_platform_system'====== Args={'value': 'Windows', 'prev_value': None, 'change': True}
2026-06-14 23:59:15,417 : INFO : EventManager : Event: ======'machine_var_platform_release'====== Args={'value': '11', 'prev_value': None, 'change': True}
2026-06-14 23:59:15,417 : INFO : EventManager : Event: ======'machine_var_platform_version'====== Args={'value': '10.0.26200', 'prev_value': None, 'change': True}
2026-06-14 23:59:15,417 : INFO : EventManager : Event: ======'machine_var_platform_machine'====== Args={'value': 'AMD64', 'prev_value': None, 'change': True}
2026-06-14 23:59:15,417 : INFO : EventManager : Event: ======'machine_var_log_file_path'====== Args={'value': 'C:\\pinball\\logs\\2026-06-14-23-59-14-mpf-DESKTOP-OC28BPB.log', 'prev_value': None, 'change': True}
2026-06-14 23:59:15,417 : INFO : EventManager : Event: ======'init_phase_1'====== Args={}
2026-06-14 23:59:17,872 : INFO : SwitchController : <<<<<<< 's_trough_ball_1' active >>>>>>>
2026-06-14 23:59:17,873 : INFO : EventManager : Event: ======'init_phase_2'====== Args={}
2026-06-14 23:59:17,874 : INFO : SwitchController : Found active switch: (0, [FAST Platform Interface]) <switch.s_trough_ball_1>
2026-06-14 23:59:18,378 : INFO : ball_device.bd_trough : BCH: Initial count: 1
2026-06-14 23:59:18,379 : INFO : ball_device.bd_trough : State: idle
2026-06-14 23:59:18,382 : INFO : ball_device.bd_plunger : BCH: Initial count: 0
2026-06-14 23:59:18,382 : INFO : ball_device.bd_plunger : State: idle
2026-06-14 23:59:18,392 : INFO : EventManager : Event: ======'init_phase_3'====== Args={}
2026-06-14 23:59:18,393 : INFO : EventManager : Event: ======'init_phase_4'====== Args={}
2026-06-14 23:59:18,394 : INFO : BallController : Initial balls found: 1
2026-06-14 23:59:18,395 : INFO : EventManager : Event: ======'machine_var_audits_switches_s_trough_ball_4'====== Args={'value': 0, 'prev_value': None, 'change': True}
2026-06-14 23:59:18,395 : INFO : EventManager : Event: ======'machine_var_audits_switches_s_trough_ball_jam'====== Args={'value': 0, 'prev_value': None, 'change': True}
2026-06-14 23:59:18,396 : INFO : EventManager : Event: ======'machine_var_audits_switches_s_slingshot_right'====== Args={'value': 0, 'prev_value': None, 'change': True}
2026-06-14 23:59:18,396 : INFO : EventManager : Event: ======'machine_var_audits_switches_s_left_inlane'====== Args={'value': 0, 'prev_value': None, 'change': True}
2026-06-14 23:59:18,396 : INFO : EventManager : Event: ======'machine_var_audits_switches_s_trough_ball_3'====== Args={'value': 0, 'prev_value': None, 'change': True}
2026-06-14 23:59:18,396 : INFO : EventManager : Event: ======'machine_var_audits_switches_s_plunger'====== Args={'value': 0, 'prev_value': None, 'change': True}
2026-06-14 23:59:18,396 : INFO : EventManager : Event: ======'machine_var_audits_switches_s_slingshot_left'====== Args={'value': 0, 'prev_value': None, 'change': True}
2026-06-14 23:59:18,396 : INFO : EventManager : Event: ======'machine_var_audits_switches_s_flipper_right_eos'====== Args={'value': 0, 'prev_value': None, 'change': True}
2026-06-14 23:59:18,396 : INFO : EventManager : Event: ======'machine_var_audits_switches_s_right_inlane'====== Args={'value': 0, 'prev_value': None, 'change': True}
2026-06-14 23:59:18,397 : INFO : EventManager : Event: ======'machine_var_audits_switches_s_right_flipper'====== Args={'value': 0, 'prev_value': None, 'change': True}
2026-06-14 23:59:18,397 : INFO : EventManager : Event: ======'machine_var_audits_switches_s_trough_ball_1'====== Args={'value': 0, 'prev_value': None, 'change': True}
2026-06-14 23:59:18,397 : INFO : EventManager : Event: ======'machine_var_audits_switches_s_left_outlane'====== Args={'value': 0, 'prev_value': None, 'change': True}
2026-06-14 23:59:18,397 : INFO : EventManager : Event: ======'machine_var_audits_switches_s_trough_ball_6'====== Args={'value': 0, 'prev_value': None, 'change': True}
2026-06-14 23:59:18,397 : INFO : EventManager : Event: ======'machine_var_audits_switches_s_trough_ball_2'====== Args={'value': 0, 'prev_value': None, 'change': True}
2026-06-14 23:59:18,397 : INFO : EventManager : Event: ======'machine_var_audits_switches_s_flipper_left_eos'====== Args={'value': 0, 'prev_value': None, 'change': True}
2026-06-14 23:59:18,397 : INFO : EventManager : Event: ======'machine_var_audits_switches_s_trough_ball_5'====== Args={'value': 0, 'prev_value': None, 'change': True}
2026-06-14 23:59:18,397 : INFO : EventManager : Event: ======'machine_var_audits_switches_s_launch'====== Args={'value': 0, 'prev_value': None, 'change': True}
2026-06-14 23:59:18,397 : INFO : EventManager : Event: ======'machine_var_audits_switches_s_left_flipper'====== Args={'value': 0, 'prev_value': None, 'change': True}
2026-06-14 23:59:18,397 : INFO : EventManager : Event: ======'machine_var_audits_switches_s_start'====== Args={'value': 0, 'prev_value': None, 'change': True}
2026-06-14 23:59:18,397 : INFO : EventManager : Event: ======'machine_var_audits_switches_s_right_outlane'====== Args={'value': 0, 'prev_value': None, 'change': True}
2026-06-14 23:59:18,398 : INFO : EventManager : Event: ======'machine_var_audits_events_game_started'====== Args={'value': 0, 'prev_value': None, 'change': True}
2026-06-14 23:59:18,398 : INFO : EventManager : Event: ======'machine_var_audits_events_game_ended'====== Args={'value': 0, 'prev_value': None, 'change': True}
2026-06-14 23:59:18,398 : INFO : EventManager : Event: ======'machine_var_audits_player_score'====== Args={'value': {'top': [], 'average': 0, 'total': 0}, 'prev_value': None, 'change': True}
2026-06-14 23:59:18,398 : INFO : EventManager : Event: ======'init_phase_5'====== Args={}
2026-06-14 23:59:18,398 : INFO : EventManager : Event: ======'init_done'====== Args={}
2026-06-14 23:59:18,399 : INFO : EventManager : Event: ======'machine_reset_phase_1'====== Args={}
2026-06-14 23:59:18,399 : INFO : EventManager : Event: ======'machine_reset_phase_2'====== Args={}
2026-06-14 23:59:18,399 : INFO : EventManager : Event: ======'machine_reset_phase_3'====== Args={}
2026-06-14 23:59:18,400 : INFO : EventManager : Event: ======'reset_complete'====== Args={}
2026-06-14 23:59:18,400 : INFO : EventManager : Event: ======'mode_attract_will_start'====== Args={}
2026-06-14 23:59:18,401 : INFO : EventManager : Event: ======'mode_attract_starting'====== Args={}
2026-06-14 23:59:18,401 : INFO : Mode.attract : Started. Priority: 10
2026-06-14 23:59:18,401 : INFO : EventManager : Event: ======'modes_active_modes_changed'====== Args={}
2026-06-14 23:59:18,401 : INFO : EventManager : Event: ======'mode_attract_started'====== Args={}
2026-06-14 23:59:18,401 : INFO : EventManager : Event: ======'collecting_balls_complete'====== Args={}
2026-06-14 23:59:18,402 : INFO : Machine : Starting the main run loop with active modes: [<Mode.attract>]
2026-06-14 23:59:23,382 : INFO : SwitchController : <<<<<<< 's_start' active >>>>>>>
2026-06-14 23:59:23,587 : INFO : SwitchController : <<<<<<< 's_start' inactive >>>>>>>
2026-06-14 23:59:23,587 : INFO : EventManager : Event: ======'request_to_start_game'====== Args={}
2026-06-14 23:59:23,587 : INFO : EventManager : Event: ======'game_start'====== Args={'buttons': [], 'hold_time': 0.20452309993561357}
2026-06-14 23:59:23,587 : INFO : EventManager : Event: ======'mode_game_will_start'====== Args={'buttons': [], 'hold_time': 0.20452309993561357}
2026-06-14 23:59:23,588 : INFO : EventManager : Event: ======'mode_game_starting'====== Args={'buttons': [], 'hold_time': 0.20452309993561357}
2026-06-14 23:59:23,588 : INFO : EventManager : Event: ======'mode_attract_will_stop'====== Args={}
2026-06-14 23:59:23,588 : INFO : EventManager : Event: ======'mode_attract_stopping'====== Args={}
2026-06-14 23:59:23,588 : INFO : Mode.attract : Stopped.
2026-06-14 23:59:23,588 : INFO : EventManager : Event: ======'modes_active_modes_changed'====== Args={}
2026-06-14 23:59:23,588 : INFO : EventManager : Event: ======'mode_attract_stopped'====== Args={}
2026-06-14 23:59:23,588 : INFO : EventManager : Event: ======'clear'====== Args={'key': 'attract'}
2026-06-14 23:59:23,588 : INFO : Mode.game : Started. Priority: 20
2026-06-14 23:59:23,588 : INFO : EventManager : Event: ======'modes_active_modes_changed'====== Args={}
2026-06-14 23:59:23,588 : INFO : EventManager : Event: ======'mode_game_started'====== Args={'buttons': [], 'hold_time': 0.20452309993561357}
2026-06-14 23:59:23,589 : INFO : EventManager : Event: ======'game_will_start'====== Args={}
2026-06-14 23:59:23,589 : INFO : EventManager : Event: ======'game_starting'====== Args={'game': <Mode.game>}
2026-06-14 23:59:23,590 : INFO : EventManager : Unordered handler for class <Auditor> on event game_ended with priority 1. Handlers: [RegisteredHandler(callback=<bound method Auditor.disable of <Auditor>>, priority=1, kwargs={}, key=UUID('c36f25b1-0930-4c79-b56b-94bafa9987eb'), condition=None, blocking_facility=None), RegisteredHandler(callback=<bound method Auditor._save_audits of <Auditor>>, priority=1, kwargs={}, key=UUID('a6b23267-7239-472c-b345-545f528558b5'), condition=None, blocking_facility=None)]. The order of those handlers is not defined and they will be executed in random order. This might lead to race conditions and potential bugs.
2026-06-14 23:59:23,590 : INFO : EventManager : Event: ======'player_add_request'====== Args={}
2026-06-14 23:59:23,590 : INFO : EventManager : Event: ======'player_will_add'====== Args={'number': 1}
2026-06-14 23:59:23,590 : INFO : EventManager : Event: ======'player_adding'====== Args={'player': <Player 1>, 'number': 1}
2026-06-14 23:59:23,590 : INFO : EventManager : Event: ======'player_added'====== Args={'player': <Player 1>, 'num': 1}
2026-06-14 23:59:23,590 : INFO : Mode.game : Player added successfully. Total players: 1
2026-06-14 23:59:23,591 : INFO : EventManager : Event: ======'player_index'====== Args={'value': 0, 'prev_value': 0, 'change': 0, 'player_num': 1}
2026-06-14 23:59:23,591 : INFO : EventManager : Event: ======'player_number'====== Args={'value': 1, 'prev_value': 1, 'change': 0, 'player_num': 1}
2026-06-14 23:59:23,591 : INFO : EventManager : Event: ======'player_score'====== Args={'value': 0, 'prev_value': 0, 'change': 0, 'player_num': 1}
2026-06-14 23:59:23,591 : INFO : EventManager : Event: ======'game_started'====== Args={}
2026-06-14 23:59:23,591 : INFO : EventManager : Event: ======'player_turn_will_start'====== Args={'player': <Player 1>, 'number': 1}
2026-06-14 23:59:23,591 : INFO : EventManager : Event: ======'player_turn_starting'====== Args={'player': <Player 1>, 'number': 1}
2026-06-14 23:59:23,591 : INFO : EventManager : Event: ======'player_ball'====== Args={'value': 1, 'prev_value': 0, 'change': 1, 'player_num': 1}
2026-06-14 23:59:23,591 : INFO : EventManager : Event: ======'player_turn_started'====== Args={'player': <Player 1>, 'number': 1}
2026-06-14 23:59:23,591 : INFO : EventManager : Event: ======'ball_will_start'====== Args={'player': 1, 'ball': 1, 'balls_remaining': 2, 'is_extra_ball': False}
2026-06-14 23:59:23,592 : INFO : EventManager : Event: ======'ball_starting'====== Args={'player': 1, 'ball': 1, 'balls_remaining': 2, 'is_extra_ball': False}
2026-06-14 23:59:23,592 : INFO : EventManager : Event: ======'balls_in_play'====== Args={'balls': 1}
2026-06-14 23:59:23,592 : INFO : EventManager : Event: ======'ball_started'====== Args={'player': 1, 'ball': 1, 'balls_remaining': 2, 'is_extra_ball': False}
2026-06-14 23:59:23,592 : INFO : EventManager : Event: ======'single_player_ball_started'====== Args={}
2026-06-14 23:59:23,592 : INFO : EventManager : Event: ======'ball_start_target'====== Args={'target': 'playfield'}
2026-06-14 23:59:23,592 : ERROR : asyncio : Exception in callback AsyncMode._mode_ended()
handle: <Handle AsyncMode._mode_ended()>
Traceback (most recent call last):
  File "C:\Users\mpf\AppData\Local\Programs\Python\Python313\Lib\asyncio\events.py", line 89, in _run
    self._context.run(self._callback, *self._args)
    ~~~~~~~~~~~~~~~~~^^^^^^^^^^^^^^^^^^^^^^^^^^^^^
  File "C:\Users\mpf\AppData\Local\Programs\Python\Python313\Lib\site-packages\mpf\core\async_mode.py", line 48, in _mode_ended
    future.result()
    ~~~~~~~~~~~~~^^
  File "C:\Users\mpf\AppData\Local\Programs\Python\Python313\Lib\site-packages\mpf\modes\game\code\game.py", line 91, in _run
    await self._run_ball()
  File "C:\Users\mpf\AppData\Local\Programs\Python\Python313\Lib\site-packages\mpf\modes\game\code\game.py", line 108, in _run_ball
    await self._start_ball(is_extra_ball)
  File "C:\Users\mpf\AppData\Local\Programs\Python\Python313\Lib\site-packages\mpf\modes\game\code\game.py", line 402, in _start_ball
    self.machine.playfields[result["target"]].add_ball(player_controlled=True)
    ~~~~~~~~~~~~~~~~~~~~~~~~~~~~~~~~~~~~~~~~~~~~~~~~~~^^^^^^^^^^^^^^^^^^^^^^^^
  File "C:\Users\mpf\AppData\Local\Programs\Python\Python313\Lib\site-packages\mpf\devices\playfield.py", line 237, in add_ball
    self.raise_config_error("Missing a source device to request a ball. Did you define a default_source_device "
    ~~~~~~~~~~~~~~~~~~~~~~~^^^^^^^^^^^^^^^^^^^^^^^^^^^^^^^^^^^^^^^^^^^^^^^^^^^^^^^^^^^^^^^^^^^^^^^^^^^^^^^^^^^^^
                            "in your playfield?", 1)
                            ^^^^^^^^^^^^^^^^^^^^^^^^
  File "C:\Users\mpf\AppData\Local\Programs\Python\Python313\Lib\site-packages\mpf\core\logging.py", line 175, in raise_config_error
    raise ConfigFileError(msg, error_no, self.log.name if self.log else "", context, self._url_base) \
        from source_exception
mpf.exceptions.config_file_error.ConfigFileError: Config File Error in playfield.playfield: Missing a source device to request a ball. Did you define a default_source_device in your playfield? Error Code: CFE-playfield-1 (https://missionpinball.org/latest/logs)
2026-06-14 23:59:23,648 : INFO : Machine : Shutting down...
2026-06-14 23:59:23,648 : INFO : EventManager : Event: ======'shutdown'====== Args={}
2026-06-14 23:59:23,762 : ERROR : Machine : Runtime Exception
Traceback (most recent call last):
  File "C:\Users\mpf\AppData\Local\Programs\Python\Python313\Lib\site-packages\mpf\core\machine.py", line 810, in _run_loop
    raise self._exception['exception']
  File "C:\Users\mpf\AppData\Local\Programs\Python\Python313\Lib\asyncio\events.py", line 89, in _run
    self._context.run(self._callback, *self._args)
    ~~~~~~~~~~~~~~~~~^^^^^^^^^^^^^^^^^^^^^^^^^^^^^
  File "C:\Users\mpf\AppData\Local\Programs\Python\Python313\Lib\site-packages\mpf\core\async_mode.py", line 48, in _mode_ended
    future.result()
    ~~~~~~~~~~~~~^^
  File "C:\Users\mpf\AppData\Local\Programs\Python\Python313\Lib\site-packages\mpf\modes\game\code\game.py", line 91, in _run
    await self._run_ball()
  File "C:\Users\mpf\AppData\Local\Programs\Python\Python313\Lib\site-packages\mpf\modes\game\code\game.py", line 108, in _run_ball
    await self._start_ball(is_extra_ball)
  File "C:\Users\mpf\AppData\Local\Programs\Python\Python313\Lib\site-packages\mpf\modes\game\code\game.py", line 402, in _start_ball
    self.machine.playfields[result["target"]].add_ball(player_controlled=True)
    ~~~~~~~~~~~~~~~~~~~~~~~~~~~~~~~~~~~~~~~~~~~~~~~~~~^^^^^^^^^^^^^^^^^^^^^^^^
  File "C:\Users\mpf\AppData\Local\Programs\Python\Python313\Lib\site-packages\mpf\devices\playfield.py", line 237, in add_ball
    self.raise_config_error("Missing a source device to request a ball. Did you define a default_source_device "
    ~~~~~~~~~~~~~~~~~~~~~~~^^^^^^^^^^^^^^^^^^^^^^^^^^^^^^^^^^^^^^^^^^^^^^^^^^^^^^^^^^^^^^^^^^^^^^^^^^^^^^^^^^^^^
                            "in your playfield?", 1)
                            ^^^^^^^^^^^^^^^^^^^^^^^^
  File "C:\Users\mpf\AppData\Local\Programs\Python\Python313\Lib\site-packages\mpf\core\logging.py", line 175, in raise_config_error
    raise ConfigFileError(msg, error_no, self.log.name if self.log else "", context, self._url_base) \
        from source_exception
mpf.exceptions.config_file_error.ConfigFileError: Config File Error in playfield.playfield: Missing a source device to request a ball. Did you define a default_source_device in your playfield? Error Code: CFE-playfield-1 (https://missionpinball.org/latest/logs)
2026-06-14 23:59:23,764 : INFO : root : MPF run loop ended.
