2026-06-18 00:42:08,742 : INFO : root : Loading config.
2026-06-18 00:42:08,746 : INFO : YamlMultifileConfigLoader : Machine config file #1: config.yaml
2026-06-18 00:42:08,747 : INFO : ConfigProcessor : Loading config from cache: C:\Users\mpf\AppData\Local\Temp\6d5b600d7be1a6495e3e5a66bc905d87.mpf_cache
2026-06-18 00:42:08,830 : INFO : ConfigProcessor : Loading config from cache: C:\Users\mpf\AppData\Local\Temp\8f40fc9be560776ef72c29fc1142b5c0.mpf_cache
2026-06-18 00:42:08,830 : INFO : ConfigProcessor : Loading config from cache: C:\Users\mpf\AppData\Local\Temp\280ef0bf7d2e5d11f4cb038a53adbb41.mpf_cache
2026-06-18 00:42:08,831 : INFO : Machine : Mission Pinball Framework Core Engine v0.80.0.dev13
2026-06-18 00:42:08,831 : INFO : Machine : Command line arguments: {'no_load_cache': False, 'create_config_cache': True, 'bcp': False, 'configfile': ['config.yaml'], 'force_assets_load': False, 'platform_integration_test': False, 'jsonlogging': False, 'logfile': 'logs\\2026-06-18-00-42-08-mpf-DESKTOP-OC28BPB.log', 'pause': False, 'production': False, 'text_ui': False, 'loglevel': 15, 'consoleloglevel': 20, 'force_platform': 'virtual', 'syslog_address': None, 'full_logfile_path': 'C:\\pinball\\logs\\2026-06-18-00-42-08-mpf-DESKTOP-OC28BPB.log'}
2026-06-18 00:42:08,831 : INFO : Machine : MPF path: C:\Users\mpf\AppData\Local\Programs\Python\Python313\Lib\site-packages\mpf
2026-06-18 00:42:08,831 : INFO : Machine : Machine path: C:\pinball
2026-06-18 00:42:08,831 : INFO : Machine : Platform: win32
2026-06-18 00:42:08,831 : INFO : Machine : Python executable location: C:\Users\mpf\AppData\Local\Programs\Python\Python313\python.exe
2026-06-18 00:42:08,831 : INFO : Machine : Python version: 3.13.12 (64-bit)
2026-06-18 00:42:08,833 : INFO : Machine : Initializing MPF...
2026-06-18 00:42:08,921 : INFO : EventManager : Event: ======'machine_var_credits_string'====== Args={'value': 'FREE PLAY', 'prev_value': None, 'change': True}
2026-06-18 00:42:08,941 : INFO : EventManager : Event: ======'machine_var_master_volume'====== Args={'value': 0.5, 'prev_value': None, 'change': True}
2026-06-18 00:42:08,941 : INFO : EventManager : Event: ======'machine_var_player1_score'====== Args={'value': 0, 'prev_value': None, 'change': True}
2026-06-18 00:42:08,941 : INFO : EventManager : Event: ======'machine_var_mpf_version'====== Args={'value': 'Mission Pinball Framework v0.80.0.dev13', 'prev_value': None, 'change': True}
2026-06-18 00:42:08,941 : INFO : EventManager : Event: ======'machine_var_mpf_extended_version'====== Args={'value': 'Mission Pinball Framework v0.80.0.dev13, Config version:6, Show version: 6, BCP version:1.1', 'prev_value': None, 'change': True}
2026-06-18 00:42:08,941 : INFO : EventManager : Event: ======'machine_var_python_version'====== Args={'value': '3.13.12', 'prev_value': None, 'change': True}
2026-06-18 00:42:08,982 : INFO : EventManager : Event: ======'machine_var_platform'====== Args={'value': 'Windows-11-10.0.26200-SP0', 'prev_value': None, 'change': True}
2026-06-18 00:42:08,983 : INFO : EventManager : Event: ======'machine_var_platform_system'====== Args={'value': 'Windows', 'prev_value': None, 'change': True}
2026-06-18 00:42:08,983 : INFO : EventManager : Event: ======'machine_var_platform_release'====== Args={'value': '11', 'prev_value': None, 'change': True}
2026-06-18 00:42:08,983 : INFO : EventManager : Event: ======'machine_var_platform_version'====== Args={'value': '10.0.26200', 'prev_value': None, 'change': True}
2026-06-18 00:42:08,983 : INFO : EventManager : Event: ======'machine_var_platform_machine'====== Args={'value': 'AMD64', 'prev_value': None, 'change': True}
2026-06-18 00:42:08,983 : INFO : EventManager : Event: ======'machine_var_log_file_path'====== Args={'value': 'C:\\pinball\\logs\\2026-06-18-00-42-08-mpf-DESKTOP-OC28BPB.log', 'prev_value': None, 'change': True}
2026-06-18 00:42:08,983 : INFO : EventManager : Event: ======'init_phase_1'====== Args={}
2026-06-18 00:42:09,003 : INFO : EventManager : Event: ======'init_phase_2'====== Args={}
2026-06-18 00:42:09,005 : INFO : ball_device.bd_trough : BCH: Initial count: 0
2026-06-18 00:42:09,005 : INFO : ball_device.bd_trough : State: idle
2026-06-18 00:42:09,005 : INFO : ball_device.bd_plunger : BCH: Initial count: 0
2026-06-18 00:42:09,005 : INFO : ball_device.bd_plunger : State: idle
2026-06-18 00:42:09,016 : INFO : EventManager : Event: ======'init_phase_3'====== Args={}
2026-06-18 00:42:09,018 : INFO : EventManager : Event: ======'init_phase_4'====== Args={}
2026-06-18 00:42:09,019 : INFO : BallController : Initial balls found: 0
2026-06-18 00:42:09,021 : INFO : EventManager : Event: ======'machine_var_audits_events_game_ended'====== Args={'value': 4, 'prev_value': None, 'change': True}
2026-06-18 00:42:09,021 : INFO : EventManager : Event: ======'machine_var_audits_events_game_started'====== Args={'value': 16, 'prev_value': None, 'change': True}
2026-06-18 00:42:09,021 : INFO : EventManager : Event: ======'machine_var_audits_missing_switches_s_launch'====== Args={'value': 12, 'prev_value': None, 'change': True}
2026-06-18 00:42:09,021 : INFO : EventManager : Event: ======'machine_var_audits_missing_switches_s_left_inlane'====== Args={'value': 8, 'prev_value': None, 'change': True}
2026-06-18 00:42:09,021 : INFO : EventManager : Event: ======'machine_var_audits_missing_switches_s_left_outlane'====== Args={'value': 8, 'prev_value': None, 'change': True}
2026-06-18 00:42:09,021 : INFO : EventManager : Event: ======'machine_var_audits_missing_switches_s_start'====== Args={'value': 2, 'prev_value': None, 'change': True}
2026-06-18 00:42:09,021 : INFO : EventManager : Event: ======'machine_var_audits_player_score'====== Args={'value': {'average': 0, 'top': [0, 0, 0, 0], 'total': 4}, 'prev_value': None, 'change': True}
2026-06-18 00:42:09,021 : INFO : EventManager : Event: ======'machine_var_audits_switches_s_flipper_left_eos'====== Args={'value': 5, 'prev_value': None, 'change': True}
2026-06-18 00:42:09,021 : INFO : EventManager : Event: ======'machine_var_audits_switches_s_flipper_right_eos'====== Args={'value': 3, 'prev_value': None, 'change': True}
2026-06-18 00:42:09,021 : INFO : EventManager : Event: ======'machine_var_audits_switches_s_launch'====== Args={'value': 2, 'prev_value': None, 'change': True}
2026-06-18 00:42:09,021 : INFO : EventManager : Event: ======'machine_var_audits_switches_s_left_flipper'====== Args={'value': 6, 'prev_value': None, 'change': True}
2026-06-18 00:42:09,021 : INFO : EventManager : Event: ======'machine_var_audits_switches_s_left_inlane'====== Args={'value': 9, 'prev_value': None, 'change': True}
2026-06-18 00:42:09,021 : INFO : EventManager : Event: ======'machine_var_audits_switches_s_left_outlane'====== Args={'value': 3, 'prev_value': None, 'change': True}
2026-06-18 00:42:09,021 : INFO : EventManager : Event: ======'machine_var_audits_switches_s_plunger'====== Args={'value': 13, 'prev_value': None, 'change': True}
2026-06-18 00:42:09,022 : INFO : EventManager : Event: ======'machine_var_audits_switches_s_right_flipper'====== Args={'value': 8, 'prev_value': None, 'change': True}
2026-06-18 00:42:09,022 : INFO : EventManager : Event: ======'machine_var_audits_switches_s_right_inlane'====== Args={'value': 7, 'prev_value': None, 'change': True}
2026-06-18 00:42:09,022 : INFO : EventManager : Event: ======'machine_var_audits_switches_s_right_outlane'====== Args={'value': 24, 'prev_value': None, 'change': True}
2026-06-18 00:42:09,022 : INFO : EventManager : Event: ======'machine_var_audits_switches_s_slingshot_left'====== Args={'value': 18, 'prev_value': None, 'change': True}
2026-06-18 00:42:09,022 : INFO : EventManager : Event: ======'machine_var_audits_switches_s_slingshot_right'====== Args={'value': 25, 'prev_value': None, 'change': True}
2026-06-18 00:42:09,022 : INFO : EventManager : Event: ======'machine_var_audits_switches_s_start'====== Args={'value': 0, 'prev_value': None, 'change': True}
2026-06-18 00:42:09,022 : INFO : EventManager : Event: ======'machine_var_audits_switches_s_trough_ball_1'====== Args={'value': 97, 'prev_value': None, 'change': True}
2026-06-18 00:42:09,022 : INFO : EventManager : Event: ======'machine_var_audits_switches_s_trough_ball_2'====== Args={'value': 24, 'prev_value': None, 'change': True}
2026-06-18 00:42:09,022 : INFO : EventManager : Event: ======'machine_var_audits_switches_s_trough_ball_3'====== Args={'value': 12, 'prev_value': None, 'change': True}
2026-06-18 00:42:09,022 : INFO : EventManager : Event: ======'machine_var_audits_switches_s_trough_ball_4'====== Args={'value': 12, 'prev_value': None, 'change': True}
2026-06-18 00:42:09,022 : INFO : EventManager : Event: ======'machine_var_audits_switches_s_trough_ball_5'====== Args={'value': 12, 'prev_value': None, 'change': True}
2026-06-18 00:42:09,022 : INFO : EventManager : Event: ======'machine_var_audits_switches_s_trough_ball_6'====== Args={'value': 12, 'prev_value': None, 'change': True}
2026-06-18 00:42:09,022 : INFO : EventManager : Event: ======'machine_var_audits_switches_s_trough_ball_jam'====== Args={'value': 50, 'prev_value': None, 'change': True}
2026-06-18 00:42:09,023 : INFO : EventManager : Event: ======'init_phase_5'====== Args={}
2026-06-18 00:42:09,024 : INFO : EventManager : Event: ======'init_done'====== Args={}
2026-06-18 00:42:09,024 : INFO : EventManager : Event: ======'machine_reset_phase_1'====== Args={}
2026-06-18 00:42:09,024 : INFO : EventManager : Event: ======'machine_reset_phase_2'====== Args={}
2026-06-18 00:42:09,024 : INFO : EventManager : Event: ======'machine_reset_phase_3'====== Args={}
2026-06-18 00:42:09,024 : INFO : EventManager : Event: ======'reset_complete'====== Args={}
2026-06-18 00:42:09,024 : INFO : EventManager : Event: ======'mode_attract_will_start'====== Args={}
2026-06-18 00:42:09,025 : INFO : EventManager : Event: ======'mode_attract_starting'====== Args={}
2026-06-18 00:42:09,025 : INFO : Mode.attract : Started. Priority: 10
2026-06-18 00:42:09,025 : INFO : EventManager : Event: ======'modes_active_modes_changed'====== Args={}
2026-06-18 00:42:09,025 : INFO : EventManager : Event: ======'mode_attract_started'====== Args={}
2026-06-18 00:42:09,025 : INFO : EventManager : Event: ======'collecting_balls_complete'====== Args={}
2026-06-18 00:42:09,025 : INFO : Machine : Starting the main run loop with active modes: [<Mode.attract>]
2026-06-18 00:42:31,130 : INFO : Machine : Shutting down...
2026-06-18 00:42:31,131 : INFO : EventManager : Event: ======'shutdown'====== Args={}
2026-06-18 00:42:31,140 : INFO : root : MPF run loop ended.
