2026-06-18 03:22:29,826 : INFO : root : Loading config.
2026-06-18 03:22:29,830 : INFO : YamlMultifileConfigLoader : Machine config file #1: config.yaml
2026-06-18 03:22:29,831 : WARNING : ConfigProcessor : Config file in cache changed: C:\Users\mpf\AppData\Local\Programs\Python\Python313\Lib\site-packages\mpf\mpfconfig.yaml
2026-06-18 03:22:29,831 : INFO : ConfigProcessor : Loading config from file C:\Users\mpf\AppData\Local\Programs\Python\Python313\Lib\site-packages\mpf\mpfconfig.yaml.
2026-06-18 03:22:29,886 : INFO : ConfigProcessor : Loading config: C:\Users\mpf\AppData\Local\Programs\Python\Python313\Lib\site-packages\mpf\mpfconfig.yaml
2026-06-18 03:22:29,886 : INFO : ConfigProcessor : Loading config from file C:\pinball\config\config.yaml.
2026-06-18 03:22:29,892 : INFO : ConfigProcessor : Loading config: C:\pinball\config\config.yaml
2026-06-18 03:22:29,901 : INFO : ConfigProcessor : Loading config: C:\pinball\config\config_switches.yaml
2026-06-18 03:22:29,904 : INFO : ConfigProcessor : Loading config: C:\pinball\config\config_ball_devices.yaml
2026-06-18 03:22:29,909 : INFO : ConfigProcessor : Loading config: C:\pinball\config\config_coils.yaml
2026-06-18 03:22:29,910 : INFO : ConfigProcessor : Config file cache created: C:\Users\mpf\AppData\Local\Temp\6d5b600d7be1a6495e3e5a66bc905d87.mpf_cache
2026-06-18 03:22:29,992 : WARNING : ConfigProcessor : Config file in cache changed: C:\Users\mpf\AppData\Local\Programs\Python\Python313\Lib\site-packages\mpf\modes\attract\config\attract.yaml
2026-06-18 03:22:29,992 : INFO : ConfigProcessor : Loading config from file C:\Users\mpf\AppData\Local\Programs\Python\Python313\Lib\site-packages\mpf\modes\attract\config\attract.yaml.
2026-06-18 03:22:29,994 : INFO : ConfigProcessor : Loading config: C:\Users\mpf\AppData\Local\Programs\Python\Python313\Lib\site-packages\mpf\modes\attract\config\attract.yaml
2026-06-18 03:22:29,994 : INFO : ConfigProcessor : Loading config from file C:\pinball\modes\attract\config\attract.yaml.
2026-06-18 03:22:29,999 : INFO : ConfigProcessor : Loading config: C:\pinball\modes\attract\config\attract.yaml
2026-06-18 03:22:30,000 : INFO : ConfigProcessor : Config file cache created: C:\Users\mpf\AppData\Local\Temp\8f40fc9be560776ef72c29fc1142b5c0.mpf_cache
2026-06-18 03:22:30,001 : INFO : ConfigProcessor : Loading config from cache: C:\Users\mpf\AppData\Local\Temp\280ef0bf7d2e5d11f4cb038a53adbb41.mpf_cache
2026-06-18 03:22:30,001 : INFO : ConfigProcessor : Loading config from cache: C:\Users\mpf\AppData\Local\Temp\8f40fc9be560776ef72c29fc1142b5c0.mpf_cache
2026-06-18 03:22:30,002 : INFO : Machine : Mission Pinball Framework Core Engine v0.81.0.dev2
2026-06-18 03:22:30,002 : INFO : Machine : Command line arguments: {'no_load_cache': False, 'create_config_cache': True, 'bcp': True, 'configfile': ['config.yaml'], 'force_assets_load': False, 'platform_integration_test': False, 'jsonlogging': False, 'logfile': 'logs\\2026-06-18-03-22-29-mpf-DESKTOP-OC28BPB.log', 'pause': False, 'production': False, 'text_ui': False, 'loglevel': 15, 'consoleloglevel': 20, 'force_platform': None, 'syslog_address': None, 'full_logfile_path': 'C:\\pinball\\logs\\2026-06-18-03-22-29-mpf-DESKTOP-OC28BPB.log'}
2026-06-18 03:22:30,002 : INFO : Machine : MPF path: C:\Users\mpf\AppData\Local\Programs\Python\Python313\Lib\site-packages\mpf
2026-06-18 03:22:30,002 : INFO : Machine : Machine path: C:\pinball
2026-06-18 03:22:30,002 : INFO : Machine : Platform: win32
2026-06-18 03:22:30,002 : INFO : Machine : Python executable location: C:\Users\mpf\AppData\Local\Programs\Python\Python313\python.exe
2026-06-18 03:22:30,002 : INFO : Machine : Python version: 3.13.12 (64-bit)
2026-06-18 03:22:30,004 : INFO : Machine : Initializing MPF...
2026-06-18 03:22:30,105 : INFO : FAST : Auto-detecting ports for the following connections: ['net']
2026-06-18 03:22:30,142 : INFO : FAST : Detected NET on port COM4
2026-06-18 03:22:30,255 : INFO : FAST [NET] : Trying to connect to COM4 at 921600bps
2026-06-18 03:22:30,263 : INFO : FAST [NET] : Connected to COM4 at 921600bps
2026-06-18 03:22:30,270 : INFO : FAST [NET] : Connected to FP-CPU-2000 with firmware v02.26
2026-06-18 03:22:30,300 : INFO : FAST [NET] : Registered I/O Board 0: Model: FP-I/O-3208, Firmware: 01.10, Switches: 32, Drivers: 8
2026-06-18 03:22:30,302 : INFO : EventManager : Event: ======'machine_var_credits_string'====== Args={'value': 'FREE PLAY', 'prev_value': None, 'change': True}
2026-06-18 03:22:30,327 : INFO : EventManager : Event: ======'machine_var_master_volume'====== Args={'value': 0.5, 'prev_value': None, 'change': True}
2026-06-18 03:22:30,327 : INFO : EventManager : Event: ======'machine_var_player1_score'====== Args={'value': 0, 'prev_value': None, 'change': True}
2026-06-18 03:22:30,327 : INFO : EventManager : Event: ======'machine_var_mpf_version'====== Args={'value': 'Mission Pinball Framework v0.81.0.dev2', 'prev_value': None, 'change': True}
2026-06-18 03:22:30,327 : INFO : EventManager : Event: ======'machine_var_mpf_extended_version'====== Args={'value': 'Mission Pinball Framework v0.81.0.dev2, Config version:6, Show version: 6, BCP version:1.1', 'prev_value': None, 'change': True}
2026-06-18 03:22:30,327 : INFO : EventManager : Event: ======'machine_var_python_version'====== Args={'value': '3.13.12', 'prev_value': None, 'change': True}
2026-06-18 03:22:30,371 : INFO : EventManager : Event: ======'machine_var_platform'====== Args={'value': 'Windows-11-10.0.26200-SP0', 'prev_value': None, 'change': True}
2026-06-18 03:22:30,372 : INFO : EventManager : Event: ======'machine_var_platform_system'====== Args={'value': 'Windows', 'prev_value': None, 'change': True}
2026-06-18 03:22:30,372 : INFO : EventManager : Event: ======'machine_var_platform_release'====== Args={'value': '11', 'prev_value': None, 'change': True}
2026-06-18 03:22:30,372 : INFO : EventManager : Event: ======'machine_var_platform_version'====== Args={'value': '10.0.26200', 'prev_value': None, 'change': True}
2026-06-18 03:22:30,372 : INFO : EventManager : Event: ======'machine_var_platform_machine'====== Args={'value': 'AMD64', 'prev_value': None, 'change': True}
2026-06-18 03:22:30,372 : INFO : EventManager : Event: ======'machine_var_log_file_path'====== Args={'value': 'C:\\pinball\\logs\\2026-06-18-03-22-29-mpf-DESKTOP-OC28BPB.log', 'prev_value': None, 'change': True}
2026-06-18 03:22:30,372 : INFO : EventManager : Event: ======'init_phase_1'====== Args={}
2026-06-18 03:22:32,408 : INFO : SwitchController : <<<<<<< 's_trough_ball_jam' active >>>>>>>
2026-06-18 03:22:32,409 : INFO : SwitchController : <<<<<<< 's_trough_ball_1' active >>>>>>>
2026-06-18 03:22:32,410 : INFO : EventManager : Event: ======'init_phase_2'====== Args={}
2026-06-18 03:22:32,411 : INFO : SwitchController : Found active switch: (6, [FAST Platform Interface]) <switch.s_trough_ball_jam>
2026-06-18 03:22:32,411 : INFO : SwitchController : Found active switch: (0, [FAST Platform Interface]) <switch.s_trough_ball_1>
2026-06-18 03:22:32,415 : INFO : EventManager : Event: ======'bcp_connection_attempt'====== Args={'name': 'local_display', 'host': 'localhost', 'port': 5050}
2026-06-18 03:22:32,419 : INFO : BCPClientSocket : Connecting BCP to 'local_display' at localhost:5050...
2026-06-18 03:22:32,444 : INFO : BCPClientSocket : Connected BCP to 'local_display' localhost:5050
2026-06-18 03:22:32,446 : INFO : EventManager : Event: ======'bcp_clients_connected'====== Args={}
2026-06-18 03:22:32,910 : INFO : ball_device.bd_trough : BCH: Initial count: 1
2026-06-18 03:22:32,911 : INFO : ball_device.bd_trough : State: idle
2026-06-18 03:22:32,913 : INFO : ball_device.bd_plunger : BCH: Initial count: 0
2026-06-18 03:22:32,914 : INFO : ball_device.bd_plunger : State: idle
2026-06-18 03:22:32,941 : INFO : EventManager : Event: ======'init_phase_3'====== Args={}
2026-06-18 03:22:32,944 : INFO : EventManager : Event: ======'init_phase_4'====== Args={}
2026-06-18 03:22:32,945 : INFO : BallController : Initial balls found: 1
2026-06-18 03:22:32,946 : INFO : EventManager : Event: ======'machine_var_audits_events_game_ended'====== Args={'value': 5, 'prev_value': None, 'change': True}
2026-06-18 03:22:32,946 : INFO : EventManager : Event: ======'machine_var_audits_events_game_started'====== Args={'value': 20, 'prev_value': None, 'change': True}
2026-06-18 03:22:32,946 : INFO : EventManager : Event: ======'machine_var_audits_missing_switches_s_flipper_left_eos'====== Args={'value': 4, 'prev_value': None, 'change': True}
2026-06-18 03:22:32,946 : INFO : EventManager : Event: ======'machine_var_audits_missing_switches_s_flipper_right_eos'====== Args={'value': 2, 'prev_value': None, 'change': True}
2026-06-18 03:22:32,947 : INFO : EventManager : Event: ======'machine_var_audits_missing_switches_s_launch'====== Args={'value': 16, 'prev_value': None, 'change': True}
2026-06-18 03:22:32,947 : INFO : EventManager : Event: ======'machine_var_audits_missing_switches_s_left_flipper'====== Args={'value': 4, 'prev_value': None, 'change': True}
2026-06-18 03:22:32,947 : INFO : EventManager : Event: ======'machine_var_audits_missing_switches_s_left_inlane'====== Args={'value': 12, 'prev_value': None, 'change': True}
2026-06-18 03:22:32,947 : INFO : EventManager : Event: ======'machine_var_audits_missing_switches_s_plunger'====== Args={'value': 1, 'prev_value': None, 'change': True}
2026-06-18 03:22:32,947 : INFO : EventManager : Event: ======'machine_var_audits_missing_switches_s_right_flipper'====== Args={'value': 2, 'prev_value': None, 'change': True}
2026-06-18 03:22:32,947 : INFO : EventManager : Event: ======'machine_var_audits_missing_switches_s_right_inlane'====== Args={'value': 4, 'prev_value': None, 'change': True}
2026-06-18 03:22:32,947 : INFO : EventManager : Event: ======'machine_var_audits_missing_switches_s_right_outlane'====== Args={'value': 4, 'prev_value': None, 'change': True}
2026-06-18 03:22:32,947 : INFO : EventManager : Event: ======'machine_var_audits_missing_switches_s_slingshot_left'====== Args={'value': 1, 'prev_value': None, 'change': True}
2026-06-18 03:22:32,947 : INFO : EventManager : Event: ======'machine_var_audits_missing_switches_s_slingshot_right'====== Args={'value': 4, 'prev_value': None, 'change': True}
2026-06-18 03:22:32,947 : INFO : EventManager : Event: ======'machine_var_audits_missing_switches_s_start'====== Args={'value': 6, 'prev_value': None, 'change': True}
2026-06-18 03:22:32,947 : INFO : EventManager : Event: ======'machine_var_audits_missing_switches_s_trough_ball_1'====== Args={'value': 3, 'prev_value': None, 'change': True}
2026-06-18 03:22:32,948 : INFO : EventManager : Event: ======'machine_var_audits_missing_switches_s_trough_ball_2'====== Args={'value': 3, 'prev_value': None, 'change': True}
2026-06-18 03:22:32,948 : INFO : EventManager : Event: ======'machine_var_audits_missing_switches_s_trough_ball_3'====== Args={'value': 3, 'prev_value': None, 'change': True}
2026-06-18 03:22:32,948 : INFO : EventManager : Event: ======'machine_var_audits_missing_switches_s_trough_ball_4'====== Args={'value': 3, 'prev_value': None, 'change': True}
2026-06-18 03:22:32,948 : INFO : EventManager : Event: ======'machine_var_audits_missing_switches_s_trough_ball_5'====== Args={'value': 3, 'prev_value': None, 'change': True}
2026-06-18 03:22:32,948 : INFO : EventManager : Event: ======'machine_var_audits_missing_switches_s_trough_ball_6'====== Args={'value': 3, 'prev_value': None, 'change': True}
2026-06-18 03:22:32,948 : INFO : EventManager : Event: ======'machine_var_audits_missing_switches_s_trough_ball_jam'====== Args={'value': 3, 'prev_value': None, 'change': True}
2026-06-18 03:22:32,948 : INFO : EventManager : Event: ======'machine_var_audits_player_score'====== Args={'value': {'average': 0, 'top': [0, 0, 0, 0, 0], 'total': 5}, 'prev_value': None, 'change': True}
2026-06-18 03:22:32,948 : INFO : EventManager : Event: ======'machine_var_audits_switches_s_flipper_left_eos'====== Args={'value': 5, 'prev_value': None, 'change': True}
2026-06-18 03:22:32,948 : INFO : EventManager : Event: ======'machine_var_audits_switches_s_flipper_right_eos'====== Args={'value': 4, 'prev_value': None, 'change': True}
2026-06-18 03:22:32,948 : INFO : EventManager : Event: ======'machine_var_audits_switches_s_launch'====== Args={'value': 2, 'prev_value': None, 'change': True}
2026-06-18 03:22:32,948 : INFO : EventManager : Event: ======'machine_var_audits_switches_s_left_flipper'====== Args={'value': 6, 'prev_value': None, 'change': True}
2026-06-18 03:22:32,948 : INFO : EventManager : Event: ======'machine_var_audits_switches_s_left_inlane'====== Args={'value': 9, 'prev_value': None, 'change': True}
2026-06-18 03:22:32,948 : INFO : EventManager : Event: ======'machine_var_audits_switches_s_left_outlane'====== Args={'value': 20, 'prev_value': None, 'change': True}
2026-06-18 03:22:32,948 : INFO : EventManager : Event: ======'machine_var_audits_switches_s_plunger'====== Args={'value': 18, 'prev_value': None, 'change': True}
2026-06-18 03:22:32,948 : INFO : EventManager : Event: ======'machine_var_audits_switches_s_right_flipper'====== Args={'value': 9, 'prev_value': None, 'change': True}
2026-06-18 03:22:32,948 : INFO : EventManager : Event: ======'machine_var_audits_switches_s_right_inlane'====== Args={'value': 7, 'prev_value': None, 'change': True}
2026-06-18 03:22:32,948 : INFO : EventManager : Event: ======'machine_var_audits_switches_s_right_outlane'====== Args={'value': 24, 'prev_value': None, 'change': True}
2026-06-18 03:22:32,948 : INFO : EventManager : Event: ======'machine_var_audits_switches_s_slingshot_left'====== Args={'value': 19, 'prev_value': None, 'change': True}
2026-06-18 03:22:32,948 : INFO : EventManager : Event: ======'machine_var_audits_switches_s_slingshot_right'====== Args={'value': 25, 'prev_value': None, 'change': True}
2026-06-18 03:22:32,948 : INFO : EventManager : Event: ======'machine_var_audits_switches_s_start'====== Args={'value': 0, 'prev_value': None, 'change': True}
2026-06-18 03:22:32,948 : INFO : EventManager : Event: ======'machine_var_audits_switches_s_trough_ball_1'====== Args={'value': 101, 'prev_value': None, 'change': True}
2026-06-18 03:22:32,948 : INFO : EventManager : Event: ======'machine_var_audits_switches_s_trough_ball_2'====== Args={'value': 27, 'prev_value': None, 'change': True}
2026-06-18 03:22:32,948 : INFO : EventManager : Event: ======'machine_var_audits_switches_s_trough_ball_3'====== Args={'value': 15, 'prev_value': None, 'change': True}
2026-06-18 03:22:32,948 : INFO : EventManager : Event: ======'machine_var_audits_switches_s_trough_ball_4'====== Args={'value': 15, 'prev_value': None, 'change': True}
2026-06-18 03:22:32,948 : INFO : EventManager : Event: ======'machine_var_audits_switches_s_trough_ball_5'====== Args={'value': 15, 'prev_value': None, 'change': True}
2026-06-18 03:22:32,949 : INFO : EventManager : Event: ======'machine_var_audits_switches_s_trough_ball_6'====== Args={'value': 15, 'prev_value': None, 'change': True}
2026-06-18 03:22:32,949 : INFO : EventManager : Event: ======'machine_var_audits_switches_s_trough_ball_jam'====== Args={'value': 53, 'prev_value': None, 'change': True}
2026-06-18 03:22:32,949 : INFO : EventManager : Event: ======'init_phase_5'====== Args={}
2026-06-18 03:22:32,950 : INFO : EventManager : Event: ======'init_done'====== Args={}
2026-06-18 03:22:32,950 : INFO : EventManager : Event: ======'machine_reset_phase_1'====== Args={}
2026-06-18 03:22:32,961 : INFO : EventManager : Event: ======'machine_reset_phase_2'====== Args={}
2026-06-18 03:22:32,962 : INFO : EventManager : Event: ======'machine_reset_phase_3'====== Args={}
2026-06-18 03:22:32,962 : INFO : EventManager : Event: ======'reset_complete'====== Args={}
2026-06-18 03:22:32,962 : INFO : EventManager : Event: ======'mode_attract_will_start'====== Args={}
2026-06-18 03:22:32,963 : INFO : Timer.attract_carousel_timer : Starting Timer.
2026-06-18 03:22:32,963 : INFO : EventManager : Event: ======'timer_attract_carousel_timer_started'====== Args={'ticks': 0, 'ticks_remaining': 1}
2026-06-18 03:22:32,963 : INFO : EventManager : Event: ======'timer_attract_carousel_timer_tick'====== Args={'ticks': 0, 'ticks_remaining': 1}
2026-06-18 03:22:32,963 : INFO : EventManager : Event: ======'mode_attract_starting'====== Args={}
2026-06-18 03:22:32,963 : INFO : Mode.attract : Started. Priority: 10
2026-06-18 03:22:32,964 : INFO : EventManager : Event: ======'modes_active_modes_changed'====== Args={}
2026-06-18 03:22:32,964 : INFO : EventManager : Event: ======'mode_attract_started'====== Args={}
2026-06-18 03:22:32,964 : INFO : EventManager : Event: ======'collecting_balls_complete'====== Args={}
2026-06-18 03:22:32,964 : INFO : EventManager : Event: ======'carousel_item_highlighted'====== Args={'carousel': 'attract', 'direction': None, 'item': 'title'}
2026-06-18 03:22:32,966 : INFO : Machine : Starting the main run loop with active modes: [<Mode.attract>]
2026-06-18 03:22:32,993 : INFO : EventManager : Event: ======'slide_attract_created'====== Args={'_from_bcp': True}
2026-06-18 03:22:32,993 : INFO : EventManager : Event: ======'slide__removed'====== Args={'_from_bcp': True}
2026-06-18 03:22:32,993 : INFO : EventManager : Event: ======'slide_attract_active'====== Args={'original_context': 'attract', 'original_calling_context': 'mode_attract_started', 'priority': 10.0, 'cmd': 'slides_play', '_from_bcp': True}
2026-06-18 03:22:37,965 : INFO : Timer.attract_carousel_timer : Timer Complete
2026-06-18 03:22:37,966 : INFO : Timer.attract_carousel_timer : Stopping Timer
2026-06-18 03:22:37,966 : INFO : EventManager : Event: ======'timer_attract_carousel_timer_stopped'====== Args={'ticks': 1, 'ticks_remaining': 1}
2026-06-18 03:22:37,966 : INFO : EventManager : Event: ======'timer_attract_carousel_timer_complete'====== Args={'ticks': 1, 'ticks_remaining': 1}
2026-06-18 03:22:37,967 : INFO : EventManager : Event: ======'carousel_item_highlighted'====== Args={'carousel': 'attract', 'direction': 'forwards', 'item': 'credits'}
2026-06-18 03:22:50,095 : INFO : Machine : Shutting down...
2026-06-18 03:22:50,096 : INFO : EventManager : Event: ======'shutdown'====== Args={}
2026-06-18 03:22:50,209 : INFO : root : MPF run loop ended.
