2026-06-15 00:34:28,230 : INFO : root : Loading config.
2026-06-15 00:34:28,235 : INFO : YamlMultifileConfigLoader : Machine config file #1: config.yaml
2026-06-15 00:34:28,236 : WARNING : ConfigProcessor : Config file in cache changed: C:\pinball\config\config.yaml
2026-06-15 00:34:28,236 : INFO : ConfigProcessor : Loading config from file C:\Users\mpf\AppData\Local\Programs\Python\Python313\Lib\site-packages\mpf\mpfconfig.yaml.
2026-06-15 00:34:28,294 : INFO : ConfigProcessor : Loading config: C:\Users\mpf\AppData\Local\Programs\Python\Python313\Lib\site-packages\mpf\mpfconfig.yaml
2026-06-15 00:34:28,294 : INFO : ConfigProcessor : Loading config from file C:\pinball\config\config.yaml.
2026-06-15 00:34:28,346 : INFO : ConfigProcessor : Loading config: C:\pinball\config\config.yaml
2026-06-15 00:34:28,349 : INFO : ConfigProcessor : Config file cache created: C:\Users\mpf\AppData\Local\Temp\6d5b600d7be1a6495e3e5a66bc905d87.mpf_cache
2026-06-15 00:34:28,473 : INFO : ConfigProcessor : Loading config from cache: C:\Users\mpf\AppData\Local\Temp\8f40fc9be560776ef72c29fc1142b5c0.mpf_cache
2026-06-15 00:34:28,474 : INFO : ConfigProcessor : Loading config from cache: C:\Users\mpf\AppData\Local\Temp\280ef0bf7d2e5d11f4cb038a53adbb41.mpf_cache
2026-06-15 00:34:28,475 : INFO : Machine : Mission Pinball Framework Core Engine v0.80.0.dev13
2026-06-15 00:34:28,475 : INFO : Machine : Command line arguments: {'no_load_cache': False, 'create_config_cache': True, 'bcp': False, 'configfile': ['config.yaml'], 'force_assets_load': False, 'platform_integration_test': False, 'jsonlogging': False, 'logfile': 'logs\\2026-06-15-00-34-28-mpf-DESKTOP-OC28BPB.log', 'pause': False, 'production': False, 'text_ui': False, 'loglevel': 15, 'consoleloglevel': 20, 'force_platform': None, 'syslog_address': None, 'full_logfile_path': 'C:\\pinball\\logs\\2026-06-15-00-34-28-mpf-DESKTOP-OC28BPB.log'}
2026-06-15 00:34:28,475 : INFO : Machine : MPF path: C:\Users\mpf\AppData\Local\Programs\Python\Python313\Lib\site-packages\mpf
2026-06-15 00:34:28,475 : INFO : Machine : Machine path: C:\pinball
2026-06-15 00:34:28,475 : INFO : Machine : Platform: win32
2026-06-15 00:34:28,475 : INFO : Machine : Python executable location: C:\Users\mpf\AppData\Local\Programs\Python\Python313\python.exe
2026-06-15 00:34:28,475 : INFO : Machine : Python version: 3.13.12 (64-bit)
2026-06-15 00:34:28,477 : INFO : Machine : Initializing MPF...
2026-06-15 00:34:28,621 : INFO : FAST : Auto-detecting ports for the following connections: ['net']
2026-06-15 00:34:28,662 : INFO : FAST : Detected NET on port COM4
2026-06-15 00:34:28,777 : INFO : FAST [NET] : Trying to connect to COM4 at 921600bps
2026-06-15 00:34:28,787 : INFO : FAST [NET] : Connected to COM4 at 921600bps
2026-06-15 00:34:28,805 : INFO : FAST [NET] : Connected to FP-CPU-2000 with firmware v02.26
2026-06-15 00:34:28,825 : INFO : FAST [NET] : Registered I/O Board 0: Model: FP-I/O-3208, Firmware: 01.10, Switches: 32, Drivers: 8
2026-06-15 00:34:28,827 : INFO : EventManager : Event: ======'machine_var_credits_string'====== Args={'value': 'FREE PLAY', 'prev_value': None, 'change': True}
2026-06-15 00:34:28,889 : INFO : EventManager : Event: ======'machine_var_master_volume'====== Args={'value': 0.5, 'prev_value': None, 'change': True}
2026-06-15 00:34:28,889 : INFO : EventManager : Event: ======'machine_var_mpf_version'====== Args={'value': 'Mission Pinball Framework v0.80.0.dev13', 'prev_value': None, 'change': True}
2026-06-15 00:34:28,889 : INFO : EventManager : Event: ======'machine_var_mpf_extended_version'====== Args={'value': 'Mission Pinball Framework v0.80.0.dev13, Config version:6, Show version: 6, BCP version:1.1', 'prev_value': None, 'change': True}
2026-06-15 00:34:28,889 : INFO : EventManager : Event: ======'machine_var_python_version'====== Args={'value': '3.13.12', 'prev_value': None, 'change': True}
2026-06-15 00:34:28,935 : INFO : EventManager : Event: ======'machine_var_platform'====== Args={'value': 'Windows-11-10.0.26200-SP0', 'prev_value': None, 'change': True}
2026-06-15 00:34:28,935 : INFO : EventManager : Event: ======'machine_var_platform_system'====== Args={'value': 'Windows', 'prev_value': None, 'change': True}
2026-06-15 00:34:28,935 : INFO : EventManager : Event: ======'machine_var_platform_release'====== Args={'value': '11', 'prev_value': None, 'change': True}
2026-06-15 00:34:28,935 : INFO : EventManager : Event: ======'machine_var_platform_version'====== Args={'value': '10.0.26200', 'prev_value': None, 'change': True}
2026-06-15 00:34:28,935 : INFO : EventManager : Event: ======'machine_var_platform_machine'====== Args={'value': 'AMD64', 'prev_value': None, 'change': True}
2026-06-15 00:34:28,935 : INFO : EventManager : Event: ======'machine_var_log_file_path'====== Args={'value': 'C:\\pinball\\logs\\2026-06-15-00-34-28-mpf-DESKTOP-OC28BPB.log', 'prev_value': None, 'change': True}
2026-06-15 00:34:28,935 : INFO : EventManager : Event: ======'init_phase_1'====== Args={}
2026-06-15 00:34:31,169 : INFO : SwitchController : <<<<<<< 's_trough_ball_jam' active >>>>>>>
2026-06-15 00:34:31,170 : INFO : SwitchController : <<<<<<< 's_trough_ball_1' active >>>>>>>
2026-06-15 00:34:31,171 : INFO : EventManager : Event: ======'init_phase_2'====== Args={}
2026-06-15 00:34:31,172 : INFO : SwitchController : Found active switch: (6, [FAST Platform Interface]) <switch.s_trough_ball_jam>
2026-06-15 00:34:31,172 : INFO : SwitchController : Found active switch: (0, [FAST Platform Interface]) <switch.s_trough_ball_1>
2026-06-15 00:34:31,675 : INFO : ball_device.bd_trough : BCH: Initial count: 1
2026-06-15 00:34:31,677 : INFO : ball_device.bd_trough : State: idle
2026-06-15 00:34:31,679 : INFO : ball_device.bd_plunger : BCH: Initial count: 0
2026-06-15 00:34:31,681 : INFO : ball_device.bd_plunger : State: idle
2026-06-15 00:34:31,729 : INFO : EventManager : Event: ======'init_phase_3'====== Args={}
2026-06-15 00:34:31,732 : INFO : EventManager : Event: ======'init_phase_4'====== Args={}
2026-06-15 00:34:31,733 : INFO : BallController : Initial balls found: 1
2026-06-15 00:34:31,735 : INFO : EventManager : Event: ======'machine_var_audits_events_game_ended'====== Args={'value': 0, 'prev_value': None, 'change': True}
2026-06-15 00:34:31,735 : INFO : EventManager : Event: ======'machine_var_audits_events_game_started'====== Args={'value': 10, 'prev_value': None, 'change': True}
2026-06-15 00:34:31,735 : INFO : EventManager : Event: ======'machine_var_audits_missing_switches_s_flipper_left_eos'====== Args={'value': 6, 'prev_value': None, 'change': True}
2026-06-15 00:34:31,735 : INFO : EventManager : Event: ======'machine_var_audits_missing_switches_s_flipper_right_eos'====== Args={'value': 6, 'prev_value': None, 'change': True}
2026-06-15 00:34:31,735 : INFO : EventManager : Event: ======'machine_var_audits_missing_switches_s_launch'====== Args={'value': 6, 'prev_value': None, 'change': True}
2026-06-15 00:34:31,735 : INFO : EventManager : Event: ======'machine_var_audits_missing_switches_s_left_flipper'====== Args={'value': 6, 'prev_value': None, 'change': True}
2026-06-15 00:34:31,736 : INFO : EventManager : Event: ======'machine_var_audits_missing_switches_s_left_inlane'====== Args={'value': 2, 'prev_value': None, 'change': True}
2026-06-15 00:34:31,736 : INFO : EventManager : Event: ======'machine_var_audits_missing_switches_s_left_outlane'====== Args={'value': 2, 'prev_value': None, 'change': True}
2026-06-15 00:34:31,736 : INFO : EventManager : Event: ======'machine_var_audits_missing_switches_s_plunger'====== Args={'value': 2, 'prev_value': None, 'change': True}
2026-06-15 00:34:31,736 : INFO : EventManager : Event: ======'machine_var_audits_missing_switches_s_right_flipper'====== Args={'value': 6, 'prev_value': None, 'change': True}
2026-06-15 00:34:31,736 : INFO : EventManager : Event: ======'machine_var_audits_missing_switches_s_right_inlane'====== Args={'value': 8, 'prev_value': None, 'change': True}
2026-06-15 00:34:31,736 : INFO : EventManager : Event: ======'machine_var_audits_missing_switches_s_right_outlane'====== Args={'value': 8, 'prev_value': None, 'change': True}
2026-06-15 00:34:31,736 : INFO : EventManager : Event: ======'machine_var_audits_missing_switches_s_slingshot_left'====== Args={'value': 2, 'prev_value': None, 'change': True}
2026-06-15 00:34:31,736 : INFO : EventManager : Event: ======'machine_var_audits_missing_switches_s_slingshot_right'====== Args={'value': 2, 'prev_value': None, 'change': True}
2026-06-15 00:34:31,736 : INFO : EventManager : Event: ======'machine_var_audits_missing_switches_s_start'====== Args={'value': 10, 'prev_value': None, 'change': True}
2026-06-15 00:34:31,736 : INFO : EventManager : Event: ======'machine_var_audits_missing_switches_s_trough_ball_2'====== Args={'value': 2, 'prev_value': None, 'change': True}
2026-06-15 00:34:31,736 : INFO : EventManager : Event: ======'machine_var_audits_missing_switches_s_trough_ball_3'====== Args={'value': 10, 'prev_value': None, 'change': True}
2026-06-15 00:34:31,736 : INFO : EventManager : Event: ======'machine_var_audits_missing_switches_s_trough_ball_4'====== Args={'value': 10, 'prev_value': None, 'change': True}
2026-06-15 00:34:31,736 : INFO : EventManager : Event: ======'machine_var_audits_missing_switches_s_trough_ball_5'====== Args={'value': 10, 'prev_value': None, 'change': True}
2026-06-15 00:34:31,736 : INFO : EventManager : Event: ======'machine_var_audits_missing_switches_s_trough_ball_6'====== Args={'value': 10, 'prev_value': None, 'change': True}
2026-06-15 00:34:31,736 : INFO : EventManager : Event: ======'machine_var_audits_missing_switches_s_trough_ball_jam'====== Args={'value': 2, 'prev_value': None, 'change': True}
2026-06-15 00:34:31,736 : INFO : EventManager : Event: ======'machine_var_audits_player_score'====== Args={'value': {'average': 0, 'top': [], 'total': 0}, 'prev_value': None, 'change': True}
2026-06-15 00:34:31,737 : INFO : EventManager : Event: ======'machine_var_audits_switches_s_flipper_left_eos'====== Args={'value': 2, 'prev_value': None, 'change': True}
2026-06-15 00:34:31,737 : INFO : EventManager : Event: ======'machine_var_audits_switches_s_flipper_right_eos'====== Args={'value': 2, 'prev_value': None, 'change': True}
2026-06-15 00:34:31,737 : INFO : EventManager : Event: ======'machine_var_audits_switches_s_launch'====== Args={'value': 2, 'prev_value': None, 'change': True}
2026-06-15 00:34:31,737 : INFO : EventManager : Event: ======'machine_var_audits_switches_s_left_flipper'====== Args={'value': 2, 'prev_value': None, 'change': True}
2026-06-15 00:34:31,737 : INFO : EventManager : Event: ======'machine_var_audits_switches_s_left_inlane'====== Args={'value': 9, 'prev_value': None, 'change': True}
2026-06-15 00:34:31,737 : INFO : EventManager : Event: ======'machine_var_audits_switches_s_left_outlane'====== Args={'value': 3, 'prev_value': None, 'change': True}
2026-06-15 00:34:31,737 : INFO : EventManager : Event: ======'machine_var_audits_switches_s_plunger'====== Args={'value': 2, 'prev_value': None, 'change': True}
2026-06-15 00:34:31,737 : INFO : EventManager : Event: ======'machine_var_audits_switches_s_right_flipper'====== Args={'value': 2, 'prev_value': None, 'change': True}
2026-06-15 00:34:31,737 : INFO : EventManager : Event: ======'machine_var_audits_switches_s_right_inlane'====== Args={'value': 3, 'prev_value': None, 'change': True}
2026-06-15 00:34:31,737 : INFO : EventManager : Event: ======'machine_var_audits_switches_s_right_outlane'====== Args={'value': 3, 'prev_value': None, 'change': True}
2026-06-15 00:34:31,737 : INFO : EventManager : Event: ======'machine_var_audits_switches_s_slingshot_left'====== Args={'value': 9, 'prev_value': None, 'change': True}
2026-06-15 00:34:31,737 : INFO : EventManager : Event: ======'machine_var_audits_switches_s_slingshot_right'====== Args={'value': 9, 'prev_value': None, 'change': True}
2026-06-15 00:34:31,737 : INFO : EventManager : Event: ======'machine_var_audits_switches_s_start'====== Args={'value': 0, 'prev_value': None, 'change': True}
2026-06-15 00:34:31,738 : INFO : EventManager : Event: ======'machine_var_audits_switches_s_trough_ball_1'====== Args={'value': 68, 'prev_value': None, 'change': True}
2026-06-15 00:34:31,738 : INFO : EventManager : Event: ======'machine_var_audits_switches_s_trough_ball_2'====== Args={'value': 6, 'prev_value': None, 'change': True}
2026-06-15 00:34:31,738 : INFO : EventManager : Event: ======'machine_var_audits_switches_s_trough_ball_3'====== Args={'value': 0, 'prev_value': None, 'change': True}
2026-06-15 00:34:31,738 : INFO : EventManager : Event: ======'machine_var_audits_switches_s_trough_ball_4'====== Args={'value': 0, 'prev_value': None, 'change': True}
2026-06-15 00:34:31,738 : INFO : EventManager : Event: ======'machine_var_audits_switches_s_trough_ball_5'====== Args={'value': 0, 'prev_value': None, 'change': True}
2026-06-15 00:34:31,738 : INFO : EventManager : Event: ======'machine_var_audits_switches_s_trough_ball_6'====== Args={'value': 0, 'prev_value': None, 'change': True}
2026-06-15 00:34:31,738 : INFO : EventManager : Event: ======'machine_var_audits_switches_s_trough_ball_jam'====== Args={'value': 46, 'prev_value': None, 'change': True}
2026-06-15 00:34:31,738 : INFO : EventManager : Event: ======'init_phase_5'====== Args={}
2026-06-15 00:34:31,739 : INFO : EventManager : Event: ======'init_done'====== Args={}
2026-06-15 00:34:31,739 : INFO : EventManager : Event: ======'machine_reset_phase_1'====== Args={}
2026-06-15 00:34:31,739 : INFO : EventManager : Event: ======'machine_reset_phase_2'====== Args={}
2026-06-15 00:34:31,740 : INFO : EventManager : Event: ======'machine_reset_phase_3'====== Args={}
2026-06-15 00:34:31,741 : INFO : EventManager : Event: ======'reset_complete'====== Args={}
2026-06-15 00:34:31,741 : INFO : EventManager : Event: ======'mode_attract_will_start'====== Args={}
2026-06-15 00:34:31,742 : INFO : EventManager : Event: ======'mode_attract_starting'====== Args={}
2026-06-15 00:34:31,742 : INFO : Mode.attract : Started. Priority: 10
2026-06-15 00:34:31,742 : INFO : EventManager : Event: ======'modes_active_modes_changed'====== Args={}
2026-06-15 00:34:31,742 : INFO : EventManager : Event: ======'mode_attract_started'====== Args={}
2026-06-15 00:34:31,742 : INFO : EventManager : Event: ======'collecting_balls_complete'====== Args={}
2026-06-15 00:34:31,744 : INFO : Machine : Starting the main run loop with active modes: [<Mode.attract>]
2026-06-15 00:34:36,090 : INFO : SwitchController : <<<<<<< 's_start' active >>>>>>>
2026-06-15 00:34:36,311 : INFO : SwitchController : <<<<<<< 's_start' inactive >>>>>>>
2026-06-15 00:34:36,312 : INFO : EventManager : Event: ======'request_to_start_game'====== Args={}
2026-06-15 00:34:36,313 : INFO : EventManager : Event: ======'game_start'====== Args={'buttons': [], 'hold_time': 0.22162650001700968}
2026-06-15 00:34:36,313 : INFO : EventManager : Event: ======'mode_game_will_start'====== Args={'buttons': [], 'hold_time': 0.22162650001700968}
2026-06-15 00:34:36,314 : INFO : EventManager : Event: ======'mode_game_starting'====== Args={'buttons': [], 'hold_time': 0.22162650001700968}
2026-06-15 00:34:36,314 : INFO : EventManager : Event: ======'mode_attract_will_stop'====== Args={}
2026-06-15 00:34:36,314 : INFO : EventManager : Event: ======'mode_attract_stopping'====== Args={}
2026-06-15 00:34:36,314 : INFO : Mode.attract : Stopped.
2026-06-15 00:34:36,314 : INFO : EventManager : Event: ======'modes_active_modes_changed'====== Args={}
2026-06-15 00:34:36,314 : INFO : EventManager : Event: ======'mode_attract_stopped'====== Args={}
2026-06-15 00:34:36,314 : INFO : EventManager : Event: ======'clear'====== Args={'key': 'attract'}
2026-06-15 00:34:36,315 : INFO : Mode.game : Started. Priority: 20
2026-06-15 00:34:36,315 : INFO : EventManager : Event: ======'modes_active_modes_changed'====== Args={}
2026-06-15 00:34:36,315 : INFO : EventManager : Event: ======'mode_game_started'====== Args={'buttons': [], 'hold_time': 0.22162650001700968}
2026-06-15 00:34:36,315 : INFO : EventManager : Event: ======'game_will_start'====== Args={}
2026-06-15 00:34:36,316 : INFO : EventManager : Event: ======'game_starting'====== Args={'game': <Mode.game>}
2026-06-15 00:34:36,320 : INFO : EventManager : Unordered handler for class <Auditor> on event game_ended with priority 1. Handlers: [RegisteredHandler(callback=<bound method Auditor.disable of <Auditor>>, priority=1, kwargs={}, key=UUID('dd6a5aeb-5332-4ff1-858b-3de09fae2273'), condition=None, blocking_facility=None), RegisteredHandler(callback=<bound method Auditor._save_audits of <Auditor>>, priority=1, kwargs={}, key=UUID('3fcb71e1-d4e0-4e39-b47c-295c75045206'), condition=None, blocking_facility=None)]. The order of those handlers is not defined and they will be executed in random order. This might lead to race conditions and potential bugs.
2026-06-15 00:34:36,320 : INFO : EventManager : Event: ======'player_add_request'====== Args={}
2026-06-15 00:34:36,320 : INFO : EventManager : Event: ======'player_will_add'====== Args={'number': 1}
2026-06-15 00:34:36,320 : INFO : EventManager : Event: ======'player_adding'====== Args={'player': <Player 1>, 'number': 1}
2026-06-15 00:34:36,320 : INFO : EventManager : Event: ======'player_added'====== Args={'player': <Player 1>, 'num': 1}
2026-06-15 00:34:36,320 : INFO : Mode.game : Player added successfully. Total players: 1
2026-06-15 00:34:36,320 : INFO : EventManager : Event: ======'player_index'====== Args={'value': 0, 'prev_value': 0, 'change': 0, 'player_num': 1}
2026-06-15 00:34:36,321 : INFO : EventManager : Event: ======'player_number'====== Args={'value': 1, 'prev_value': 1, 'change': 0, 'player_num': 1}
2026-06-15 00:34:36,321 : INFO : EventManager : Event: ======'player_score'====== Args={'value': 0, 'prev_value': 0, 'change': 0, 'player_num': 1}
2026-06-15 00:34:36,321 : INFO : EventManager : Event: ======'game_started'====== Args={}
2026-06-15 00:34:36,321 : INFO : EventManager : Event: ======'player_turn_will_start'====== Args={'player': <Player 1>, 'number': 1}
2026-06-15 00:34:36,321 : INFO : EventManager : Event: ======'player_turn_starting'====== Args={'player': <Player 1>, 'number': 1}
2026-06-15 00:34:36,321 : INFO : EventManager : Event: ======'player_ball'====== Args={'value': 1, 'prev_value': 0, 'change': 1, 'player_num': 1}
2026-06-15 00:34:36,321 : INFO : EventManager : Event: ======'player_turn_started'====== Args={'player': <Player 1>, 'number': 1}
2026-06-15 00:34:36,321 : INFO : EventManager : Event: ======'ball_will_start'====== Args={'player': 1, 'ball': 1, 'balls_remaining': 2, 'is_extra_ball': False}
2026-06-15 00:34:36,322 : INFO : EventManager : Event: ======'ball_starting'====== Args={'player': 1, 'ball': 1, 'balls_remaining': 2, 'is_extra_ball': False}
2026-06-15 00:34:36,322 : INFO : EventManager : Event: ======'balls_in_play'====== Args={'balls': 1}
2026-06-15 00:34:36,323 : INFO : EventManager : Event: ======'ball_started'====== Args={'player': 1, 'ball': 1, 'balls_remaining': 2, 'is_extra_ball': False}
2026-06-15 00:34:36,324 : INFO : EventManager : Event: ======'single_player_ball_started'====== Args={}
2026-06-15 00:34:36,337 : INFO : EventManager : Event: ======'ball_start_target'====== Args={'target': 'playfield'}
2026-06-15 00:34:36,337 : INFO : ball_device.bd_trough : Setting up player-controlled eject. Balls: 1, Target: <playfield.playfield>, player_controlled_eject_event: None
2026-06-15 00:34:36,338 : INFO : ball_device.bd_trough : Adding 1 ball(s) to the eject_queue with target <playfield.playfield>.
2026-06-15 00:34:36,338 : INFO : EventManager : Event: ======'balldevice_balls_available'====== Args={}
2026-06-15 00:34:36,339 : INFO : ball_device.bd_trough : State: waiting_for_target_ready
2026-06-15 00:34:36,339 : INFO : EventManager : Event: ======'balldevice_bd_trough_ball_eject_attempt'====== Args={'balls': 1, 'target': <ball_device.bd_plunger>, 'source': <ball_device.bd_trough>, 'mechanical_eject': False, 'num_attempts': 0}
2026-06-15 00:34:36,340 : INFO : ball_device.bd_plunger : State: waiting_for_ball
2026-06-15 00:34:36,340 : INFO : ball_device.bd_trough : State: ejecting
2026-06-15 00:34:36,340 : INFO : ball_device.bd_trough : Ejecting ball to <ball_device.bd_plunger>
2026-06-15 00:34:36,340 : INFO : EventManager : Event: ======'balldevice_bd_trough_ejecting_ball'====== Args={'balls': 1, 'target': <ball_device.bd_plunger>, 'source': <ball_device.bd_trough>, 'mechanical_eject': False, 'num_attempts': 0}
2026-06-15 00:34:36,341 : INFO : ball_device.bd_trough : Wait for ball to leave device
2026-06-15 00:34:36,341 : INFO : coil.c_trough_eject_coil : Pulsing Driver for 25ms (1.0 pulse_power)
2026-06-15 00:34:36,374 : INFO : SwitchController : <<<<<<< 's_trough_ball_1' inactive >>>>>>>
2026-06-15 00:34:36,375 : INFO : ball_device.bd_trough : State: ball_left
2026-06-15 00:34:36,375 : INFO : ball_device.bd_trough : Ball left
2026-06-15 00:34:36,375 : INFO : ball_device.bd_trough : Wait for confirm with timeout 2.0
2026-06-15 00:34:36,580 : INFO : SwitchController : <<<<<<< 's_trough_ball_1' active >>>>>>>
2026-06-15 00:34:36,581 : INFO : EventManager : Event: ======'machine_var_audits_switches_s_trough_ball_1'====== Args={'value': 69, 'prev_value': 68, 'change': 1}
2026-06-15 00:34:36,596 : INFO : SwitchController : <<<<<<< 's_trough_ball_1' inactive >>>>>>>
2026-06-15 00:34:36,660 : INFO : SwitchController : <<<<<<< 's_trough_ball_2' active >>>>>>>
2026-06-15 00:34:36,660 : INFO : EventManager : Event: ======'machine_var_audits_switches_s_trough_ball_2'====== Args={'value': 7, 'prev_value': 6, 'change': 1}
2026-06-15 00:34:37,087 : INFO : SwitchController : <<<<<<< 's_trough_ball_2' inactive >>>>>>>
2026-06-15 00:34:37,103 : INFO : SwitchController : <<<<<<< 's_trough_ball_1' active >>>>>>>
2026-06-15 00:34:37,103 : INFO : EventManager : Event: ======'machine_var_audits_switches_s_trough_ball_1'====== Args={'value': 70, 'prev_value': 69, 'change': 1}
2026-06-15 00:34:38,383 : INFO : ball_device.bd_trough : State: failed_confirm
2026-06-15 00:34:38,384 : INFO : ball_device.bd_trough : Got timeout (2.0s) before confirm from <ball_device.bd_plunger>
2026-06-15 00:34:38,385 : INFO : ball_device.bd_plunger : Expecting incoming ball which may skip the device.
2026-06-15 00:34:38,385 : INFO : EventManager : Event: ======'balldevice_bd_plunger_ejecting_ball'====== Args={'balls': 1, 'target': <playfield.playfield>, 'source': <ball_device.bd_plunger>, 'mechanical_eject': False, 'num_attempts': 1}
2026-06-15 00:34:38,385 : INFO : ball_device.bd_trough : Got unknown balls. Assuming a ball returned.
2026-06-15 00:34:38,385 : INFO : EventManager : Event: ======'balldevice_bd_trough_ball_eject_failed'====== Args={'target': <ball_device.bd_plunger>, 'balls': 1, 'retry': True, 'num_attempts': 1}
2026-06-15 00:34:38,386 : INFO : EventManager : Event: ======'balldevice_bd_plunger_ball_eject_failed'====== Args={'target': <playfield.playfield>, 'balls': 1, 'retry': True, 'num_attempts': 1}
2026-06-15 00:34:38,386 : INFO : ball_device.bd_trough : State: waiting_for_target_ready
2026-06-15 00:34:38,386 : INFO : EventManager : Event: ======'balldevice_bd_trough_ball_eject_attempt'====== Args={'balls': 1, 'target': <ball_device.bd_plunger>, 'source': <ball_device.bd_trough>, 'mechanical_eject': False, 'num_attempts': 1}
2026-06-15 00:34:38,386 : INFO : ball_device.bd_plunger : No longer expecting incoming ball which may skip the device.
2026-06-15 00:34:38,386 : INFO : ball_device.bd_trough : State: ejecting
2026-06-15 00:34:38,386 : INFO : ball_device.bd_trough : Ejecting ball to <ball_device.bd_plunger>
2026-06-15 00:34:38,387 : INFO : EventManager : Event: ======'balldevice_bd_trough_ejecting_ball'====== Args={'balls': 1, 'target': <ball_device.bd_plunger>, 'source': <ball_device.bd_trough>, 'mechanical_eject': False, 'num_attempts': 1}
2026-06-15 00:34:38,387 : INFO : ball_device.bd_plunger : State: waiting_for_ball
2026-06-15 00:34:38,387 : INFO : ball_device.bd_trough : Wait for ball to leave device
2026-06-15 00:34:38,387 : INFO : coil.c_trough_eject_coil : Pulsing Driver for 25ms (1.0 pulse_power)
2026-06-15 00:34:38,416 : INFO : SwitchController : <<<<<<< 's_trough_ball_1' inactive >>>>>>>
2026-06-15 00:34:38,418 : INFO : ball_device.bd_trough : State: ball_left
2026-06-15 00:34:38,418 : INFO : ball_device.bd_trough : Ball left
2026-06-15 00:34:38,418 : INFO : ball_device.bd_trough : Wait for confirm with timeout 2.0
2026-06-15 00:34:38,622 : INFO : SwitchController : <<<<<<< 's_trough_ball_1' active >>>>>>>
2026-06-15 00:34:38,623 : INFO : EventManager : Event: ======'machine_var_audits_switches_s_trough_ball_1'====== Args={'value': 71, 'prev_value': 70, 'change': 1}
2026-06-15 00:34:38,657 : INFO : SwitchController : <<<<<<< 's_trough_ball_1' inactive >>>>>>>
2026-06-15 00:34:38,749 : INFO : SwitchController : <<<<<<< 's_trough_ball_2' active >>>>>>>
2026-06-15 00:34:38,750 : INFO : EventManager : Event: ======'machine_var_audits_switches_s_trough_ball_2'====== Args={'value': 8, 'prev_value': 7, 'change': 1}
2026-06-15 00:34:40,429 : INFO : ball_device.bd_trough : State: failed_confirm
2026-06-15 00:34:40,429 : INFO : ball_device.bd_trough : Got timeout (2.0s) before confirm from <ball_device.bd_plunger>
2026-06-15 00:34:40,433 : INFO : ball_device.bd_plunger : Expecting incoming ball which may skip the device.
2026-06-15 00:34:40,433 : INFO : EventManager : Event: ======'balldevice_bd_plunger_ejecting_ball'====== Args={'balls': 1, 'target': <playfield.playfield>, 'source': <ball_device.bd_plunger>, 'mechanical_eject': False, 'num_attempts': 1}
2026-06-15 00:34:40,434 : INFO : ball_device.bd_trough : Got unknown balls. Assuming a ball returned.
2026-06-15 00:34:40,434 : INFO : EventManager : Event: ======'balldevice_bd_trough_ball_eject_failed'====== Args={'target': <ball_device.bd_plunger>, 'balls': 1, 'retry': True, 'num_attempts': 2}
2026-06-15 00:34:40,438 : INFO : EventManager : Event: ======'balldevice_bd_plunger_ball_eject_failed'====== Args={'target': <playfield.playfield>, 'balls': 1, 'retry': True, 'num_attempts': 1}
2026-06-15 00:34:40,439 : INFO : ball_device.bd_trough : State: waiting_for_target_ready
2026-06-15 00:34:40,439 : INFO : EventManager : Event: ======'balldevice_bd_trough_ball_eject_attempt'====== Args={'balls': 1, 'target': <ball_device.bd_plunger>, 'source': <ball_device.bd_trough>, 'mechanical_eject': False, 'num_attempts': 2}
2026-06-15 00:34:40,440 : INFO : ball_device.bd_plunger : No longer expecting incoming ball which may skip the device.
2026-06-15 00:34:40,441 : INFO : ball_device.bd_trough : State: ejecting
2026-06-15 00:34:40,441 : INFO : ball_device.bd_trough : Ejecting ball to <ball_device.bd_plunger>
2026-06-15 00:34:40,441 : INFO : EventManager : Event: ======'balldevice_bd_trough_ejecting_ball'====== Args={'balls': 1, 'target': <ball_device.bd_plunger>, 'source': <ball_device.bd_trough>, 'mechanical_eject': False, 'num_attempts': 2}
2026-06-15 00:34:40,443 : INFO : ball_device.bd_plunger : State: waiting_for_ball
2026-06-15 00:34:40,447 : INFO : ball_device.bd_trough : Wait for ball to leave device
2026-06-15 00:34:40,447 : INFO : coil.c_trough_eject_coil : Pulsing Driver for 25ms (1.0 pulse_power)
2026-06-15 00:34:40,492 : INFO : SwitchController : <<<<<<< 's_trough_ball_2' inactive >>>>>>>
2026-06-15 00:34:40,493 : INFO : ball_device.bd_trough : State: ball_left
2026-06-15 00:34:40,494 : INFO : ball_device.bd_trough : Ball left
2026-06-15 00:34:40,494 : INFO : ball_device.bd_trough : Wait for confirm with timeout 2.0
2026-06-15 00:34:40,539 : INFO : SwitchController : <<<<<<< 's_trough_ball_2' active >>>>>>>
2026-06-15 00:34:40,540 : INFO : EventManager : Event: ======'machine_var_audits_switches_s_trough_ball_2'====== Args={'value': 9, 'prev_value': 8, 'change': 1}
2026-06-15 00:34:40,855 : INFO : SwitchController : <<<<<<< 's_trough_ball_2' inactive >>>>>>>
2026-06-15 00:34:40,871 : INFO : SwitchController : <<<<<<< 's_trough_ball_1' active >>>>>>>
2026-06-15 00:34:40,871 : INFO : EventManager : Event: ======'machine_var_audits_switches_s_trough_ball_1'====== Args={'value': 72, 'prev_value': 71, 'change': 1}
2026-06-15 00:34:42,509 : INFO : ball_device.bd_trough : State: failed_confirm
2026-06-15 00:34:42,510 : INFO : ball_device.bd_trough : Got timeout (2.0s) before confirm from <ball_device.bd_plunger>
2026-06-15 00:34:42,511 : INFO : ball_device.bd_plunger : Expecting incoming ball which may skip the device.
2026-06-15 00:34:42,511 : INFO : EventManager : Event: ======'balldevice_bd_plunger_ejecting_ball'====== Args={'balls': 1, 'target': <playfield.playfield>, 'source': <ball_device.bd_plunger>, 'mechanical_eject': False, 'num_attempts': 1}
2026-06-15 00:34:42,512 : INFO : ball_device.bd_trough : Got unknown balls. Assuming a ball returned.
2026-06-15 00:34:42,513 : INFO : ball_device.bd_trough : State: eject_broken
2026-06-15 00:34:42,513 : INFO : EventManager : Event: ======'balldevice_bd_trough_ball_eject_failed'====== Args={'target': <ball_device.bd_plunger>, 'balls': 1, 'retry': False, 'num_attempts': 3}
2026-06-15 00:34:42,513 : INFO : EventManager : Event: ======'balldevice_bd_trough_broken'====== Args={}
2026-06-15 00:34:42,514 : INFO : EventManager : Event: ======'balldevice_bd_plunger_ball_eject_failed'====== Args={'target': <playfield.playfield>, 'balls': 1, 'retry': True, 'num_attempts': 1}
2026-06-15 00:34:42,514 : INFO : ball_device.bd_plunger : No longer expecting incoming ball which may skip the device.
2026-06-15 00:34:42,514 : INFO : ball_device.bd_plunger : State: waiting_for_ball
2026-06-15 00:34:48,313 : INFO : Machine : Shutting down...
2026-06-15 00:34:48,314 : INFO : EventManager : Event: ======'shutdown'====== Args={}
2026-06-15 00:34:48,315 : INFO : EventManager : Event: ======'mode_game_will_stop'====== Args={}
2026-06-15 00:34:48,315 : INFO : EventManager : Event: ======'mode_game_stopping'====== Args={}
2026-06-15 00:34:48,316 : INFO : Mode.game : Stopped.
2026-06-15 00:34:48,316 : INFO : EventManager : Event: ======'modes_active_modes_changed'====== Args={}
2026-06-15 00:34:48,316 : INFO : EventManager : Event: ======'mode_game_stopped'====== Args={}
2026-06-15 00:34:48,316 : INFO : EventManager : Event: ======'clear'====== Args={'key': 'game'}
2026-06-15 00:34:48,434 : INFO : root : MPF run loop ended.
