2026-06-18 03:23:36,112 : INFO : root : Loading config.
2026-06-18 03:23:36,116 : INFO : YamlMultifileConfigLoader : Machine config file #1: config.yaml
2026-06-18 03:23:36,117 : INFO : ConfigProcessor : Loading config from cache: C:\Users\mpf\AppData\Local\Temp\6d5b600d7be1a6495e3e5a66bc905d87.mpf_cache
2026-06-18 03:23:36,189 : INFO : ConfigProcessor : Loading config from cache: C:\Users\mpf\AppData\Local\Temp\8f40fc9be560776ef72c29fc1142b5c0.mpf_cache
2026-06-18 03:23:36,190 : INFO : ConfigProcessor : Loading config from cache: C:\Users\mpf\AppData\Local\Temp\280ef0bf7d2e5d11f4cb038a53adbb41.mpf_cache
2026-06-18 03:23:36,191 : INFO : ConfigProcessor : Loading config from cache: C:\Users\mpf\AppData\Local\Temp\8f40fc9be560776ef72c29fc1142b5c0.mpf_cache
2026-06-18 03:23:36,191 : INFO : Machine : Mission Pinball Framework Core Engine v0.81.0.dev2
2026-06-18 03:23:36,191 : INFO : Machine : Command line arguments: {'no_load_cache': False, 'create_config_cache': True, 'bcp': True, 'configfile': ['config.yaml'], 'force_assets_load': False, 'platform_integration_test': False, 'jsonlogging': False, 'logfile': 'logs\\2026-06-18-03-23-36-mpf-DESKTOP-OC28BPB.log', 'pause': False, 'production': False, 'text_ui': False, 'loglevel': 15, 'consoleloglevel': 20, 'force_platform': None, 'syslog_address': None, 'full_logfile_path': 'C:\\pinball\\logs\\2026-06-18-03-23-36-mpf-DESKTOP-OC28BPB.log'}
2026-06-18 03:23:36,191 : INFO : Machine : MPF path: C:\Users\mpf\AppData\Local\Programs\Python\Python313\Lib\site-packages\mpf
2026-06-18 03:23:36,191 : INFO : Machine : Machine path: C:\pinball
2026-06-18 03:23:36,191 : INFO : Machine : Platform: win32
2026-06-18 03:23:36,192 : INFO : Machine : Python executable location: C:\Users\mpf\AppData\Local\Programs\Python\Python313\python.exe
2026-06-18 03:23:36,192 : INFO : Machine : Python version: 3.13.12 (64-bit)
2026-06-18 03:23:36,193 : INFO : Machine : Initializing MPF...
2026-06-18 03:23:36,293 : INFO : FAST : Auto-detecting ports for the following connections: ['net']
2026-06-18 03:23:36,326 : INFO : FAST : Detected NET on port COM4
2026-06-18 03:23:36,437 : INFO : FAST [NET] : Trying to connect to COM4 at 921600bps
2026-06-18 03:23:36,444 : INFO : FAST [NET] : Connected to COM4 at 921600bps
2026-06-18 03:23:36,451 : INFO : FAST [NET] : Connected to FP-CPU-2000 with firmware v02.26
2026-06-18 03:23:36,483 : INFO : FAST [NET] : Registered I/O Board 0: Model: FP-I/O-3208, Firmware: 01.10, Switches: 32, Drivers: 8
2026-06-18 03:23:36,484 : INFO : EventManager : Event: ======'machine_var_credits_string'====== Args={'value': 'FREE PLAY', 'prev_value': None, 'change': True}
2026-06-18 03:23:36,520 : INFO : EventManager : Event: ======'machine_var_master_volume'====== Args={'value': 0.5, 'prev_value': None, 'change': True}
2026-06-18 03:23:36,520 : INFO : EventManager : Event: ======'machine_var_player1_score'====== Args={'value': 0, 'prev_value': None, 'change': True}
2026-06-18 03:23:36,520 : INFO : EventManager : Event: ======'machine_var_mpf_version'====== Args={'value': 'Mission Pinball Framework v0.81.0.dev2', 'prev_value': None, 'change': True}
2026-06-18 03:23:36,520 : INFO : EventManager : Event: ======'machine_var_mpf_extended_version'====== Args={'value': 'Mission Pinball Framework v0.81.0.dev2, Config version:6, Show version: 6, BCP version:1.1', 'prev_value': None, 'change': True}
2026-06-18 03:23:36,520 : INFO : EventManager : Event: ======'machine_var_python_version'====== Args={'value': '3.13.12', 'prev_value': None, 'change': True}
2026-06-18 03:23:36,561 : INFO : EventManager : Event: ======'machine_var_platform'====== Args={'value': 'Windows-11-10.0.26200-SP0', 'prev_value': None, 'change': True}
2026-06-18 03:23:36,561 : INFO : EventManager : Event: ======'machine_var_platform_system'====== Args={'value': 'Windows', 'prev_value': None, 'change': True}
2026-06-18 03:23:36,561 : INFO : EventManager : Event: ======'machine_var_platform_release'====== Args={'value': '11', 'prev_value': None, 'change': True}
2026-06-18 03:23:36,561 : INFO : EventManager : Event: ======'machine_var_platform_version'====== Args={'value': '10.0.26200', 'prev_value': None, 'change': True}
2026-06-18 03:23:36,561 : INFO : EventManager : Event: ======'machine_var_platform_machine'====== Args={'value': 'AMD64', 'prev_value': None, 'change': True}
2026-06-18 03:23:36,561 : INFO : EventManager : Event: ======'machine_var_log_file_path'====== Args={'value': 'C:\\pinball\\logs\\2026-06-18-03-23-36-mpf-DESKTOP-OC28BPB.log', 'prev_value': None, 'change': True}
2026-06-18 03:23:36,561 : INFO : EventManager : Event: ======'init_phase_1'====== Args={}
2026-06-18 03:23:38,640 : INFO : SwitchController : <<<<<<< 's_trough_ball_jam' active >>>>>>>
2026-06-18 03:23:38,641 : INFO : SwitchController : <<<<<<< 's_trough_ball_1' active >>>>>>>
2026-06-18 03:23:38,642 : INFO : EventManager : Event: ======'init_phase_2'====== Args={}
2026-06-18 03:23:38,644 : INFO : SwitchController : Found active switch: (6, [FAST Platform Interface]) <switch.s_trough_ball_jam>
2026-06-18 03:23:38,644 : INFO : SwitchController : Found active switch: (0, [FAST Platform Interface]) <switch.s_trough_ball_1>
2026-06-18 03:23:38,648 : INFO : EventManager : Event: ======'bcp_connection_attempt'====== Args={'name': 'local_display', 'host': 'localhost', 'port': 5050}
2026-06-18 03:23:38,651 : INFO : BCPClientSocket : Connecting BCP to 'local_display' at localhost:5050...
2026-06-18 03:23:38,676 : INFO : BCPClientSocket : Connected BCP to 'local_display' localhost:5050
2026-06-18 03:23:38,677 : INFO : EventManager : Event: ======'bcp_clients_connected'====== Args={}
2026-06-18 03:23:39,143 : INFO : ball_device.bd_trough : BCH: Initial count: 1
2026-06-18 03:23:39,144 : INFO : ball_device.bd_trough : State: idle
2026-06-18 03:23:39,146 : INFO : ball_device.bd_plunger : BCH: Initial count: 0
2026-06-18 03:23:39,146 : INFO : ball_device.bd_plunger : State: idle
2026-06-18 03:23:39,169 : INFO : EventManager : Event: ======'init_phase_3'====== Args={}
2026-06-18 03:23:39,171 : INFO : EventManager : Event: ======'init_phase_4'====== Args={}
2026-06-18 03:23:39,173 : INFO : BallController : Initial balls found: 1
2026-06-18 03:23:39,175 : INFO : EventManager : Event: ======'machine_var_audits_events_game_ended'====== Args={'value': 5, 'prev_value': None, 'change': True}
2026-06-18 03:23:39,176 : INFO : EventManager : Event: ======'machine_var_audits_events_game_started'====== Args={'value': 20, 'prev_value': None, 'change': True}
2026-06-18 03:23:39,176 : INFO : EventManager : Event: ======'machine_var_audits_missing_switches_s_flipper_left_eos'====== Args={'value': 4, 'prev_value': None, 'change': True}
2026-06-18 03:23:39,176 : INFO : EventManager : Event: ======'machine_var_audits_missing_switches_s_flipper_right_eos'====== Args={'value': 2, 'prev_value': None, 'change': True}
2026-06-18 03:23:39,176 : INFO : EventManager : Event: ======'machine_var_audits_missing_switches_s_launch'====== Args={'value': 16, 'prev_value': None, 'change': True}
2026-06-18 03:23:39,176 : INFO : EventManager : Event: ======'machine_var_audits_missing_switches_s_left_flipper'====== Args={'value': 4, 'prev_value': None, 'change': True}
2026-06-18 03:23:39,176 : INFO : EventManager : Event: ======'machine_var_audits_missing_switches_s_left_inlane'====== Args={'value': 12, 'prev_value': None, 'change': True}
2026-06-18 03:23:39,176 : INFO : EventManager : Event: ======'machine_var_audits_missing_switches_s_plunger'====== Args={'value': 1, 'prev_value': None, 'change': True}
2026-06-18 03:23:39,176 : INFO : EventManager : Event: ======'machine_var_audits_missing_switches_s_right_flipper'====== Args={'value': 2, 'prev_value': None, 'change': True}
2026-06-18 03:23:39,176 : INFO : EventManager : Event: ======'machine_var_audits_missing_switches_s_right_inlane'====== Args={'value': 4, 'prev_value': None, 'change': True}
2026-06-18 03:23:39,176 : INFO : EventManager : Event: ======'machine_var_audits_missing_switches_s_right_outlane'====== Args={'value': 4, 'prev_value': None, 'change': True}
2026-06-18 03:23:39,176 : INFO : EventManager : Event: ======'machine_var_audits_missing_switches_s_slingshot_left'====== Args={'value': 1, 'prev_value': None, 'change': True}
2026-06-18 03:23:39,176 : INFO : EventManager : Event: ======'machine_var_audits_missing_switches_s_slingshot_right'====== Args={'value': 4, 'prev_value': None, 'change': True}
2026-06-18 03:23:39,177 : INFO : EventManager : Event: ======'machine_var_audits_missing_switches_s_start'====== Args={'value': 6, 'prev_value': None, 'change': True}
2026-06-18 03:23:39,177 : INFO : EventManager : Event: ======'machine_var_audits_missing_switches_s_trough_ball_1'====== Args={'value': 3, 'prev_value': None, 'change': True}
2026-06-18 03:23:39,177 : INFO : EventManager : Event: ======'machine_var_audits_missing_switches_s_trough_ball_2'====== Args={'value': 3, 'prev_value': None, 'change': True}
2026-06-18 03:23:39,177 : INFO : EventManager : Event: ======'machine_var_audits_missing_switches_s_trough_ball_3'====== Args={'value': 3, 'prev_value': None, 'change': True}
2026-06-18 03:23:39,177 : INFO : EventManager : Event: ======'machine_var_audits_missing_switches_s_trough_ball_4'====== Args={'value': 3, 'prev_value': None, 'change': True}
2026-06-18 03:23:39,177 : INFO : EventManager : Event: ======'machine_var_audits_missing_switches_s_trough_ball_5'====== Args={'value': 3, 'prev_value': None, 'change': True}
2026-06-18 03:23:39,177 : INFO : EventManager : Event: ======'machine_var_audits_missing_switches_s_trough_ball_6'====== Args={'value': 3, 'prev_value': None, 'change': True}
2026-06-18 03:23:39,177 : INFO : EventManager : Event: ======'machine_var_audits_missing_switches_s_trough_ball_jam'====== Args={'value': 3, 'prev_value': None, 'change': True}
2026-06-18 03:23:39,177 : INFO : EventManager : Event: ======'machine_var_audits_player_score'====== Args={'value': {'average': 0, 'top': [0, 0, 0, 0, 0], 'total': 5}, 'prev_value': None, 'change': True}
2026-06-18 03:23:39,177 : INFO : EventManager : Event: ======'machine_var_audits_switches_s_flipper_left_eos'====== Args={'value': 5, 'prev_value': None, 'change': True}
2026-06-18 03:23:39,177 : INFO : EventManager : Event: ======'machine_var_audits_switches_s_flipper_right_eos'====== Args={'value': 4, 'prev_value': None, 'change': True}
2026-06-18 03:23:39,177 : INFO : EventManager : Event: ======'machine_var_audits_switches_s_launch'====== Args={'value': 2, 'prev_value': None, 'change': True}
2026-06-18 03:23:39,177 : INFO : EventManager : Event: ======'machine_var_audits_switches_s_left_flipper'====== Args={'value': 6, 'prev_value': None, 'change': True}
2026-06-18 03:23:39,177 : INFO : EventManager : Event: ======'machine_var_audits_switches_s_left_inlane'====== Args={'value': 9, 'prev_value': None, 'change': True}
2026-06-18 03:23:39,177 : INFO : EventManager : Event: ======'machine_var_audits_switches_s_left_outlane'====== Args={'value': 20, 'prev_value': None, 'change': True}
2026-06-18 03:23:39,177 : INFO : EventManager : Event: ======'machine_var_audits_switches_s_plunger'====== Args={'value': 18, 'prev_value': None, 'change': True}
2026-06-18 03:23:39,177 : INFO : EventManager : Event: ======'machine_var_audits_switches_s_right_flipper'====== Args={'value': 9, 'prev_value': None, 'change': True}
2026-06-18 03:23:39,177 : INFO : EventManager : Event: ======'machine_var_audits_switches_s_right_inlane'====== Args={'value': 7, 'prev_value': None, 'change': True}
2026-06-18 03:23:39,177 : INFO : EventManager : Event: ======'machine_var_audits_switches_s_right_outlane'====== Args={'value': 24, 'prev_value': None, 'change': True}
2026-06-18 03:23:39,177 : INFO : EventManager : Event: ======'machine_var_audits_switches_s_slingshot_left'====== Args={'value': 19, 'prev_value': None, 'change': True}
2026-06-18 03:23:39,177 : INFO : EventManager : Event: ======'machine_var_audits_switches_s_slingshot_right'====== Args={'value': 25, 'prev_value': None, 'change': True}
2026-06-18 03:23:39,177 : INFO : EventManager : Event: ======'machine_var_audits_switches_s_start'====== Args={'value': 0, 'prev_value': None, 'change': True}
2026-06-18 03:23:39,178 : INFO : EventManager : Event: ======'machine_var_audits_switches_s_trough_ball_1'====== Args={'value': 101, 'prev_value': None, 'change': True}
2026-06-18 03:23:39,178 : INFO : EventManager : Event: ======'machine_var_audits_switches_s_trough_ball_2'====== Args={'value': 27, 'prev_value': None, 'change': True}
2026-06-18 03:23:39,178 : INFO : EventManager : Event: ======'machine_var_audits_switches_s_trough_ball_3'====== Args={'value': 15, 'prev_value': None, 'change': True}
2026-06-18 03:23:39,178 : INFO : EventManager : Event: ======'machine_var_audits_switches_s_trough_ball_4'====== Args={'value': 15, 'prev_value': None, 'change': True}
2026-06-18 03:23:39,178 : INFO : EventManager : Event: ======'machine_var_audits_switches_s_trough_ball_5'====== Args={'value': 15, 'prev_value': None, 'change': True}
2026-06-18 03:23:39,178 : INFO : EventManager : Event: ======'machine_var_audits_switches_s_trough_ball_6'====== Args={'value': 15, 'prev_value': None, 'change': True}
2026-06-18 03:23:39,178 : INFO : EventManager : Event: ======'machine_var_audits_switches_s_trough_ball_jam'====== Args={'value': 53, 'prev_value': None, 'change': True}
2026-06-18 03:23:39,178 : INFO : EventManager : Event: ======'init_phase_5'====== Args={}
2026-06-18 03:23:39,179 : INFO : EventManager : Event: ======'init_done'====== Args={}
2026-06-18 03:23:39,179 : INFO : EventManager : Event: ======'machine_reset_phase_1'====== Args={}
2026-06-18 03:23:39,183 : INFO : EventManager : Event: ======'machine_reset_phase_2'====== Args={}
2026-06-18 03:23:39,184 : INFO : EventManager : Event: ======'machine_reset_phase_3'====== Args={}
2026-06-18 03:23:39,184 : INFO : EventManager : Event: ======'reset_complete'====== Args={}
2026-06-18 03:23:39,184 : INFO : EventManager : Event: ======'mode_attract_will_start'====== Args={}
2026-06-18 03:23:39,184 : INFO : Timer.attract_carousel_timer : Starting Timer.
2026-06-18 03:23:39,185 : INFO : EventManager : Event: ======'timer_attract_carousel_timer_started'====== Args={'ticks': 0, 'ticks_remaining': 1}
2026-06-18 03:23:39,185 : INFO : EventManager : Event: ======'timer_attract_carousel_timer_tick'====== Args={'ticks': 0, 'ticks_remaining': 1}
2026-06-18 03:23:39,185 : INFO : EventManager : Event: ======'mode_attract_starting'====== Args={}
2026-06-18 03:23:39,185 : INFO : Mode.attract : Started. Priority: 10
2026-06-18 03:23:39,185 : INFO : EventManager : Event: ======'modes_active_modes_changed'====== Args={}
2026-06-18 03:23:39,185 : INFO : EventManager : Event: ======'mode_attract_started'====== Args={}
2026-06-18 03:23:39,186 : INFO : EventManager : Event: ======'collecting_balls_complete'====== Args={}
2026-06-18 03:23:39,186 : INFO : EventManager : Event: ======'carousel_item_highlighted'====== Args={'carousel': 'attract', 'direction': None, 'item': 'title'}
2026-06-18 03:23:39,187 : INFO : Machine : Starting the main run loop with active modes: [<Mode.attract>]
2026-06-18 03:23:39,211 : INFO : EventManager : Event: ======'slide_attract_created'====== Args={'_from_bcp': True}
2026-06-18 03:23:39,211 : INFO : EventManager : Event: ======'slide__removed'====== Args={'_from_bcp': True}
2026-06-18 03:23:39,212 : INFO : EventManager : Event: ======'slide_attract_active'====== Args={'original_context': 'attract', 'original_calling_context': 'mode_attract_started', 'priority': 10.0, 'cmd': 'slides_play', '_from_bcp': True}
2026-06-18 03:23:44,196 : INFO : Timer.attract_carousel_timer : Timer Complete
2026-06-18 03:23:44,196 : INFO : Timer.attract_carousel_timer : Stopping Timer
2026-06-18 03:23:44,197 : INFO : EventManager : Event: ======'timer_attract_carousel_timer_stopped'====== Args={'ticks': 1, 'ticks_remaining': 1}
2026-06-18 03:23:44,197 : INFO : EventManager : Event: ======'timer_attract_carousel_timer_complete'====== Args={'ticks': 1, 'ticks_remaining': 1}
2026-06-18 03:23:44,198 : INFO : EventManager : Event: ======'carousel_item_highlighted'====== Args={'carousel': 'attract', 'direction': 'forwards', 'item': 'credits'}
2026-06-18 03:23:46,105 : INFO : SwitchController : <<<<<<< 's_start' active >>>>>>>
2026-06-18 03:23:46,295 : INFO : SwitchController : <<<<<<< 's_start' inactive >>>>>>>
2026-06-18 03:23:46,296 : INFO : EventManager : Event: ======'request_to_start_game'====== Args={}
2026-06-18 03:23:46,297 : INFO : EventManager : Event: ======'game_start'====== Args={'buttons': [], 'hold_time': 0.19021120000070368}
2026-06-18 03:23:46,298 : INFO : EventManager : Event: ======'mode_game_will_start'====== Args={'buttons': [], 'hold_time': 0.19021120000070368}
2026-06-18 03:23:46,301 : INFO : EventManager : Event: ======'mode_game_starting'====== Args={'buttons': [], 'hold_time': 0.19021120000070368}
2026-06-18 03:23:46,302 : INFO : EventManager : Event: ======'mode_attract_will_stop'====== Args={}
2026-06-18 03:23:46,302 : INFO : EventManager : Event: ======'mode_attract_stopping'====== Args={}
2026-06-18 03:23:46,303 : INFO : Mode.attract : Stopped.
2026-06-18 03:23:46,303 : INFO : EventManager : Event: ======'modes_active_modes_changed'====== Args={}
2026-06-18 03:23:46,304 : INFO : EventManager : Event: ======'mode_attract_stopped'====== Args={}
2026-06-18 03:23:46,304 : INFO : EventManager : Event: ======'clear'====== Args={'key': 'attract'}
2026-06-18 03:23:46,305 : INFO : Timer.attract_carousel_timer : Stopping Timer
2026-06-18 03:23:46,305 : INFO : EventManager : Event: ======'timer_attract_carousel_timer_stopped'====== Args={'ticks': 1, 'ticks_remaining': 1}
2026-06-18 03:23:46,306 : INFO : Mode.game : Started. Priority: 20
2026-06-18 03:23:46,306 : INFO : EventManager : Event: ======'modes_active_modes_changed'====== Args={}
2026-06-18 03:23:46,306 : INFO : EventManager : Event: ======'mode_game_started'====== Args={'buttons': [], 'hold_time': 0.19021120000070368}
2026-06-18 03:23:46,309 : INFO : EventManager : Event: ======'game_will_start'====== Args={}
2026-06-18 03:23:46,311 : INFO : EventManager : Event: ======'game_starting'====== Args={'game': <Mode.game>}
2026-06-18 03:23:46,314 : INFO : EventManager : Unordered handler for class <Auditor> on event game_ended with priority 1. Handlers: [RegisteredHandler(callback=<bound method Auditor.disable of <Auditor>>, priority=1, kwargs={}, key=UUID('7191d17e-76ef-480c-938b-328442809f56'), condition=None, blocking_facility=None), RegisteredHandler(callback=<bound method Auditor._save_audits of <Auditor>>, priority=1, kwargs={}, key=UUID('d0a256b6-2853-4995-83a6-8099daa92cf0'), condition=None, blocking_facility=None)]. The order of those handlers is not defined and they will be executed in random order. This might lead to race conditions and potential bugs.
2026-06-18 03:23:46,315 : INFO : EventManager : Event: ======'player_add_request'====== Args={}
2026-06-18 03:23:46,316 : INFO : EventManager : Event: ======'player_will_add'====== Args={'number': 1}
2026-06-18 03:23:46,317 : INFO : EventManager : Event: ======'player_adding'====== Args={'player': <Player 1>, 'number': 1}
2026-06-18 03:23:46,317 : INFO : EventManager : Event: ======'player_added'====== Args={'player': <Player 1>, 'num': 1}
2026-06-18 03:23:46,318 : INFO : Mode.game : Player added successfully. Total players: 1
2026-06-18 03:23:46,318 : INFO : EventManager : Event: ======'player_index'====== Args={'value': 0, 'prev_value': 0, 'change': 0, 'player_num': 1}
2026-06-18 03:23:46,319 : INFO : EventManager : Event: ======'player_number'====== Args={'value': 1, 'prev_value': 1, 'change': 0, 'player_num': 1}
2026-06-18 03:23:46,319 : INFO : EventManager : Event: ======'player_score'====== Args={'value': 0, 'prev_value': 0, 'change': 0, 'player_num': 1}
2026-06-18 03:23:46,320 : INFO : EventManager : Event: ======'game_started'====== Args={}
2026-06-18 03:23:46,323 : INFO : EventManager : Event: ======'player_turn_will_start'====== Args={'player': <Player 1>, 'number': 1}
2026-06-18 03:23:46,325 : INFO : EventManager : Event: ======'player_turn_starting'====== Args={'player': <Player 1>, 'number': 1}
2026-06-18 03:23:46,326 : INFO : EventManager : Event: ======'player_ball'====== Args={'value': 1, 'prev_value': 0, 'change': 1, 'player_num': 1}
2026-06-18 03:23:46,328 : INFO : EventManager : Event: ======'player_turn_started'====== Args={'player': <Player 1>, 'number': 1}
2026-06-18 03:23:46,342 : INFO : EventManager : Event: ======'ball_will_start'====== Args={'player': 1, 'ball': 1, 'balls_remaining': 2, 'is_extra_ball': False}
2026-06-18 03:23:46,344 : INFO : EventManager : Event: ======'ball_starting'====== Args={'player': 1, 'ball': 1, 'balls_remaining': 2, 'is_extra_ball': False}
2026-06-18 03:23:46,345 : INFO : EventManager : Event: ======'balls_in_play'====== Args={'balls': 1}
2026-06-18 03:23:46,346 : INFO : EventManager : Event: ======'ball_started'====== Args={'player': 1, 'ball': 1, 'balls_remaining': 2, 'is_extra_ball': False}
2026-06-18 03:23:46,362 : INFO : EventManager : Event: ======'single_player_ball_started'====== Args={}
2026-06-18 03:23:46,364 : INFO : EventManager : Event: ======'ball_start_target'====== Args={'target': 'playfield'}
2026-06-18 03:23:46,368 : INFO : ball_device.bd_trough : Setting up player-controlled eject. Balls: 1, Target: <playfield.playfield>, player_controlled_eject_event: None
2026-06-18 03:23:46,369 : INFO : ball_device.bd_trough : Adding 1 ball(s) to the eject_queue with target <playfield.playfield>.
2026-06-18 03:23:46,370 : INFO : EventManager : Event: ======'balldevice_balls_available'====== Args={}
2026-06-18 03:23:46,372 : INFO : ball_device.bd_trough : State: waiting_for_target_ready
2026-06-18 03:23:46,372 : INFO : EventManager : Event: ======'balldevice_bd_trough_ball_eject_attempt'====== Args={'balls': 1, 'target': <ball_device.bd_plunger>, 'source': <ball_device.bd_trough>, 'mechanical_eject': False, 'num_attempts': 0}
2026-06-18 03:23:46,372 : INFO : ball_device.bd_plunger : State: waiting_for_ball
2026-06-18 03:23:46,373 : INFO : ball_device.bd_trough : State: ejecting
2026-06-18 03:23:46,373 : INFO : ball_device.bd_trough : Ejecting ball to <ball_device.bd_plunger>
2026-06-18 03:23:46,373 : INFO : EventManager : Event: ======'balldevice_bd_trough_ejecting_ball'====== Args={'balls': 1, 'target': <ball_device.bd_plunger>, 'source': <ball_device.bd_trough>, 'mechanical_eject': False, 'num_attempts': 0}
2026-06-18 03:23:46,376 : INFO : ball_device.bd_trough : Wait for ball to leave device
2026-06-18 03:23:46,377 : INFO : coil.c_trough_eject_coil : Pulsing Driver for 15ms (1.0 pulse_power)
2026-06-18 03:23:48,383 : INFO : EventManager : Event: ======'balldevice_bd_trough_ball_eject_failed'====== Args={'target': <ball_device.bd_plunger>, 'balls': 1, 'retry': True, 'num_attempts': 1}
2026-06-18 03:23:48,386 : INFO : ball_device.bd_trough : State: waiting_for_target_ready
2026-06-18 03:23:48,387 : INFO : EventManager : Event: ======'balldevice_bd_trough_ball_eject_attempt'====== Args={'balls': 1, 'target': <ball_device.bd_plunger>, 'source': <ball_device.bd_trough>, 'mechanical_eject': False, 'num_attempts': 1}
2026-06-18 03:23:48,389 : INFO : ball_device.bd_trough : State: ejecting
2026-06-18 03:23:48,390 : INFO : ball_device.bd_trough : Ejecting ball to <ball_device.bd_plunger>
2026-06-18 03:23:48,390 : INFO : EventManager : Event: ======'balldevice_bd_trough_ejecting_ball'====== Args={'balls': 1, 'target': <ball_device.bd_plunger>, 'source': <ball_device.bd_trough>, 'mechanical_eject': False, 'num_attempts': 1}
2026-06-18 03:23:48,392 : INFO : ball_device.bd_trough : Wait for ball to leave device
2026-06-18 03:23:48,393 : INFO : coil.c_trough_eject_coil : Pulsing Driver for 15ms (1.0 pulse_power)
2026-06-18 03:23:50,405 : INFO : EventManager : Event: ======'balldevice_bd_trough_ball_eject_failed'====== Args={'target': <ball_device.bd_plunger>, 'balls': 1, 'retry': True, 'num_attempts': 2}
2026-06-18 03:23:50,408 : INFO : ball_device.bd_trough : State: waiting_for_target_ready
2026-06-18 03:23:50,409 : INFO : EventManager : Event: ======'balldevice_bd_trough_ball_eject_attempt'====== Args={'balls': 1, 'target': <ball_device.bd_plunger>, 'source': <ball_device.bd_trough>, 'mechanical_eject': False, 'num_attempts': 2}
2026-06-18 03:23:50,410 : INFO : ball_device.bd_trough : State: ejecting
2026-06-18 03:23:50,410 : INFO : ball_device.bd_trough : Ejecting ball to <ball_device.bd_plunger>
2026-06-18 03:23:50,410 : INFO : EventManager : Event: ======'balldevice_bd_trough_ejecting_ball'====== Args={'balls': 1, 'target': <ball_device.bd_plunger>, 'source': <ball_device.bd_trough>, 'mechanical_eject': False, 'num_attempts': 2}
2026-06-18 03:23:50,415 : INFO : ball_device.bd_trough : Wait for ball to leave device
2026-06-18 03:23:50,415 : INFO : coil.c_trough_eject_coil : Pulsing Driver for 15ms (1.0 pulse_power)
2026-06-18 03:23:50,830 : INFO : SwitchController : <<<<<<< 's_left_outlane' active >>>>>>>
2026-06-18 03:23:50,831 : INFO : EventManager : Event: ======'machine_var_audits_switches_s_left_outlane'====== Args={'value': 21, 'prev_value': 20, 'change': 1}
2026-06-18 03:23:50,955 : INFO : SwitchController : <<<<<<< 's_left_outlane' inactive >>>>>>>
2026-06-18 03:23:51,145 : INFO : SwitchController : <<<<<<< 's_left_outlane' active >>>>>>>
2026-06-18 03:23:51,146 : INFO : EventManager : Event: ======'machine_var_audits_switches_s_left_outlane'====== Args={'value': 22, 'prev_value': 21, 'change': 1}
2026-06-18 03:23:51,238 : INFO : SwitchController : <<<<<<< 's_left_outlane' inactive >>>>>>>
2026-06-18 03:23:51,362 : INFO : SwitchController : <<<<<<< 's_left_outlane' active >>>>>>>
2026-06-18 03:23:51,363 : INFO : EventManager : Event: ======'machine_var_audits_switches_s_left_outlane'====== Args={'value': 23, 'prev_value': 22, 'change': 1}
2026-06-18 03:23:51,456 : INFO : SwitchController : <<<<<<< 's_left_outlane' inactive >>>>>>>
2026-06-18 03:23:51,551 : INFO : SwitchController : <<<<<<< 's_left_outlane' active >>>>>>>
2026-06-18 03:23:51,552 : INFO : EventManager : Event: ======'machine_var_audits_switches_s_left_outlane'====== Args={'value': 24, 'prev_value': 23, 'change': 1}
2026-06-18 03:23:51,643 : INFO : SwitchController : <<<<<<< 's_left_outlane' inactive >>>>>>>
2026-06-18 03:23:51,721 : INFO : SwitchController : <<<<<<< 's_left_outlane' active >>>>>>>
2026-06-18 03:23:51,722 : INFO : EventManager : Event: ======'machine_var_audits_switches_s_left_outlane'====== Args={'value': 25, 'prev_value': 24, 'change': 1}
2026-06-18 03:23:51,832 : INFO : SwitchController : <<<<<<< 's_left_outlane' inactive >>>>>>>
2026-06-18 03:23:52,432 : INFO : ball_device.bd_trough : State: eject_broken
2026-06-18 03:23:52,432 : INFO : EventManager : Event: ======'balldevice_bd_trough_ball_eject_failed'====== Args={'target': <ball_device.bd_plunger>, 'balls': 1, 'retry': False, 'num_attempts': 3}
2026-06-18 03:23:52,434 : INFO : EventManager : Event: ======'balldevice_bd_trough_broken'====== Args={}
2026-06-18 03:23:52,859 : INFO : SwitchController : <<<<<<< 's_left_inlane' active >>>>>>>
2026-06-18 03:23:52,860 : INFO : EventManager : Event: ======'machine_var_audits_switches_s_left_inlane'====== Args={'value': 10, 'prev_value': 9, 'change': 1}
2026-06-18 03:23:52,969 : INFO : SwitchController : <<<<<<< 's_left_inlane' inactive >>>>>>>
2026-06-18 03:23:53,079 : INFO : SwitchController : <<<<<<< 's_left_inlane' active >>>>>>>
2026-06-18 03:23:53,080 : INFO : EventManager : Event: ======'machine_var_audits_switches_s_left_inlane'====== Args={'value': 11, 'prev_value': 10, 'change': 1}
2026-06-18 03:23:53,173 : INFO : SwitchController : <<<<<<< 's_left_inlane' inactive >>>>>>>
2026-06-18 03:23:53,236 : INFO : SwitchController : <<<<<<< 's_left_inlane' active >>>>>>>
2026-06-18 03:23:53,236 : INFO : EventManager : Event: ======'machine_var_audits_switches_s_left_inlane'====== Args={'value': 12, 'prev_value': 11, 'change': 1}
2026-06-18 03:23:53,348 : INFO : SwitchController : <<<<<<< 's_left_inlane' inactive >>>>>>>
2026-06-18 03:23:53,411 : INFO : SwitchController : <<<<<<< 's_left_inlane' active >>>>>>>
2026-06-18 03:23:53,411 : INFO : EventManager : Event: ======'machine_var_audits_switches_s_left_inlane'====== Args={'value': 13, 'prev_value': 12, 'change': 1}
2026-06-18 03:23:53,680 : INFO : SwitchController : <<<<<<< 's_left_inlane' inactive >>>>>>>
2026-06-18 03:24:23,738 : INFO : Machine : Shutting down...
2026-06-18 03:24:23,738 : INFO : EventManager : Event: ======'shutdown'====== Args={}
2026-06-18 03:24:23,741 : INFO : EventManager : Event: ======'mode_game_will_stop'====== Args={}
2026-06-18 03:24:23,741 : INFO : EventManager : Event: ======'mode_game_stopping'====== Args={}
2026-06-18 03:24:23,742 : INFO : Mode.game : Stopped.
2026-06-18 03:24:23,742 : INFO : EventManager : Event: ======'modes_active_modes_changed'====== Args={}
2026-06-18 03:24:23,743 : INFO : EventManager : Event: ======'mode_game_stopped'====== Args={}
2026-06-18 03:24:23,743 : INFO : EventManager : Event: ======'clear'====== Args={'key': 'game'}
2026-06-18 03:24:23,865 : INFO : root : MPF run loop ended.
