2026-06-15 00:43:37,206 : INFO : root : Loading config.
2026-06-15 00:43:37,212 : INFO : YamlMultifileConfigLoader : Machine config file #1: config.yaml
2026-06-15 00:43:37,212 : WARNING : ConfigProcessor : Config file in cache changed: C:\pinball\config\config.yaml
2026-06-15 00:43:37,213 : INFO : ConfigProcessor : Loading config from file C:\Users\mpf\AppData\Local\Programs\Python\Python313\Lib\site-packages\mpf\mpfconfig.yaml.
2026-06-15 00:43:37,273 : INFO : ConfigProcessor : Loading config: C:\Users\mpf\AppData\Local\Programs\Python\Python313\Lib\site-packages\mpf\mpfconfig.yaml
2026-06-15 00:43:37,274 : INFO : ConfigProcessor : Loading config from file C:\pinball\config\config.yaml.
2026-06-15 00:43:37,310 : INFO : ConfigProcessor : Loading config: C:\pinball\config\config.yaml
2026-06-15 00:43:37,311 : INFO : ConfigProcessor : Config file cache created: C:\Users\mpf\AppData\Local\Temp\6d5b600d7be1a6495e3e5a66bc905d87.mpf_cache
2026-06-15 00:43:37,441 : INFO : ConfigProcessor : Loading config from cache: C:\Users\mpf\AppData\Local\Temp\8f40fc9be560776ef72c29fc1142b5c0.mpf_cache
2026-06-15 00:43:37,442 : INFO : ConfigProcessor : Loading config from cache: C:\Users\mpf\AppData\Local\Temp\280ef0bf7d2e5d11f4cb038a53adbb41.mpf_cache
2026-06-15 00:43:37,443 : INFO : Machine : Mission Pinball Framework Core Engine v0.80.0.dev13
2026-06-15 00:43:37,443 : INFO : Machine : Command line arguments: {'no_load_cache': False, 'create_config_cache': True, 'bcp': False, 'configfile': ['config.yaml'], 'force_assets_load': False, 'platform_integration_test': False, 'jsonlogging': False, 'logfile': 'logs\\2026-06-15-00-43-37-mpf-DESKTOP-OC28BPB.log', 'pause': False, 'production': False, 'text_ui': False, 'loglevel': 15, 'consoleloglevel': 20, 'force_platform': None, 'syslog_address': None, 'full_logfile_path': 'C:\\pinball\\logs\\2026-06-15-00-43-37-mpf-DESKTOP-OC28BPB.log'}
2026-06-15 00:43:37,443 : INFO : Machine : MPF path: C:\Users\mpf\AppData\Local\Programs\Python\Python313\Lib\site-packages\mpf
2026-06-15 00:43:37,443 : INFO : Machine : Machine path: C:\pinball
2026-06-15 00:43:37,443 : INFO : Machine : Platform: win32
2026-06-15 00:43:37,443 : INFO : Machine : Python executable location: C:\Users\mpf\AppData\Local\Programs\Python\Python313\python.exe
2026-06-15 00:43:37,443 : INFO : Machine : Python version: 3.13.12 (64-bit)
2026-06-15 00:43:37,445 : INFO : Machine : Initializing MPF...
2026-06-15 00:43:37,599 : INFO : FAST : Auto-detecting ports for the following connections: ['net']
2026-06-15 00:43:37,632 : INFO : FAST : Detected NET on port COM4
2026-06-15 00:43:37,786 : INFO : FAST [NET] : Trying to connect to COM4 at 921600bps
2026-06-15 00:43:37,797 : INFO : FAST [NET] : Connected to COM4 at 921600bps
2026-06-15 00:43:37,809 : INFO : FAST [NET] : Connected to FP-CPU-2000 with firmware v02.26
2026-06-15 00:43:37,816 : INFO : FAST [NET] : Registered I/O Board 0: Model: FP-I/O-3208, Firmware: 01.10, Switches: 32, Drivers: 8
2026-06-15 00:43:37,817 : INFO : EventManager : Event: ======'machine_var_credits_string'====== Args={'value': 'FREE PLAY', 'prev_value': None, 'change': True}
2026-06-15 00:43:37,866 : INFO : EventManager : Event: ======'machine_var_master_volume'====== Args={'value': 0.5, 'prev_value': None, 'change': True}
2026-06-15 00:43:37,867 : INFO : EventManager : Event: ======'machine_var_player1_score'====== Args={'value': 0, 'prev_value': None, 'change': True}
2026-06-15 00:43:37,867 : INFO : EventManager : Event: ======'machine_var_mpf_version'====== Args={'value': 'Mission Pinball Framework v0.80.0.dev13', 'prev_value': None, 'change': True}
2026-06-15 00:43:37,867 : INFO : EventManager : Event: ======'machine_var_mpf_extended_version'====== Args={'value': 'Mission Pinball Framework v0.80.0.dev13, Config version:6, Show version: 6, BCP version:1.1', 'prev_value': None, 'change': True}
2026-06-15 00:43:37,867 : INFO : EventManager : Event: ======'machine_var_python_version'====== Args={'value': '3.13.12', 'prev_value': None, 'change': True}
2026-06-15 00:43:37,908 : INFO : EventManager : Event: ======'machine_var_platform'====== Args={'value': 'Windows-11-10.0.26200-SP0', 'prev_value': None, 'change': True}
2026-06-15 00:43:37,908 : INFO : EventManager : Event: ======'machine_var_platform_system'====== Args={'value': 'Windows', 'prev_value': None, 'change': True}
2026-06-15 00:43:37,908 : INFO : EventManager : Event: ======'machine_var_platform_release'====== Args={'value': '11', 'prev_value': None, 'change': True}
2026-06-15 00:43:37,908 : INFO : EventManager : Event: ======'machine_var_platform_version'====== Args={'value': '10.0.26200', 'prev_value': None, 'change': True}
2026-06-15 00:43:37,908 : INFO : EventManager : Event: ======'machine_var_platform_machine'====== Args={'value': 'AMD64', 'prev_value': None, 'change': True}
2026-06-15 00:43:37,908 : INFO : EventManager : Event: ======'machine_var_log_file_path'====== Args={'value': 'C:\\pinball\\logs\\2026-06-15-00-43-37-mpf-DESKTOP-OC28BPB.log', 'prev_value': None, 'change': True}
2026-06-15 00:43:37,908 : INFO : EventManager : Event: ======'init_phase_1'====== Args={}
2026-06-15 00:43:40,348 : INFO : SwitchController : <<<<<<< 's_trough_ball_jam' active >>>>>>>
2026-06-15 00:43:40,349 : INFO : SwitchController : <<<<<<< 's_trough_ball_1' active >>>>>>>
2026-06-15 00:43:40,351 : INFO : EventManager : Event: ======'init_phase_2'====== Args={}
2026-06-15 00:43:40,354 : INFO : SwitchController : Found active switch: (6, [FAST Platform Interface]) <switch.s_trough_ball_jam>
2026-06-15 00:43:40,354 : INFO : SwitchController : Found active switch: (0, [FAST Platform Interface]) <switch.s_trough_ball_1>
2026-06-15 00:43:40,856 : INFO : ball_device.bd_trough : BCH: Initial count: 1
2026-06-15 00:43:40,857 : INFO : ball_device.bd_trough : State: idle
2026-06-15 00:43:40,858 : INFO : ball_device.bd_plunger : BCH: Initial count: 0
2026-06-15 00:43:40,858 : INFO : ball_device.bd_plunger : State: idle
2026-06-15 00:43:40,908 : INFO : EventManager : Event: ======'init_phase_3'====== Args={}
2026-06-15 00:43:40,910 : INFO : EventManager : Event: ======'init_phase_4'====== Args={}
2026-06-15 00:43:40,911 : INFO : BallController : Initial balls found: 1
2026-06-15 00:43:40,912 : INFO : EventManager : Event: ======'machine_var_audits_events_game_ended'====== Args={'value': 3, 'prev_value': None, 'change': True}
2026-06-15 00:43:40,912 : INFO : EventManager : Event: ======'machine_var_audits_events_game_started'====== Args={'value': 15, 'prev_value': None, 'change': True}
2026-06-15 00:43:40,912 : INFO : EventManager : Event: ======'machine_var_audits_missing_switches_s_flipper_left_eos'====== Args={'value': 11, 'prev_value': None, 'change': True}
2026-06-15 00:43:40,912 : INFO : EventManager : Event: ======'machine_var_audits_missing_switches_s_flipper_right_eos'====== Args={'value': 11, 'prev_value': None, 'change': True}
2026-06-15 00:43:40,912 : INFO : EventManager : Event: ======'machine_var_audits_missing_switches_s_launch'====== Args={'value': 11, 'prev_value': None, 'change': True}
2026-06-15 00:43:40,912 : INFO : EventManager : Event: ======'machine_var_audits_missing_switches_s_left_inlane'====== Args={'value': 7, 'prev_value': None, 'change': True}
2026-06-15 00:43:40,912 : INFO : EventManager : Event: ======'machine_var_audits_missing_switches_s_left_outlane'====== Args={'value': 7, 'prev_value': None, 'change': True}
2026-06-15 00:43:40,912 : INFO : EventManager : Event: ======'machine_var_audits_missing_switches_s_right_inlane'====== Args={'value': 1, 'prev_value': None, 'change': True}
2026-06-15 00:43:40,912 : INFO : EventManager : Event: ======'machine_var_audits_missing_switches_s_slingshot_left'====== Args={'value': 1, 'prev_value': None, 'change': True}
2026-06-15 00:43:40,912 : INFO : EventManager : Event: ======'machine_var_audits_missing_switches_s_slingshot_right'====== Args={'value': 1, 'prev_value': None, 'change': True}
2026-06-15 00:43:40,912 : INFO : EventManager : Event: ======'machine_var_audits_missing_switches_s_start'====== Args={'value': 1, 'prev_value': None, 'change': True}
2026-06-15 00:43:40,913 : INFO : EventManager : Event: ======'machine_var_audits_player_score'====== Args={'value': {'average': 0, 'top': [0, 0, 0], 'total': 3}, 'prev_value': None, 'change': True}
2026-06-15 00:43:40,913 : INFO : EventManager : Event: ======'machine_var_audits_switches_s_flipper_left_eos'====== Args={'value': 2, 'prev_value': None, 'change': True}
2026-06-15 00:43:40,913 : INFO : EventManager : Event: ======'machine_var_audits_switches_s_flipper_right_eos'====== Args={'value': 2, 'prev_value': None, 'change': True}
2026-06-15 00:43:40,913 : INFO : EventManager : Event: ======'machine_var_audits_switches_s_launch'====== Args={'value': 2, 'prev_value': None, 'change': True}
2026-06-15 00:43:40,913 : INFO : EventManager : Event: ======'machine_var_audits_switches_s_left_flipper'====== Args={'value': 3, 'prev_value': None, 'change': True}
2026-06-15 00:43:40,913 : INFO : EventManager : Event: ======'machine_var_audits_switches_s_left_inlane'====== Args={'value': 9, 'prev_value': None, 'change': True}
2026-06-15 00:43:40,913 : INFO : EventManager : Event: ======'machine_var_audits_switches_s_left_outlane'====== Args={'value': 3, 'prev_value': None, 'change': True}
2026-06-15 00:43:40,913 : INFO : EventManager : Event: ======'machine_var_audits_switches_s_plunger'====== Args={'value': 10, 'prev_value': None, 'change': True}
2026-06-15 00:43:40,913 : INFO : EventManager : Event: ======'machine_var_audits_switches_s_right_flipper'====== Args={'value': 7, 'prev_value': None, 'change': True}
2026-06-15 00:43:40,913 : INFO : EventManager : Event: ======'machine_var_audits_switches_s_right_inlane'====== Args={'value': 5, 'prev_value': None, 'change': True}
2026-06-15 00:43:40,913 : INFO : EventManager : Event: ======'machine_var_audits_switches_s_right_outlane'====== Args={'value': 18, 'prev_value': None, 'change': True}
2026-06-15 00:43:40,913 : INFO : EventManager : Event: ======'machine_var_audits_switches_s_slingshot_left'====== Args={'value': 13, 'prev_value': None, 'change': True}
2026-06-15 00:43:40,913 : INFO : EventManager : Event: ======'machine_var_audits_switches_s_slingshot_right'====== Args={'value': 10, 'prev_value': None, 'change': True}
2026-06-15 00:43:40,913 : INFO : EventManager : Event: ======'machine_var_audits_switches_s_start'====== Args={'value': 0, 'prev_value': None, 'change': True}
2026-06-15 00:43:40,913 : INFO : EventManager : Event: ======'machine_var_audits_switches_s_trough_ball_1'====== Args={'value': 94, 'prev_value': None, 'change': True}
2026-06-15 00:43:40,913 : INFO : EventManager : Event: ======'machine_var_audits_switches_s_trough_ball_2'====== Args={'value': 21, 'prev_value': None, 'change': True}
2026-06-15 00:43:40,913 : INFO : EventManager : Event: ======'machine_var_audits_switches_s_trough_ball_3'====== Args={'value': 9, 'prev_value': None, 'change': True}
2026-06-15 00:43:40,913 : INFO : EventManager : Event: ======'machine_var_audits_switches_s_trough_ball_4'====== Args={'value': 9, 'prev_value': None, 'change': True}
2026-06-15 00:43:40,913 : INFO : EventManager : Event: ======'machine_var_audits_switches_s_trough_ball_5'====== Args={'value': 9, 'prev_value': None, 'change': True}
2026-06-15 00:43:40,913 : INFO : EventManager : Event: ======'machine_var_audits_switches_s_trough_ball_6'====== Args={'value': 9, 'prev_value': None, 'change': True}
2026-06-15 00:43:40,913 : INFO : EventManager : Event: ======'machine_var_audits_switches_s_trough_ball_jam'====== Args={'value': 47, 'prev_value': None, 'change': True}
2026-06-15 00:43:40,914 : INFO : EventManager : Event: ======'init_phase_5'====== Args={}
2026-06-15 00:43:40,914 : INFO : EventManager : Event: ======'init_done'====== Args={}
2026-06-15 00:43:40,914 : INFO : EventManager : Event: ======'machine_reset_phase_1'====== Args={}
2026-06-15 00:43:40,914 : INFO : EventManager : Event: ======'machine_reset_phase_2'====== Args={}
2026-06-15 00:43:40,915 : INFO : EventManager : Event: ======'machine_reset_phase_3'====== Args={}
2026-06-15 00:43:40,915 : INFO : EventManager : Event: ======'reset_complete'====== Args={}
2026-06-15 00:43:40,915 : INFO : EventManager : Event: ======'mode_attract_will_start'====== Args={}
2026-06-15 00:43:40,915 : INFO : EventManager : Event: ======'mode_attract_starting'====== Args={}
2026-06-15 00:43:40,915 : INFO : Mode.attract : Started. Priority: 10
2026-06-15 00:43:40,915 : INFO : EventManager : Event: ======'modes_active_modes_changed'====== Args={}
2026-06-15 00:43:40,915 : INFO : EventManager : Event: ======'mode_attract_started'====== Args={}
2026-06-15 00:43:40,915 : INFO : EventManager : Event: ======'collecting_balls_complete'====== Args={}
2026-06-15 00:43:40,917 : INFO : Machine : Starting the main run loop with active modes: [<Mode.attract>]
2026-06-15 00:43:48,449 : INFO : SwitchController : <<<<<<< 's_start' active >>>>>>>
2026-06-15 00:43:48,593 : INFO : SwitchController : <<<<<<< 's_start' inactive >>>>>>>
2026-06-15 00:43:48,593 : INFO : EventManager : Event: ======'request_to_start_game'====== Args={}
2026-06-15 00:43:48,594 : INFO : EventManager : Event: ======'game_start'====== Args={'buttons': [], 'hold_time': 0.14434680005069822}
2026-06-15 00:43:48,594 : INFO : EventManager : Event: ======'mode_game_will_start'====== Args={'buttons': [], 'hold_time': 0.14434680005069822}
2026-06-15 00:43:48,595 : INFO : EventManager : Event: ======'mode_game_starting'====== Args={'buttons': [], 'hold_time': 0.14434680005069822}
2026-06-15 00:43:48,595 : INFO : EventManager : Event: ======'mode_attract_will_stop'====== Args={}
2026-06-15 00:43:48,595 : INFO : EventManager : Event: ======'mode_attract_stopping'====== Args={}
2026-06-15 00:43:48,595 : INFO : Mode.attract : Stopped.
2026-06-15 00:43:48,595 : INFO : EventManager : Event: ======'modes_active_modes_changed'====== Args={}
2026-06-15 00:43:48,596 : INFO : EventManager : Event: ======'mode_attract_stopped'====== Args={}
2026-06-15 00:43:48,596 : INFO : EventManager : Event: ======'clear'====== Args={'key': 'attract'}
2026-06-15 00:43:48,596 : INFO : Mode.game : Started. Priority: 20
2026-06-15 00:43:48,596 : INFO : EventManager : Event: ======'modes_active_modes_changed'====== Args={}
2026-06-15 00:43:48,596 : INFO : EventManager : Event: ======'mode_game_started'====== Args={'buttons': [], 'hold_time': 0.14434680005069822}
2026-06-15 00:43:48,597 : INFO : EventManager : Event: ======'game_will_start'====== Args={}
2026-06-15 00:43:48,598 : INFO : EventManager : Event: ======'game_starting'====== Args={'game': <Mode.game>}
2026-06-15 00:43:48,599 : INFO : EventManager : Unordered handler for class <Auditor> on event game_ended with priority 1. Handlers: [RegisteredHandler(callback=<bound method Auditor.disable of <Auditor>>, priority=1, kwargs={}, key=UUID('159cc1dc-07f5-4804-9f41-3d30d9dc591c'), condition=None, blocking_facility=None), RegisteredHandler(callback=<bound method Auditor._save_audits of <Auditor>>, priority=1, kwargs={}, key=UUID('12c97889-66b2-4e7e-acfc-e3405a04ac34'), condition=None, blocking_facility=None)]. The order of those handlers is not defined and they will be executed in random order. This might lead to race conditions and potential bugs.
2026-06-15 00:43:48,599 : INFO : EventManager : Event: ======'player_add_request'====== Args={}
2026-06-15 00:43:48,600 : INFO : EventManager : Event: ======'player_will_add'====== Args={'number': 1}
2026-06-15 00:43:48,601 : INFO : EventManager : Event: ======'player_adding'====== Args={'player': <Player 1>, 'number': 1}
2026-06-15 00:43:48,601 : INFO : EventManager : Event: ======'player_added'====== Args={'player': <Player 1>, 'num': 1}
2026-06-15 00:43:48,601 : INFO : Mode.game : Player added successfully. Total players: 1
2026-06-15 00:43:48,602 : INFO : EventManager : Event: ======'player_index'====== Args={'value': 0, 'prev_value': 0, 'change': 0, 'player_num': 1}
2026-06-15 00:43:48,602 : INFO : EventManager : Event: ======'player_number'====== Args={'value': 1, 'prev_value': 1, 'change': 0, 'player_num': 1}
2026-06-15 00:43:48,602 : INFO : EventManager : Event: ======'player_score'====== Args={'value': 0, 'prev_value': 0, 'change': 0, 'player_num': 1}
2026-06-15 00:43:48,602 : INFO : EventManager : Event: ======'game_started'====== Args={}
2026-06-15 00:43:48,602 : INFO : EventManager : Event: ======'player_turn_will_start'====== Args={'player': <Player 1>, 'number': 1}
2026-06-15 00:43:48,603 : INFO : EventManager : Event: ======'player_turn_starting'====== Args={'player': <Player 1>, 'number': 1}
2026-06-15 00:43:48,605 : INFO : EventManager : Event: ======'player_ball'====== Args={'value': 1, 'prev_value': 0, 'change': 1, 'player_num': 1}
2026-06-15 00:43:48,605 : INFO : EventManager : Event: ======'player_turn_started'====== Args={'player': <Player 1>, 'number': 1}
2026-06-15 00:43:48,605 : INFO : EventManager : Event: ======'ball_will_start'====== Args={'player': 1, 'ball': 1, 'balls_remaining': 2, 'is_extra_ball': False}
2026-06-15 00:43:48,606 : INFO : EventManager : Event: ======'ball_starting'====== Args={'player': 1, 'ball': 1, 'balls_remaining': 2, 'is_extra_ball': False}
2026-06-15 00:43:48,606 : INFO : EventManager : Event: ======'balls_in_play'====== Args={'balls': 1}
2026-06-15 00:43:48,606 : INFO : EventManager : Event: ======'ball_started'====== Args={'player': 1, 'ball': 1, 'balls_remaining': 2, 'is_extra_ball': False}
2026-06-15 00:43:48,615 : INFO : EventManager : Event: ======'single_player_ball_started'====== Args={}
2026-06-15 00:43:48,616 : INFO : EventManager : Event: ======'ball_start_target'====== Args={'target': 'playfield'}
2026-06-15 00:43:48,616 : INFO : ball_device.bd_trough : Setting up player-controlled eject. Balls: 1, Target: <playfield.playfield>, player_controlled_eject_event: None
2026-06-15 00:43:48,617 : INFO : ball_device.bd_trough : Adding 1 ball(s) to the eject_queue with target <playfield.playfield>.
2026-06-15 00:43:48,617 : INFO : EventManager : Event: ======'balldevice_balls_available'====== Args={}
2026-06-15 00:43:48,622 : INFO : ball_device.bd_trough : State: waiting_for_target_ready
2026-06-15 00:43:48,622 : INFO : EventManager : Event: ======'balldevice_bd_trough_ball_eject_attempt'====== Args={'balls': 1, 'target': <ball_device.bd_plunger>, 'source': <ball_device.bd_trough>, 'mechanical_eject': False, 'num_attempts': 0}
2026-06-15 00:43:48,623 : INFO : ball_device.bd_plunger : State: waiting_for_ball
2026-06-15 00:43:48,624 : INFO : ball_device.bd_trough : State: ejecting
2026-06-15 00:43:48,624 : INFO : ball_device.bd_trough : Ejecting ball to <ball_device.bd_plunger>
2026-06-15 00:43:48,625 : INFO : EventManager : Event: ======'balldevice_bd_trough_ejecting_ball'====== Args={'balls': 1, 'target': <ball_device.bd_plunger>, 'source': <ball_device.bd_trough>, 'mechanical_eject': False, 'num_attempts': 0}
2026-06-15 00:43:48,627 : INFO : ball_device.bd_trough : Wait for ball to leave device
2026-06-15 00:43:48,627 : INFO : coil.c_trough_eject_coil : Pulsing Driver for 15ms (1.0 pulse_power)
2026-06-15 00:43:48,657 : INFO : SwitchController : <<<<<<< 's_trough_ball_1' inactive >>>>>>>
2026-06-15 00:43:48,658 : INFO : ball_device.bd_trough : State: ball_left
2026-06-15 00:43:48,658 : INFO : ball_device.bd_trough : Ball left
2026-06-15 00:43:48,658 : INFO : ball_device.bd_trough : Wait for confirm with timeout 2.0
2026-06-15 00:43:50,007 : INFO : SwitchController : <<<<<<< 's_trough_ball_jam' inactive >>>>>>>
2026-06-15 00:43:50,007 : INFO : SwitchController : <<<<<<< 's_plunger' active >>>>>>>
2026-06-15 00:43:50,008 : INFO : EventManager : Event: ======'machine_var_audits_switches_s_plunger'====== Args={'value': 11, 'prev_value': 10, 'change': 1}
2026-06-15 00:43:50,513 : INFO : ball_device.bd_plunger : Received ball from <ball_device.bd_trough>
2026-06-15 00:43:50,514 : INFO : EventManager : Event: ======'balldevice_bd_plunger_ball_enter'====== Args={'new_balls': 1, 'unclaimed_balls': 0, 'new_available_balls': 0, 'device': <ball_device.bd_plunger>}
2026-06-15 00:43:50,515 : INFO : EventManager : Event: ======'balldevice_bd_plunger_ball_entered'====== Args={'new_balls': 0, 'device': <ball_device.bd_plunger>}
2026-06-15 00:43:50,516 : INFO : EventManager : Event: ======'balldevice_bd_plunger_ball_count_changed'====== Args={'balls': 1}
2026-06-15 00:43:50,516 : INFO : ball_device.bd_trough : Got eject confirm
2026-06-15 00:43:50,516 : INFO : ball_device.bd_trough : Eject successful
2026-06-15 00:43:50,516 : INFO : EventManager : Event: ======'balldevice_bd_trough_ball_eject_success'====== Args={'balls': 1, 'target': <ball_device.bd_plunger>}
2026-06-15 00:43:50,516 : INFO : ball_device.bd_plunger : State: waiting_for_target_ready
2026-06-15 00:43:50,516 : INFO : EventManager : Event: ======'balldevice_bd_plunger_ball_eject_attempt'====== Args={'balls': 1, 'target': <playfield.playfield>, 'source': <ball_device.bd_plunger>, 'mechanical_eject': False, 'num_attempts': 0}
2026-06-15 00:43:50,516 : INFO : EventManager : Event: ======'balldevice_bd_trough_ball_count_changed'====== Args={'balls': 0}
2026-06-15 00:43:50,516 : INFO : ball_device.bd_trough : State: idle
2026-06-15 00:43:50,516 : INFO : ball_device.bd_plunger : State: ejecting
2026-06-15 00:43:50,516 : INFO : ball_device.bd_plunger : Ejecting ball to <playfield.playfield>
2026-06-15 00:43:50,517 : INFO : EventManager : Event: ======'balldevice_bd_plunger_ejecting_ball'====== Args={'balls': 1, 'target': <playfield.playfield>, 'source': <ball_device.bd_plunger>, 'mechanical_eject': False, 'num_attempts': 0}
2026-06-15 00:43:50,517 : INFO : ball_device.bd_plunger : Wait for ball to leave device
2026-06-15 00:43:51,146 : INFO : SwitchController : <<<<<<< 's_trough_ball_jam' active >>>>>>>
2026-06-15 00:43:51,146 : INFO : EventManager : Event: ======'machine_var_audits_switches_s_trough_ball_jam'====== Args={'value': 48, 'prev_value': 47, 'change': 1}
2026-06-15 00:43:51,146 : INFO : SwitchController : <<<<<<< 's_plunger' inactive >>>>>>>
2026-06-15 00:43:51,147 : INFO : ball_device.bd_plunger : State: ball_left
2026-06-15 00:43:51,147 : INFO : ball_device.bd_plunger : Ball left
2026-06-15 00:43:51,147 : INFO : ball_device.bd_plunger : Wait for confirm with timeout 5.0
2026-06-15 00:43:53,271 : INFO : SwitchController : <<<<<<< 's_right_inlane' active >>>>>>>
2026-06-15 00:43:53,271 : INFO : EventManager : Event: ======'machine_var_audits_switches_s_right_inlane'====== Args={'value': 6, 'prev_value': 5, 'change': 1}
2026-06-15 00:43:53,399 : INFO : SwitchController : <<<<<<< 's_right_inlane' inactive >>>>>>>
2026-06-15 00:43:53,494 : INFO : SwitchController : <<<<<<< 's_right_inlane' active >>>>>>>
2026-06-15 00:43:53,494 : INFO : EventManager : Event: ======'machine_var_audits_switches_s_right_inlane'====== Args={'value': 7, 'prev_value': 6, 'change': 1}
2026-06-15 00:43:53,589 : INFO : SwitchController : <<<<<<< 's_right_inlane' inactive >>>>>>>
2026-06-15 00:43:56,148 : INFO : ball_device.bd_plunger : State: failed_confirm
2026-06-15 00:43:56,148 : INFO : ball_device.bd_plunger : Got timeout (5.0s) before confirm from <playfield.playfield>
2026-06-15 00:43:56,259 : INFO : ball_device.bd_plunger : Confirming eject because target is playfield and ball did not return.
2026-06-15 00:43:56,260 : INFO : ball_device.bd_plunger : Eject successful
2026-06-15 00:43:56,260 : INFO : EventManager : Event: ======'balldevice_bd_plunger_ball_eject_success'====== Args={'balls': 1, 'target': <playfield.playfield>}
2026-06-15 00:43:56,260 : INFO : EventManager : Event: ======'balldevice_playfield_ball_enter'====== Args={'new_balls': 1, 'unclaimed_balls': 1, 'device': <playfield.playfield>}
2026-06-15 00:43:56,260 : INFO : EventManager : Event: ======'playfield_ball_count_change'====== Args={'balls': 1, 'change': 1}
2026-06-15 00:43:56,261 : INFO : EventManager : Event: ======'balldevice_bd_plunger_ball_count_changed'====== Args={'balls': 0}
2026-06-15 00:43:56,261 : INFO : ball_device.bd_plunger : State: idle
2026-06-15 00:43:56,545 : INFO : SwitchController : <<<<<<< 's_right_flipper' active >>>>>>>
2026-06-15 00:43:56,546 : INFO : EventManager : Event: ======'machine_var_audits_switches_s_right_flipper'====== Args={'value': 8, 'prev_value': 7, 'change': 1}
2026-06-15 00:43:56,561 : INFO : SwitchController : <<<<<<< 's_flipper_right_eos' active >>>>>>>
2026-06-15 00:43:56,561 : INFO : EventManager : Event: ======'machine_var_audits_switches_s_flipper_right_eos'====== Args={'value': 3, 'prev_value': 2, 'change': 1}
2026-06-15 00:43:56,672 : INFO : SwitchController : <<<<<<< 's_right_flipper' inactive >>>>>>>
2026-06-15 00:43:56,768 : INFO : SwitchController : <<<<<<< 's_flipper_right_eos' inactive >>>>>>>
2026-06-15 00:43:57,878 : INFO : SwitchController : <<<<<<< 's_left_flipper' active >>>>>>>
2026-06-15 00:43:57,879 : INFO : EventManager : Event: ======'machine_var_audits_switches_s_left_flipper'====== Args={'value': 4, 'prev_value': 3, 'change': 1}
2026-06-15 00:43:57,894 : INFO : SwitchController : <<<<<<< 's_flipper_left_eos' active >>>>>>>
2026-06-15 00:43:57,895 : INFO : EventManager : Event: ======'machine_var_audits_switches_s_flipper_left_eos'====== Args={'value': 3, 'prev_value': 2, 'change': 1}
2026-06-15 00:43:58,006 : INFO : SwitchController : <<<<<<< 's_left_flipper' inactive >>>>>>>
2026-06-15 00:43:58,084 : INFO : SwitchController : <<<<<<< 's_flipper_left_eos' inactive >>>>>>>
2026-06-15 00:43:58,500 : INFO : SwitchController : <<<<<<< 's_left_flipper' active >>>>>>>
2026-06-15 00:43:58,501 : INFO : EventManager : Event: ======'machine_var_audits_switches_s_left_flipper'====== Args={'value': 5, 'prev_value': 4, 'change': 1}
2026-06-15 00:43:58,516 : INFO : SwitchController : <<<<<<< 's_flipper_left_eos' active >>>>>>>
2026-06-15 00:43:58,517 : INFO : EventManager : Event: ======'machine_var_audits_switches_s_flipper_left_eos'====== Args={'value': 4, 'prev_value': 3, 'change': 1}
2026-06-15 00:43:58,676 : INFO : SwitchController : <<<<<<< 's_left_flipper' inactive >>>>>>>
2026-06-15 00:43:58,756 : INFO : SwitchController : <<<<<<< 's_flipper_left_eos' inactive >>>>>>>
2026-06-15 00:44:02,130 : INFO : SwitchController : <<<<<<< 's_trough_ball_6' active >>>>>>>
2026-06-15 00:44:02,131 : INFO : EventManager : Event: ======'machine_var_audits_switches_s_trough_ball_6'====== Args={'value': 10, 'prev_value': 9, 'change': 1}
2026-06-15 00:44:02,210 : INFO : SwitchController : <<<<<<< 's_trough_ball_6' inactive >>>>>>>
2026-06-15 00:44:02,226 : INFO : SwitchController : <<<<<<< 's_trough_ball_5' active >>>>>>>
2026-06-15 00:44:02,228 : INFO : EventManager : Event: ======'machine_var_audits_switches_s_trough_ball_5'====== Args={'value': 10, 'prev_value': 9, 'change': 1}
2026-06-15 00:44:02,307 : INFO : SwitchController : <<<<<<< 's_trough_ball_5' inactive >>>>>>>
2026-06-15 00:44:02,308 : INFO : SwitchController : <<<<<<< 's_trough_ball_4' active >>>>>>>
2026-06-15 00:44:02,308 : INFO : EventManager : Event: ======'machine_var_audits_switches_s_trough_ball_4'====== Args={'value': 10, 'prev_value': 9, 'change': 1}
2026-06-15 00:44:02,369 : INFO : SwitchController : <<<<<<< 's_trough_ball_4' inactive >>>>>>>
2026-06-15 00:44:02,385 : INFO : SwitchController : <<<<<<< 's_trough_ball_3' active >>>>>>>
2026-06-15 00:44:02,386 : INFO : EventManager : Event: ======'machine_var_audits_switches_s_trough_ball_3'====== Args={'value': 10, 'prev_value': 9, 'change': 1}
2026-06-15 00:44:02,432 : INFO : SwitchController : <<<<<<< 's_trough_ball_3' inactive >>>>>>>
2026-06-15 00:44:02,433 : INFO : SwitchController : <<<<<<< 's_trough_ball_2' active >>>>>>>
2026-06-15 00:44:02,433 : INFO : EventManager : Event: ======'machine_var_audits_switches_s_trough_ball_2'====== Args={'value': 22, 'prev_value': 21, 'change': 1}
2026-06-15 00:44:02,497 : INFO : SwitchController : <<<<<<< 's_trough_ball_2' inactive >>>>>>>
2026-06-15 00:44:02,498 : INFO : SwitchController : <<<<<<< 's_trough_ball_1' active >>>>>>>
2026-06-15 00:44:02,498 : INFO : EventManager : Event: ======'machine_var_audits_switches_s_trough_ball_1'====== Args={'value': 95, 'prev_value': 94, 'change': 1}
2026-06-15 00:44:03,010 : INFO : EventManager : Event: ======'balldevice_bd_trough_ball_count_changed'====== Args={'balls': 1}
2026-06-15 00:44:03,010 : INFO : ball_device.bd_trough : Received unexpected ball
2026-06-15 00:44:03,011 : INFO : EventManager : Event: ======'balldevice_captured_from_playfield'====== Args={'balls': 1}
2026-06-15 00:44:03,012 : INFO : EventManager : Event: ======'sw_playfield_active'====== Args={'balls': 1}
2026-06-15 00:44:03,012 : INFO : EventManager : Event: ======'playfield_ball_count_change'====== Args={'balls': 0, 'change': -1}
2026-06-15 00:44:03,013 : INFO : EventManager : Event: ======'balldevice_bd_trough_ball_enter'====== Args={'new_balls': 1, 'unclaimed_balls': 1, 'new_available_balls': 1, 'device': <ball_device.bd_trough>}
2026-06-15 00:44:03,014 : INFO : EventManager : Event: ======'ball_drain'====== Args={'device': <ball_device.bd_trough>, 'balls': 1}
2026-06-15 00:44:03,015 : INFO : EventManager : Event: ======'ball_will_end'====== Args={}
2026-06-15 00:44:03,015 : INFO : EventManager : Event: ======'balldevice_balls_available'====== Args={}
2026-06-15 00:44:03,016 : INFO : EventManager : Event: ======'balldevice_bd_trough_ball_entered'====== Args={'new_balls': 1, 'device': <ball_device.bd_trough>}
2026-06-15 00:44:03,018 : INFO : EventManager : Event: ======'ball_ending'====== Args={}
2026-06-15 00:44:03,020 : INFO : EventManager : Event: ======'ball_ended'====== Args={}
2026-06-15 00:44:03,022 : INFO : EventManager : Event: ======'player_turn_will_end'====== Args={'player': <Player 1>, 'number': 1}
2026-06-15 00:44:03,023 : INFO : EventManager : Event: ======'player_turn_ending'====== Args={'player': <Player 1>, 'number': 1}
2026-06-15 00:44:03,024 : INFO : EventManager : Event: ======'player_turn_ended'====== Args={'player': <Player 1>, 'number': 1}
2026-06-15 00:44:03,025 : INFO : EventManager : Event: ======'player_turn_will_start'====== Args={'player': <Player 1>, 'number': 1}
2026-06-15 00:44:03,025 : INFO : EventManager : Event: ======'player_turn_starting'====== Args={'player': <Player 1>, 'number': 1}
2026-06-15 00:44:03,026 : INFO : EventManager : Event: ======'player_ball'====== Args={'value': 2, 'prev_value': 1, 'change': 1, 'player_num': 1}
2026-06-15 00:44:03,026 : INFO : EventManager : Event: ======'player_turn_started'====== Args={'player': <Player 1>, 'number': 1}
2026-06-15 00:44:03,026 : INFO : EventManager : Event: ======'ball_will_start'====== Args={'player': 1, 'ball': 2, 'balls_remaining': 1, 'is_extra_ball': False}
2026-06-15 00:44:03,026 : INFO : EventManager : Event: ======'ball_starting'====== Args={'player': 1, 'ball': 2, 'balls_remaining': 1, 'is_extra_ball': False}
2026-06-15 00:44:03,027 : INFO : EventManager : Event: ======'balls_in_play'====== Args={'balls': 1}
2026-06-15 00:44:03,027 : INFO : EventManager : Event: ======'ball_started'====== Args={'player': 1, 'ball': 2, 'balls_remaining': 1, 'is_extra_ball': False}
2026-06-15 00:44:03,028 : INFO : EventManager : Event: ======'single_player_ball_started'====== Args={}
2026-06-15 00:44:03,028 : INFO : EventManager : Event: ======'ball_start_target'====== Args={'target': 'playfield'}
2026-06-15 00:44:03,029 : INFO : ball_device.bd_trough : Setting up player-controlled eject. Balls: 1, Target: <playfield.playfield>, player_controlled_eject_event: None
2026-06-15 00:44:03,029 : INFO : ball_device.bd_trough : Adding 1 ball(s) to the eject_queue with target <playfield.playfield>.
2026-06-15 00:44:03,029 : INFO : EventManager : Event: ======'balldevice_balls_available'====== Args={}
2026-06-15 00:44:03,030 : INFO : ball_device.bd_trough : State: waiting_for_target_ready
2026-06-15 00:44:03,030 : INFO : EventManager : Event: ======'balldevice_bd_trough_ball_eject_attempt'====== Args={'balls': 1, 'target': <ball_device.bd_plunger>, 'source': <ball_device.bd_trough>, 'mechanical_eject': False, 'num_attempts': 0}
2026-06-15 00:44:03,030 : INFO : ball_device.bd_plunger : State: waiting_for_ball
2026-06-15 00:44:03,030 : INFO : ball_device.bd_trough : State: ejecting
2026-06-15 00:44:03,030 : INFO : ball_device.bd_trough : Ejecting ball to <ball_device.bd_plunger>
2026-06-15 00:44:03,031 : INFO : EventManager : Event: ======'balldevice_bd_trough_ejecting_ball'====== Args={'balls': 1, 'target': <ball_device.bd_plunger>, 'source': <ball_device.bd_trough>, 'mechanical_eject': False, 'num_attempts': 0}
2026-06-15 00:44:03,031 : INFO : ball_device.bd_trough : Wait for ball to leave device
2026-06-15 00:44:03,031 : INFO : coil.c_trough_eject_coil : Pulsing Driver for 15ms (1.0 pulse_power)
2026-06-15 00:44:03,073 : INFO : SwitchController : <<<<<<< 's_trough_ball_1' inactive >>>>>>>
2026-06-15 00:44:03,075 : INFO : ball_device.bd_trough : State: ball_left
2026-06-15 00:44:03,076 : INFO : ball_device.bd_trough : Ball left
2026-06-15 00:44:03,076 : INFO : ball_device.bd_trough : Wait for confirm with timeout 2.0
2026-06-15 00:44:03,330 : INFO : SwitchController : <<<<<<< 's_trough_ball_jam' inactive >>>>>>>
2026-06-15 00:44:03,331 : INFO : SwitchController : <<<<<<< 's_plunger' active >>>>>>>
2026-06-15 00:44:03,331 : INFO : EventManager : Event: ======'machine_var_audits_switches_s_plunger'====== Args={'value': 12, 'prev_value': 11, 'change': 1}
2026-06-15 00:44:03,841 : INFO : ball_device.bd_plunger : Received ball from <ball_device.bd_trough>
2026-06-15 00:44:03,842 : INFO : EventManager : Event: ======'balldevice_bd_plunger_ball_enter'====== Args={'new_balls': 1, 'unclaimed_balls': 0, 'new_available_balls': 0, 'device': <ball_device.bd_plunger>}
2026-06-15 00:44:03,844 : INFO : EventManager : Event: ======'balldevice_bd_plunger_ball_entered'====== Args={'new_balls': 0, 'device': <ball_device.bd_plunger>}
2026-06-15 00:44:03,845 : INFO : EventManager : Event: ======'balldevice_bd_plunger_ball_count_changed'====== Args={'balls': 1}
2026-06-15 00:44:03,845 : INFO : ball_device.bd_trough : Got eject confirm
2026-06-15 00:44:03,845 : INFO : ball_device.bd_trough : Eject successful
2026-06-15 00:44:03,845 : INFO : EventManager : Event: ======'balldevice_bd_trough_ball_eject_success'====== Args={'balls': 1, 'target': <ball_device.bd_plunger>}
2026-06-15 00:44:03,846 : INFO : ball_device.bd_plunger : State: waiting_for_target_ready
2026-06-15 00:44:03,846 : INFO : EventManager : Event: ======'balldevice_bd_plunger_ball_eject_attempt'====== Args={'balls': 1, 'target': <playfield.playfield>, 'source': <ball_device.bd_plunger>, 'mechanical_eject': False, 'num_attempts': 0}
2026-06-15 00:44:03,846 : INFO : EventManager : Event: ======'balldevice_bd_trough_ball_count_changed'====== Args={'balls': 0}
2026-06-15 00:44:03,846 : INFO : ball_device.bd_trough : State: idle
2026-06-15 00:44:03,846 : INFO : ball_device.bd_plunger : State: ejecting
2026-06-15 00:44:03,846 : INFO : ball_device.bd_plunger : Ejecting ball to <playfield.playfield>
2026-06-15 00:44:03,846 : INFO : EventManager : Event: ======'balldevice_bd_plunger_ejecting_ball'====== Args={'balls': 1, 'target': <playfield.playfield>, 'source': <ball_device.bd_plunger>, 'mechanical_eject': False, 'num_attempts': 0}
2026-06-15 00:44:03,847 : INFO : ball_device.bd_plunger : Wait for ball to leave device
2026-06-15 00:44:05,361 : INFO : SwitchController : <<<<<<< 's_trough_ball_jam' active >>>>>>>
2026-06-15 00:44:05,362 : INFO : EventManager : Event: ======'machine_var_audits_switches_s_trough_ball_jam'====== Args={'value': 49, 'prev_value': 48, 'change': 1}
2026-06-15 00:44:05,362 : INFO : SwitchController : <<<<<<< 's_plunger' inactive >>>>>>>
2026-06-15 00:44:05,365 : INFO : ball_device.bd_plunger : State: ball_left
2026-06-15 00:44:05,366 : INFO : ball_device.bd_plunger : Ball left
2026-06-15 00:44:05,366 : INFO : ball_device.bd_plunger : Wait for confirm with timeout 5.0
2026-06-15 00:44:06,271 : INFO : SwitchController : <<<<<<< 's_right_outlane' active >>>>>>>
2026-06-15 00:44:06,272 : INFO : EventManager : Event: ======'machine_var_audits_switches_s_right_outlane'====== Args={'value': 19, 'prev_value': 18, 'change': 1}
2026-06-15 00:44:06,366 : INFO : SwitchController : <<<<<<< 's_right_outlane' inactive >>>>>>>
2026-06-15 00:44:06,413 : INFO : SwitchController : <<<<<<< 's_right_outlane' active >>>>>>>
2026-06-15 00:44:06,414 : INFO : EventManager : Event: ======'machine_var_audits_switches_s_right_outlane'====== Args={'value': 20, 'prev_value': 19, 'change': 1}
2026-06-15 00:44:06,509 : INFO : SwitchController : <<<<<<< 's_right_outlane' inactive >>>>>>>
2026-06-15 00:44:07,887 : INFO : SwitchController : <<<<<<< 's_trough_ball_6' active >>>>>>>
2026-06-15 00:44:07,887 : INFO : EventManager : Event: ======'machine_var_audits_switches_s_trough_ball_6'====== Args={'value': 11, 'prev_value': 10, 'change': 1}
2026-06-15 00:44:07,982 : INFO : SwitchController : <<<<<<< 's_trough_ball_6' inactive >>>>>>>
2026-06-15 00:44:07,983 : INFO : SwitchController : <<<<<<< 's_trough_ball_5' active >>>>>>>
2026-06-15 00:44:07,983 : INFO : EventManager : Event: ======'machine_var_audits_switches_s_trough_ball_5'====== Args={'value': 11, 'prev_value': 10, 'change': 1}
2026-06-15 00:44:08,062 : INFO : SwitchController : <<<<<<< 's_trough_ball_5' inactive >>>>>>>
2026-06-15 00:44:08,078 : INFO : SwitchController : <<<<<<< 's_trough_ball_4' active >>>>>>>
2026-06-15 00:44:08,079 : INFO : EventManager : Event: ======'machine_var_audits_switches_s_trough_ball_4'====== Args={'value': 11, 'prev_value': 10, 'change': 1}
2026-06-15 00:44:08,141 : INFO : SwitchController : <<<<<<< 's_trough_ball_4' inactive >>>>>>>
2026-06-15 00:44:08,142 : INFO : SwitchController : <<<<<<< 's_trough_ball_3' active >>>>>>>
2026-06-15 00:44:08,142 : INFO : EventManager : Event: ======'machine_var_audits_switches_s_trough_ball_3'====== Args={'value': 11, 'prev_value': 10, 'change': 1}
2026-06-15 00:44:08,205 : INFO : SwitchController : <<<<<<< 's_trough_ball_3' inactive >>>>>>>
2026-06-15 00:44:08,206 : INFO : SwitchController : <<<<<<< 's_trough_ball_2' active >>>>>>>
2026-06-15 00:44:08,206 : INFO : EventManager : Event: ======'machine_var_audits_switches_s_trough_ball_2'====== Args={'value': 23, 'prev_value': 22, 'change': 1}
2026-06-15 00:44:08,253 : INFO : SwitchController : <<<<<<< 's_trough_ball_2' inactive >>>>>>>
2026-06-15 00:44:08,269 : INFO : SwitchController : <<<<<<< 's_trough_ball_1' active >>>>>>>
2026-06-15 00:44:08,270 : INFO : EventManager : Event: ======'machine_var_audits_switches_s_trough_ball_1'====== Args={'value': 96, 'prev_value': 95, 'change': 1}
2026-06-15 00:44:08,780 : INFO : EventManager : Event: ======'balldevice_bd_trough_ball_count_changed'====== Args={'balls': 1}
2026-06-15 00:44:08,781 : INFO : ball_device.bd_trough : Received unexpected ball
2026-06-15 00:44:08,781 : INFO : EventManager : Event: ======'balldevice_captured_from_playfield'====== Args={'balls': 1}
2026-06-15 00:44:08,783 : INFO : EventManager : Event: ======'sw_playfield_active'====== Args={'balls': 1}
2026-06-15 00:44:08,784 : INFO : EventManager : Event: ======'playfield_active'====== Args={'source': None}
2026-06-15 00:44:08,784 : INFO : EventManager : Event: ======'playfield_ball_count_change'====== Args={'balls': -1, 'change': -1}
2026-06-15 00:44:08,788 : INFO : EventManager : Event: ======'balldevice_bd_trough_ball_enter'====== Args={'new_balls': 1, 'unclaimed_balls': 1, 'new_available_balls': 1, 'device': <ball_device.bd_trough>}
2026-06-15 00:44:08,789 : INFO : EventManager : Event: ======'ball_drain'====== Args={'device': <ball_device.bd_trough>, 'balls': 1}
2026-06-15 00:44:08,789 : INFO : ball_device.bd_plunger : Got eject confirm
2026-06-15 00:44:08,789 : INFO : ball_device.bd_plunger : Eject successful
2026-06-15 00:44:08,790 : INFO : EventManager : Event: ======'balldevice_bd_plunger_ball_eject_success'====== Args={'balls': 1, 'target': <playfield.playfield>}
2026-06-15 00:44:08,790 : INFO : EventManager : Event: ======'balldevice_playfield_ball_enter'====== Args={'new_balls': 1, 'unclaimed_balls': 1, 'device': <playfield.playfield>}
2026-06-15 00:44:08,790 : INFO : EventManager : Event: ======'playfield_ball_count_change'====== Args={'balls': 0, 'change': 1}
2026-06-15 00:44:08,791 : INFO : EventManager : Event: ======'ball_will_end'====== Args={}
2026-06-15 00:44:08,791 : INFO : EventManager : Event: ======'balldevice_balls_available'====== Args={}
2026-06-15 00:44:08,791 : INFO : EventManager : Event: ======'balldevice_bd_trough_ball_entered'====== Args={'new_balls': 1, 'device': <ball_device.bd_trough>}
2026-06-15 00:44:08,792 : INFO : EventManager : Event: ======'balldevice_bd_plunger_ball_count_changed'====== Args={'balls': 0}
2026-06-15 00:44:08,792 : INFO : ball_device.bd_plunger : State: idle
2026-06-15 00:44:08,792 : INFO : EventManager : Event: ======'ball_ending'====== Args={}
2026-06-15 00:44:08,793 : INFO : EventManager : Event: ======'ball_ended'====== Args={}
2026-06-15 00:44:08,794 : INFO : EventManager : Event: ======'player_turn_will_end'====== Args={'player': <Player 1>, 'number': 1}
2026-06-15 00:44:08,794 : INFO : EventManager : Event: ======'player_turn_ending'====== Args={'player': <Player 1>, 'number': 1}
2026-06-15 00:44:08,794 : INFO : EventManager : Event: ======'player_turn_ended'====== Args={'player': <Player 1>, 'number': 1}
2026-06-15 00:44:08,794 : INFO : EventManager : Event: ======'player_turn_will_start'====== Args={'player': <Player 1>, 'number': 1}
2026-06-15 00:44:08,794 : INFO : EventManager : Event: ======'player_turn_starting'====== Args={'player': <Player 1>, 'number': 1}
2026-06-15 00:44:08,795 : INFO : EventManager : Event: ======'player_ball'====== Args={'value': 3, 'prev_value': 2, 'change': 1, 'player_num': 1}
2026-06-15 00:44:08,795 : INFO : EventManager : Event: ======'player_turn_started'====== Args={'player': <Player 1>, 'number': 1}
2026-06-15 00:44:08,795 : INFO : EventManager : Event: ======'ball_will_start'====== Args={'player': 1, 'ball': 3, 'balls_remaining': 0, 'is_extra_ball': False}
2026-06-15 00:44:08,795 : INFO : EventManager : Event: ======'ball_starting'====== Args={'player': 1, 'ball': 3, 'balls_remaining': 0, 'is_extra_ball': False}
2026-06-15 00:44:08,795 : INFO : EventManager : Event: ======'balls_in_play'====== Args={'balls': 1}
2026-06-15 00:44:08,795 : INFO : EventManager : Event: ======'ball_started'====== Args={'player': 1, 'ball': 3, 'balls_remaining': 0, 'is_extra_ball': False}
2026-06-15 00:44:08,796 : INFO : EventManager : Event: ======'single_player_ball_started'====== Args={}
2026-06-15 00:44:08,796 : INFO : EventManager : Event: ======'ball_start_target'====== Args={'target': 'playfield'}
2026-06-15 00:44:08,796 : INFO : ball_device.bd_trough : Setting up player-controlled eject. Balls: 1, Target: <playfield.playfield>, player_controlled_eject_event: None
2026-06-15 00:44:08,796 : INFO : ball_device.bd_trough : Adding 1 ball(s) to the eject_queue with target <playfield.playfield>.
2026-06-15 00:44:08,796 : INFO : EventManager : Event: ======'balldevice_balls_available'====== Args={}
2026-06-15 00:44:08,797 : INFO : ball_device.bd_trough : State: waiting_for_target_ready
2026-06-15 00:44:08,797 : INFO : EventManager : Event: ======'balldevice_bd_trough_ball_eject_attempt'====== Args={'balls': 1, 'target': <ball_device.bd_plunger>, 'source': <ball_device.bd_trough>, 'mechanical_eject': False, 'num_attempts': 0}
2026-06-15 00:44:08,797 : INFO : ball_device.bd_plunger : State: waiting_for_ball
2026-06-15 00:44:08,797 : INFO : ball_device.bd_trough : State: ejecting
2026-06-15 00:44:08,797 : INFO : ball_device.bd_trough : Ejecting ball to <ball_device.bd_plunger>
2026-06-15 00:44:08,797 : INFO : EventManager : Event: ======'balldevice_bd_trough_ejecting_ball'====== Args={'balls': 1, 'target': <ball_device.bd_plunger>, 'source': <ball_device.bd_trough>, 'mechanical_eject': False, 'num_attempts': 0}
2026-06-15 00:44:08,797 : INFO : ball_device.bd_trough : Wait for ball to leave device
2026-06-15 00:44:08,797 : INFO : coil.c_trough_eject_coil : Pulsing Driver for 15ms (1.0 pulse_power)
2026-06-15 00:44:08,827 : INFO : SwitchController : <<<<<<< 's_trough_ball_1' inactive >>>>>>>
2026-06-15 00:44:08,828 : INFO : ball_device.bd_trough : State: ball_left
2026-06-15 00:44:08,828 : INFO : ball_device.bd_trough : Ball left
2026-06-15 00:44:08,828 : INFO : ball_device.bd_trough : Wait for confirm with timeout 2.0
2026-06-15 00:44:09,114 : INFO : SwitchController : <<<<<<< 's_trough_ball_jam' inactive >>>>>>>
2026-06-15 00:44:09,115 : INFO : SwitchController : <<<<<<< 's_plunger' active >>>>>>>
2026-06-15 00:44:09,115 : INFO : EventManager : Event: ======'machine_var_audits_switches_s_plunger'====== Args={'value': 13, 'prev_value': 12, 'change': 1}
2026-06-15 00:44:09,627 : INFO : ball_device.bd_plunger : Received ball from <ball_device.bd_trough>
2026-06-15 00:44:09,627 : INFO : EventManager : Event: ======'balldevice_bd_plunger_ball_enter'====== Args={'new_balls': 1, 'unclaimed_balls': 0, 'new_available_balls': 0, 'device': <ball_device.bd_plunger>}
2026-06-15 00:44:09,628 : INFO : EventManager : Event: ======'balldevice_bd_plunger_ball_entered'====== Args={'new_balls': 0, 'device': <ball_device.bd_plunger>}
2026-06-15 00:44:09,628 : INFO : EventManager : Event: ======'balldevice_bd_plunger_ball_count_changed'====== Args={'balls': 1}
2026-06-15 00:44:09,628 : INFO : ball_device.bd_trough : Got eject confirm
2026-06-15 00:44:09,628 : INFO : ball_device.bd_trough : Eject successful
2026-06-15 00:44:09,628 : INFO : EventManager : Event: ======'balldevice_bd_trough_ball_eject_success'====== Args={'balls': 1, 'target': <ball_device.bd_plunger>}
2026-06-15 00:44:09,628 : INFO : ball_device.bd_plunger : State: waiting_for_target_ready
2026-06-15 00:44:09,628 : INFO : EventManager : Event: ======'balldevice_bd_plunger_ball_eject_attempt'====== Args={'balls': 1, 'target': <playfield.playfield>, 'source': <ball_device.bd_plunger>, 'mechanical_eject': False, 'num_attempts': 0}
2026-06-15 00:44:09,628 : INFO : EventManager : Event: ======'balldevice_bd_trough_ball_count_changed'====== Args={'balls': 0}
2026-06-15 00:44:09,629 : INFO : ball_device.bd_trough : State: idle
2026-06-15 00:44:09,629 : INFO : ball_device.bd_plunger : State: ejecting
2026-06-15 00:44:09,629 : INFO : ball_device.bd_plunger : Ejecting ball to <playfield.playfield>
2026-06-15 00:44:09,629 : INFO : EventManager : Event: ======'balldevice_bd_plunger_ejecting_ball'====== Args={'balls': 1, 'target': <playfield.playfield>, 'source': <ball_device.bd_plunger>, 'mechanical_eject': False, 'num_attempts': 0}
2026-06-15 00:44:09,629 : INFO : ball_device.bd_plunger : Wait for ball to leave device
2026-06-15 00:44:10,637 : INFO : SwitchController : <<<<<<< 's_trough_ball_jam' active >>>>>>>
2026-06-15 00:44:10,638 : INFO : EventManager : Event: ======'machine_var_audits_switches_s_trough_ball_jam'====== Args={'value': 50, 'prev_value': 49, 'change': 1}
2026-06-15 00:44:10,638 : INFO : SwitchController : <<<<<<< 's_plunger' inactive >>>>>>>
2026-06-15 00:44:10,647 : INFO : ball_device.bd_plunger : State: ball_left
2026-06-15 00:44:10,647 : INFO : ball_device.bd_plunger : Ball left
2026-06-15 00:44:10,648 : INFO : ball_device.bd_plunger : Wait for confirm with timeout 5.0
2026-06-15 00:44:11,629 : INFO : SwitchController : <<<<<<< 's_right_outlane' active >>>>>>>
2026-06-15 00:44:11,629 : INFO : EventManager : Event: ======'machine_var_audits_switches_s_right_outlane'====== Args={'value': 21, 'prev_value': 20, 'change': 1}
2026-06-15 00:44:11,772 : INFO : SwitchController : <<<<<<< 's_right_outlane' inactive >>>>>>>
2026-06-15 00:44:11,964 : INFO : SwitchController : <<<<<<< 's_right_outlane' active >>>>>>>
2026-06-15 00:44:11,964 : INFO : EventManager : Event: ======'machine_var_audits_switches_s_right_outlane'====== Args={'value': 22, 'prev_value': 21, 'change': 1}
2026-06-15 00:44:12,092 : INFO : SwitchController : <<<<<<< 's_right_outlane' inactive >>>>>>>
2026-06-15 00:44:12,172 : INFO : SwitchController : <<<<<<< 's_right_outlane' active >>>>>>>
2026-06-15 00:44:12,173 : INFO : EventManager : Event: ======'machine_var_audits_switches_s_right_outlane'====== Args={'value': 23, 'prev_value': 22, 'change': 1}
2026-06-15 00:44:12,286 : INFO : SwitchController : <<<<<<< 's_right_outlane' inactive >>>>>>>
2026-06-15 00:44:12,397 : INFO : SwitchController : <<<<<<< 's_right_outlane' active >>>>>>>
2026-06-15 00:44:12,398 : INFO : EventManager : Event: ======'machine_var_audits_switches_s_right_outlane'====== Args={'value': 24, 'prev_value': 23, 'change': 1}
2026-06-15 00:44:12,493 : INFO : SwitchController : <<<<<<< 's_right_outlane' inactive >>>>>>>
2026-06-15 00:44:15,651 : INFO : ball_device.bd_plunger : State: failed_confirm
2026-06-15 00:44:15,651 : INFO : ball_device.bd_plunger : Got timeout (5.0s) before confirm from <playfield.playfield>
2026-06-15 00:44:15,763 : INFO : ball_device.bd_plunger : Confirming eject because target is playfield and ball did not return.
2026-06-15 00:44:15,763 : INFO : ball_device.bd_plunger : Eject successful
2026-06-15 00:44:15,764 : INFO : EventManager : Event: ======'balldevice_bd_plunger_ball_eject_success'====== Args={'balls': 1, 'target': <playfield.playfield>}
2026-06-15 00:44:15,765 : INFO : EventManager : Event: ======'balldevice_playfield_ball_enter'====== Args={'new_balls': 1, 'unclaimed_balls': 1, 'device': <playfield.playfield>}
2026-06-15 00:44:15,766 : INFO : EventManager : Event: ======'playfield_ball_count_change'====== Args={'balls': 1, 'change': 1}
2026-06-15 00:44:15,768 : INFO : EventManager : Event: ======'balldevice_bd_plunger_ball_count_changed'====== Args={'balls': 0}
2026-06-15 00:44:15,769 : INFO : ball_device.bd_plunger : State: idle
2026-06-15 00:44:20,099 : INFO : SwitchController : <<<<<<< 's_slingshot_right' active >>>>>>>
2026-06-15 00:44:20,099 : INFO : EventManager : Event: ======'machine_var_audits_switches_s_slingshot_right'====== Args={'value': 11, 'prev_value': 10, 'change': 1}
2026-06-15 00:44:20,100 : INFO : SwitchController : <<<<<<< 's_slingshot_right' inactive >>>>>>>
2026-06-15 00:44:21,762 : INFO : SwitchController : <<<<<<< 's_slingshot_right' active >>>>>>>
2026-06-15 00:44:21,762 : INFO : EventManager : Event: ======'machine_var_audits_switches_s_slingshot_right'====== Args={'value': 12, 'prev_value': 11, 'change': 1}
2026-06-15 00:44:21,778 : INFO : SwitchController : <<<<<<< 's_slingshot_right' inactive >>>>>>>
2026-06-15 00:44:26,758 : INFO : SwitchController : <<<<<<< 's_slingshot_left' active >>>>>>>
2026-06-15 00:44:26,759 : INFO : EventManager : Event: ======'machine_var_audits_switches_s_slingshot_left'====== Args={'value': 14, 'prev_value': 13, 'change': 1}
2026-06-15 00:44:26,775 : INFO : SwitchController : <<<<<<< 's_slingshot_left' inactive >>>>>>>
2026-06-15 00:44:27,991 : INFO : SwitchController : <<<<<<< 's_slingshot_left' active >>>>>>>
2026-06-15 00:44:27,992 : INFO : EventManager : Event: ======'machine_var_audits_switches_s_slingshot_left'====== Args={'value': 15, 'prev_value': 14, 'change': 1}
2026-06-15 00:44:28,007 : INFO : SwitchController : <<<<<<< 's_slingshot_left' inactive >>>>>>>
2026-06-15 00:44:29,481 : INFO : SwitchController : <<<<<<< 's_slingshot_right' active >>>>>>>
2026-06-15 00:44:29,482 : INFO : EventManager : Event: ======'machine_var_audits_switches_s_slingshot_right'====== Args={'value': 13, 'prev_value': 12, 'change': 1}
2026-06-15 00:44:29,482 : INFO : SwitchController : <<<<<<< 's_slingshot_right' inactive >>>>>>>
2026-06-15 00:44:30,586 : INFO : SwitchController : <<<<<<< 's_slingshot_right' active >>>>>>>
2026-06-15 00:44:30,587 : INFO : EventManager : Event: ======'machine_var_audits_switches_s_slingshot_right'====== Args={'value': 14, 'prev_value': 13, 'change': 1}
2026-06-15 00:44:30,603 : INFO : SwitchController : <<<<<<< 's_slingshot_right' inactive >>>>>>>
2026-06-15 00:44:31,760 : INFO : SwitchController : <<<<<<< 's_slingshot_left' active >>>>>>>
2026-06-15 00:44:31,761 : INFO : EventManager : Event: ======'machine_var_audits_switches_s_slingshot_left'====== Args={'value': 16, 'prev_value': 15, 'change': 1}
2026-06-15 00:44:31,776 : INFO : SwitchController : <<<<<<< 's_slingshot_left' inactive >>>>>>>
2026-06-15 00:44:33,412 : INFO : SwitchController : <<<<<<< 's_slingshot_left' active >>>>>>>
2026-06-15 00:44:33,413 : INFO : EventManager : Event: ======'machine_var_audits_switches_s_slingshot_left'====== Args={'value': 17, 'prev_value': 16, 'change': 1}
2026-06-15 00:44:33,434 : INFO : SwitchController : <<<<<<< 's_slingshot_left' inactive >>>>>>>
2026-06-15 00:44:35,574 : INFO : SwitchController : <<<<<<< 's_slingshot_right' active >>>>>>>
2026-06-15 00:44:35,575 : INFO : EventManager : Event: ======'machine_var_audits_switches_s_slingshot_right'====== Args={'value': 15, 'prev_value': 14, 'change': 1}
2026-06-15 00:44:35,590 : INFO : SwitchController : <<<<<<< 's_slingshot_right' inactive >>>>>>>
2026-06-15 00:44:37,512 : INFO : SwitchController : <<<<<<< 's_slingshot_right' active >>>>>>>
2026-06-15 00:44:37,512 : INFO : EventManager : Event: ======'machine_var_audits_switches_s_slingshot_right'====== Args={'value': 16, 'prev_value': 15, 'change': 1}
2026-06-15 00:44:37,606 : INFO : SwitchController : <<<<<<< 's_slingshot_right' inactive >>>>>>>
2026-06-15 00:44:37,974 : INFO : SwitchController : <<<<<<< 's_slingshot_right' active >>>>>>>
2026-06-15 00:44:37,975 : INFO : EventManager : Event: ======'machine_var_audits_switches_s_slingshot_right'====== Args={'value': 17, 'prev_value': 16, 'change': 1}
2026-06-15 00:44:38,071 : INFO : SwitchController : <<<<<<< 's_slingshot_right' inactive >>>>>>>
2026-06-15 00:44:38,230 : INFO : SwitchController : <<<<<<< 's_slingshot_right' active >>>>>>>
2026-06-15 00:44:38,231 : INFO : EventManager : Event: ======'machine_var_audits_switches_s_slingshot_right'====== Args={'value': 18, 'prev_value': 17, 'change': 1}
2026-06-15 00:44:38,310 : INFO : SwitchController : <<<<<<< 's_slingshot_right' inactive >>>>>>>
2026-06-15 00:44:39,367 : INFO : SwitchController : <<<<<<< 's_slingshot_right' active >>>>>>>
2026-06-15 00:44:39,367 : INFO : EventManager : Event: ======'machine_var_audits_switches_s_slingshot_right'====== Args={'value': 19, 'prev_value': 18, 'change': 1}
2026-06-15 00:44:39,398 : INFO : SwitchController : <<<<<<< 's_slingshot_right' inactive >>>>>>>
2026-06-15 00:44:39,913 : INFO : SwitchController : <<<<<<< 's_slingshot_right' active >>>>>>>
2026-06-15 00:44:39,913 : INFO : EventManager : Event: ======'machine_var_audits_switches_s_slingshot_right'====== Args={'value': 20, 'prev_value': 19, 'change': 1}
2026-06-15 00:44:40,008 : INFO : SwitchController : <<<<<<< 's_slingshot_right' inactive >>>>>>>
2026-06-15 00:44:40,153 : INFO : SwitchController : <<<<<<< 's_slingshot_right' active >>>>>>>
2026-06-15 00:44:40,154 : INFO : EventManager : Event: ======'machine_var_audits_switches_s_slingshot_right'====== Args={'value': 21, 'prev_value': 20, 'change': 1}
2026-06-15 00:44:40,264 : INFO : SwitchController : <<<<<<< 's_slingshot_right' inactive >>>>>>>
2026-06-15 00:44:40,407 : INFO : SwitchController : <<<<<<< 's_slingshot_right' active >>>>>>>
2026-06-15 00:44:40,408 : INFO : EventManager : Event: ======'machine_var_audits_switches_s_slingshot_right'====== Args={'value': 22, 'prev_value': 21, 'change': 1}
2026-06-15 00:44:40,503 : INFO : SwitchController : <<<<<<< 's_slingshot_right' inactive >>>>>>>
2026-06-15 00:44:40,630 : INFO : SwitchController : <<<<<<< 's_slingshot_right' active >>>>>>>
2026-06-15 00:44:40,630 : INFO : EventManager : Event: ======'machine_var_audits_switches_s_slingshot_right'====== Args={'value': 23, 'prev_value': 22, 'change': 1}
2026-06-15 00:44:40,742 : INFO : SwitchController : <<<<<<< 's_slingshot_right' inactive >>>>>>>
2026-06-15 00:44:42,248 : INFO : SwitchController : <<<<<<< 's_slingshot_right' active >>>>>>>
2026-06-15 00:44:42,249 : INFO : EventManager : Event: ======'machine_var_audits_switches_s_slingshot_right'====== Args={'value': 24, 'prev_value': 23, 'change': 1}
2026-06-15 00:44:42,251 : INFO : SwitchController : <<<<<<< 's_slingshot_right' inactive >>>>>>>
2026-06-15 00:44:44,038 : INFO : SwitchController : <<<<<<< 's_slingshot_left' active >>>>>>>
2026-06-15 00:44:44,039 : INFO : EventManager : Event: ======'machine_var_audits_switches_s_slingshot_left'====== Args={'value': 18, 'prev_value': 17, 'change': 1}
2026-06-15 00:44:44,053 : INFO : SwitchController : <<<<<<< 's_slingshot_left' inactive >>>>>>>
2026-06-15 00:44:44,819 : INFO : SwitchController : <<<<<<< 's_slingshot_right' active >>>>>>>
2026-06-15 00:44:44,820 : INFO : EventManager : Event: ======'machine_var_audits_switches_s_slingshot_right'====== Args={'value': 25, 'prev_value': 24, 'change': 1}
2026-06-15 00:44:44,820 : INFO : SwitchController : <<<<<<< 's_slingshot_right' inactive >>>>>>>
2026-06-15 00:44:49,814 : INFO : SwitchController : <<<<<<< 's_left_flipper' active >>>>>>>
2026-06-15 00:44:49,814 : INFO : EventManager : Event: ======'machine_var_audits_switches_s_left_flipper'====== Args={'value': 6, 'prev_value': 5, 'change': 1}
2026-06-15 00:44:49,845 : INFO : SwitchController : <<<<<<< 's_flipper_left_eos' active >>>>>>>
2026-06-15 00:44:49,846 : INFO : EventManager : Event: ======'machine_var_audits_switches_s_flipper_left_eos'====== Args={'value': 5, 'prev_value': 4, 'change': 1}
2026-06-15 00:44:51,076 : INFO : SwitchController : <<<<<<< 's_trough_ball_6' active >>>>>>>
2026-06-15 00:44:51,077 : INFO : EventManager : Event: ======'machine_var_audits_switches_s_trough_ball_6'====== Args={'value': 12, 'prev_value': 11, 'change': 1}
2026-06-15 00:44:51,172 : INFO : SwitchController : <<<<<<< 's_trough_ball_6' inactive >>>>>>>
2026-06-15 00:44:51,188 : INFO : SwitchController : <<<<<<< 's_trough_ball_5' active >>>>>>>
2026-06-15 00:44:51,188 : INFO : EventManager : Event: ======'machine_var_audits_switches_s_trough_ball_5'====== Args={'value': 12, 'prev_value': 11, 'change': 1}
2026-06-15 00:44:51,268 : INFO : SwitchController : <<<<<<< 's_trough_ball_5' inactive >>>>>>>
2026-06-15 00:44:51,284 : INFO : SwitchController : <<<<<<< 's_trough_ball_4' active >>>>>>>
2026-06-15 00:44:51,285 : INFO : EventManager : Event: ======'machine_var_audits_switches_s_trough_ball_4'====== Args={'value': 12, 'prev_value': 11, 'change': 1}
2026-06-15 00:44:51,347 : INFO : SwitchController : <<<<<<< 's_trough_ball_4' inactive >>>>>>>
2026-06-15 00:44:51,348 : INFO : SwitchController : <<<<<<< 's_trough_ball_3' active >>>>>>>
2026-06-15 00:44:51,349 : INFO : EventManager : Event: ======'machine_var_audits_switches_s_trough_ball_3'====== Args={'value': 12, 'prev_value': 11, 'change': 1}
2026-06-15 00:44:51,411 : INFO : SwitchController : <<<<<<< 's_trough_ball_3' inactive >>>>>>>
2026-06-15 00:44:51,412 : INFO : SwitchController : <<<<<<< 's_trough_ball_2' active >>>>>>>
2026-06-15 00:44:51,412 : INFO : EventManager : Event: ======'machine_var_audits_switches_s_trough_ball_2'====== Args={'value': 24, 'prev_value': 23, 'change': 1}
2026-06-15 00:44:51,475 : INFO : SwitchController : <<<<<<< 's_trough_ball_2' inactive >>>>>>>
2026-06-15 00:44:51,476 : INFO : SwitchController : <<<<<<< 's_trough_ball_1' active >>>>>>>
2026-06-15 00:44:51,476 : INFO : EventManager : Event: ======'machine_var_audits_switches_s_trough_ball_1'====== Args={'value': 97, 'prev_value': 96, 'change': 1}
2026-06-15 00:44:51,989 : INFO : EventManager : Event: ======'balldevice_bd_trough_ball_count_changed'====== Args={'balls': 1}
2026-06-15 00:44:51,989 : INFO : ball_device.bd_trough : Received unexpected ball
2026-06-15 00:44:51,989 : INFO : EventManager : Event: ======'balldevice_captured_from_playfield'====== Args={'balls': 1}
2026-06-15 00:44:51,990 : INFO : EventManager : Event: ======'sw_playfield_active'====== Args={'balls': 1}
2026-06-15 00:44:51,990 : INFO : EventManager : Event: ======'playfield_ball_count_change'====== Args={'balls': 0, 'change': -1}
2026-06-15 00:44:51,991 : INFO : EventManager : Event: ======'balldevice_bd_trough_ball_enter'====== Args={'new_balls': 1, 'unclaimed_balls': 1, 'new_available_balls': 1, 'device': <ball_device.bd_trough>}
2026-06-15 00:44:51,992 : INFO : EventManager : Event: ======'ball_drain'====== Args={'device': <ball_device.bd_trough>, 'balls': 1}
2026-06-15 00:44:51,993 : INFO : EventManager : Event: ======'ball_will_end'====== Args={}
2026-06-15 00:44:51,993 : INFO : EventManager : Event: ======'balldevice_balls_available'====== Args={}
2026-06-15 00:44:51,993 : INFO : EventManager : Event: ======'balldevice_bd_trough_ball_entered'====== Args={'new_balls': 1, 'device': <ball_device.bd_trough>}
2026-06-15 00:44:51,993 : INFO : EventManager : Event: ======'ball_ending'====== Args={}
2026-06-15 00:44:51,993 : INFO : EventManager : Event: ======'ball_ended'====== Args={}
2026-06-15 00:44:51,995 : INFO : EventManager : Event: ======'player_turn_will_end'====== Args={'player': <Player 1>, 'number': 1}
2026-06-15 00:44:51,996 : INFO : EventManager : Event: ======'player_turn_ending'====== Args={'player': <Player 1>, 'number': 1}
2026-06-15 00:44:51,996 : INFO : EventManager : Event: ======'player_turn_ended'====== Args={'player': <Player 1>, 'number': 1}
2026-06-15 00:44:51,997 : INFO : EventManager : Event: ======'game_will_end'====== Args={}
2026-06-15 00:44:51,998 : INFO : EventManager : Event: ======'game_ending'====== Args={}
2026-06-15 00:44:51,999 : INFO : EventManager : Event: ======'game_ended'====== Args={}
2026-06-15 00:44:51,999 : INFO : EventManager : Event: ======'mode_game_will_stop'====== Args={}
2026-06-15 00:44:51,999 : INFO : EventManager : Event: ======'mode_game_stopping'====== Args={}
2026-06-15 00:44:52,000 : INFO : EventManager : Event: ======'mode_attract_will_start'====== Args={}
2026-06-15 00:44:52,001 : INFO : EventManager : Event: ======'mode_attract_starting'====== Args={}
2026-06-15 00:44:52,001 : INFO : Mode.attract : Started. Priority: 10
2026-06-15 00:44:52,001 : INFO : EventManager : Event: ======'modes_active_modes_changed'====== Args={}
2026-06-15 00:44:52,001 : INFO : EventManager : Event: ======'mode_attract_started'====== Args={}
2026-06-15 00:44:52,002 : INFO : EventManager : Event: ======'collecting_balls_complete'====== Args={}
2026-06-15 00:44:52,002 : INFO : Mode.game : Stopped.
2026-06-15 00:44:52,002 : INFO : EventManager : Event: ======'modes_active_modes_changed'====== Args={}
2026-06-15 00:44:52,002 : INFO : EventManager : Event: ======'mode_game_stopped'====== Args={}
2026-06-15 00:44:52,002 : INFO : EventManager : Event: ======'clear'====== Args={'key': 'game'}
2026-06-15 00:44:52,084 : INFO : SwitchController : <<<<<<< 's_flipper_left_eos' inactive >>>>>>>
2026-06-15 00:44:52,751 : INFO : SwitchController : <<<<<<< 's_left_flipper' inactive >>>>>>>
2026-06-15 00:46:14,385 : INFO : Machine : Shutting down...
2026-06-15 00:46:14,385 : INFO : EventManager : Event: ======'shutdown'====== Args={}
2026-06-15 00:46:14,498 : INFO : root : MPF run loop ended.
