2026-06-14 23:56:53,383 : INFO : root : Loading config.
2026-06-14 23:56:53,421 : INFO : YamlMultifileConfigLoader : Machine config file #1: config.yaml
2026-06-14 23:56:53,421 : WARNING : ConfigProcessor : Config file in cache changed: C:\pinball\config\config.yaml
2026-06-14 23:56:53,421 : INFO : ConfigProcessor : Loading config from file C:\Users\mpf\AppData\Local\Programs\Python\Python313\Lib\site-packages\mpf\mpfconfig.yaml.
2026-06-14 23:56:53,503 : INFO : ConfigProcessor : Loading config: C:\Users\mpf\AppData\Local\Programs\Python\Python313\Lib\site-packages\mpf\mpfconfig.yaml
2026-06-14 23:56:53,503 : INFO : ConfigProcessor : Loading config from file C:\pinball\config\config.yaml.
2026-06-14 23:56:53,559 : INFO : ConfigProcessor : Loading config: C:\pinball\config\config.yaml
2026-06-14 23:56:53,562 : INFO : ConfigProcessor : Config file cache created: C:\Users\mpf\AppData\Local\Temp\6d5b600d7be1a6495e3e5a66bc905d87.mpf_cache
2026-06-14 23:56:53,732 : INFO : ConfigProcessor : Loading config from cache: C:\Users\mpf\AppData\Local\Temp\8f40fc9be560776ef72c29fc1142b5c0.mpf_cache
2026-06-14 23:56:53,768 : INFO : ConfigProcessor : Loading config from cache: C:\Users\mpf\AppData\Local\Temp\280ef0bf7d2e5d11f4cb038a53adbb41.mpf_cache
2026-06-14 23:56:53,811 : INFO : Machine : Mission Pinball Framework Core Engine v0.80.0.dev13
2026-06-14 23:56:53,812 : INFO : Machine : Command line arguments: {'no_load_cache': False, 'create_config_cache': True, 'bcp': False, 'configfile': ['config.yaml'], 'force_assets_load': False, 'platform_integration_test': False, 'jsonlogging': False, 'logfile': 'logs\\2026-06-14-23-56-53-mpf-DESKTOP-OC28BPB.log', 'pause': False, 'production': False, 'text_ui': False, 'loglevel': 15, 'consoleloglevel': 20, 'force_platform': None, 'syslog_address': None, 'full_logfile_path': 'C:\\pinball\\logs\\2026-06-14-23-56-53-mpf-DESKTOP-OC28BPB.log'}
2026-06-14 23:56:53,812 : INFO : Machine : MPF path: C:\Users\mpf\AppData\Local\Programs\Python\Python313\Lib\site-packages\mpf
2026-06-14 23:56:53,812 : INFO : Machine : Machine path: C:\pinball
2026-06-14 23:56:53,812 : INFO : Machine : Platform: win32
2026-06-14 23:56:53,812 : INFO : Machine : Python executable location: C:\Users\mpf\AppData\Local\Programs\Python\Python313\python.exe
2026-06-14 23:56:53,812 : INFO : Machine : Python version: 3.13.12 (64-bit)
2026-06-14 23:56:53,816 : INFO : Machine : Initializing MPF...
2026-06-14 23:56:54,380 : INFO : FAST : Auto-detecting ports for the following connections: ['net']
2026-06-14 23:56:54,430 : INFO : FAST : Detected NET on port COM4
2026-06-14 23:56:54,542 : INFO : FAST [NET] : Trying to connect to COM4 at 921600bps
2026-06-14 23:56:54,547 : INFO : FAST [NET] : Connected to COM4 at 921600bps
2026-06-14 23:56:54,556 : INFO : FAST [NET] : Connected to FP-CPU-2000 with firmware v02.26
2026-06-14 23:56:54,588 : INFO : FAST [NET] : Registered I/O Board 0: Model: FP-I/O-3208, Firmware: 01.10, Switches: 32, Drivers: 8
2026-06-14 23:56:54,589 : INFO : EventManager : Event: ======'machine_var_credits_string'====== Args={'value': 'FREE PLAY', 'prev_value': None, 'change': True}
2026-06-14 23:56:54,633 : INFO : EventManager : Event: ======'machine_var_master_volume'====== Args={'value': 0.5, 'prev_value': None, 'change': True}
2026-06-14 23:56:54,633 : INFO : EventManager : Event: ======'machine_var_mpf_version'====== Args={'value': 'Mission Pinball Framework v0.80.0.dev13', 'prev_value': None, 'change': True}
2026-06-14 23:56:54,633 : INFO : EventManager : Event: ======'machine_var_mpf_extended_version'====== Args={'value': 'Mission Pinball Framework v0.80.0.dev13, Config version:6, Show version: 6, BCP version:1.1', 'prev_value': None, 'change': True}
2026-06-14 23:56:54,633 : INFO : EventManager : Event: ======'machine_var_python_version'====== Args={'value': '3.13.12', 'prev_value': None, 'change': True}
2026-06-14 23:56:54,677 : INFO : EventManager : Event: ======'machine_var_platform'====== Args={'value': 'Windows-11-10.0.26200-SP0', 'prev_value': None, 'change': True}
2026-06-14 23:56:54,677 : INFO : EventManager : Event: ======'machine_var_platform_system'====== Args={'value': 'Windows', 'prev_value': None, 'change': True}
2026-06-14 23:56:54,677 : INFO : EventManager : Event: ======'machine_var_platform_release'====== Args={'value': '11', 'prev_value': None, 'change': True}
2026-06-14 23:56:54,677 : INFO : EventManager : Event: ======'machine_var_platform_version'====== Args={'value': '10.0.26200', 'prev_value': None, 'change': True}
2026-06-14 23:56:54,677 : INFO : EventManager : Event: ======'machine_var_platform_machine'====== Args={'value': 'AMD64', 'prev_value': None, 'change': True}
2026-06-14 23:56:54,677 : INFO : EventManager : Event: ======'machine_var_log_file_path'====== Args={'value': 'C:\\pinball\\logs\\2026-06-14-23-56-53-mpf-DESKTOP-OC28BPB.log', 'prev_value': None, 'change': True}
2026-06-14 23:56:54,677 : INFO : EventManager : Event: ======'init_phase_1'====== Args={}
2026-06-14 23:56:57,169 : INFO : SwitchController : <<<<<<< 's_trough_ball_1' active >>>>>>>
2026-06-14 23:56:57,170 : INFO : EventManager : Event: ======'init_phase_2'====== Args={}
2026-06-14 23:56:57,170 : INFO : SwitchController : Found active switch: (0, [FAST Platform Interface]) <switch.s_trough_ball_1>
2026-06-14 23:56:57,172 : ERROR : asyncio : Task exception was never retrieved
future: <Task finished name='Task-54' coro=<BallDevice._initialize_async() done, defined at C:\Users\mpf\AppData\Local\Programs\Python\Python313\Lib\site-packages\mpf\devices\ball_device\ball_device.py:196> exception=ConfigFileError('Configuration error in bd_trough ball device. mechanical_eject can only be used with devices that have 1 ball switch')>
Traceback (most recent call last):
  File "C:\Users\mpf\AppData\Local\Programs\Python\Python313\Lib\site-packages\mpf\devices\ball_device\ball_device.py", line 198, in _initialize_async
    await self.ball_count_handler.initialize()
  File "C:\Users\mpf\AppData\Local\Programs\Python\Python313\Lib\site-packages\mpf\devices\ball_device\ball_count_handler.py", line 92, in initialize
    self.counter = counter_class(self.ball_device, self.ball_device.config.get("counter", {}))
                   ~~~~~~~~~~~~~^^^^^^^^^^^^^^^^^^^^^^^^^^^^^^^^^^^^^^^^^^^^^^^^^^^^^^^^^^^^^^
  File "C:\Users\mpf\AppData\Local\Programs\Python\Python313\Lib\site-packages\mpf\devices\ball_device\switch_counter.py", line 74, in __init__
    self.ball_device.raise_config_error('Configuration error in {} ball device. '
    ~~~~~~~~~~~~~~~~~~~~~~~~~~~~~~~~~~~^^^^^^^^^^^^^^^^^^^^^^^^^^^^^^^^^^^^^^^^^^
                                        'mechanical_eject can only be used with '
                                        ^^^^^^^^^^^^^^^^^^^^^^^^^^^^^^^^^^^^^^^^^
                                        'devices that have 1 ball switch'.
                                        ^^^^^^^^^^^^^^^^^^^^^^^^^^^^^^^^^^
                                        format(self.ball_device.name), 5)
                                        ^^^^^^^^^^^^^^^^^^^^^^^^^^^^^^^^^
  File "C:\Users\mpf\AppData\Local\Programs\Python\Python313\Lib\site-packages\mpf\core\logging.py", line 175, in raise_config_error
    raise ConfigFileError(msg, error_no, self.log.name if self.log else "", context, self._url_base) \
        from source_exception
mpf.exceptions.config_file_error.ConfigFileError: Config File Error in ball_device.bd_trough: Configuration error in bd_trough ball device. mechanical_eject can only be used with devices that have 1 ball switch Error Code: CFE-ball_device-5 (https://missionpinball.org/latest/logs)
2026-06-14 23:56:57,237 : INFO : ball_device.bd_plunger : BCH: Initial count: 0
2026-06-14 23:56:57,237 : INFO : Machine : Starting the main run loop with active modes: []
2026-06-14 23:56:57,237 : WARNING : Machine : Attract mode is not active, game will not be playable. Please check your attract mode configuration.
2026-06-14 23:56:57,237 : INFO : ball_device.bd_plunger : State: idle
2026-06-14 23:56:57,238 : INFO : Machine : Shutting down...
2026-06-14 23:56:57,238 : INFO : EventManager : Event: ======'shutdown'====== Args={}
2026-06-14 23:56:57,250 : INFO : EventManager : Event: ======'init_phase_3'====== Args={}
2026-06-14 23:56:57,252 : INFO : EventManager : Event: ======'init_phase_4'====== Args={}
2026-06-14 23:56:57,253 : ERROR : asyncio : Exception in callback Util.raise_exceptions() at C:\Users\mpf\AppData\Local\Programs\Python\Python313\Lib\site-packages\mpf\core\utility_functions.py:789
handle: <Handle Util.raise_exceptions() at C:\Users\mpf\AppData\Local\Programs\Python\Python313\Lib\site-packages\mpf\core\utility_functions.py:789>
Traceback (most recent call last):
  File "C:\Users\mpf\AppData\Local\Programs\Python\Python313\Lib\asyncio\events.py", line 89, in _run
    self._context.run(self._callback, *self._args)
    ~~~~~~~~~~~~~~~~~^^^^^^^^^^^^^^^^^^^^^^^^^^^^^
  File "C:\Users\mpf\AppData\Local\Programs\Python\Python313\Lib\site-packages\mpf\core\utility_functions.py", line 797, in raise_exceptions
    future.result()
    ~~~~~~~~~~~~~^^
  File "C:\Users\mpf\AppData\Local\Programs\Python\Python313\Lib\site-packages\mpf\core\ball_controller.py", line 90, in _add_new_balls_to_playfield
    self.num_balls_known = await self._count_all_balls_in_devices()
                           ^^^^^^^^^^^^^^^^^^^^^^^^^^^^^^^^^^^^^^^^
  File "C:\Users\mpf\AppData\Local\Programs\Python\Python313\Lib\site-packages\mpf\core\ball_controller.py", line 129, in _count_all_balls_in_devices
    futures.append(asyncio.ensure_future(device.ball_count_handler.counter.wait_for_count_stable()))
                                         ^^^^^^^^^^^^^^^^^^^^^^^^^^^^^^^^^^^^^^^^^^^^^^^^^^^^^^^
AttributeError: 'NoneType' object has no attribute 'wait_for_count_stable'
2026-06-14 23:56:57,313 : INFO : EventManager : Event: ======'machine_var_audits_switches_s_start'====== Args={'value': 0, 'prev_value': None, 'change': True}
2026-06-14 23:56:57,313 : INFO : EventManager : Event: ======'machine_var_audits_switches_s_right_inlane'====== Args={'value': 0, 'prev_value': None, 'change': True}
2026-06-14 23:56:57,314 : INFO : EventManager : Event: ======'machine_var_audits_switches_s_left_outlane'====== Args={'value': 0, 'prev_value': None, 'change': True}
2026-06-14 23:56:57,314 : INFO : EventManager : Event: ======'machine_var_audits_switches_s_left_flipper'====== Args={'value': 0, 'prev_value': None, 'change': True}
2026-06-14 23:56:57,314 : INFO : EventManager : Event: ======'machine_var_audits_switches_s_trough_ball_jam'====== Args={'value': 0, 'prev_value': None, 'change': True}
2026-06-14 23:56:57,314 : INFO : EventManager : Event: ======'machine_var_audits_switches_s_right_flipper'====== Args={'value': 0, 'prev_value': None, 'change': True}
2026-06-14 23:56:57,314 : INFO : EventManager : Event: ======'machine_var_audits_switches_s_trough_ball_5'====== Args={'value': 0, 'prev_value': None, 'change': True}
2026-06-14 23:56:57,314 : INFO : EventManager : Event: ======'machine_var_audits_switches_s_flipper_left_eos'====== Args={'value': 0, 'prev_value': None, 'change': True}
2026-06-14 23:56:57,314 : INFO : EventManager : Event: ======'machine_var_audits_switches_s_trough_ball_3'====== Args={'value': 0, 'prev_value': None, 'change': True}
2026-06-14 23:56:57,314 : INFO : EventManager : Event: ======'machine_var_audits_switches_s_left_inlane'====== Args={'value': 0, 'prev_value': None, 'change': True}
2026-06-14 23:56:57,314 : INFO : EventManager : Event: ======'machine_var_audits_switches_s_slingshot_right'====== Args={'value': 0, 'prev_value': None, 'change': True}
2026-06-14 23:56:57,314 : INFO : EventManager : Event: ======'machine_var_audits_switches_s_trough_ball_2'====== Args={'value': 0, 'prev_value': None, 'change': True}
2026-06-14 23:56:57,314 : INFO : EventManager : Event: ======'machine_var_audits_switches_s_trough_ball_6'====== Args={'value': 0, 'prev_value': None, 'change': True}
2026-06-14 23:56:57,314 : INFO : EventManager : Event: ======'machine_var_audits_switches_s_plunger'====== Args={'value': 0, 'prev_value': None, 'change': True}
2026-06-14 23:56:57,314 : INFO : EventManager : Event: ======'machine_var_audits_switches_s_launch'====== Args={'value': 0, 'prev_value': None, 'change': True}
2026-06-14 23:56:57,314 : INFO : EventManager : Event: ======'machine_var_audits_switches_s_trough_ball_1'====== Args={'value': 0, 'prev_value': None, 'change': True}
2026-06-14 23:56:57,314 : INFO : EventManager : Event: ======'machine_var_audits_switches_s_slingshot_left'====== Args={'value': 0, 'prev_value': None, 'change': True}
2026-06-14 23:56:57,314 : INFO : EventManager : Event: ======'machine_var_audits_switches_s_right_outlane'====== Args={'value': 0, 'prev_value': None, 'change': True}
2026-06-14 23:56:57,315 : INFO : EventManager : Event: ======'machine_var_audits_switches_s_flipper_right_eos'====== Args={'value': 0, 'prev_value': None, 'change': True}
2026-06-14 23:56:57,315 : INFO : EventManager : Event: ======'machine_var_audits_switches_s_trough_ball_4'====== Args={'value': 0, 'prev_value': None, 'change': True}
2026-06-14 23:56:57,315 : INFO : EventManager : Event: ======'machine_var_audits_events_game_started'====== Args={'value': 0, 'prev_value': None, 'change': True}
2026-06-14 23:56:57,315 : INFO : EventManager : Event: ======'machine_var_audits_events_game_ended'====== Args={'value': 0, 'prev_value': None, 'change': True}
2026-06-14 23:56:57,315 : INFO : EventManager : Event: ======'machine_var_audits_player_score'====== Args={'value': {'top': [], 'average': 0, 'total': 0}, 'prev_value': None, 'change': True}
2026-06-14 23:56:57,315 : INFO : EventManager : Event: ======'init_phase_5'====== Args={}
2026-06-14 23:56:57,316 : INFO : EventManager : Event: ======'init_done'====== Args={}
2026-06-14 23:56:57,316 : INFO : EventManager : Event: ======'machine_reset_phase_1'====== Args={}
2026-06-14 23:56:57,316 : INFO : EventManager : Event: ======'machine_reset_phase_2'====== Args={}
2026-06-14 23:56:57,316 : INFO : EventManager : Event: ======'machine_reset_phase_3'====== Args={}
2026-06-14 23:56:57,317 : INFO : EventManager : Event: ======'reset_complete'====== Args={}
2026-06-14 23:56:57,318 : INFO : EventManager : Event: ======'mode_attract_will_start'====== Args={}
2026-06-14 23:56:57,318 : INFO : EventManager : Event: ======'mode_attract_starting'====== Args={}
2026-06-14 23:56:57,318 : INFO : Mode.attract : Will not start because machine is shutting down.
2026-06-14 23:56:58,373 : ERROR : asyncio : Task was destroyed but it is pending!
task: <Task pending name='Task-73' coro=<IocpProactor.accept.<locals>.accept_coro() running at C:\Users\mpf\AppData\Local\Programs\Python\Python313\Lib\asyncio\windows_events.py:567> wait_for=<_OverlappedFuture cancelled>>
2026-06-14 23:56:58,375 : ERROR : Machine : Runtime Exception
Traceback (most recent call last):
  File "C:\Users\mpf\AppData\Local\Programs\Python\Python313\Lib\site-packages\mpf\core\machine.py", line 810, in _run_loop
    raise self._exception['exception']
  File "C:\Users\mpf\AppData\Local\Programs\Python\Python313\Lib\site-packages\mpf\devices\ball_device\ball_device.py", line 198, in _initialize_async
    await self.ball_count_handler.initialize()
  File "C:\Users\mpf\AppData\Local\Programs\Python\Python313\Lib\site-packages\mpf\devices\ball_device\ball_count_handler.py", line 92, in initialize
    self.counter = counter_class(self.ball_device, self.ball_device.config.get("counter", {}))
                   ~~~~~~~~~~~~~^^^^^^^^^^^^^^^^^^^^^^^^^^^^^^^^^^^^^^^^^^^^^^^^^^^^^^^^^^^^^^
  File "C:\Users\mpf\AppData\Local\Programs\Python\Python313\Lib\site-packages\mpf\devices\ball_device\switch_counter.py", line 74, in __init__
    self.ball_device.raise_config_error('Configuration error in {} ball device. '
    ~~~~~~~~~~~~~~~~~~~~~~~~~~~~~~~~~~~^^^^^^^^^^^^^^^^^^^^^^^^^^^^^^^^^^^^^^^^^^
                                        'mechanical_eject can only be used with '
                                        ^^^^^^^^^^^^^^^^^^^^^^^^^^^^^^^^^^^^^^^^^
                                        'devices that have 1 ball switch'.
                                        ^^^^^^^^^^^^^^^^^^^^^^^^^^^^^^^^^^
                                        format(self.ball_device.name), 5)
                                        ^^^^^^^^^^^^^^^^^^^^^^^^^^^^^^^^^
  File "C:\Users\mpf\AppData\Local\Programs\Python\Python313\Lib\site-packages\mpf\core\logging.py", line 175, in raise_config_error
    raise ConfigFileError(msg, error_no, self.log.name if self.log else "", context, self._url_base) \
        from source_exception
mpf.exceptions.config_file_error.ConfigFileError: Config File Error in ball_device.bd_trough: Configuration error in bd_trough ball device. mechanical_eject can only be used with devices that have 1 ball switch Error Code: CFE-ball_device-5 (https://missionpinball.org/latest/logs)
2026-06-14 23:56:58,428 : INFO : root : MPF run loop ended.
