2026-06-15 00:35:04,450 : INFO : root : Loading config.
2026-06-15 00:35:04,455 : INFO : YamlMultifileConfigLoader : Machine config file #1: config.yaml
2026-06-15 00:35:04,456 : WARNING : ConfigProcessor : Config file in cache changed: C:\pinball\config\config.yaml
2026-06-15 00:35:04,456 : INFO : ConfigProcessor : Loading config from file C:\Users\mpf\AppData\Local\Programs\Python\Python313\Lib\site-packages\mpf\mpfconfig.yaml.
2026-06-15 00:35:04,519 : INFO : ConfigProcessor : Loading config: C:\Users\mpf\AppData\Local\Programs\Python\Python313\Lib\site-packages\mpf\mpfconfig.yaml
2026-06-15 00:35:04,520 : INFO : ConfigProcessor : Loading config from file C:\pinball\config\config.yaml.
2026-06-15 00:35:04,567 : INFO : ConfigProcessor : Loading config: C:\pinball\config\config.yaml
2026-06-15 00:35:04,569 : INFO : ConfigProcessor : Config file cache created: C:\Users\mpf\AppData\Local\Temp\6d5b600d7be1a6495e3e5a66bc905d87.mpf_cache
2026-06-15 00:35:04,755 : INFO : ConfigProcessor : Loading config from cache: C:\Users\mpf\AppData\Local\Temp\8f40fc9be560776ef72c29fc1142b5c0.mpf_cache
2026-06-15 00:35:04,757 : INFO : ConfigProcessor : Loading config from cache: C:\Users\mpf\AppData\Local\Temp\280ef0bf7d2e5d11f4cb038a53adbb41.mpf_cache
2026-06-15 00:35:04,759 : INFO : Machine : Mission Pinball Framework Core Engine v0.80.0.dev13
2026-06-15 00:35:04,759 : INFO : Machine : Command line arguments: {'no_load_cache': False, 'create_config_cache': True, 'bcp': False, 'configfile': ['config.yaml'], 'force_assets_load': False, 'platform_integration_test': False, 'jsonlogging': False, 'logfile': 'logs\\2026-06-15-00-35-04-mpf-DESKTOP-OC28BPB.log', 'pause': False, 'production': False, 'text_ui': False, 'loglevel': 15, 'consoleloglevel': 20, 'force_platform': None, 'syslog_address': None, 'full_logfile_path': 'C:\\pinball\\logs\\2026-06-15-00-35-04-mpf-DESKTOP-OC28BPB.log'}
2026-06-15 00:35:04,759 : INFO : Machine : MPF path: C:\Users\mpf\AppData\Local\Programs\Python\Python313\Lib\site-packages\mpf
2026-06-15 00:35:04,759 : INFO : Machine : Machine path: C:\pinball
2026-06-15 00:35:04,759 : INFO : Machine : Platform: win32
2026-06-15 00:35:04,759 : INFO : Machine : Python executable location: C:\Users\mpf\AppData\Local\Programs\Python\Python313\python.exe
2026-06-15 00:35:04,759 : INFO : Machine : Python version: 3.13.12 (64-bit)
2026-06-15 00:35:04,761 : INFO : Machine : Initializing MPF...
2026-06-15 00:35:04,933 : INFO : FAST : Auto-detecting ports for the following connections: ['net']
2026-06-15 00:35:04,970 : INFO : FAST : Detected NET on port COM4
2026-06-15 00:35:05,085 : INFO : FAST [NET] : Trying to connect to COM4 at 921600bps
2026-06-15 00:35:05,094 : INFO : FAST [NET] : Connected to COM4 at 921600bps
2026-06-15 00:35:05,113 : INFO : FAST [NET] : Connected to FP-CPU-2000 with firmware v02.26
2026-06-15 00:35:05,135 : INFO : FAST [NET] : Registered I/O Board 0: Model: FP-I/O-3208, Firmware: 01.10, Switches: 32, Drivers: 8
2026-06-15 00:35:05,137 : INFO : EventManager : Event: ======'machine_var_credits_string'====== Args={'value': 'FREE PLAY', 'prev_value': None, 'change': True}
2026-06-15 00:35:05,202 : INFO : EventManager : Event: ======'machine_var_master_volume'====== Args={'value': 0.5, 'prev_value': None, 'change': True}
2026-06-15 00:35:05,202 : INFO : EventManager : Event: ======'machine_var_mpf_version'====== Args={'value': 'Mission Pinball Framework v0.80.0.dev13', 'prev_value': None, 'change': True}
2026-06-15 00:35:05,202 : INFO : EventManager : Event: ======'machine_var_mpf_extended_version'====== Args={'value': 'Mission Pinball Framework v0.80.0.dev13, Config version:6, Show version: 6, BCP version:1.1', 'prev_value': None, 'change': True}
2026-06-15 00:35:05,202 : INFO : EventManager : Event: ======'machine_var_python_version'====== Args={'value': '3.13.12', 'prev_value': None, 'change': True}
2026-06-15 00:35:05,260 : INFO : EventManager : Event: ======'machine_var_platform'====== Args={'value': 'Windows-11-10.0.26200-SP0', 'prev_value': None, 'change': True}
2026-06-15 00:35:05,260 : INFO : EventManager : Event: ======'machine_var_platform_system'====== Args={'value': 'Windows', 'prev_value': None, 'change': True}
2026-06-15 00:35:05,260 : INFO : EventManager : Event: ======'machine_var_platform_release'====== Args={'value': '11', 'prev_value': None, 'change': True}
2026-06-15 00:35:05,261 : INFO : EventManager : Event: ======'machine_var_platform_version'====== Args={'value': '10.0.26200', 'prev_value': None, 'change': True}
2026-06-15 00:35:05,261 : INFO : EventManager : Event: ======'machine_var_platform_machine'====== Args={'value': 'AMD64', 'prev_value': None, 'change': True}
2026-06-15 00:35:05,261 : INFO : EventManager : Event: ======'machine_var_log_file_path'====== Args={'value': 'C:\\pinball\\logs\\2026-06-15-00-35-04-mpf-DESKTOP-OC28BPB.log', 'prev_value': None, 'change': True}
2026-06-15 00:35:05,261 : INFO : EventManager : Event: ======'init_phase_1'====== Args={}
2026-06-15 00:35:07,651 : INFO : SwitchController : <<<<<<< 's_trough_ball_jam' active >>>>>>>
2026-06-15 00:35:07,652 : INFO : SwitchController : <<<<<<< 's_trough_ball_1' active >>>>>>>
2026-06-15 00:35:07,654 : INFO : EventManager : Event: ======'init_phase_2'====== Args={}
2026-06-15 00:35:07,656 : INFO : SwitchController : Found active switch: (6, [FAST Platform Interface]) <switch.s_trough_ball_jam>
2026-06-15 00:35:07,656 : INFO : SwitchController : Found active switch: (0, [FAST Platform Interface]) <switch.s_trough_ball_1>
2026-06-15 00:35:08,155 : INFO : ball_device.bd_trough : BCH: Initial count: 1
2026-06-15 00:35:08,157 : INFO : ball_device.bd_trough : State: idle
2026-06-15 00:35:08,158 : INFO : ball_device.bd_plunger : BCH: Initial count: 0
2026-06-15 00:35:08,159 : INFO : ball_device.bd_plunger : State: idle
2026-06-15 00:35:08,217 : INFO : EventManager : Event: ======'init_phase_3'====== Args={}
2026-06-15 00:35:08,220 : INFO : EventManager : Event: ======'init_phase_4'====== Args={}
2026-06-15 00:35:08,220 : INFO : BallController : Initial balls found: 1
2026-06-15 00:35:08,222 : INFO : EventManager : Event: ======'machine_var_audits_events_game_ended'====== Args={'value': 0, 'prev_value': None, 'change': True}
2026-06-15 00:35:08,222 : INFO : EventManager : Event: ======'machine_var_audits_events_game_started'====== Args={'value': 11, 'prev_value': None, 'change': True}
2026-06-15 00:35:08,222 : INFO : EventManager : Event: ======'machine_var_audits_missing_switches_s_flipper_left_eos'====== Args={'value': 7, 'prev_value': None, 'change': True}
2026-06-15 00:35:08,222 : INFO : EventManager : Event: ======'machine_var_audits_missing_switches_s_flipper_right_eos'====== Args={'value': 7, 'prev_value': None, 'change': True}
2026-06-15 00:35:08,222 : INFO : EventManager : Event: ======'machine_var_audits_missing_switches_s_launch'====== Args={'value': 7, 'prev_value': None, 'change': True}
2026-06-15 00:35:08,222 : INFO : EventManager : Event: ======'machine_var_audits_missing_switches_s_left_flipper'====== Args={'value': 7, 'prev_value': None, 'change': True}
2026-06-15 00:35:08,222 : INFO : EventManager : Event: ======'machine_var_audits_missing_switches_s_left_inlane'====== Args={'value': 3, 'prev_value': None, 'change': True}
2026-06-15 00:35:08,222 : INFO : EventManager : Event: ======'machine_var_audits_missing_switches_s_left_outlane'====== Args={'value': 3, 'prev_value': None, 'change': True}
2026-06-15 00:35:08,222 : INFO : EventManager : Event: ======'machine_var_audits_missing_switches_s_plunger'====== Args={'value': 3, 'prev_value': None, 'change': True}
2026-06-15 00:35:08,222 : INFO : EventManager : Event: ======'machine_var_audits_missing_switches_s_right_flipper'====== Args={'value': 7, 'prev_value': None, 'change': True}
2026-06-15 00:35:08,222 : INFO : EventManager : Event: ======'machine_var_audits_missing_switches_s_right_inlane'====== Args={'value': 9, 'prev_value': None, 'change': True}
2026-06-15 00:35:08,223 : INFO : EventManager : Event: ======'machine_var_audits_missing_switches_s_right_outlane'====== Args={'value': 9, 'prev_value': None, 'change': True}
2026-06-15 00:35:08,223 : INFO : EventManager : Event: ======'machine_var_audits_missing_switches_s_slingshot_left'====== Args={'value': 3, 'prev_value': None, 'change': True}
2026-06-15 00:35:08,223 : INFO : EventManager : Event: ======'machine_var_audits_missing_switches_s_slingshot_right'====== Args={'value': 3, 'prev_value': None, 'change': True}
2026-06-15 00:35:08,223 : INFO : EventManager : Event: ======'machine_var_audits_missing_switches_s_start'====== Args={'value': 11, 'prev_value': None, 'change': True}
2026-06-15 00:35:08,223 : INFO : EventManager : Event: ======'machine_var_audits_missing_switches_s_trough_ball_3'====== Args={'value': 11, 'prev_value': None, 'change': True}
2026-06-15 00:35:08,223 : INFO : EventManager : Event: ======'machine_var_audits_missing_switches_s_trough_ball_4'====== Args={'value': 11, 'prev_value': None, 'change': True}
2026-06-15 00:35:08,223 : INFO : EventManager : Event: ======'machine_var_audits_missing_switches_s_trough_ball_5'====== Args={'value': 11, 'prev_value': None, 'change': True}
2026-06-15 00:35:08,223 : INFO : EventManager : Event: ======'machine_var_audits_missing_switches_s_trough_ball_6'====== Args={'value': 11, 'prev_value': None, 'change': True}
2026-06-15 00:35:08,223 : INFO : EventManager : Event: ======'machine_var_audits_missing_switches_s_trough_ball_jam'====== Args={'value': 3, 'prev_value': None, 'change': True}
2026-06-15 00:35:08,223 : INFO : EventManager : Event: ======'machine_var_audits_player_score'====== Args={'value': {'average': 0, 'top': [], 'total': 0}, 'prev_value': None, 'change': True}
2026-06-15 00:35:08,223 : INFO : EventManager : Event: ======'machine_var_audits_switches_s_flipper_left_eos'====== Args={'value': 2, 'prev_value': None, 'change': True}
2026-06-15 00:35:08,223 : INFO : EventManager : Event: ======'machine_var_audits_switches_s_flipper_right_eos'====== Args={'value': 2, 'prev_value': None, 'change': True}
2026-06-15 00:35:08,223 : INFO : EventManager : Event: ======'machine_var_audits_switches_s_launch'====== Args={'value': 2, 'prev_value': None, 'change': True}
2026-06-15 00:35:08,223 : INFO : EventManager : Event: ======'machine_var_audits_switches_s_left_flipper'====== Args={'value': 2, 'prev_value': None, 'change': True}
2026-06-15 00:35:08,224 : INFO : EventManager : Event: ======'machine_var_audits_switches_s_left_inlane'====== Args={'value': 9, 'prev_value': None, 'change': True}
2026-06-15 00:35:08,224 : INFO : EventManager : Event: ======'machine_var_audits_switches_s_left_outlane'====== Args={'value': 3, 'prev_value': None, 'change': True}
2026-06-15 00:35:08,224 : INFO : EventManager : Event: ======'machine_var_audits_switches_s_plunger'====== Args={'value': 2, 'prev_value': None, 'change': True}
2026-06-15 00:35:08,224 : INFO : EventManager : Event: ======'machine_var_audits_switches_s_right_flipper'====== Args={'value': 2, 'prev_value': None, 'change': True}
2026-06-15 00:35:08,224 : INFO : EventManager : Event: ======'machine_var_audits_switches_s_right_inlane'====== Args={'value': 3, 'prev_value': None, 'change': True}
2026-06-15 00:35:08,224 : INFO : EventManager : Event: ======'machine_var_audits_switches_s_right_outlane'====== Args={'value': 3, 'prev_value': None, 'change': True}
2026-06-15 00:35:08,224 : INFO : EventManager : Event: ======'machine_var_audits_switches_s_slingshot_left'====== Args={'value': 9, 'prev_value': None, 'change': True}
2026-06-15 00:35:08,224 : INFO : EventManager : Event: ======'machine_var_audits_switches_s_slingshot_right'====== Args={'value': 9, 'prev_value': None, 'change': True}
2026-06-15 00:35:08,224 : INFO : EventManager : Event: ======'machine_var_audits_switches_s_start'====== Args={'value': 0, 'prev_value': None, 'change': True}
2026-06-15 00:35:08,224 : INFO : EventManager : Event: ======'machine_var_audits_switches_s_trough_ball_1'====== Args={'value': 72, 'prev_value': None, 'change': True}
2026-06-15 00:35:08,224 : INFO : EventManager : Event: ======'machine_var_audits_switches_s_trough_ball_2'====== Args={'value': 9, 'prev_value': None, 'change': True}
2026-06-15 00:35:08,224 : INFO : EventManager : Event: ======'machine_var_audits_switches_s_trough_ball_3'====== Args={'value': 0, 'prev_value': None, 'change': True}
2026-06-15 00:35:08,224 : INFO : EventManager : Event: ======'machine_var_audits_switches_s_trough_ball_4'====== Args={'value': 0, 'prev_value': None, 'change': True}
2026-06-15 00:35:08,224 : INFO : EventManager : Event: ======'machine_var_audits_switches_s_trough_ball_5'====== Args={'value': 0, 'prev_value': None, 'change': True}
2026-06-15 00:35:08,224 : INFO : EventManager : Event: ======'machine_var_audits_switches_s_trough_ball_6'====== Args={'value': 0, 'prev_value': None, 'change': True}
2026-06-15 00:35:08,224 : INFO : EventManager : Event: ======'machine_var_audits_switches_s_trough_ball_jam'====== Args={'value': 46, 'prev_value': None, 'change': True}
2026-06-15 00:35:08,225 : INFO : EventManager : Event: ======'init_phase_5'====== Args={}
2026-06-15 00:35:08,225 : INFO : EventManager : Event: ======'init_done'====== Args={}
2026-06-15 00:35:08,226 : INFO : EventManager : Event: ======'machine_reset_phase_1'====== Args={}
2026-06-15 00:35:08,226 : INFO : EventManager : Event: ======'machine_reset_phase_2'====== Args={}
2026-06-15 00:35:08,226 : INFO : EventManager : Event: ======'machine_reset_phase_3'====== Args={}
2026-06-15 00:35:08,227 : INFO : EventManager : Event: ======'reset_complete'====== Args={}
2026-06-15 00:35:08,228 : INFO : EventManager : Event: ======'mode_attract_will_start'====== Args={}
2026-06-15 00:35:08,228 : INFO : EventManager : Event: ======'mode_attract_starting'====== Args={}
2026-06-15 00:35:08,228 : INFO : Mode.attract : Started. Priority: 10
2026-06-15 00:35:08,229 : INFO : EventManager : Event: ======'modes_active_modes_changed'====== Args={}
2026-06-15 00:35:08,229 : INFO : EventManager : Event: ======'mode_attract_started'====== Args={}
2026-06-15 00:35:08,229 : INFO : EventManager : Event: ======'collecting_balls_complete'====== Args={}
2026-06-15 00:35:08,230 : INFO : Machine : Starting the main run loop with active modes: [<Mode.attract>]
2026-06-15 00:35:22,201 : INFO : SwitchController : <<<<<<< 's_start' active >>>>>>>
2026-06-15 00:35:22,405 : INFO : SwitchController : <<<<<<< 's_start' inactive >>>>>>>
2026-06-15 00:35:22,406 : INFO : EventManager : Event: ======'request_to_start_game'====== Args={}
2026-06-15 00:35:22,406 : INFO : EventManager : Event: ======'game_start'====== Args={'buttons': [], 'hold_time': 0.20485700003337115}
2026-06-15 00:35:22,407 : INFO : EventManager : Event: ======'mode_game_will_start'====== Args={'buttons': [], 'hold_time': 0.20485700003337115}
2026-06-15 00:35:22,408 : INFO : EventManager : Event: ======'mode_game_starting'====== Args={'buttons': [], 'hold_time': 0.20485700003337115}
2026-06-15 00:35:22,408 : INFO : EventManager : Event: ======'mode_attract_will_stop'====== Args={}
2026-06-15 00:35:22,408 : INFO : EventManager : Event: ======'mode_attract_stopping'====== Args={}
2026-06-15 00:35:22,409 : INFO : Mode.attract : Stopped.
2026-06-15 00:35:22,409 : INFO : EventManager : Event: ======'modes_active_modes_changed'====== Args={}
2026-06-15 00:35:22,409 : INFO : EventManager : Event: ======'mode_attract_stopped'====== Args={}
2026-06-15 00:35:22,409 : INFO : EventManager : Event: ======'clear'====== Args={'key': 'attract'}
2026-06-15 00:35:22,410 : INFO : Mode.game : Started. Priority: 20
2026-06-15 00:35:22,410 : INFO : EventManager : Event: ======'modes_active_modes_changed'====== Args={}
2026-06-15 00:35:22,410 : INFO : EventManager : Event: ======'mode_game_started'====== Args={'buttons': [], 'hold_time': 0.20485700003337115}
2026-06-15 00:35:22,412 : INFO : EventManager : Event: ======'game_will_start'====== Args={}
2026-06-15 00:35:22,413 : INFO : EventManager : Event: ======'game_starting'====== Args={'game': <Mode.game>}
2026-06-15 00:35:22,415 : INFO : EventManager : Unordered handler for class <Auditor> on event game_ended with priority 1. Handlers: [RegisteredHandler(callback=<bound method Auditor.disable of <Auditor>>, priority=1, kwargs={}, key=UUID('01c7c0f2-4eb3-4d7b-b0bf-4d2e80769388'), condition=None, blocking_facility=None), RegisteredHandler(callback=<bound method Auditor._save_audits of <Auditor>>, priority=1, kwargs={}, key=UUID('2ad6f52c-f206-4db9-89da-62b5306077eb'), condition=None, blocking_facility=None)]. The order of those handlers is not defined and they will be executed in random order. This might lead to race conditions and potential bugs.
2026-06-15 00:35:22,416 : INFO : EventManager : Event: ======'player_add_request'====== Args={}
2026-06-15 00:35:22,416 : INFO : EventManager : Event: ======'player_will_add'====== Args={'number': 1}
2026-06-15 00:35:22,416 : INFO : EventManager : Event: ======'player_adding'====== Args={'player': <Player 1>, 'number': 1}
2026-06-15 00:35:22,416 : INFO : EventManager : Event: ======'player_added'====== Args={'player': <Player 1>, 'num': 1}
2026-06-15 00:35:22,416 : INFO : Mode.game : Player added successfully. Total players: 1
2026-06-15 00:35:22,416 : INFO : EventManager : Event: ======'player_index'====== Args={'value': 0, 'prev_value': 0, 'change': 0, 'player_num': 1}
2026-06-15 00:35:22,416 : INFO : EventManager : Event: ======'player_number'====== Args={'value': 1, 'prev_value': 1, 'change': 0, 'player_num': 1}
2026-06-15 00:35:22,416 : INFO : EventManager : Event: ======'player_score'====== Args={'value': 0, 'prev_value': 0, 'change': 0, 'player_num': 1}
2026-06-15 00:35:22,416 : INFO : EventManager : Event: ======'game_started'====== Args={}
2026-06-15 00:35:22,417 : INFO : EventManager : Event: ======'player_turn_will_start'====== Args={'player': <Player 1>, 'number': 1}
2026-06-15 00:35:22,417 : INFO : EventManager : Event: ======'player_turn_starting'====== Args={'player': <Player 1>, 'number': 1}
2026-06-15 00:35:22,417 : INFO : EventManager : Event: ======'player_ball'====== Args={'value': 1, 'prev_value': 0, 'change': 1, 'player_num': 1}
2026-06-15 00:35:22,417 : INFO : EventManager : Event: ======'player_turn_started'====== Args={'player': <Player 1>, 'number': 1}
2026-06-15 00:35:22,417 : INFO : EventManager : Event: ======'ball_will_start'====== Args={'player': 1, 'ball': 1, 'balls_remaining': 2, 'is_extra_ball': False}
2026-06-15 00:35:22,418 : INFO : EventManager : Event: ======'ball_starting'====== Args={'player': 1, 'ball': 1, 'balls_remaining': 2, 'is_extra_ball': False}
2026-06-15 00:35:22,418 : INFO : EventManager : Event: ======'balls_in_play'====== Args={'balls': 1}
2026-06-15 00:35:22,418 : INFO : EventManager : Event: ======'ball_started'====== Args={'player': 1, 'ball': 1, 'balls_remaining': 2, 'is_extra_ball': False}
2026-06-15 00:35:22,419 : INFO : EventManager : Event: ======'single_player_ball_started'====== Args={}
2026-06-15 00:35:22,419 : INFO : EventManager : Event: ======'ball_start_target'====== Args={'target': 'playfield'}
2026-06-15 00:35:22,419 : INFO : ball_device.bd_trough : Setting up player-controlled eject. Balls: 1, Target: <playfield.playfield>, player_controlled_eject_event: None
2026-06-15 00:35:22,419 : INFO : ball_device.bd_trough : Adding 1 ball(s) to the eject_queue with target <playfield.playfield>.
2026-06-15 00:35:22,419 : INFO : EventManager : Event: ======'balldevice_balls_available'====== Args={}
2026-06-15 00:35:22,420 : INFO : ball_device.bd_trough : State: waiting_for_target_ready
2026-06-15 00:35:22,420 : INFO : EventManager : Event: ======'balldevice_bd_trough_ball_eject_attempt'====== Args={'balls': 1, 'target': <ball_device.bd_plunger>, 'source': <ball_device.bd_trough>, 'mechanical_eject': False, 'num_attempts': 0}
2026-06-15 00:35:22,420 : INFO : ball_device.bd_plunger : State: waiting_for_ball
2026-06-15 00:35:22,420 : INFO : ball_device.bd_trough : State: ejecting
2026-06-15 00:35:22,421 : INFO : ball_device.bd_trough : Ejecting ball to <ball_device.bd_plunger>
2026-06-15 00:35:22,421 : INFO : EventManager : Event: ======'balldevice_bd_trough_ejecting_ball'====== Args={'balls': 1, 'target': <ball_device.bd_plunger>, 'source': <ball_device.bd_trough>, 'mechanical_eject': False, 'num_attempts': 0}
2026-06-15 00:35:22,421 : INFO : ball_device.bd_trough : Wait for ball to leave device
2026-06-15 00:35:22,422 : INFO : coil.c_trough_eject_coil : Pulsing Driver for 20ms (1.0 pulse_power)
2026-06-15 00:35:22,452 : INFO : SwitchController : <<<<<<< 's_trough_ball_1' inactive >>>>>>>
2026-06-15 00:35:22,453 : INFO : ball_device.bd_trough : State: ball_left
2026-06-15 00:35:22,453 : INFO : ball_device.bd_trough : Ball left
2026-06-15 00:35:22,453 : INFO : ball_device.bd_trough : Wait for confirm with timeout 2.0
2026-06-15 00:35:22,638 : INFO : SwitchController : <<<<<<< 's_trough_ball_1' active >>>>>>>
2026-06-15 00:35:22,639 : INFO : EventManager : Event: ======'machine_var_audits_switches_s_trough_ball_1'====== Args={'value': 73, 'prev_value': 72, 'change': 1}
2026-06-15 00:35:22,670 : INFO : SwitchController : <<<<<<< 's_trough_ball_1' inactive >>>>>>>
2026-06-15 00:35:22,740 : INFO : SwitchController : <<<<<<< 's_trough_ball_2' active >>>>>>>
2026-06-15 00:35:22,740 : INFO : EventManager : Event: ======'machine_var_audits_switches_s_trough_ball_2'====== Args={'value': 10, 'prev_value': 9, 'change': 1}
2026-06-15 00:35:23,057 : INFO : SwitchController : <<<<<<< 's_trough_ball_2' inactive >>>>>>>
2026-06-15 00:35:23,089 : INFO : SwitchController : <<<<<<< 's_trough_ball_1' active >>>>>>>
2026-06-15 00:35:23,089 : INFO : EventManager : Event: ======'machine_var_audits_switches_s_trough_ball_1'====== Args={'value': 74, 'prev_value': 73, 'change': 1}
2026-06-15 00:35:24,469 : INFO : ball_device.bd_trough : State: failed_confirm
2026-06-15 00:35:24,469 : INFO : ball_device.bd_trough : Got timeout (2.0s) before confirm from <ball_device.bd_plunger>
2026-06-15 00:35:24,472 : INFO : ball_device.bd_plunger : Expecting incoming ball which may skip the device.
2026-06-15 00:35:24,473 : INFO : EventManager : Event: ======'balldevice_bd_plunger_ejecting_ball'====== Args={'balls': 1, 'target': <playfield.playfield>, 'source': <ball_device.bd_plunger>, 'mechanical_eject': False, 'num_attempts': 1}
2026-06-15 00:35:24,474 : INFO : ball_device.bd_trough : Got unknown balls. Assuming a ball returned.
2026-06-15 00:35:24,474 : INFO : EventManager : Event: ======'balldevice_bd_trough_ball_eject_failed'====== Args={'target': <ball_device.bd_plunger>, 'balls': 1, 'retry': True, 'num_attempts': 1}
2026-06-15 00:35:24,475 : INFO : EventManager : Event: ======'balldevice_bd_plunger_ball_eject_failed'====== Args={'target': <playfield.playfield>, 'balls': 1, 'retry': True, 'num_attempts': 1}
2026-06-15 00:35:24,476 : INFO : ball_device.bd_trough : State: waiting_for_target_ready
2026-06-15 00:35:24,476 : INFO : EventManager : Event: ======'balldevice_bd_trough_ball_eject_attempt'====== Args={'balls': 1, 'target': <ball_device.bd_plunger>, 'source': <ball_device.bd_trough>, 'mechanical_eject': False, 'num_attempts': 1}
2026-06-15 00:35:24,476 : INFO : ball_device.bd_plunger : No longer expecting incoming ball which may skip the device.
2026-06-15 00:35:24,477 : INFO : ball_device.bd_trough : State: ejecting
2026-06-15 00:35:24,477 : INFO : ball_device.bd_trough : Ejecting ball to <ball_device.bd_plunger>
2026-06-15 00:35:24,477 : INFO : EventManager : Event: ======'balldevice_bd_trough_ejecting_ball'====== Args={'balls': 1, 'target': <ball_device.bd_plunger>, 'source': <ball_device.bd_trough>, 'mechanical_eject': False, 'num_attempts': 1}
2026-06-15 00:35:24,478 : INFO : ball_device.bd_plunger : State: waiting_for_ball
2026-06-15 00:35:24,478 : INFO : ball_device.bd_trough : Wait for ball to leave device
2026-06-15 00:35:24,478 : INFO : coil.c_trough_eject_coil : Pulsing Driver for 20ms (1.0 pulse_power)
2026-06-15 00:35:24,516 : INFO : SwitchController : <<<<<<< 's_trough_ball_1' inactive >>>>>>>
2026-06-15 00:35:24,519 : INFO : ball_device.bd_trough : State: ball_left
2026-06-15 00:35:24,519 : INFO : ball_device.bd_trough : Ball left
2026-06-15 00:35:24,519 : INFO : ball_device.bd_trough : Wait for confirm with timeout 2.0
2026-06-15 00:35:24,697 : INFO : SwitchController : <<<<<<< 's_trough_ball_1' active >>>>>>>
2026-06-15 00:35:24,698 : INFO : EventManager : Event: ======'machine_var_audits_switches_s_trough_ball_1'====== Args={'value': 75, 'prev_value': 74, 'change': 1}
2026-06-15 00:35:24,729 : INFO : SwitchController : <<<<<<< 's_trough_ball_1' inactive >>>>>>>
2026-06-15 00:35:24,793 : INFO : SwitchController : <<<<<<< 's_trough_ball_2' active >>>>>>>
2026-06-15 00:35:24,794 : INFO : EventManager : Event: ======'machine_var_audits_switches_s_trough_ball_2'====== Args={'value': 11, 'prev_value': 10, 'change': 1}
2026-06-15 00:35:26,530 : INFO : ball_device.bd_trough : State: failed_confirm
2026-06-15 00:35:26,530 : INFO : ball_device.bd_trough : Got timeout (2.0s) before confirm from <ball_device.bd_plunger>
2026-06-15 00:35:26,533 : INFO : ball_device.bd_plunger : Expecting incoming ball which may skip the device.
2026-06-15 00:35:26,534 : INFO : EventManager : Event: ======'balldevice_bd_plunger_ejecting_ball'====== Args={'balls': 1, 'target': <playfield.playfield>, 'source': <ball_device.bd_plunger>, 'mechanical_eject': False, 'num_attempts': 1}
2026-06-15 00:35:26,534 : INFO : ball_device.bd_trough : Got unknown balls. Assuming a ball returned.
2026-06-15 00:35:26,535 : INFO : EventManager : Event: ======'balldevice_bd_trough_ball_eject_failed'====== Args={'target': <ball_device.bd_plunger>, 'balls': 1, 'retry': True, 'num_attempts': 2}
2026-06-15 00:35:26,538 : INFO : EventManager : Event: ======'balldevice_bd_plunger_ball_eject_failed'====== Args={'target': <playfield.playfield>, 'balls': 1, 'retry': True, 'num_attempts': 1}
2026-06-15 00:35:26,539 : INFO : ball_device.bd_trough : State: waiting_for_target_ready
2026-06-15 00:35:26,539 : INFO : EventManager : Event: ======'balldevice_bd_trough_ball_eject_attempt'====== Args={'balls': 1, 'target': <ball_device.bd_plunger>, 'source': <ball_device.bd_trough>, 'mechanical_eject': False, 'num_attempts': 2}
2026-06-15 00:35:26,540 : INFO : ball_device.bd_plunger : No longer expecting incoming ball which may skip the device.
2026-06-15 00:35:26,541 : INFO : ball_device.bd_trough : State: ejecting
2026-06-15 00:35:26,541 : INFO : ball_device.bd_trough : Ejecting ball to <ball_device.bd_plunger>
2026-06-15 00:35:26,541 : INFO : EventManager : Event: ======'balldevice_bd_trough_ejecting_ball'====== Args={'balls': 1, 'target': <ball_device.bd_plunger>, 'source': <ball_device.bd_trough>, 'mechanical_eject': False, 'num_attempts': 2}
2026-06-15 00:35:26,543 : INFO : ball_device.bd_plunger : State: waiting_for_ball
2026-06-15 00:35:26,544 : INFO : ball_device.bd_trough : Wait for ball to leave device
2026-06-15 00:35:26,544 : INFO : coil.c_trough_eject_coil : Pulsing Driver for 20ms (1.0 pulse_power)
2026-06-15 00:35:26,578 : INFO : SwitchController : <<<<<<< 's_trough_ball_2' inactive >>>>>>>
2026-06-15 00:35:26,579 : INFO : ball_device.bd_trough : State: ball_left
2026-06-15 00:35:26,579 : INFO : ball_device.bd_trough : Ball left
2026-06-15 00:35:26,579 : INFO : ball_device.bd_trough : Wait for confirm with timeout 2.0
2026-06-15 00:35:26,609 : INFO : SwitchController : <<<<<<< 's_trough_ball_2' active >>>>>>>
2026-06-15 00:35:26,610 : INFO : EventManager : Event: ======'machine_var_audits_switches_s_trough_ball_2'====== Args={'value': 12, 'prev_value': 11, 'change': 1}
2026-06-15 00:35:26,841 : INFO : SwitchController : <<<<<<< 's_trough_ball_2' inactive >>>>>>>
2026-06-15 00:35:26,853 : INFO : SwitchController : <<<<<<< 's_trough_ball_1' active >>>>>>>
2026-06-15 00:35:26,853 : INFO : EventManager : Event: ======'machine_var_audits_switches_s_trough_ball_1'====== Args={'value': 76, 'prev_value': 75, 'change': 1}
2026-06-15 00:35:28,585 : INFO : ball_device.bd_trough : State: failed_confirm
2026-06-15 00:35:28,585 : INFO : ball_device.bd_trough : Got timeout (2.0s) before confirm from <ball_device.bd_plunger>
2026-06-15 00:35:28,586 : INFO : ball_device.bd_plunger : Expecting incoming ball which may skip the device.
2026-06-15 00:35:28,586 : INFO : EventManager : Event: ======'balldevice_bd_plunger_ejecting_ball'====== Args={'balls': 1, 'target': <playfield.playfield>, 'source': <ball_device.bd_plunger>, 'mechanical_eject': False, 'num_attempts': 1}
2026-06-15 00:35:28,586 : INFO : ball_device.bd_trough : Got unknown balls. Assuming a ball returned.
2026-06-15 00:35:28,586 : INFO : ball_device.bd_trough : State: eject_broken
2026-06-15 00:35:28,586 : INFO : EventManager : Event: ======'balldevice_bd_trough_ball_eject_failed'====== Args={'target': <ball_device.bd_plunger>, 'balls': 1, 'retry': False, 'num_attempts': 3}
2026-06-15 00:35:28,587 : INFO : EventManager : Event: ======'balldevice_bd_trough_broken'====== Args={}
2026-06-15 00:35:28,587 : INFO : EventManager : Event: ======'balldevice_bd_plunger_ball_eject_failed'====== Args={'target': <playfield.playfield>, 'balls': 1, 'retry': True, 'num_attempts': 1}
2026-06-15 00:35:28,587 : INFO : ball_device.bd_plunger : No longer expecting incoming ball which may skip the device.
2026-06-15 00:35:28,588 : INFO : ball_device.bd_plunger : State: waiting_for_ball
2026-06-15 00:35:59,696 : INFO : SwitchController : <<<<<<< 's_trough_ball_1' inactive >>>>>>>
2026-06-15 00:36:00,153 : INFO : SwitchController : <<<<<<< 's_trough_ball_1' active >>>>>>>
2026-06-15 00:36:00,153 : INFO : EventManager : Event: ======'machine_var_audits_switches_s_trough_ball_1'====== Args={'value': 77, 'prev_value': 76, 'change': 1}
2026-06-15 00:36:03,649 : INFO : SwitchController : <<<<<<< 's_trough_ball_1' inactive >>>>>>>
2026-06-15 00:36:04,091 : INFO : SwitchController : <<<<<<< 's_trough_ball_1' active >>>>>>>
2026-06-15 00:36:04,092 : INFO : EventManager : Event: ======'machine_var_audits_switches_s_trough_ball_1'====== Args={'value': 78, 'prev_value': 77, 'change': 1}
2026-06-15 00:36:04,961 : INFO : SwitchController : <<<<<<< 's_trough_ball_1' inactive >>>>>>>
2026-06-15 00:36:05,415 : INFO : SwitchController : <<<<<<< 's_trough_ball_1' active >>>>>>>
2026-06-15 00:36:05,415 : INFO : EventManager : Event: ======'machine_var_audits_switches_s_trough_ball_1'====== Args={'value': 79, 'prev_value': 78, 'change': 1}
2026-06-15 00:36:06,019 : INFO : SwitchController : <<<<<<< 's_trough_ball_1' inactive >>>>>>>
2026-06-15 00:36:06,457 : INFO : SwitchController : <<<<<<< 's_trough_ball_1' active >>>>>>>
2026-06-15 00:36:06,457 : INFO : EventManager : Event: ======'machine_var_audits_switches_s_trough_ball_1'====== Args={'value': 80, 'prev_value': 79, 'change': 1}
2026-06-15 00:36:07,117 : INFO : SwitchController : <<<<<<< 's_trough_ball_1' inactive >>>>>>>
2026-06-15 00:36:07,598 : INFO : SwitchController : <<<<<<< 's_trough_ball_1' active >>>>>>>
2026-06-15 00:36:07,598 : INFO : EventManager : Event: ======'machine_var_audits_switches_s_trough_ball_1'====== Args={'value': 81, 'prev_value': 80, 'change': 1}
2026-06-15 00:36:08,105 : INFO : SwitchController : <<<<<<< 's_trough_ball_1' inactive >>>>>>>
2026-06-15 00:36:08,565 : INFO : SwitchController : <<<<<<< 's_trough_ball_1' active >>>>>>>
2026-06-15 00:36:08,565 : INFO : EventManager : Event: ======'machine_var_audits_switches_s_trough_ball_1'====== Args={'value': 82, 'prev_value': 81, 'change': 1}
2026-06-15 00:36:09,040 : INFO : SwitchController : <<<<<<< 's_trough_ball_1' inactive >>>>>>>
2026-06-15 00:36:09,598 : INFO : SwitchController : <<<<<<< 's_trough_ball_1' active >>>>>>>
2026-06-15 00:36:09,598 : INFO : EventManager : Event: ======'machine_var_audits_switches_s_trough_ball_1'====== Args={'value': 83, 'prev_value': 82, 'change': 1}
2026-06-15 00:38:31,367 : INFO : Machine : Shutting down...
2026-06-15 00:38:31,367 : INFO : EventManager : Event: ======'shutdown'====== Args={}
2026-06-15 00:38:31,368 : INFO : EventManager : Event: ======'mode_game_will_stop'====== Args={}
2026-06-15 00:38:31,369 : INFO : EventManager : Event: ======'mode_game_stopping'====== Args={}
2026-06-15 00:38:31,369 : INFO : Mode.game : Stopped.
2026-06-15 00:38:31,369 : INFO : EventManager : Event: ======'modes_active_modes_changed'====== Args={}
2026-06-15 00:38:31,369 : INFO : EventManager : Event: ======'mode_game_stopped'====== Args={}
2026-06-15 00:38:31,370 : INFO : EventManager : Event: ======'clear'====== Args={'key': 'game'}
2026-06-15 00:38:31,481 : INFO : root : MPF run loop ended.
