2026-06-18 01:29:37,598 : INFO : root : Loading config.
2026-06-18 01:29:37,601 : INFO : YamlMultifileConfigLoader : Machine config file #1: config.yaml
2026-06-18 01:29:37,602 : WARNING : ConfigProcessor : Config file in cache changed: C:\pinball\config\config.yaml
2026-06-18 01:29:37,602 : INFO : ConfigProcessor : Loading config from file C:\Users\mpf\AppData\Local\Programs\Python\Python313\Lib\site-packages\mpf\mpfconfig.yaml.
2026-06-18 01:29:37,653 : INFO : ConfigProcessor : Loading config: C:\Users\mpf\AppData\Local\Programs\Python\Python313\Lib\site-packages\mpf\mpfconfig.yaml
2026-06-18 01:29:37,653 : INFO : ConfigProcessor : Loading config from file C:\pinball\config\config.yaml.
2026-06-18 01:29:37,658 : INFO : ConfigProcessor : Loading config: C:\pinball\config\config.yaml
2026-06-18 01:29:37,665 : INFO : ConfigProcessor : Loading config: C:\pinball\config\config_switches.yaml
2026-06-18 01:29:37,668 : INFO : ConfigProcessor : Loading config: C:\pinball\config\config_ball_devices.yaml
2026-06-18 01:29:37,671 : INFO : ConfigProcessor : Loading config: C:\pinball\config\config_coils.yaml
2026-06-18 01:29:37,672 : INFO : ConfigProcessor : Config file cache created: C:\Users\mpf\AppData\Local\Temp\6d5b600d7be1a6495e3e5a66bc905d87.mpf_cache
2026-06-18 01:29:37,749 : INFO : ConfigProcessor : Loading config from cache: C:\Users\mpf\AppData\Local\Temp\8f40fc9be560776ef72c29fc1142b5c0.mpf_cache
2026-06-18 01:29:37,749 : INFO : ConfigProcessor : Loading config from cache: C:\Users\mpf\AppData\Local\Temp\280ef0bf7d2e5d11f4cb038a53adbb41.mpf_cache
2026-06-18 01:29:37,750 : INFO : ConfigProcessor : Loading config from cache: C:\Users\mpf\AppData\Local\Temp\8f40fc9be560776ef72c29fc1142b5c0.mpf_cache
2026-06-18 01:29:37,750 : INFO : ConfigProcessor : Loading config from cache: C:\Users\mpf\AppData\Local\Temp\d40f4ca26774ea864f33fb732ef4f4c0.mpf_cache
2026-06-18 01:29:37,751 : INFO : Machine : Mission Pinball Framework Core Engine v0.80.0.dev13
2026-06-18 01:29:37,751 : INFO : Machine : Command line arguments: {'no_load_cache': False, 'create_config_cache': True, 'bcp': True, 'configfile': ['config.yaml'], 'force_assets_load': False, 'platform_integration_test': False, 'jsonlogging': False, 'logfile': 'logs\\2026-06-18-01-29-37-mpf-DESKTOP-OC28BPB.log', 'pause': False, 'production': False, 'text_ui': True, 'loglevel': 15, 'consoleloglevel': 20, 'force_platform': None, 'syslog_address': None, 'full_logfile_path': 'C:\\pinball\\logs\\2026-06-18-01-29-37-mpf-DESKTOP-OC28BPB.log'}
2026-06-18 01:29:37,751 : INFO : Machine : MPF path: C:\Users\mpf\AppData\Local\Programs\Python\Python313\Lib\site-packages\mpf
2026-06-18 01:29:37,751 : INFO : Machine : Machine path: C:\pinball
2026-06-18 01:29:37,751 : INFO : Machine : Platform: win32
2026-06-18 01:29:37,751 : INFO : Machine : Python executable location: C:\Users\mpf\AppData\Local\Programs\Python\Python313\python.exe
2026-06-18 01:29:37,751 : INFO : Machine : Python version: 3.13.12 (64-bit)
2026-06-18 01:29:37,753 : INFO : Machine : Initializing MPF...
2026-06-18 01:29:37,951 : INFO : FAST : Auto-detecting ports for the following connections: ['net']
2026-06-18 01:29:37,977 : INFO : FAST : Detected NET on port COM4
2026-06-18 01:29:38,090 : INFO : FAST [NET] : Trying to connect to COM4 at 921600bps
2026-06-18 01:29:38,100 : INFO : FAST [NET] : Connected to COM4 at 921600bps
2026-06-18 01:29:38,118 : INFO : FAST [NET] : Connected to FP-CPU-2000 with firmware v02.26
2026-06-18 01:29:38,150 : INFO : FAST [NET] : Registered I/O Board 0: Model: FP-I/O-3208, Firmware: 01.10, Switches: 32, Drivers: 8
2026-06-18 01:29:38,151 : INFO : EventManager : Event: ======'machine_var_credits_string'====== Args={'value': 'FREE PLAY', 'prev_value': None, 'change': True}
2026-06-18 01:29:38,183 : INFO : EventManager : Event: ======'machine_var_master_volume'====== Args={'value': 0.5, 'prev_value': None, 'change': True}
2026-06-18 01:29:38,183 : INFO : EventManager : Event: ======'machine_var_player1_score'====== Args={'value': 0, 'prev_value': None, 'change': True}
2026-06-18 01:29:38,183 : INFO : EventManager : Event: ======'machine_var_mpf_version'====== Args={'value': 'Mission Pinball Framework v0.80.0.dev13', 'prev_value': None, 'change': True}
2026-06-18 01:29:38,183 : INFO : EventManager : Event: ======'machine_var_mpf_extended_version'====== Args={'value': 'Mission Pinball Framework v0.80.0.dev13, Config version:6, Show version: 6, BCP version:1.1', 'prev_value': None, 'change': True}
2026-06-18 01:29:38,183 : INFO : EventManager : Event: ======'machine_var_python_version'====== Args={'value': '3.13.12', 'prev_value': None, 'change': True}
2026-06-18 01:29:38,238 : INFO : EventManager : Event: ======'machine_var_platform'====== Args={'value': 'Windows-11-10.0.26200-SP0', 'prev_value': None, 'change': True}
2026-06-18 01:29:38,238 : INFO : EventManager : Event: ======'machine_var_platform_system'====== Args={'value': 'Windows', 'prev_value': None, 'change': True}
2026-06-18 01:29:38,238 : INFO : EventManager : Event: ======'machine_var_platform_release'====== Args={'value': '11', 'prev_value': None, 'change': True}
2026-06-18 01:29:38,238 : INFO : EventManager : Event: ======'machine_var_platform_version'====== Args={'value': '10.0.26200', 'prev_value': None, 'change': True}
2026-06-18 01:29:38,238 : INFO : EventManager : Event: ======'machine_var_platform_machine'====== Args={'value': 'AMD64', 'prev_value': None, 'change': True}
2026-06-18 01:29:38,238 : INFO : EventManager : Event: ======'machine_var_log_file_path'====== Args={'value': 'C:\\pinball\\logs\\2026-06-18-01-29-37-mpf-DESKTOP-OC28BPB.log', 'prev_value': None, 'change': True}
2026-06-18 01:29:38,238 : INFO : EventManager : Event: ======'init_phase_1'====== Args={}
2026-06-18 01:29:40,300 : INFO : SwitchController : <<<<<<< 's_trough_ball_jam' active >>>>>>>
2026-06-18 01:29:40,301 : INFO : SwitchController : <<<<<<< 's_trough_ball_1' active >>>>>>>
2026-06-18 01:29:40,302 : INFO : EventManager : Event: ======'init_phase_2'====== Args={}
2026-06-18 01:29:40,303 : INFO : SwitchController : Found active switch: (6, [FAST Platform Interface]) <switch.s_trough_ball_jam>
2026-06-18 01:29:40,304 : INFO : SwitchController : Found active switch: (0, [FAST Platform Interface]) <switch.s_trough_ball_1>
2026-06-18 01:29:40,312 : INFO : EventManager : Event: ======'bcp_connection_attempt'====== Args={'name': 'local_display', 'host': 'localhost', 'port': 5050}
2026-06-18 01:29:40,318 : INFO : BCPClientSocket : Connecting BCP to 'local_display' at localhost:5050...
2026-06-18 01:29:40,342 : INFO : BCPClientSocket : Connected BCP to 'local_display' localhost:5050
2026-06-18 01:29:40,342 : INFO : EventManager : Event: ======'bcp_clients_connected'====== Args={}
2026-06-18 01:29:40,803 : INFO : ball_device.bd_trough : BCH: Initial count: 1
2026-06-18 01:29:40,807 : INFO : ball_device.bd_trough : State: idle
2026-06-18 01:29:40,808 : INFO : ball_device.bd_plunger : BCH: Initial count: 0
2026-06-18 01:29:40,809 : INFO : ball_device.bd_plunger : State: idle
2026-06-18 01:29:40,825 : INFO : EventManager : Event: ======'init_phase_3'====== Args={}
2026-06-18 01:29:40,826 : INFO : EventManager : Event: ======'init_phase_4'====== Args={}
2026-06-18 01:29:40,827 : INFO : BallController : Initial balls found: 1
2026-06-18 01:29:40,828 : INFO : EventManager : Event: ======'machine_var_audits_events_game_ended'====== Args={'value': 5, 'prev_value': None, 'change': True}
2026-06-18 01:29:40,828 : INFO : EventManager : Event: ======'machine_var_audits_events_game_started'====== Args={'value': 18, 'prev_value': None, 'change': True}
2026-06-18 01:29:40,828 : INFO : EventManager : Event: ======'machine_var_audits_missing_switches_s_flipper_left_eos'====== Args={'value': 2, 'prev_value': None, 'change': True}
2026-06-18 01:29:40,828 : INFO : EventManager : Event: ======'machine_var_audits_missing_switches_s_launch'====== Args={'value': 14, 'prev_value': None, 'change': True}
2026-06-18 01:29:40,828 : INFO : EventManager : Event: ======'machine_var_audits_missing_switches_s_left_flipper'====== Args={'value': 2, 'prev_value': None, 'change': True}
2026-06-18 01:29:40,828 : INFO : EventManager : Event: ======'machine_var_audits_missing_switches_s_left_inlane'====== Args={'value': 10, 'prev_value': None, 'change': True}
2026-06-18 01:29:40,829 : INFO : EventManager : Event: ======'machine_var_audits_missing_switches_s_left_outlane'====== Args={'value': 1, 'prev_value': None, 'change': True}
2026-06-18 01:29:40,829 : INFO : EventManager : Event: ======'machine_var_audits_missing_switches_s_right_inlane'====== Args={'value': 2, 'prev_value': None, 'change': True}
2026-06-18 01:29:40,829 : INFO : EventManager : Event: ======'machine_var_audits_missing_switches_s_right_outlane'====== Args={'value': 2, 'prev_value': None, 'change': True}
2026-06-18 01:29:40,829 : INFO : EventManager : Event: ======'machine_var_audits_missing_switches_s_slingshot_left'====== Args={'value': 2, 'prev_value': None, 'change': True}
2026-06-18 01:29:40,829 : INFO : EventManager : Event: ======'machine_var_audits_missing_switches_s_slingshot_right'====== Args={'value': 2, 'prev_value': None, 'change': True}
2026-06-18 01:29:40,829 : INFO : EventManager : Event: ======'machine_var_audits_missing_switches_s_start'====== Args={'value': 4, 'prev_value': None, 'change': True}
2026-06-18 01:29:40,829 : INFO : EventManager : Event: ======'machine_var_audits_missing_switches_s_trough_ball_1'====== Args={'value': 1, 'prev_value': None, 'change': True}
2026-06-18 01:29:40,829 : INFO : EventManager : Event: ======'machine_var_audits_missing_switches_s_trough_ball_2'====== Args={'value': 1, 'prev_value': None, 'change': True}
2026-06-18 01:29:40,829 : INFO : EventManager : Event: ======'machine_var_audits_missing_switches_s_trough_ball_3'====== Args={'value': 1, 'prev_value': None, 'change': True}
2026-06-18 01:29:40,829 : INFO : EventManager : Event: ======'machine_var_audits_missing_switches_s_trough_ball_4'====== Args={'value': 1, 'prev_value': None, 'change': True}
2026-06-18 01:29:40,829 : INFO : EventManager : Event: ======'machine_var_audits_missing_switches_s_trough_ball_5'====== Args={'value': 1, 'prev_value': None, 'change': True}
2026-06-18 01:29:40,829 : INFO : EventManager : Event: ======'machine_var_audits_missing_switches_s_trough_ball_6'====== Args={'value': 1, 'prev_value': None, 'change': True}
2026-06-18 01:29:40,829 : INFO : EventManager : Event: ======'machine_var_audits_missing_switches_s_trough_ball_jam'====== Args={'value': 1, 'prev_value': None, 'change': True}
2026-06-18 01:29:40,829 : INFO : EventManager : Event: ======'machine_var_audits_player_score'====== Args={'value': {'average': 0, 'top': [0, 0, 0, 0, 0], 'total': 5}, 'prev_value': None, 'change': True}
2026-06-18 01:29:40,829 : INFO : EventManager : Event: ======'machine_var_audits_switches_s_flipper_left_eos'====== Args={'value': 5, 'prev_value': None, 'change': True}
2026-06-18 01:29:40,829 : INFO : EventManager : Event: ======'machine_var_audits_switches_s_flipper_right_eos'====== Args={'value': 4, 'prev_value': None, 'change': True}
2026-06-18 01:29:40,829 : INFO : EventManager : Event: ======'machine_var_audits_switches_s_launch'====== Args={'value': 2, 'prev_value': None, 'change': True}
2026-06-18 01:29:40,829 : INFO : EventManager : Event: ======'machine_var_audits_switches_s_left_flipper'====== Args={'value': 6, 'prev_value': None, 'change': True}
2026-06-18 01:29:40,830 : INFO : EventManager : Event: ======'machine_var_audits_switches_s_left_inlane'====== Args={'value': 9, 'prev_value': None, 'change': True}
2026-06-18 01:29:40,830 : INFO : EventManager : Event: ======'machine_var_audits_switches_s_left_outlane'====== Args={'value': 17, 'prev_value': None, 'change': True}
2026-06-18 01:29:40,830 : INFO : EventManager : Event: ======'machine_var_audits_switches_s_plunger'====== Args={'value': 17, 'prev_value': None, 'change': True}
2026-06-18 01:29:40,830 : INFO : EventManager : Event: ======'machine_var_audits_switches_s_right_flipper'====== Args={'value': 9, 'prev_value': None, 'change': True}
2026-06-18 01:29:40,830 : INFO : EventManager : Event: ======'machine_var_audits_switches_s_right_inlane'====== Args={'value': 7, 'prev_value': None, 'change': True}
2026-06-18 01:29:40,830 : INFO : EventManager : Event: ======'machine_var_audits_switches_s_right_outlane'====== Args={'value': 24, 'prev_value': None, 'change': True}
2026-06-18 01:29:40,830 : INFO : EventManager : Event: ======'machine_var_audits_switches_s_slingshot_left'====== Args={'value': 18, 'prev_value': None, 'change': True}
2026-06-18 01:29:40,830 : INFO : EventManager : Event: ======'machine_var_audits_switches_s_slingshot_right'====== Args={'value': 25, 'prev_value': None, 'change': True}
2026-06-18 01:29:40,830 : INFO : EventManager : Event: ======'machine_var_audits_switches_s_start'====== Args={'value': 0, 'prev_value': None, 'change': True}
2026-06-18 01:29:40,830 : INFO : EventManager : Event: ======'machine_var_audits_switches_s_trough_ball_1'====== Args={'value': 101, 'prev_value': None, 'change': True}
2026-06-18 01:29:40,830 : INFO : EventManager : Event: ======'machine_var_audits_switches_s_trough_ball_2'====== Args={'value': 27, 'prev_value': None, 'change': True}
2026-06-18 01:29:40,830 : INFO : EventManager : Event: ======'machine_var_audits_switches_s_trough_ball_3'====== Args={'value': 15, 'prev_value': None, 'change': True}
2026-06-18 01:29:40,830 : INFO : EventManager : Event: ======'machine_var_audits_switches_s_trough_ball_4'====== Args={'value': 15, 'prev_value': None, 'change': True}
2026-06-18 01:29:40,830 : INFO : EventManager : Event: ======'machine_var_audits_switches_s_trough_ball_5'====== Args={'value': 15, 'prev_value': None, 'change': True}
2026-06-18 01:29:40,830 : INFO : EventManager : Event: ======'machine_var_audits_switches_s_trough_ball_6'====== Args={'value': 15, 'prev_value': None, 'change': True}
2026-06-18 01:29:40,830 : INFO : EventManager : Event: ======'machine_var_audits_switches_s_trough_ball_jam'====== Args={'value': 53, 'prev_value': None, 'change': True}
2026-06-18 01:29:40,831 : INFO : EventManager : Event: ======'init_phase_5'====== Args={}
2026-06-18 01:29:40,831 : INFO : EventManager : Event: ======'init_done'====== Args={}
2026-06-18 01:29:40,831 : INFO : EventManager : Event: ======'machine_reset_phase_1'====== Args={}
2026-06-18 01:29:40,869 : INFO : EventManager : Event: ======'machine_reset_phase_2'====== Args={}
2026-06-18 01:29:40,870 : INFO : EventManager : Event: ======'machine_reset_phase_3'====== Args={}
2026-06-18 01:29:40,870 : INFO : EventManager : Event: ======'reset_complete'====== Args={}
2026-06-18 01:29:40,870 : INFO : EventManager : Event: ======'mode_attract_will_start'====== Args={}
2026-06-18 01:29:40,871 : INFO : EventManager : Event: ======'mode_attract_starting'====== Args={}
2026-06-18 01:29:40,871 : INFO : Mode.attract : Started. Priority: 10
2026-06-18 01:29:40,871 : INFO : EventManager : Event: ======'modes_active_modes_changed'====== Args={}
2026-06-18 01:29:40,871 : INFO : EventManager : Event: ======'mode_attract_started'====== Args={}
2026-06-18 01:29:40,872 : INFO : EventManager : Event: ======'collecting_balls_complete'====== Args={}
2026-06-18 01:29:40,872 : INFO : Machine : Starting the main run loop with active modes: [<Mode.attract>]
2026-06-18 01:29:40,902 : INFO : EventManager : Event: ======'slide_attract_created'====== Args={'_from_bcp': True}
2026-06-18 01:29:40,902 : INFO : EventManager : Event: ======'slide__removed'====== Args={'_from_bcp': True}
2026-06-18 01:29:40,902 : INFO : EventManager : Event: ======'slide_attract_active'====== Args={'original_context': 'attract', 'original_calling_context': 'mode_attract_started', 'priority': 10.0, 'cmd': 'slides_play', '_from_bcp': True}
2026-06-18 01:29:52,024 : INFO : SwitchController : <<<<<<< 's_start' active >>>>>>>
2026-06-18 01:29:52,214 : INFO : SwitchController : <<<<<<< 's_start' inactive >>>>>>>
2026-06-18 01:29:52,215 : INFO : EventManager : Event: ======'request_to_start_game'====== Args={}
2026-06-18 01:29:52,215 : INFO : EventManager : Event: ======'game_start'====== Args={'buttons': [], 'hold_time': 0.1900908999996318}
2026-06-18 01:29:52,216 : INFO : EventManager : Event: ======'mode_game_will_start'====== Args={'buttons': [], 'hold_time': 0.1900908999996318}
2026-06-18 01:29:52,218 : INFO : EventManager : Event: ======'mode_game_starting'====== Args={'buttons': [], 'hold_time': 0.1900908999996318}
2026-06-18 01:29:52,218 : INFO : EventManager : Event: ======'mode_attract_will_stop'====== Args={}
2026-06-18 01:29:52,218 : INFO : EventManager : Event: ======'mode_attract_stopping'====== Args={}
2026-06-18 01:29:52,219 : INFO : Mode.attract : Stopped.
2026-06-18 01:29:52,219 : INFO : EventManager : Event: ======'modes_active_modes_changed'====== Args={}
2026-06-18 01:29:52,219 : INFO : EventManager : Event: ======'mode_attract_stopped'====== Args={}
2026-06-18 01:29:52,219 : INFO : EventManager : Event: ======'clear'====== Args={'key': 'attract'}
2026-06-18 01:29:52,219 : INFO : Mode.game : Started. Priority: 20
2026-06-18 01:29:52,220 : INFO : EventManager : Event: ======'modes_active_modes_changed'====== Args={}
2026-06-18 01:29:52,220 : INFO : EventManager : Event: ======'mode_game_started'====== Args={'buttons': [], 'hold_time': 0.1900908999996318}
2026-06-18 01:29:52,221 : INFO : EventManager : Event: ======'game_will_start'====== Args={}
2026-06-18 01:29:52,221 : INFO : EventManager : Event: ======'game_starting'====== Args={'game': <Mode.game>}
2026-06-18 01:29:52,222 : INFO : EventManager : Unordered handler for class <Auditor> on event game_ended with priority 1. Handlers: [RegisteredHandler(callback=<bound method Auditor.disable of <Auditor>>, priority=1, kwargs={}, key=UUID('e1a7732f-5dae-44b2-823f-63ef3bb498e6'), condition=None, blocking_facility=None), RegisteredHandler(callback=<bound method Auditor._save_audits of <Auditor>>, priority=1, kwargs={}, key=UUID('6bc1e77d-d139-493f-98c5-4e97529e0c29'), condition=None, blocking_facility=None)]. The order of those handlers is not defined and they will be executed in random order. This might lead to race conditions and potential bugs.
2026-06-18 01:29:52,222 : INFO : EventManager : Event: ======'player_add_request'====== Args={}
2026-06-18 01:29:52,222 : INFO : EventManager : Event: ======'player_will_add'====== Args={'number': 1}
2026-06-18 01:29:52,222 : INFO : EventManager : Event: ======'player_adding'====== Args={'player': <Player 1>, 'number': 1}
2026-06-18 01:29:52,223 : INFO : EventManager : Event: ======'player_added'====== Args={'player': <Player 1>, 'num': 1}
2026-06-18 01:29:52,223 : INFO : Mode.game : Player added successfully. Total players: 1
2026-06-18 01:29:52,223 : INFO : EventManager : Event: ======'player_index'====== Args={'value': 0, 'prev_value': 0, 'change': 0, 'player_num': 1}
2026-06-18 01:29:52,223 : INFO : EventManager : Event: ======'player_number'====== Args={'value': 1, 'prev_value': 1, 'change': 0, 'player_num': 1}
2026-06-18 01:29:52,223 : INFO : EventManager : Event: ======'player_score'====== Args={'value': 0, 'prev_value': 0, 'change': 0, 'player_num': 1}
2026-06-18 01:29:52,224 : INFO : EventManager : Event: ======'game_started'====== Args={}
2026-06-18 01:29:52,224 : INFO : EventManager : Event: ======'player_turn_will_start'====== Args={'player': <Player 1>, 'number': 1}
2026-06-18 01:29:52,225 : INFO : EventManager : Event: ======'player_turn_starting'====== Args={'player': <Player 1>, 'number': 1}
2026-06-18 01:29:52,225 : INFO : EventManager : Event: ======'player_ball'====== Args={'value': 1, 'prev_value': 0, 'change': 1, 'player_num': 1}
2026-06-18 01:29:52,225 : INFO : EventManager : Event: ======'player_turn_started'====== Args={'player': <Player 1>, 'number': 1}
2026-06-18 01:29:52,232 : INFO : EventManager : Event: ======'ball_will_start'====== Args={'player': 1, 'ball': 1, 'balls_remaining': 2, 'is_extra_ball': False}
2026-06-18 01:29:52,232 : INFO : EventManager : Event: ======'ball_starting'====== Args={'player': 1, 'ball': 1, 'balls_remaining': 2, 'is_extra_ball': False}
2026-06-18 01:29:52,233 : INFO : EventManager : Event: ======'mode_base_will_start'====== Args={'queue': <QueuedEvent>, 'player': 1, 'ball': 1, 'balls_remaining': 2, 'is_extra_ball': False}
2026-06-18 01:29:52,233 : INFO : EventManager : Event: ======'mode_base_starting'====== Args={'queue': <QueuedEvent>, 'player': 1, 'ball': 1, 'balls_remaining': 2, 'is_extra_ball': False}
2026-06-18 01:29:52,233 : INFO : Mode.base : Started. Priority: 100
2026-06-18 01:29:52,233 : INFO : EventManager : Event: ======'modes_active_modes_changed'====== Args={}
2026-06-18 01:29:52,234 : INFO : EventManager : Event: ======'mode_base_started'====== Args={'queue': <QueuedEvent>, 'player': 1, 'ball': 1, 'balls_remaining': 2, 'is_extra_ball': False}
2026-06-18 01:29:52,238 : INFO : EventManager : Event: ======'balls_in_play'====== Args={'balls': 1}
2026-06-18 01:29:52,238 : INFO : EventManager : Event: ======'ball_started'====== Args={'player': 1, 'ball': 1, 'balls_remaining': 2, 'is_extra_ball': False}
2026-06-18 01:29:52,240 : INFO : EventManager : Event: ======'single_player_ball_started'====== Args={}
2026-06-18 01:29:52,241 : INFO : EventManager : Event: ======'ball_start_target'====== Args={'target': 'playfield'}
2026-06-18 01:29:52,241 : INFO : ball_device.bd_trough : Setting up player-controlled eject. Balls: 1, Target: <playfield.playfield>, player_controlled_eject_event: None
2026-06-18 01:29:52,241 : INFO : ball_device.bd_trough : Adding 1 ball(s) to the eject_queue with target <playfield.playfield>.
2026-06-18 01:29:52,241 : INFO : EventManager : Event: ======'balldevice_balls_available'====== Args={}
2026-06-18 01:29:52,242 : INFO : ball_device.bd_trough : State: waiting_for_target_ready
2026-06-18 01:29:52,242 : INFO : EventManager : Event: ======'balldevice_bd_trough_ball_eject_attempt'====== Args={'balls': 1, 'target': <ball_device.bd_plunger>, 'source': <ball_device.bd_trough>, 'mechanical_eject': False, 'num_attempts': 0}
2026-06-18 01:29:52,242 : INFO : ball_device.bd_plunger : State: waiting_for_ball
2026-06-18 01:29:52,242 : INFO : ball_device.bd_trough : State: ejecting
2026-06-18 01:29:52,243 : INFO : ball_device.bd_trough : Ejecting ball to <ball_device.bd_plunger>
2026-06-18 01:29:52,243 : INFO : EventManager : Event: ======'balldevice_bd_trough_ejecting_ball'====== Args={'balls': 1, 'target': <ball_device.bd_plunger>, 'source': <ball_device.bd_trough>, 'mechanical_eject': False, 'num_attempts': 0}
2026-06-18 01:29:52,244 : INFO : ball_device.bd_trough : Wait for ball to leave device
2026-06-18 01:29:52,244 : INFO : coil.c_trough_eject_coil : Pulsing Driver for 15ms (1.0 pulse_power)
2026-06-18 01:29:52,278 : INFO : SwitchController : <<<<<<< 's_trough_ball_1' inactive >>>>>>>
2026-06-18 01:29:52,279 : INFO : ball_device.bd_trough : State: ball_left
2026-06-18 01:29:52,279 : INFO : ball_device.bd_trough : Ball left
2026-06-18 01:29:52,279 : INFO : ball_device.bd_trough : Wait for confirm with timeout 2.0
2026-06-18 01:29:52,768 : INFO : SwitchController : <<<<<<< 's_trough_ball_jam' inactive >>>>>>>
2026-06-18 01:29:52,768 : INFO : SwitchController : <<<<<<< 's_plunger' active >>>>>>>
2026-06-18 01:29:52,769 : INFO : EventManager : Event: ======'machine_var_audits_switches_s_plunger'====== Args={'value': 18, 'prev_value': 17, 'change': 1}
2026-06-18 01:29:53,285 : INFO : ball_device.bd_plunger : Received ball from <ball_device.bd_trough>
2026-06-18 01:29:53,286 : INFO : EventManager : Event: ======'balldevice_bd_plunger_ball_enter'====== Args={'new_balls': 1, 'unclaimed_balls': 0, 'new_available_balls': 0, 'device': <ball_device.bd_plunger>}
2026-06-18 01:29:53,287 : INFO : EventManager : Event: ======'balldevice_bd_plunger_ball_entered'====== Args={'new_balls': 0, 'device': <ball_device.bd_plunger>}
2026-06-18 01:29:53,287 : INFO : EventManager : Event: ======'balldevice_bd_plunger_ball_count_changed'====== Args={'balls': 1}
2026-06-18 01:29:53,287 : INFO : ball_device.bd_trough : Got eject confirm
2026-06-18 01:29:53,287 : INFO : ball_device.bd_trough : Eject successful
2026-06-18 01:29:53,287 : INFO : EventManager : Event: ======'balldevice_bd_trough_ball_eject_success'====== Args={'balls': 1, 'target': <ball_device.bd_plunger>}
2026-06-18 01:29:53,288 : INFO : ball_device.bd_plunger : State: waiting_for_target_ready
2026-06-18 01:29:53,288 : INFO : EventManager : Event: ======'balldevice_bd_plunger_ball_eject_attempt'====== Args={'balls': 1, 'target': <playfield.playfield>, 'source': <ball_device.bd_plunger>, 'mechanical_eject': False, 'num_attempts': 0}
2026-06-18 01:29:53,288 : INFO : EventManager : Event: ======'balldevice_bd_trough_ball_count_changed'====== Args={'balls': 0}
2026-06-18 01:29:53,288 : INFO : ball_device.bd_trough : State: idle
2026-06-18 01:29:53,289 : INFO : ball_device.bd_plunger : State: ejecting
2026-06-18 01:29:53,289 : INFO : ball_device.bd_plunger : Ejecting ball to <playfield.playfield>
2026-06-18 01:29:53,289 : INFO : EventManager : Event: ======'balldevice_bd_plunger_ejecting_ball'====== Args={'balls': 1, 'target': <playfield.playfield>, 'source': <ball_device.bd_plunger>, 'mechanical_eject': False, 'num_attempts': 0}
2026-06-18 01:29:53,290 : INFO : ball_device.bd_plunger : Wait for ball to leave device
2026-06-18 01:29:55,067 : INFO : SwitchController : <<<<<<< 's_slingshot_left' active >>>>>>>
2026-06-18 01:29:55,068 : INFO : EventManager : Event: ======'playfield_active'====== Args={'source': 'left_sling'}
2026-06-18 01:29:55,068 : INFO : EventManager : Event: ======'machine_var_audits_switches_s_slingshot_left'====== Args={'value': 19, 'prev_value': 18, 'change': 1}
2026-06-18 01:29:55,072 : INFO : SwitchController : <<<<<<< 's_slingshot_left' inactive >>>>>>>
2026-06-18 01:29:58,291 : INFO : EventManager : Event: ======'balldevice_bd_plunger_ball_eject_failed'====== Args={'target': <playfield.playfield>, 'balls': 1, 'retry': True, 'num_attempts': 1}
2026-06-18 01:29:58,294 : INFO : ball_device.bd_plunger : State: waiting_for_target_ready
2026-06-18 01:29:58,294 : INFO : EventManager : Event: ======'balldevice_bd_plunger_ball_eject_attempt'====== Args={'balls': 1, 'target': <playfield.playfield>, 'source': <ball_device.bd_plunger>, 'mechanical_eject': False, 'num_attempts': 1}
2026-06-18 01:29:58,295 : INFO : ball_device.bd_plunger : State: ejecting
2026-06-18 01:29:58,295 : INFO : ball_device.bd_plunger : Ejecting ball to <playfield.playfield>
2026-06-18 01:29:58,296 : INFO : EventManager : Event: ======'balldevice_bd_plunger_ejecting_ball'====== Args={'balls': 1, 'target': <playfield.playfield>, 'source': <ball_device.bd_plunger>, 'mechanical_eject': False, 'num_attempts': 1}
2026-06-18 01:29:58,297 : INFO : ball_device.bd_plunger : Wait for ball to leave device
2026-06-18 01:30:00,171 : INFO : Machine : Shutting down...
2026-06-18 01:30:00,171 : INFO : EventManager : Event: ======'shutdown'====== Args={}
2026-06-18 01:30:00,176 : INFO : EventManager : Event: ======'mode_game_will_stop'====== Args={}
2026-06-18 01:30:00,176 : INFO : EventManager : Event: ======'mode_game_stopping'====== Args={}
2026-06-18 01:30:00,178 : INFO : EventManager : Event: ======'mode_base_will_stop'====== Args={}
2026-06-18 01:30:00,179 : INFO : EventManager : Event: ======'mode_base_stopping'====== Args={}
2026-06-18 01:30:00,179 : INFO : Mode.base : Stopped.
2026-06-18 01:30:00,179 : INFO : EventManager : Event: ======'modes_active_modes_changed'====== Args={}
2026-06-18 01:30:00,179 : INFO : EventManager : Event: ======'mode_base_stopped'====== Args={}
2026-06-18 01:30:00,179 : INFO : EventManager : Event: ======'clear'====== Args={'key': 'base'}
2026-06-18 01:30:00,179 : INFO : Mode.game : Stopped.
2026-06-18 01:30:00,180 : INFO : EventManager : Event: ======'modes_active_modes_changed'====== Args={}
2026-06-18 01:30:00,180 : INFO : EventManager : Event: ======'mode_game_stopped'====== Args={}
2026-06-18 01:30:00,180 : INFO : EventManager : Event: ======'clear'====== Args={'key': 'game'}
2026-06-18 01:30:00,295 : INFO : root : MPF run loop ended.
