2026-06-15 00:00:26,890 : INFO : root : Loading config.
2026-06-15 00:00:26,894 : INFO : YamlMultifileConfigLoader : Machine config file #1: config.yaml
2026-06-15 00:00:26,895 : WARNING : ConfigProcessor : Config file in cache changed: C:\pinball\config\config.yaml
2026-06-15 00:00:26,895 : INFO : ConfigProcessor : Loading config from file C:\Users\mpf\AppData\Local\Programs\Python\Python313\Lib\site-packages\mpf\mpfconfig.yaml.
2026-06-15 00:00:26,950 : INFO : ConfigProcessor : Loading config: C:\Users\mpf\AppData\Local\Programs\Python\Python313\Lib\site-packages\mpf\mpfconfig.yaml
2026-06-15 00:00:26,951 : INFO : ConfigProcessor : Loading config from file C:\pinball\config\config.yaml.
2026-06-15 00:00:26,987 : INFO : ConfigProcessor : Loading config: C:\pinball\config\config.yaml
2026-06-15 00:00:26,988 : INFO : ConfigProcessor : Config file cache created: C:\Users\mpf\AppData\Local\Temp\6d5b600d7be1a6495e3e5a66bc905d87.mpf_cache
2026-06-15 00:00:27,101 : INFO : ConfigProcessor : Loading config from cache: C:\Users\mpf\AppData\Local\Temp\8f40fc9be560776ef72c29fc1142b5c0.mpf_cache
2026-06-15 00:00:27,101 : INFO : ConfigProcessor : Loading config from cache: C:\Users\mpf\AppData\Local\Temp\280ef0bf7d2e5d11f4cb038a53adbb41.mpf_cache
2026-06-15 00:00:27,102 : INFO : Machine : Mission Pinball Framework Core Engine v0.80.0.dev13
2026-06-15 00:00:27,102 : INFO : Machine : Command line arguments: {'no_load_cache': False, 'create_config_cache': True, 'bcp': False, 'configfile': ['config.yaml'], 'force_assets_load': False, 'platform_integration_test': False, 'jsonlogging': False, 'logfile': 'logs\\2026-06-15-00-00-26-mpf-DESKTOP-OC28BPB.log', 'pause': False, 'production': False, 'text_ui': False, 'loglevel': 15, 'consoleloglevel': 20, 'force_platform': None, 'syslog_address': None, 'full_logfile_path': 'C:\\pinball\\logs\\2026-06-15-00-00-26-mpf-DESKTOP-OC28BPB.log'}
2026-06-15 00:00:27,102 : INFO : Machine : MPF path: C:\Users\mpf\AppData\Local\Programs\Python\Python313\Lib\site-packages\mpf
2026-06-15 00:00:27,102 : INFO : Machine : Machine path: C:\pinball
2026-06-15 00:00:27,102 : INFO : Machine : Platform: win32
2026-06-15 00:00:27,102 : INFO : Machine : Python executable location: C:\Users\mpf\AppData\Local\Programs\Python\Python313\python.exe
2026-06-15 00:00:27,102 : INFO : Machine : Python version: 3.13.12 (64-bit)
2026-06-15 00:00:27,104 : INFO : Machine : Initializing MPF...
2026-06-15 00:00:27,232 : INFO : FAST : Auto-detecting ports for the following connections: ['net']
2026-06-15 00:00:27,271 : INFO : FAST : Detected NET on port COM4
2026-06-15 00:00:27,384 : INFO : FAST [NET] : Trying to connect to COM4 at 921600bps
2026-06-15 00:00:27,391 : INFO : FAST [NET] : Connected to COM4 at 921600bps
2026-06-15 00:00:27,398 : INFO : FAST [NET] : Connected to FP-CPU-2000 with firmware v02.26
2026-06-15 00:00:27,430 : INFO : FAST [NET] : Registered I/O Board 0: Model: FP-I/O-3208, Firmware: 01.10, Switches: 32, Drivers: 8
2026-06-15 00:00:27,432 : INFO : EventManager : Event: ======'machine_var_credits_string'====== Args={'value': 'FREE PLAY', 'prev_value': None, 'change': True}
2026-06-15 00:00:27,469 : INFO : EventManager : Event: ======'machine_var_master_volume'====== Args={'value': 0.5, 'prev_value': None, 'change': True}
2026-06-15 00:00:27,469 : INFO : EventManager : Event: ======'machine_var_mpf_version'====== Args={'value': 'Mission Pinball Framework v0.80.0.dev13', 'prev_value': None, 'change': True}
2026-06-15 00:00:27,469 : INFO : EventManager : Event: ======'machine_var_mpf_extended_version'====== Args={'value': 'Mission Pinball Framework v0.80.0.dev13, Config version:6, Show version: 6, BCP version:1.1', 'prev_value': None, 'change': True}
2026-06-15 00:00:27,469 : INFO : EventManager : Event: ======'machine_var_python_version'====== Args={'value': '3.13.12', 'prev_value': None, 'change': True}
2026-06-15 00:00:27,524 : INFO : EventManager : Event: ======'machine_var_platform'====== Args={'value': 'Windows-11-10.0.26200-SP0', 'prev_value': None, 'change': True}
2026-06-15 00:00:27,524 : INFO : EventManager : Event: ======'machine_var_platform_system'====== Args={'value': 'Windows', 'prev_value': None, 'change': True}
2026-06-15 00:00:27,524 : INFO : EventManager : Event: ======'machine_var_platform_release'====== Args={'value': '11', 'prev_value': None, 'change': True}
2026-06-15 00:00:27,524 : INFO : EventManager : Event: ======'machine_var_platform_version'====== Args={'value': '10.0.26200', 'prev_value': None, 'change': True}
2026-06-15 00:00:27,524 : INFO : EventManager : Event: ======'machine_var_platform_machine'====== Args={'value': 'AMD64', 'prev_value': None, 'change': True}
2026-06-15 00:00:27,524 : INFO : EventManager : Event: ======'machine_var_log_file_path'====== Args={'value': 'C:\\pinball\\logs\\2026-06-15-00-00-26-mpf-DESKTOP-OC28BPB.log', 'prev_value': None, 'change': True}
2026-06-15 00:00:27,524 : INFO : EventManager : Event: ======'init_phase_1'====== Args={}
2026-06-15 00:00:29,961 : INFO : SwitchController : <<<<<<< 's_trough_ball_1' active >>>>>>>
2026-06-15 00:00:29,963 : INFO : EventManager : Event: ======'init_phase_2'====== Args={}
2026-06-15 00:00:29,963 : INFO : SwitchController : Found active switch: (0, [FAST Platform Interface]) <switch.s_trough_ball_1>
2026-06-15 00:00:30,464 : INFO : ball_device.bd_trough : BCH: Initial count: 1
2026-06-15 00:00:30,464 : INFO : ball_device.bd_trough : State: idle
2026-06-15 00:00:30,466 : INFO : ball_device.bd_plunger : BCH: Initial count: 0
2026-06-15 00:00:30,467 : INFO : ball_device.bd_plunger : State: idle
2026-06-15 00:00:30,505 : INFO : EventManager : Event: ======'init_phase_3'====== Args={}
2026-06-15 00:00:30,508 : INFO : EventManager : Event: ======'init_phase_4'====== Args={}
2026-06-15 00:00:30,509 : INFO : BallController : Initial balls found: 1
2026-06-15 00:00:30,512 : INFO : EventManager : Event: ======'machine_var_audits_events_game_ended'====== Args={'value': 0, 'prev_value': None, 'change': True}
2026-06-15 00:00:30,512 : INFO : EventManager : Event: ======'machine_var_audits_events_game_started'====== Args={'value': 1, 'prev_value': None, 'change': True}
2026-06-15 00:00:30,513 : INFO : EventManager : Event: ======'machine_var_audits_missing_switches_s_flipper_left_eos'====== Args={'value': 1, 'prev_value': None, 'change': True}
2026-06-15 00:00:30,513 : INFO : EventManager : Event: ======'machine_var_audits_missing_switches_s_flipper_right_eos'====== Args={'value': 1, 'prev_value': None, 'change': True}
2026-06-15 00:00:30,513 : INFO : EventManager : Event: ======'machine_var_audits_missing_switches_s_launch'====== Args={'value': 1, 'prev_value': None, 'change': True}
2026-06-15 00:00:30,513 : INFO : EventManager : Event: ======'machine_var_audits_missing_switches_s_left_flipper'====== Args={'value': 1, 'prev_value': None, 'change': True}
2026-06-15 00:00:30,513 : INFO : EventManager : Event: ======'machine_var_audits_missing_switches_s_left_inlane'====== Args={'value': 1, 'prev_value': None, 'change': True}
2026-06-15 00:00:30,513 : INFO : EventManager : Event: ======'machine_var_audits_missing_switches_s_left_outlane'====== Args={'value': 1, 'prev_value': None, 'change': True}
2026-06-15 00:00:30,513 : INFO : EventManager : Event: ======'machine_var_audits_missing_switches_s_plunger'====== Args={'value': 1, 'prev_value': None, 'change': True}
2026-06-15 00:00:30,513 : INFO : EventManager : Event: ======'machine_var_audits_missing_switches_s_right_flipper'====== Args={'value': 1, 'prev_value': None, 'change': True}
2026-06-15 00:00:30,513 : INFO : EventManager : Event: ======'machine_var_audits_missing_switches_s_right_inlane'====== Args={'value': 1, 'prev_value': None, 'change': True}
2026-06-15 00:00:30,514 : INFO : EventManager : Event: ======'machine_var_audits_missing_switches_s_right_outlane'====== Args={'value': 1, 'prev_value': None, 'change': True}
2026-06-15 00:00:30,514 : INFO : EventManager : Event: ======'machine_var_audits_missing_switches_s_slingshot_left'====== Args={'value': 1, 'prev_value': None, 'change': True}
2026-06-15 00:00:30,514 : INFO : EventManager : Event: ======'machine_var_audits_missing_switches_s_slingshot_right'====== Args={'value': 1, 'prev_value': None, 'change': True}
2026-06-15 00:00:30,514 : INFO : EventManager : Event: ======'machine_var_audits_missing_switches_s_start'====== Args={'value': 1, 'prev_value': None, 'change': True}
2026-06-15 00:00:30,514 : INFO : EventManager : Event: ======'machine_var_audits_missing_switches_s_trough_ball_1'====== Args={'value': 1, 'prev_value': None, 'change': True}
2026-06-15 00:00:30,514 : INFO : EventManager : Event: ======'machine_var_audits_missing_switches_s_trough_ball_2'====== Args={'value': 1, 'prev_value': None, 'change': True}
2026-06-15 00:00:30,514 : INFO : EventManager : Event: ======'machine_var_audits_missing_switches_s_trough_ball_3'====== Args={'value': 1, 'prev_value': None, 'change': True}
2026-06-15 00:00:30,514 : INFO : EventManager : Event: ======'machine_var_audits_missing_switches_s_trough_ball_4'====== Args={'value': 1, 'prev_value': None, 'change': True}
2026-06-15 00:00:30,514 : INFO : EventManager : Event: ======'machine_var_audits_missing_switches_s_trough_ball_5'====== Args={'value': 1, 'prev_value': None, 'change': True}
2026-06-15 00:00:30,514 : INFO : EventManager : Event: ======'machine_var_audits_missing_switches_s_trough_ball_6'====== Args={'value': 1, 'prev_value': None, 'change': True}
2026-06-15 00:00:30,514 : INFO : EventManager : Event: ======'machine_var_audits_missing_switches_s_trough_ball_jam'====== Args={'value': 1, 'prev_value': None, 'change': True}
2026-06-15 00:00:30,514 : INFO : EventManager : Event: ======'machine_var_audits_player_score'====== Args={'value': {'average': 0, 'top': [], 'total': 0}, 'prev_value': None, 'change': True}
2026-06-15 00:00:30,514 : INFO : EventManager : Event: ======'machine_var_audits_switches_s_flipper_left_eos'====== Args={'value': 0, 'prev_value': None, 'change': True}
2026-06-15 00:00:30,514 : INFO : EventManager : Event: ======'machine_var_audits_switches_s_flipper_right_eos'====== Args={'value': 0, 'prev_value': None, 'change': True}
2026-06-15 00:00:30,514 : INFO : EventManager : Event: ======'machine_var_audits_switches_s_launch'====== Args={'value': 0, 'prev_value': None, 'change': True}
2026-06-15 00:00:30,514 : INFO : EventManager : Event: ======'machine_var_audits_switches_s_left_flipper'====== Args={'value': 0, 'prev_value': None, 'change': True}
2026-06-15 00:00:30,514 : INFO : EventManager : Event: ======'machine_var_audits_switches_s_left_inlane'====== Args={'value': 0, 'prev_value': None, 'change': True}
2026-06-15 00:00:30,514 : INFO : EventManager : Event: ======'machine_var_audits_switches_s_left_outlane'====== Args={'value': 0, 'prev_value': None, 'change': True}
2026-06-15 00:00:30,514 : INFO : EventManager : Event: ======'machine_var_audits_switches_s_plunger'====== Args={'value': 0, 'prev_value': None, 'change': True}
2026-06-15 00:00:30,514 : INFO : EventManager : Event: ======'machine_var_audits_switches_s_right_flipper'====== Args={'value': 0, 'prev_value': None, 'change': True}
2026-06-15 00:00:30,514 : INFO : EventManager : Event: ======'machine_var_audits_switches_s_right_inlane'====== Args={'value': 0, 'prev_value': None, 'change': True}
2026-06-15 00:00:30,514 : INFO : EventManager : Event: ======'machine_var_audits_switches_s_right_outlane'====== Args={'value': 0, 'prev_value': None, 'change': True}
2026-06-15 00:00:30,515 : INFO : EventManager : Event: ======'machine_var_audits_switches_s_slingshot_left'====== Args={'value': 0, 'prev_value': None, 'change': True}
2026-06-15 00:00:30,515 : INFO : EventManager : Event: ======'machine_var_audits_switches_s_slingshot_right'====== Args={'value': 0, 'prev_value': None, 'change': True}
2026-06-15 00:00:30,515 : INFO : EventManager : Event: ======'machine_var_audits_switches_s_start'====== Args={'value': 0, 'prev_value': None, 'change': True}
2026-06-15 00:00:30,515 : INFO : EventManager : Event: ======'machine_var_audits_switches_s_trough_ball_1'====== Args={'value': 0, 'prev_value': None, 'change': True}
2026-06-15 00:00:30,515 : INFO : EventManager : Event: ======'machine_var_audits_switches_s_trough_ball_2'====== Args={'value': 0, 'prev_value': None, 'change': True}
2026-06-15 00:00:30,515 : INFO : EventManager : Event: ======'machine_var_audits_switches_s_trough_ball_3'====== Args={'value': 0, 'prev_value': None, 'change': True}
2026-06-15 00:00:30,515 : INFO : EventManager : Event: ======'machine_var_audits_switches_s_trough_ball_4'====== Args={'value': 0, 'prev_value': None, 'change': True}
2026-06-15 00:00:30,515 : INFO : EventManager : Event: ======'machine_var_audits_switches_s_trough_ball_5'====== Args={'value': 0, 'prev_value': None, 'change': True}
2026-06-15 00:00:30,515 : INFO : EventManager : Event: ======'machine_var_audits_switches_s_trough_ball_6'====== Args={'value': 0, 'prev_value': None, 'change': True}
2026-06-15 00:00:30,515 : INFO : EventManager : Event: ======'machine_var_audits_switches_s_trough_ball_jam'====== Args={'value': 0, 'prev_value': None, 'change': True}
2026-06-15 00:00:30,515 : INFO : EventManager : Event: ======'init_phase_5'====== Args={}
2026-06-15 00:00:30,516 : INFO : EventManager : Event: ======'init_done'====== Args={}
2026-06-15 00:00:30,516 : INFO : EventManager : Event: ======'machine_reset_phase_1'====== Args={}
2026-06-15 00:00:30,517 : INFO : EventManager : Event: ======'machine_reset_phase_2'====== Args={}
2026-06-15 00:00:30,517 : INFO : EventManager : Event: ======'machine_reset_phase_3'====== Args={}
2026-06-15 00:00:30,518 : INFO : EventManager : Event: ======'reset_complete'====== Args={}
2026-06-15 00:00:30,518 : INFO : EventManager : Event: ======'mode_attract_will_start'====== Args={}
2026-06-15 00:00:30,519 : INFO : EventManager : Event: ======'mode_attract_starting'====== Args={}
2026-06-15 00:00:30,519 : INFO : Mode.attract : Started. Priority: 10
2026-06-15 00:00:30,519 : INFO : EventManager : Event: ======'modes_active_modes_changed'====== Args={}
2026-06-15 00:00:30,519 : INFO : EventManager : Event: ======'mode_attract_started'====== Args={}
2026-06-15 00:00:30,519 : INFO : EventManager : Event: ======'collecting_balls_complete'====== Args={}
2026-06-15 00:00:30,521 : INFO : Machine : Starting the main run loop with active modes: [<Mode.attract>]
2026-06-15 00:00:34,299 : INFO : SwitchController : <<<<<<< 's_start' active >>>>>>>
2026-06-15 00:00:34,504 : INFO : SwitchController : <<<<<<< 's_start' inactive >>>>>>>
2026-06-15 00:00:34,505 : INFO : EventManager : Event: ======'request_to_start_game'====== Args={}
2026-06-15 00:00:34,505 : INFO : EventManager : Event: ======'game_start'====== Args={'buttons': [], 'hold_time': 0.20494990004226565}
2026-06-15 00:00:34,505 : INFO : EventManager : Event: ======'mode_game_will_start'====== Args={'buttons': [], 'hold_time': 0.20494990004226565}
2026-06-15 00:00:34,505 : INFO : EventManager : Event: ======'mode_game_starting'====== Args={'buttons': [], 'hold_time': 0.20494990004226565}
2026-06-15 00:00:34,505 : INFO : EventManager : Event: ======'mode_attract_will_stop'====== Args={}
2026-06-15 00:00:34,505 : INFO : EventManager : Event: ======'mode_attract_stopping'====== Args={}
2026-06-15 00:00:34,505 : INFO : Mode.attract : Stopped.
2026-06-15 00:00:34,505 : INFO : EventManager : Event: ======'modes_active_modes_changed'====== Args={}
2026-06-15 00:00:34,506 : INFO : EventManager : Event: ======'mode_attract_stopped'====== Args={}
2026-06-15 00:00:34,506 : INFO : EventManager : Event: ======'clear'====== Args={'key': 'attract'}
2026-06-15 00:00:34,506 : INFO : Mode.game : Started. Priority: 20
2026-06-15 00:00:34,506 : INFO : EventManager : Event: ======'modes_active_modes_changed'====== Args={}
2026-06-15 00:00:34,506 : INFO : EventManager : Event: ======'mode_game_started'====== Args={'buttons': [], 'hold_time': 0.20494990004226565}
2026-06-15 00:00:34,506 : INFO : EventManager : Event: ======'game_will_start'====== Args={}
2026-06-15 00:00:34,506 : INFO : EventManager : Event: ======'game_starting'====== Args={'game': <Mode.game>}
2026-06-15 00:00:34,507 : INFO : EventManager : Unordered handler for class <Auditor> on event game_ended with priority 1. Handlers: [RegisteredHandler(callback=<bound method Auditor.disable of <Auditor>>, priority=1, kwargs={}, key=UUID('19c09620-3666-4e53-a582-153df6bc8221'), condition=None, blocking_facility=None), RegisteredHandler(callback=<bound method Auditor._save_audits of <Auditor>>, priority=1, kwargs={}, key=UUID('49810684-7486-4804-9c18-044698d6f81f'), condition=None, blocking_facility=None)]. The order of those handlers is not defined and they will be executed in random order. This might lead to race conditions and potential bugs.
2026-06-15 00:00:34,507 : INFO : EventManager : Event: ======'player_add_request'====== Args={}
2026-06-15 00:00:34,507 : INFO : EventManager : Event: ======'player_will_add'====== Args={'number': 1}
2026-06-15 00:00:34,507 : INFO : EventManager : Event: ======'player_adding'====== Args={'player': <Player 1>, 'number': 1}
2026-06-15 00:00:34,507 : INFO : EventManager : Event: ======'player_added'====== Args={'player': <Player 1>, 'num': 1}
2026-06-15 00:00:34,508 : INFO : Mode.game : Player added successfully. Total players: 1
2026-06-15 00:00:34,508 : INFO : EventManager : Event: ======'player_index'====== Args={'value': 0, 'prev_value': 0, 'change': 0, 'player_num': 1}
2026-06-15 00:00:34,508 : INFO : EventManager : Event: ======'player_number'====== Args={'value': 1, 'prev_value': 1, 'change': 0, 'player_num': 1}
2026-06-15 00:00:34,508 : INFO : EventManager : Event: ======'player_score'====== Args={'value': 0, 'prev_value': 0, 'change': 0, 'player_num': 1}
2026-06-15 00:00:34,508 : INFO : EventManager : Event: ======'game_started'====== Args={}
2026-06-15 00:00:34,508 : INFO : EventManager : Event: ======'player_turn_will_start'====== Args={'player': <Player 1>, 'number': 1}
2026-06-15 00:00:34,508 : INFO : EventManager : Event: ======'player_turn_starting'====== Args={'player': <Player 1>, 'number': 1}
2026-06-15 00:00:34,513 : INFO : EventManager : Event: ======'player_ball'====== Args={'value': 1, 'prev_value': 0, 'change': 1, 'player_num': 1}
2026-06-15 00:00:34,514 : INFO : EventManager : Event: ======'player_turn_started'====== Args={'player': <Player 1>, 'number': 1}
2026-06-15 00:00:34,515 : INFO : EventManager : Event: ======'ball_will_start'====== Args={'player': 1, 'ball': 1, 'balls_remaining': 2, 'is_extra_ball': False}
2026-06-15 00:00:34,515 : INFO : EventManager : Event: ======'ball_starting'====== Args={'player': 1, 'ball': 1, 'balls_remaining': 2, 'is_extra_ball': False}
2026-06-15 00:00:34,518 : INFO : EventManager : Event: ======'balls_in_play'====== Args={'balls': 1}
2026-06-15 00:00:34,518 : INFO : EventManager : Event: ======'ball_started'====== Args={'player': 1, 'ball': 1, 'balls_remaining': 2, 'is_extra_ball': False}
2026-06-15 00:00:34,520 : INFO : EventManager : Event: ======'single_player_ball_started'====== Args={}
2026-06-15 00:00:34,520 : INFO : EventManager : Event: ======'ball_start_target'====== Args={'target': 'playfield'}
2026-06-15 00:00:34,521 : INFO : ball_device.bd_trough : Setting up player-controlled eject. Balls: 1, Target: <playfield.playfield>, player_controlled_eject_event: None
2026-06-15 00:00:34,522 : INFO : ball_device.bd_trough : Adding 1 ball(s) to the eject_queue with target <playfield.playfield>.
2026-06-15 00:00:34,522 : INFO : EventManager : Event: ======'balldevice_balls_available'====== Args={}
2026-06-15 00:00:34,524 : INFO : ball_device.bd_trough : State: waiting_for_target_ready
2026-06-15 00:00:34,524 : INFO : EventManager : Event: ======'balldevice_bd_trough_ball_eject_attempt'====== Args={'balls': 1, 'target': <ball_device.bd_plunger>, 'source': <ball_device.bd_trough>, 'mechanical_eject': False, 'num_attempts': 0}
2026-06-15 00:00:34,525 : INFO : ball_device.bd_plunger : State: waiting_for_ball
2026-06-15 00:00:34,525 : INFO : ball_device.bd_trough : State: ejecting
2026-06-15 00:00:34,525 : INFO : ball_device.bd_trough : Ejecting ball to <ball_device.bd_plunger>
2026-06-15 00:00:34,526 : INFO : EventManager : Event: ======'balldevice_bd_trough_ejecting_ball'====== Args={'balls': 1, 'target': <ball_device.bd_plunger>, 'source': <ball_device.bd_trough>, 'mechanical_eject': False, 'num_attempts': 0}
2026-06-15 00:00:34,526 : INFO : ball_device.bd_trough : Wait for ball to leave device
2026-06-15 00:00:34,527 : INFO : coil.c_trough_eject_coil : Pulsing Driver for 15ms (1.0 pulse_power)
2026-06-15 00:00:34,568 : INFO : SwitchController : <<<<<<< 's_trough_ball_1' inactive >>>>>>>
2026-06-15 00:00:34,569 : INFO : SwitchController : <<<<<<< 's_trough_ball_jam' active >>>>>>>
2026-06-15 00:00:34,569 : INFO : EventManager : Event: ======'machine_var_audits_switches_s_trough_ball_jam'====== Args={'value': 1, 'prev_value': 0, 'change': 1}
2026-06-15 00:00:34,570 : INFO : ball_device.bd_trough : State: ball_left
2026-06-15 00:00:34,571 : INFO : ball_device.bd_trough : Ball left
2026-06-15 00:00:34,571 : INFO : ball_device.bd_trough : Wait for confirm with timeout 2.0
2026-06-15 00:00:34,584 : INFO : SwitchController : <<<<<<< 's_trough_ball_jam' inactive >>>>>>>
2026-06-15 00:00:34,806 : INFO : SwitchController : <<<<<<< 's_trough_ball_jam' active >>>>>>>
2026-06-15 00:00:34,806 : INFO : EventManager : Event: ======'machine_var_audits_switches_s_trough_ball_jam'====== Args={'value': 2, 'prev_value': 1, 'change': 1}
2026-06-15 00:00:34,837 : INFO : SwitchController : <<<<<<< 's_trough_ball_1' active >>>>>>>
2026-06-15 00:00:34,837 : INFO : EventManager : Event: ======'machine_var_audits_switches_s_trough_ball_1'====== Args={'value': 1, 'prev_value': 0, 'change': 1}
2026-06-15 00:00:34,837 : INFO : SwitchController : <<<<<<< 's_trough_ball_jam' inactive >>>>>>>
2026-06-15 00:00:34,853 : INFO : SwitchController : <<<<<<< 's_trough_ball_1' inactive >>>>>>>
2026-06-15 00:00:34,901 : INFO : SwitchController : <<<<<<< 's_trough_ball_2' active >>>>>>>
2026-06-15 00:00:34,901 : INFO : EventManager : Event: ======'machine_var_audits_switches_s_trough_ball_2'====== Args={'value': 1, 'prev_value': 0, 'change': 1}
2026-06-15 00:00:35,244 : INFO : SwitchController : <<<<<<< 's_trough_ball_2' inactive >>>>>>>
2026-06-15 00:00:35,276 : INFO : SwitchController : <<<<<<< 's_trough_ball_1' active >>>>>>>
2026-06-15 00:00:35,276 : INFO : EventManager : Event: ======'machine_var_audits_switches_s_trough_ball_1'====== Args={'value': 2, 'prev_value': 1, 'change': 1}
2026-06-15 00:00:36,572 : INFO : ball_device.bd_trough : State: failed_confirm
2026-06-15 00:00:36,573 : INFO : ball_device.bd_trough : Got timeout (2.0s) before confirm from <ball_device.bd_plunger>
2026-06-15 00:00:36,574 : INFO : ball_device.bd_plunger : Expecting incoming ball which may skip the device.
2026-06-15 00:00:36,575 : INFO : EventManager : Event: ======'balldevice_bd_plunger_ejecting_ball'====== Args={'balls': 1, 'target': <playfield.playfield>, 'source': <ball_device.bd_plunger>, 'mechanical_eject': False, 'num_attempts': 1}
2026-06-15 00:00:36,576 : INFO : ball_device.bd_trough : Got unknown balls. Assuming a ball returned.
2026-06-15 00:00:36,576 : INFO : ball_device.bd_trough : State: eject_broken
2026-06-15 00:00:36,576 : INFO : EventManager : Event: ======'balldevice_bd_trough_ball_eject_failed'====== Args={'target': <ball_device.bd_plunger>, 'balls': 1, 'retry': False, 'num_attempts': 1}
2026-06-15 00:00:36,577 : INFO : EventManager : Event: ======'balldevice_bd_trough_broken'====== Args={}
2026-06-15 00:00:36,577 : INFO : EventManager : Event: ======'balldevice_bd_plunger_ball_eject_failed'====== Args={'target': <playfield.playfield>, 'balls': 1, 'retry': True, 'num_attempts': 1}
2026-06-15 00:00:36,578 : INFO : ball_device.bd_plunger : No longer expecting incoming ball which may skip the device.
2026-06-15 00:00:36,580 : INFO : ball_device.bd_plunger : State: waiting_for_ball
2026-06-15 00:00:55,773 : INFO : SwitchController : <<<<<<< 's_plunger' active >>>>>>>
2026-06-15 00:00:55,773 : INFO : EventManager : Event: ======'machine_var_audits_switches_s_plunger'====== Args={'value': 1, 'prev_value': 0, 'change': 1}
2026-06-15 00:00:56,278 : INFO : ball_device.bd_plunger : Received unexpected ball
2026-06-15 00:00:56,278 : INFO : EventManager : Event: ======'balldevice_captured_from_playfield'====== Args={'balls': 1}
2026-06-15 00:00:56,278 : INFO : EventManager : Event: ======'sw_playfield_active'====== Args={'balls': 1}
2026-06-15 00:00:56,279 : INFO : EventManager : Event: ======'playfield_active'====== Args={'source': None}
2026-06-15 00:00:56,279 : INFO : EventManager : Event: ======'unexpected_ball_on_playfield'====== Args={}
2026-06-15 00:00:56,279 : INFO : EventManager : Event: ======'playfield_ball_count_change'====== Args={'balls': -1, 'change': -1}
2026-06-15 00:00:56,280 : INFO : EventManager : Event: ======'balldevice_playfield_ball_enter'====== Args={'new_balls': 1, 'unclaimed_balls': 1, 'device': <playfield.playfield>}
2026-06-15 00:00:56,280 : INFO : EventManager : Event: ======'playfield_ball_count_change'====== Args={'balls': 0, 'change': 1}
2026-06-15 00:00:56,280 : INFO : BallController : Found a new ball which was captured from playfield. Known balls: 2
2026-06-15 00:00:56,280 : INFO : EventManager : Event: ======'found_new_ball'====== Args={}
2026-06-15 00:00:56,280 : INFO : EventManager : Event: ======'balldevice_bd_plunger_ball_enter'====== Args={'new_balls': 1, 'unclaimed_balls': 1, 'new_available_balls': 1, 'device': <ball_device.bd_plunger>}
2026-06-15 00:00:56,280 : INFO : ball_device.bd_plunger : Ejecting 1 unexpected balls using path deque([<ball_device.bd_plunger>, <playfield.playfield>])
2026-06-15 00:00:56,281 : INFO : EventManager : Event: ======'balldevice_balls_available'====== Args={}
2026-06-15 00:00:56,281 : INFO : EventManager : Event: ======'balldevice_balls_available'====== Args={}
2026-06-15 00:00:56,281 : INFO : EventManager : Event: ======'balldevice_bd_plunger_ball_entered'====== Args={'new_balls': 1, 'device': <ball_device.bd_plunger>}
2026-06-15 00:00:56,281 : INFO : EventManager : Event: ======'balldevice_bd_plunger_ball_count_changed'====== Args={'balls': 1}
2026-06-15 00:00:56,282 : INFO : ball_device.bd_plunger : State: waiting_for_target_ready
2026-06-15 00:00:56,282 : INFO : EventManager : Event: ======'balldevice_bd_plunger_ball_eject_attempt'====== Args={'balls': 1, 'target': <playfield.playfield>, 'source': <ball_device.bd_plunger>, 'mechanical_eject': False, 'num_attempts': 0}
2026-06-15 00:00:56,282 : INFO : ball_device.bd_plunger : State: ejecting
2026-06-15 00:00:56,283 : INFO : ball_device.bd_plunger : Ejecting ball to <playfield.playfield>
2026-06-15 00:00:56,283 : INFO : EventManager : Event: ======'balldevice_bd_plunger_ejecting_ball'====== Args={'balls': 1, 'target': <playfield.playfield>, 'source': <ball_device.bd_plunger>, 'mechanical_eject': False, 'num_attempts': 0}
2026-06-15 00:00:56,283 : INFO : ball_device.bd_plunger : Wait for ball to leave device
2026-06-15 00:00:58,312 : INFO : SwitchController : <<<<<<< 's_plunger' inactive >>>>>>>
2026-06-15 00:00:58,313 : INFO : ball_device.bd_plunger : State: ball_left
2026-06-15 00:00:58,314 : INFO : ball_device.bd_plunger : Ball left
2026-06-15 00:00:58,314 : INFO : ball_device.bd_plunger : Wait for confirm with timeout 5.0
2026-06-15 00:01:02,342 : INFO : SwitchController : <<<<<<< 's_slingshot_left' active >>>>>>>
2026-06-15 00:01:02,342 : INFO : EventManager : Event: ======'machine_var_audits_switches_s_slingshot_left'====== Args={'value': 1, 'prev_value': 0, 'change': 1}
2026-06-15 00:01:02,365 : INFO : SwitchController : <<<<<<< 's_slingshot_left' inactive >>>>>>>
2026-06-15 00:01:02,703 : INFO : SwitchController : <<<<<<< 's_slingshot_left' active >>>>>>>
2026-06-15 00:01:02,703 : INFO : EventManager : Event: ======'machine_var_audits_switches_s_slingshot_left'====== Args={'value': 2, 'prev_value': 1, 'change': 1}
2026-06-15 00:01:02,750 : INFO : SwitchController : <<<<<<< 's_slingshot_left' inactive >>>>>>>
2026-06-15 00:01:02,938 : INFO : SwitchController : <<<<<<< 's_slingshot_left' active >>>>>>>
2026-06-15 00:01:02,938 : INFO : EventManager : Event: ======'machine_var_audits_switches_s_slingshot_left'====== Args={'value': 3, 'prev_value': 2, 'change': 1}
2026-06-15 00:01:03,001 : INFO : SwitchController : <<<<<<< 's_slingshot_left' inactive >>>>>>>
2026-06-15 00:01:03,315 : INFO : ball_device.bd_plunger : State: failed_confirm
2026-06-15 00:01:03,316 : INFO : ball_device.bd_plunger : Got timeout (5.0s) before confirm from <playfield.playfield>
2026-06-15 00:01:03,427 : INFO : ball_device.bd_plunger : Confirming eject because target is playfield and ball did not return.
2026-06-15 00:01:03,428 : INFO : ball_device.bd_plunger : Eject successful
2026-06-15 00:01:03,428 : INFO : EventManager : Event: ======'balldevice_bd_plunger_ball_eject_success'====== Args={'balls': 1, 'target': <playfield.playfield>}
2026-06-15 00:01:03,428 : INFO : EventManager : Event: ======'balldevice_playfield_ball_enter'====== Args={'new_balls': 1, 'unclaimed_balls': 1, 'device': <playfield.playfield>}
2026-06-15 00:01:03,428 : INFO : EventManager : Event: ======'playfield_ball_count_change'====== Args={'balls': 1, 'change': 1}
2026-06-15 00:01:03,430 : INFO : EventManager : Event: ======'balldevice_bd_plunger_ball_count_changed'====== Args={'balls': 0}
2026-06-15 00:01:03,430 : INFO : ball_device.bd_plunger : State: idle
2026-06-15 00:01:03,433 : INFO : ball_device.bd_plunger : State: waiting_for_ball
2026-06-15 00:01:04,520 : INFO : SwitchController : <<<<<<< 's_left_inlane' active >>>>>>>
2026-06-15 00:01:04,521 : INFO : EventManager : Event: ======'machine_var_audits_switches_s_left_inlane'====== Args={'value': 1, 'prev_value': 0, 'change': 1}
2026-06-15 00:01:04,631 : INFO : SwitchController : <<<<<<< 's_left_inlane' inactive >>>>>>>
2026-06-15 00:01:04,913 : INFO : SwitchController : <<<<<<< 's_left_inlane' active >>>>>>>
2026-06-15 00:01:04,913 : INFO : EventManager : Event: ======'machine_var_audits_switches_s_left_inlane'====== Args={'value': 2, 'prev_value': 1, 'change': 1}
2026-06-15 00:01:05,008 : INFO : SwitchController : <<<<<<< 's_left_inlane' inactive >>>>>>>
2026-06-15 00:01:05,801 : INFO : SwitchController : <<<<<<< 's_left_inlane' active >>>>>>>
2026-06-15 00:01:05,801 : INFO : EventManager : Event: ======'machine_var_audits_switches_s_left_inlane'====== Args={'value': 3, 'prev_value': 2, 'change': 1}
2026-06-15 00:01:05,913 : INFO : SwitchController : <<<<<<< 's_left_inlane' inactive >>>>>>>
2026-06-15 00:01:06,115 : INFO : SwitchController : <<<<<<< 's_left_inlane' active >>>>>>>
2026-06-15 00:01:06,116 : INFO : EventManager : Event: ======'machine_var_audits_switches_s_left_inlane'====== Args={'value': 4, 'prev_value': 3, 'change': 1}
2026-06-15 00:01:06,209 : INFO : SwitchController : <<<<<<< 's_left_inlane' inactive >>>>>>>
2026-06-15 00:01:07,378 : INFO : SwitchController : <<<<<<< 's_left_outlane' active >>>>>>>
2026-06-15 00:01:07,379 : INFO : EventManager : Event: ======'machine_var_audits_switches_s_left_outlane'====== Args={'value': 1, 'prev_value': 0, 'change': 1}
2026-06-15 00:01:07,474 : INFO : SwitchController : <<<<<<< 's_left_outlane' inactive >>>>>>>
2026-06-15 00:01:07,616 : INFO : SwitchController : <<<<<<< 's_left_outlane' active >>>>>>>
2026-06-15 00:01:07,616 : INFO : EventManager : Event: ======'machine_var_audits_switches_s_left_outlane'====== Args={'value': 2, 'prev_value': 1, 'change': 1}
2026-06-15 00:01:07,710 : INFO : SwitchController : <<<<<<< 's_left_outlane' inactive >>>>>>>
2026-06-15 00:01:09,048 : INFO : SwitchController : <<<<<<< 's_right_inlane' active >>>>>>>
2026-06-15 00:01:09,049 : INFO : EventManager : Event: ======'machine_var_audits_switches_s_right_inlane'====== Args={'value': 1, 'prev_value': 0, 'change': 1}
2026-06-15 00:01:09,143 : INFO : SwitchController : <<<<<<< 's_right_inlane' inactive >>>>>>>
2026-06-15 00:01:09,286 : INFO : SwitchController : <<<<<<< 's_right_inlane' active >>>>>>>
2026-06-15 00:01:09,286 : INFO : EventManager : Event: ======'machine_var_audits_switches_s_right_inlane'====== Args={'value': 2, 'prev_value': 1, 'change': 1}
2026-06-15 00:01:09,380 : INFO : SwitchController : <<<<<<< 's_right_inlane' inactive >>>>>>>
2026-06-15 00:01:09,521 : INFO : SwitchController : <<<<<<< 's_right_inlane' active >>>>>>>
2026-06-15 00:01:09,521 : INFO : EventManager : Event: ======'machine_var_audits_switches_s_right_inlane'====== Args={'value': 3, 'prev_value': 2, 'change': 1}
2026-06-15 00:01:09,631 : INFO : SwitchController : <<<<<<< 's_right_inlane' inactive >>>>>>>
2026-06-15 00:01:10,746 : INFO : SwitchController : <<<<<<< 's_right_outlane' active >>>>>>>
2026-06-15 00:01:10,746 : INFO : EventManager : Event: ======'machine_var_audits_switches_s_right_outlane'====== Args={'value': 1, 'prev_value': 0, 'change': 1}
2026-06-15 00:01:10,840 : INFO : SwitchController : <<<<<<< 's_right_outlane' inactive >>>>>>>
2026-06-15 00:01:11,000 : INFO : SwitchController : <<<<<<< 's_right_outlane' active >>>>>>>
2026-06-15 00:01:11,000 : INFO : EventManager : Event: ======'machine_var_audits_switches_s_right_outlane'====== Args={'value': 2, 'prev_value': 1, 'change': 1}
2026-06-15 00:01:11,094 : INFO : SwitchController : <<<<<<< 's_right_outlane' inactive >>>>>>>
2026-06-15 00:01:11,203 : INFO : SwitchController : <<<<<<< 's_right_outlane' active >>>>>>>
2026-06-15 00:01:11,204 : INFO : EventManager : Event: ======'machine_var_audits_switches_s_right_outlane'====== Args={'value': 3, 'prev_value': 2, 'change': 1}
2026-06-15 00:01:11,282 : INFO : SwitchController : <<<<<<< 's_right_outlane' inactive >>>>>>>
2026-06-15 00:01:16,654 : INFO : Machine : Shutting down...
2026-06-15 00:01:16,654 : INFO : EventManager : Event: ======'shutdown'====== Args={}
2026-06-15 00:01:16,655 : INFO : EventManager : Event: ======'mode_game_will_stop'====== Args={}
2026-06-15 00:01:16,656 : INFO : EventManager : Event: ======'mode_game_stopping'====== Args={}
2026-06-15 00:01:16,656 : INFO : Mode.game : Stopped.
2026-06-15 00:01:16,656 : INFO : EventManager : Event: ======'modes_active_modes_changed'====== Args={}
2026-06-15 00:01:16,656 : INFO : EventManager : Event: ======'mode_game_stopped'====== Args={}
2026-06-15 00:01:16,656 : INFO : EventManager : Event: ======'clear'====== Args={'key': 'game'}
2026-06-15 00:01:16,772 : INFO : root : MPF run loop ended.
