2026-06-15 00:21:08,430 : INFO : root : Loading config.
2026-06-15 00:21:08,433 : INFO : YamlMultifileConfigLoader : Machine config file #1: config.yaml
2026-06-15 00:21:08,434 : WARNING : ConfigProcessor : Config file in cache changed: C:\pinball\config\config.yaml
2026-06-15 00:21:08,434 : INFO : ConfigProcessor : Loading config from file C:\Users\mpf\AppData\Local\Programs\Python\Python313\Lib\site-packages\mpf\mpfconfig.yaml.
2026-06-15 00:21:08,483 : INFO : ConfigProcessor : Loading config: C:\Users\mpf\AppData\Local\Programs\Python\Python313\Lib\site-packages\mpf\mpfconfig.yaml
2026-06-15 00:21:08,483 : INFO : ConfigProcessor : Loading config from file C:\pinball\config\config.yaml.
2026-06-15 00:21:08,510 : INFO : ConfigProcessor : Loading config: C:\pinball\config\config.yaml
2026-06-15 00:21:08,511 : INFO : ConfigProcessor : Config file cache created: C:\Users\mpf\AppData\Local\Temp\6d5b600d7be1a6495e3e5a66bc905d87.mpf_cache
2026-06-15 00:21:08,610 : INFO : ConfigProcessor : Loading config from cache: C:\Users\mpf\AppData\Local\Temp\8f40fc9be560776ef72c29fc1142b5c0.mpf_cache
2026-06-15 00:21:08,611 : INFO : ConfigProcessor : Loading config from cache: C:\Users\mpf\AppData\Local\Temp\280ef0bf7d2e5d11f4cb038a53adbb41.mpf_cache
2026-06-15 00:21:08,611 : INFO : Machine : Mission Pinball Framework Core Engine v0.80.0.dev13
2026-06-15 00:21:08,611 : INFO : Machine : Command line arguments: {'no_load_cache': False, 'create_config_cache': True, 'bcp': False, 'configfile': ['config.yaml'], 'force_assets_load': False, 'platform_integration_test': False, 'jsonlogging': False, 'logfile': 'logs\\2026-06-15-00-21-08-mpf-DESKTOP-OC28BPB.log', 'pause': False, 'production': False, 'text_ui': False, 'loglevel': 15, 'consoleloglevel': 20, 'force_platform': None, 'syslog_address': None, 'full_logfile_path': 'C:\\pinball\\logs\\2026-06-15-00-21-08-mpf-DESKTOP-OC28BPB.log'}
2026-06-15 00:21:08,612 : INFO : Machine : MPF path: C:\Users\mpf\AppData\Local\Programs\Python\Python313\Lib\site-packages\mpf
2026-06-15 00:21:08,612 : INFO : Machine : Machine path: C:\pinball
2026-06-15 00:21:08,612 : INFO : Machine : Platform: win32
2026-06-15 00:21:08,612 : INFO : Machine : Python executable location: C:\Users\mpf\AppData\Local\Programs\Python\Python313\python.exe
2026-06-15 00:21:08,612 : INFO : Machine : Python version: 3.13.12 (64-bit)
2026-06-15 00:21:08,613 : INFO : Machine : Initializing MPF...
2026-06-15 00:21:08,726 : INFO : FAST : Auto-detecting ports for the following connections: ['net']
2026-06-15 00:21:08,767 : INFO : FAST : Detected NET on port COM4
2026-06-15 00:21:08,881 : INFO : FAST [NET] : Trying to connect to COM4 at 921600bps
2026-06-15 00:21:08,885 : INFO : FAST [NET] : Connected to COM4 at 921600bps
2026-06-15 00:21:08,895 : INFO : FAST [NET] : Connected to FP-CPU-2000 with firmware v02.26
2026-06-15 00:21:08,927 : INFO : FAST [NET] : Registered I/O Board 0: Model: FP-I/O-3208, Firmware: 01.10, Switches: 32, Drivers: 8
2026-06-15 00:21:08,928 : INFO : EventManager : Event: ======'machine_var_credits_string'====== Args={'value': 'FREE PLAY', 'prev_value': None, 'change': True}
2026-06-15 00:21:08,957 : INFO : EventManager : Event: ======'machine_var_master_volume'====== Args={'value': 0.5, 'prev_value': None, 'change': True}
2026-06-15 00:21:08,957 : INFO : EventManager : Event: ======'machine_var_mpf_version'====== Args={'value': 'Mission Pinball Framework v0.80.0.dev13', 'prev_value': None, 'change': True}
2026-06-15 00:21:08,957 : INFO : EventManager : Event: ======'machine_var_mpf_extended_version'====== Args={'value': 'Mission Pinball Framework v0.80.0.dev13, Config version:6, Show version: 6, BCP version:1.1', 'prev_value': None, 'change': True}
2026-06-15 00:21:08,957 : INFO : EventManager : Event: ======'machine_var_python_version'====== Args={'value': '3.13.12', 'prev_value': None, 'change': True}
2026-06-15 00:21:08,991 : INFO : EventManager : Event: ======'machine_var_platform'====== Args={'value': 'Windows-11-10.0.26200-SP0', 'prev_value': None, 'change': True}
2026-06-15 00:21:08,991 : INFO : EventManager : Event: ======'machine_var_platform_system'====== Args={'value': 'Windows', 'prev_value': None, 'change': True}
2026-06-15 00:21:08,991 : INFO : EventManager : Event: ======'machine_var_platform_release'====== Args={'value': '11', 'prev_value': None, 'change': True}
2026-06-15 00:21:08,991 : INFO : EventManager : Event: ======'machine_var_platform_version'====== Args={'value': '10.0.26200', 'prev_value': None, 'change': True}
2026-06-15 00:21:08,991 : INFO : EventManager : Event: ======'machine_var_platform_machine'====== Args={'value': 'AMD64', 'prev_value': None, 'change': True}
2026-06-15 00:21:08,991 : INFO : EventManager : Event: ======'machine_var_log_file_path'====== Args={'value': 'C:\\pinball\\logs\\2026-06-15-00-21-08-mpf-DESKTOP-OC28BPB.log', 'prev_value': None, 'change': True}
2026-06-15 00:21:08,991 : INFO : EventManager : Event: ======'init_phase_1'====== Args={}
2026-06-15 00:21:10,765 : INFO : SwitchController : <<<<<<< 's_trough_ball_1' active >>>>>>>
2026-06-15 00:21:10,766 : INFO : EventManager : Event: ======'init_phase_2'====== Args={}
2026-06-15 00:21:10,766 : INFO : SwitchController : Found active switch: (0, [FAST Platform Interface]) <switch.s_trough_ball_1>
2026-06-15 00:21:11,274 : INFO : ball_device.bd_trough : BCH: Initial count: 1
2026-06-15 00:21:11,275 : INFO : ball_device.bd_trough : State: idle
2026-06-15 00:21:11,278 : INFO : ball_device.bd_plunger : BCH: Initial count: 0
2026-06-15 00:21:11,278 : INFO : ball_device.bd_plunger : State: idle
2026-06-15 00:21:11,306 : INFO : EventManager : Event: ======'init_phase_3'====== Args={}
2026-06-15 00:21:11,308 : INFO : EventManager : Event: ======'init_phase_4'====== Args={}
2026-06-15 00:21:11,309 : INFO : BallController : Initial balls found: 1
2026-06-15 00:21:11,310 : INFO : EventManager : Event: ======'machine_var_audits_events_game_ended'====== Args={'value': 0, 'prev_value': None, 'change': True}
2026-06-15 00:21:11,310 : INFO : EventManager : Event: ======'machine_var_audits_events_game_started'====== Args={'value': 7, 'prev_value': None, 'change': True}
2026-06-15 00:21:11,310 : INFO : EventManager : Event: ======'machine_var_audits_missing_switches_s_flipper_left_eos'====== Args={'value': 3, 'prev_value': None, 'change': True}
2026-06-15 00:21:11,310 : INFO : EventManager : Event: ======'machine_var_audits_missing_switches_s_flipper_right_eos'====== Args={'value': 3, 'prev_value': None, 'change': True}
2026-06-15 00:21:11,310 : INFO : EventManager : Event: ======'machine_var_audits_missing_switches_s_launch'====== Args={'value': 3, 'prev_value': None, 'change': True}
2026-06-15 00:21:11,310 : INFO : EventManager : Event: ======'machine_var_audits_missing_switches_s_left_flipper'====== Args={'value': 3, 'prev_value': None, 'change': True}
2026-06-15 00:21:11,310 : INFO : EventManager : Event: ======'machine_var_audits_missing_switches_s_left_inlane'====== Args={'value': 5, 'prev_value': None, 'change': True}
2026-06-15 00:21:11,310 : INFO : EventManager : Event: ======'machine_var_audits_missing_switches_s_left_outlane'====== Args={'value': 5, 'prev_value': None, 'change': True}
2026-06-15 00:21:11,310 : INFO : EventManager : Event: ======'machine_var_audits_missing_switches_s_plunger'====== Args={'value': 5, 'prev_value': None, 'change': True}
2026-06-15 00:21:11,310 : INFO : EventManager : Event: ======'machine_var_audits_missing_switches_s_right_flipper'====== Args={'value': 3, 'prev_value': None, 'change': True}
2026-06-15 00:21:11,310 : INFO : EventManager : Event: ======'machine_var_audits_missing_switches_s_right_inlane'====== Args={'value': 5, 'prev_value': None, 'change': True}
2026-06-15 00:21:11,310 : INFO : EventManager : Event: ======'machine_var_audits_missing_switches_s_right_outlane'====== Args={'value': 5, 'prev_value': None, 'change': True}
2026-06-15 00:21:11,311 : INFO : EventManager : Event: ======'machine_var_audits_missing_switches_s_slingshot_left'====== Args={'value': 5, 'prev_value': None, 'change': True}
2026-06-15 00:21:11,311 : INFO : EventManager : Event: ======'machine_var_audits_missing_switches_s_slingshot_right'====== Args={'value': 7, 'prev_value': None, 'change': True}
2026-06-15 00:21:11,311 : INFO : EventManager : Event: ======'machine_var_audits_missing_switches_s_start'====== Args={'value': 7, 'prev_value': None, 'change': True}
2026-06-15 00:21:11,311 : INFO : EventManager : Event: ======'machine_var_audits_missing_switches_s_trough_ball_2'====== Args={'value': 3, 'prev_value': None, 'change': True}
2026-06-15 00:21:11,311 : INFO : EventManager : Event: ======'machine_var_audits_missing_switches_s_trough_ball_3'====== Args={'value': 7, 'prev_value': None, 'change': True}
2026-06-15 00:21:11,311 : INFO : EventManager : Event: ======'machine_var_audits_missing_switches_s_trough_ball_4'====== Args={'value': 7, 'prev_value': None, 'change': True}
2026-06-15 00:21:11,311 : INFO : EventManager : Event: ======'machine_var_audits_missing_switches_s_trough_ball_5'====== Args={'value': 7, 'prev_value': None, 'change': True}
2026-06-15 00:21:11,311 : INFO : EventManager : Event: ======'machine_var_audits_missing_switches_s_trough_ball_6'====== Args={'value': 7, 'prev_value': None, 'change': True}
2026-06-15 00:21:11,311 : INFO : EventManager : Event: ======'machine_var_audits_player_score'====== Args={'value': {'average': 0, 'top': [], 'total': 0}, 'prev_value': None, 'change': True}
2026-06-15 00:21:11,311 : INFO : EventManager : Event: ======'machine_var_audits_switches_s_flipper_left_eos'====== Args={'value': 2, 'prev_value': None, 'change': True}
2026-06-15 00:21:11,311 : INFO : EventManager : Event: ======'machine_var_audits_switches_s_flipper_right_eos'====== Args={'value': 2, 'prev_value': None, 'change': True}
2026-06-15 00:21:11,311 : INFO : EventManager : Event: ======'machine_var_audits_switches_s_launch'====== Args={'value': 2, 'prev_value': None, 'change': True}
2026-06-15 00:21:11,311 : INFO : EventManager : Event: ======'machine_var_audits_switches_s_left_flipper'====== Args={'value': 2, 'prev_value': None, 'change': True}
2026-06-15 00:21:11,311 : INFO : EventManager : Event: ======'machine_var_audits_switches_s_left_inlane'====== Args={'value': 4, 'prev_value': None, 'change': True}
2026-06-15 00:21:11,311 : INFO : EventManager : Event: ======'machine_var_audits_switches_s_left_outlane'====== Args={'value': 2, 'prev_value': None, 'change': True}
2026-06-15 00:21:11,311 : INFO : EventManager : Event: ======'machine_var_audits_switches_s_plunger'====== Args={'value': 1, 'prev_value': None, 'change': True}
2026-06-15 00:21:11,311 : INFO : EventManager : Event: ======'machine_var_audits_switches_s_right_flipper'====== Args={'value': 2, 'prev_value': None, 'change': True}
2026-06-15 00:21:11,311 : INFO : EventManager : Event: ======'machine_var_audits_switches_s_right_inlane'====== Args={'value': 3, 'prev_value': None, 'change': True}
2026-06-15 00:21:11,311 : INFO : EventManager : Event: ======'machine_var_audits_switches_s_right_outlane'====== Args={'value': 3, 'prev_value': None, 'change': True}
2026-06-15 00:21:11,311 : INFO : EventManager : Event: ======'machine_var_audits_switches_s_slingshot_left'====== Args={'value': 3, 'prev_value': None, 'change': True}
2026-06-15 00:21:11,311 : INFO : EventManager : Event: ======'machine_var_audits_switches_s_slingshot_right'====== Args={'value': 0, 'prev_value': None, 'change': True}
2026-06-15 00:21:11,311 : INFO : EventManager : Event: ======'machine_var_audits_switches_s_start'====== Args={'value': 0, 'prev_value': None, 'change': True}
2026-06-15 00:21:11,311 : INFO : EventManager : Event: ======'machine_var_audits_switches_s_trough_ball_1'====== Args={'value': 14, 'prev_value': None, 'change': True}
2026-06-15 00:21:11,311 : INFO : EventManager : Event: ======'machine_var_audits_switches_s_trough_ball_2'====== Args={'value': 3, 'prev_value': None, 'change': True}
2026-06-15 00:21:11,312 : INFO : EventManager : Event: ======'machine_var_audits_switches_s_trough_ball_3'====== Args={'value': 0, 'prev_value': None, 'change': True}
2026-06-15 00:21:11,312 : INFO : EventManager : Event: ======'machine_var_audits_switches_s_trough_ball_4'====== Args={'value': 0, 'prev_value': None, 'change': True}
2026-06-15 00:21:11,312 : INFO : EventManager : Event: ======'machine_var_audits_switches_s_trough_ball_5'====== Args={'value': 0, 'prev_value': None, 'change': True}
2026-06-15 00:21:11,312 : INFO : EventManager : Event: ======'machine_var_audits_switches_s_trough_ball_6'====== Args={'value': 0, 'prev_value': None, 'change': True}
2026-06-15 00:21:11,312 : INFO : EventManager : Event: ======'machine_var_audits_switches_s_trough_ball_jam'====== Args={'value': 18, 'prev_value': None, 'change': True}
2026-06-15 00:21:11,312 : INFO : EventManager : Event: ======'init_phase_5'====== Args={}
2026-06-15 00:21:11,312 : INFO : EventManager : Event: ======'init_done'====== Args={}
2026-06-15 00:21:11,312 : INFO : EventManager : Event: ======'machine_reset_phase_1'====== Args={}
2026-06-15 00:21:11,313 : INFO : EventManager : Event: ======'machine_reset_phase_2'====== Args={}
2026-06-15 00:21:11,313 : INFO : EventManager : Event: ======'machine_reset_phase_3'====== Args={}
2026-06-15 00:21:11,313 : INFO : EventManager : Event: ======'reset_complete'====== Args={}
2026-06-15 00:21:11,314 : INFO : EventManager : Event: ======'mode_attract_will_start'====== Args={}
2026-06-15 00:21:11,314 : INFO : EventManager : Event: ======'mode_attract_starting'====== Args={}
2026-06-15 00:21:11,314 : INFO : Mode.attract : Started. Priority: 10
2026-06-15 00:21:11,314 : INFO : EventManager : Event: ======'modes_active_modes_changed'====== Args={}
2026-06-15 00:21:11,314 : INFO : EventManager : Event: ======'mode_attract_started'====== Args={}
2026-06-15 00:21:11,314 : INFO : EventManager : Event: ======'collecting_balls_complete'====== Args={}
2026-06-15 00:21:11,315 : INFO : Machine : Starting the main run loop with active modes: [<Mode.attract>]
2026-06-15 00:21:15,884 : INFO : SwitchController : <<<<<<< 's_start' active >>>>>>>
2026-06-15 00:21:16,076 : INFO : SwitchController : <<<<<<< 's_start' inactive >>>>>>>
2026-06-15 00:21:16,077 : INFO : EventManager : Event: ======'request_to_start_game'====== Args={}
2026-06-15 00:21:16,078 : INFO : EventManager : Event: ======'game_start'====== Args={'buttons': [], 'hold_time': 0.19247759995050728}
2026-06-15 00:21:16,079 : INFO : EventManager : Event: ======'mode_game_will_start'====== Args={'buttons': [], 'hold_time': 0.19247759995050728}
2026-06-15 00:21:16,080 : INFO : EventManager : Event: ======'mode_game_starting'====== Args={'buttons': [], 'hold_time': 0.19247759995050728}
2026-06-15 00:21:16,080 : INFO : EventManager : Event: ======'mode_attract_will_stop'====== Args={}
2026-06-15 00:21:16,081 : INFO : EventManager : Event: ======'mode_attract_stopping'====== Args={}
2026-06-15 00:21:16,081 : INFO : Mode.attract : Stopped.
2026-06-15 00:21:16,081 : INFO : EventManager : Event: ======'modes_active_modes_changed'====== Args={}
2026-06-15 00:21:16,082 : INFO : EventManager : Event: ======'mode_attract_stopped'====== Args={}
2026-06-15 00:21:16,082 : INFO : EventManager : Event: ======'clear'====== Args={'key': 'attract'}
2026-06-15 00:21:16,082 : INFO : Mode.game : Started. Priority: 20
2026-06-15 00:21:16,083 : INFO : EventManager : Event: ======'modes_active_modes_changed'====== Args={}
2026-06-15 00:21:16,083 : INFO : EventManager : Event: ======'mode_game_started'====== Args={'buttons': [], 'hold_time': 0.19247759995050728}
2026-06-15 00:21:16,085 : INFO : EventManager : Event: ======'game_will_start'====== Args={}
2026-06-15 00:21:16,086 : INFO : EventManager : Event: ======'game_starting'====== Args={'game': <Mode.game>}
2026-06-15 00:21:16,087 : INFO : EventManager : Unordered handler for class <Auditor> on event game_ended with priority 1. Handlers: [RegisteredHandler(callback=<bound method Auditor.disable of <Auditor>>, priority=1, kwargs={}, key=UUID('34aa05fe-d3da-472b-b3ac-edabf01c32e2'), condition=None, blocking_facility=None), RegisteredHandler(callback=<bound method Auditor._save_audits of <Auditor>>, priority=1, kwargs={}, key=UUID('efa19f20-dea9-47f2-b846-34dac7ac2645'), condition=None, blocking_facility=None)]. The order of those handlers is not defined and they will be executed in random order. This might lead to race conditions and potential bugs.
2026-06-15 00:21:16,088 : INFO : EventManager : Event: ======'player_add_request'====== Args={}
2026-06-15 00:21:16,088 : INFO : EventManager : Event: ======'player_will_add'====== Args={'number': 1}
2026-06-15 00:21:16,088 : INFO : EventManager : Event: ======'player_adding'====== Args={'player': <Player 1>, 'number': 1}
2026-06-15 00:21:16,089 : INFO : EventManager : Event: ======'player_added'====== Args={'player': <Player 1>, 'num': 1}
2026-06-15 00:21:16,089 : INFO : Mode.game : Player added successfully. Total players: 1
2026-06-15 00:21:16,089 : INFO : EventManager : Event: ======'player_index'====== Args={'value': 0, 'prev_value': 0, 'change': 0, 'player_num': 1}
2026-06-15 00:21:16,089 : INFO : EventManager : Event: ======'player_number'====== Args={'value': 1, 'prev_value': 1, 'change': 0, 'player_num': 1}
2026-06-15 00:21:16,089 : INFO : EventManager : Event: ======'player_score'====== Args={'value': 0, 'prev_value': 0, 'change': 0, 'player_num': 1}
2026-06-15 00:21:16,089 : INFO : EventManager : Event: ======'game_started'====== Args={}
2026-06-15 00:21:16,096 : INFO : EventManager : Event: ======'player_turn_will_start'====== Args={'player': <Player 1>, 'number': 1}
2026-06-15 00:21:16,096 : INFO : EventManager : Event: ======'player_turn_starting'====== Args={'player': <Player 1>, 'number': 1}
2026-06-15 00:21:16,096 : INFO : EventManager : Event: ======'player_ball'====== Args={'value': 1, 'prev_value': 0, 'change': 1, 'player_num': 1}
2026-06-15 00:21:16,096 : INFO : EventManager : Event: ======'player_turn_started'====== Args={'player': <Player 1>, 'number': 1}
2026-06-15 00:21:16,096 : INFO : EventManager : Event: ======'ball_will_start'====== Args={'player': 1, 'ball': 1, 'balls_remaining': 2, 'is_extra_ball': False}
2026-06-15 00:21:16,096 : INFO : EventManager : Event: ======'ball_starting'====== Args={'player': 1, 'ball': 1, 'balls_remaining': 2, 'is_extra_ball': False}
2026-06-15 00:21:16,096 : INFO : EventManager : Event: ======'balls_in_play'====== Args={'balls': 1}
2026-06-15 00:21:16,097 : INFO : EventManager : Event: ======'ball_started'====== Args={'player': 1, 'ball': 1, 'balls_remaining': 2, 'is_extra_ball': False}
2026-06-15 00:21:16,097 : INFO : EventManager : Event: ======'single_player_ball_started'====== Args={}
2026-06-15 00:21:16,097 : INFO : EventManager : Event: ======'ball_start_target'====== Args={'target': 'playfield'}
2026-06-15 00:21:16,097 : INFO : ball_device.bd_trough : Setting up player-controlled eject. Balls: 1, Target: <playfield.playfield>, player_controlled_eject_event: None
2026-06-15 00:21:16,097 : INFO : ball_device.bd_trough : Adding 1 ball(s) to the eject_queue with target <playfield.playfield>.
2026-06-15 00:21:16,097 : INFO : EventManager : Event: ======'balldevice_balls_available'====== Args={}
2026-06-15 00:21:16,098 : INFO : ball_device.bd_trough : State: waiting_for_target_ready
2026-06-15 00:21:16,098 : INFO : EventManager : Event: ======'balldevice_bd_trough_ball_eject_attempt'====== Args={'balls': 1, 'target': <ball_device.bd_plunger>, 'source': <ball_device.bd_trough>, 'mechanical_eject': False, 'num_attempts': 0}
2026-06-15 00:21:16,098 : INFO : ball_device.bd_plunger : State: waiting_for_ball
2026-06-15 00:21:16,098 : INFO : ball_device.bd_trough : State: ejecting
2026-06-15 00:21:16,098 : INFO : ball_device.bd_trough : Ejecting ball to <ball_device.bd_plunger>
2026-06-15 00:21:16,098 : INFO : EventManager : Event: ======'balldevice_bd_trough_ejecting_ball'====== Args={'balls': 1, 'target': <ball_device.bd_plunger>, 'source': <ball_device.bd_trough>, 'mechanical_eject': False, 'num_attempts': 0}
2026-06-15 00:21:16,098 : INFO : ball_device.bd_trough : Wait for ball to leave device
2026-06-15 00:21:16,098 : INFO : coil.c_trough_eject_coil : Pulsing Driver for 250ms (1.0 pulse_power)
2026-06-15 00:21:16,139 : INFO : SwitchController : <<<<<<< 's_trough_ball_1' inactive >>>>>>>
2026-06-15 00:21:16,139 : INFO : SwitchController : <<<<<<< 's_trough_ball_jam' active >>>>>>>
2026-06-15 00:21:16,140 : INFO : EventManager : Event: ======'machine_var_audits_switches_s_trough_ball_jam'====== Args={'value': 19, 'prev_value': 18, 'change': 1}
2026-06-15 00:21:16,140 : INFO : SwitchController : <<<<<<< 's_trough_ball_jam' inactive >>>>>>>
2026-06-15 00:21:16,142 : INFO : ball_device.bd_trough : State: ball_left
2026-06-15 00:21:16,143 : INFO : ball_device.bd_trough : Ball left
2026-06-15 00:21:16,143 : INFO : ball_device.bd_trough : Wait for confirm with timeout 2.0
2026-06-15 00:21:16,330 : INFO : SwitchController : <<<<<<< 's_trough_ball_jam' active >>>>>>>
2026-06-15 00:21:16,330 : INFO : EventManager : Event: ======'machine_var_audits_switches_s_trough_ball_jam'====== Args={'value': 20, 'prev_value': 19, 'change': 1}
2026-06-15 00:21:16,506 : INFO : SwitchController : <<<<<<< 's_trough_ball_1' active >>>>>>>
2026-06-15 00:21:16,506 : INFO : EventManager : Event: ======'machine_var_audits_switches_s_trough_ball_1'====== Args={'value': 15, 'prev_value': 14, 'change': 1}
2026-06-15 00:21:16,507 : INFO : SwitchController : <<<<<<< 's_trough_ball_jam' inactive >>>>>>>
2026-06-15 00:21:18,154 : INFO : ball_device.bd_trough : State: failed_confirm
2026-06-15 00:21:18,155 : INFO : ball_device.bd_trough : Got timeout (2.0s) before confirm from <ball_device.bd_plunger>
2026-06-15 00:21:18,158 : INFO : ball_device.bd_plunger : Expecting incoming ball which may skip the device.
2026-06-15 00:21:18,158 : INFO : EventManager : Event: ======'balldevice_bd_plunger_ejecting_ball'====== Args={'balls': 1, 'target': <playfield.playfield>, 'source': <ball_device.bd_plunger>, 'mechanical_eject': False, 'num_attempts': 1}
2026-06-15 00:21:18,158 : INFO : ball_device.bd_trough : Got unknown balls. Assuming a ball returned.
2026-06-15 00:21:18,158 : INFO : EventManager : Event: ======'balldevice_bd_trough_ball_eject_failed'====== Args={'target': <ball_device.bd_plunger>, 'balls': 1, 'retry': True, 'num_attempts': 1}
2026-06-15 00:21:18,158 : INFO : EventManager : Event: ======'balldevice_bd_plunger_ball_eject_failed'====== Args={'target': <playfield.playfield>, 'balls': 1, 'retry': True, 'num_attempts': 1}
2026-06-15 00:21:18,159 : INFO : ball_device.bd_trough : State: waiting_for_target_ready
2026-06-15 00:21:18,159 : INFO : EventManager : Event: ======'balldevice_bd_trough_ball_eject_attempt'====== Args={'balls': 1, 'target': <ball_device.bd_plunger>, 'source': <ball_device.bd_trough>, 'mechanical_eject': False, 'num_attempts': 1}
2026-06-15 00:21:18,159 : INFO : ball_device.bd_plunger : No longer expecting incoming ball which may skip the device.
2026-06-15 00:21:18,159 : INFO : ball_device.bd_trough : State: ejecting
2026-06-15 00:21:18,159 : INFO : ball_device.bd_trough : Ejecting ball to <ball_device.bd_plunger>
2026-06-15 00:21:18,159 : INFO : EventManager : Event: ======'balldevice_bd_trough_ejecting_ball'====== Args={'balls': 1, 'target': <ball_device.bd_plunger>, 'source': <ball_device.bd_trough>, 'mechanical_eject': False, 'num_attempts': 1}
2026-06-15 00:21:18,160 : INFO : ball_device.bd_plunger : State: waiting_for_ball
2026-06-15 00:21:18,160 : INFO : ball_device.bd_trough : Wait for ball to leave device
2026-06-15 00:21:18,160 : INFO : coil.c_trough_eject_coil : Pulsing Driver for 250ms (1.0 pulse_power)
2026-06-15 00:21:18,201 : INFO : SwitchController : <<<<<<< 's_trough_ball_1' inactive >>>>>>>
2026-06-15 00:21:18,202 : INFO : SwitchController : <<<<<<< 's_trough_ball_jam' active >>>>>>>
2026-06-15 00:21:18,202 : INFO : EventManager : Event: ======'machine_var_audits_switches_s_trough_ball_jam'====== Args={'value': 21, 'prev_value': 20, 'change': 1}
2026-06-15 00:21:18,202 : INFO : SwitchController : <<<<<<< 's_trough_ball_jam' inactive >>>>>>>
2026-06-15 00:21:18,204 : INFO : ball_device.bd_trough : State: ball_left
2026-06-15 00:21:18,205 : INFO : ball_device.bd_trough : Ball left
2026-06-15 00:21:18,205 : INFO : ball_device.bd_trough : Wait for confirm with timeout 2.0
2026-06-15 00:21:18,361 : INFO : SwitchController : <<<<<<< 's_trough_ball_jam' active >>>>>>>
2026-06-15 00:21:18,362 : INFO : EventManager : Event: ======'machine_var_audits_switches_s_trough_ball_jam'====== Args={'value': 22, 'prev_value': 21, 'change': 1}
2026-06-15 00:21:18,553 : INFO : SwitchController : <<<<<<< 's_trough_ball_1' active >>>>>>>
2026-06-15 00:21:18,553 : INFO : EventManager : Event: ======'machine_var_audits_switches_s_trough_ball_1'====== Args={'value': 16, 'prev_value': 15, 'change': 1}
2026-06-15 00:21:18,554 : INFO : SwitchController : <<<<<<< 's_trough_ball_jam' inactive >>>>>>>
2026-06-15 00:21:20,217 : INFO : ball_device.bd_trough : State: failed_confirm
2026-06-15 00:21:20,218 : INFO : ball_device.bd_trough : Got timeout (2.0s) before confirm from <ball_device.bd_plunger>
2026-06-15 00:21:20,221 : INFO : ball_device.bd_plunger : Expecting incoming ball which may skip the device.
2026-06-15 00:21:20,222 : INFO : EventManager : Event: ======'balldevice_bd_plunger_ejecting_ball'====== Args={'balls': 1, 'target': <playfield.playfield>, 'source': <ball_device.bd_plunger>, 'mechanical_eject': False, 'num_attempts': 1}
2026-06-15 00:21:20,223 : INFO : ball_device.bd_trough : Got unknown balls. Assuming a ball returned.
2026-06-15 00:21:20,223 : INFO : EventManager : Event: ======'balldevice_bd_trough_ball_eject_failed'====== Args={'target': <ball_device.bd_plunger>, 'balls': 1, 'retry': True, 'num_attempts': 2}
2026-06-15 00:21:20,225 : INFO : EventManager : Event: ======'balldevice_bd_plunger_ball_eject_failed'====== Args={'target': <playfield.playfield>, 'balls': 1, 'retry': True, 'num_attempts': 1}
2026-06-15 00:21:20,226 : INFO : ball_device.bd_trough : State: waiting_for_target_ready
2026-06-15 00:21:20,226 : INFO : EventManager : Event: ======'balldevice_bd_trough_ball_eject_attempt'====== Args={'balls': 1, 'target': <ball_device.bd_plunger>, 'source': <ball_device.bd_trough>, 'mechanical_eject': False, 'num_attempts': 2}
2026-06-15 00:21:20,227 : INFO : ball_device.bd_plunger : No longer expecting incoming ball which may skip the device.
2026-06-15 00:21:20,228 : INFO : ball_device.bd_trough : State: ejecting
2026-06-15 00:21:20,228 : INFO : ball_device.bd_trough : Ejecting ball to <ball_device.bd_plunger>
2026-06-15 00:21:20,228 : INFO : EventManager : Event: ======'balldevice_bd_trough_ejecting_ball'====== Args={'balls': 1, 'target': <ball_device.bd_plunger>, 'source': <ball_device.bd_trough>, 'mechanical_eject': False, 'num_attempts': 2}
2026-06-15 00:21:20,230 : INFO : ball_device.bd_plunger : State: waiting_for_ball
2026-06-15 00:21:20,231 : INFO : ball_device.bd_trough : Wait for ball to leave device
2026-06-15 00:21:20,231 : INFO : coil.c_trough_eject_coil : Pulsing Driver for 250ms (1.0 pulse_power)
2026-06-15 00:21:20,264 : INFO : SwitchController : <<<<<<< 's_trough_ball_1' inactive >>>>>>>
2026-06-15 00:21:20,265 : INFO : SwitchController : <<<<<<< 's_trough_ball_jam' active >>>>>>>
2026-06-15 00:21:20,265 : INFO : EventManager : Event: ======'machine_var_audits_switches_s_trough_ball_jam'====== Args={'value': 23, 'prev_value': 22, 'change': 1}
2026-06-15 00:21:20,267 : INFO : ball_device.bd_trough : State: ball_left
2026-06-15 00:21:20,268 : INFO : ball_device.bd_trough : Ball left
2026-06-15 00:21:20,268 : INFO : ball_device.bd_trough : Wait for confirm with timeout 2.0
2026-06-15 00:21:20,282 : INFO : SwitchController : <<<<<<< 's_trough_ball_jam' inactive >>>>>>>
2026-06-15 00:21:20,424 : INFO : SwitchController : <<<<<<< 's_trough_ball_jam' active >>>>>>>
2026-06-15 00:21:20,425 : INFO : EventManager : Event: ======'machine_var_audits_switches_s_trough_ball_jam'====== Args={'value': 24, 'prev_value': 23, 'change': 1}
2026-06-15 00:21:20,472 : INFO : SwitchController : <<<<<<< 's_trough_ball_jam' inactive >>>>>>>
2026-06-15 00:21:20,536 : INFO : SwitchController : <<<<<<< 's_trough_ball_jam' active >>>>>>>
2026-06-15 00:21:20,536 : INFO : EventManager : Event: ======'machine_var_audits_switches_s_trough_ball_jam'====== Args={'value': 25, 'prev_value': 24, 'change': 1}
2026-06-15 00:21:20,600 : INFO : SwitchController : <<<<<<< 's_trough_ball_1' active >>>>>>>
2026-06-15 00:21:20,601 : INFO : EventManager : Event: ======'machine_var_audits_switches_s_trough_ball_1'====== Args={'value': 17, 'prev_value': 16, 'change': 1}
2026-06-15 00:21:20,602 : INFO : SwitchController : <<<<<<< 's_trough_ball_jam' inactive >>>>>>>
2026-06-15 00:21:20,616 : INFO : SwitchController : <<<<<<< 's_trough_ball_1' inactive >>>>>>>
2026-06-15 00:21:20,617 : INFO : SwitchController : <<<<<<< 's_trough_ball_jam' active >>>>>>>
2026-06-15 00:21:20,617 : INFO : EventManager : Event: ======'machine_var_audits_switches_s_trough_ball_jam'====== Args={'value': 26, 'prev_value': 25, 'change': 1}
2026-06-15 00:21:20,679 : INFO : SwitchController : <<<<<<< 's_trough_ball_1' active >>>>>>>
2026-06-15 00:21:20,680 : INFO : EventManager : Event: ======'machine_var_audits_switches_s_trough_ball_1'====== Args={'value': 18, 'prev_value': 17, 'change': 1}
2026-06-15 00:21:20,680 : INFO : SwitchController : <<<<<<< 's_trough_ball_jam' inactive >>>>>>>
2026-06-15 00:21:22,277 : INFO : ball_device.bd_trough : State: failed_confirm
2026-06-15 00:21:22,278 : INFO : ball_device.bd_trough : Got timeout (2.0s) before confirm from <ball_device.bd_plunger>
2026-06-15 00:21:22,282 : INFO : ball_device.bd_plunger : Expecting incoming ball which may skip the device.
2026-06-15 00:21:22,283 : INFO : EventManager : Event: ======'balldevice_bd_plunger_ejecting_ball'====== Args={'balls': 1, 'target': <playfield.playfield>, 'source': <ball_device.bd_plunger>, 'mechanical_eject': False, 'num_attempts': 1}
2026-06-15 00:21:22,284 : INFO : ball_device.bd_trough : Got unknown balls. Assuming a ball returned.
2026-06-15 00:21:22,284 : INFO : ball_device.bd_trough : State: eject_broken
2026-06-15 00:21:22,285 : INFO : EventManager : Event: ======'balldevice_bd_trough_ball_eject_failed'====== Args={'target': <ball_device.bd_plunger>, 'balls': 1, 'retry': False, 'num_attempts': 3}
2026-06-15 00:21:22,286 : INFO : EventManager : Event: ======'balldevice_bd_trough_broken'====== Args={}
2026-06-15 00:21:22,287 : INFO : EventManager : Event: ======'balldevice_bd_plunger_ball_eject_failed'====== Args={'target': <playfield.playfield>, 'balls': 1, 'retry': True, 'num_attempts': 1}
2026-06-15 00:21:22,288 : INFO : ball_device.bd_plunger : No longer expecting incoming ball which may skip the device.
2026-06-15 00:21:22,289 : INFO : ball_device.bd_plunger : State: waiting_for_ball
2026-06-15 00:21:28,228 : INFO : SwitchController : <<<<<<< 's_plunger' active >>>>>>>
2026-06-15 00:21:28,229 : INFO : EventManager : Event: ======'machine_var_audits_switches_s_plunger'====== Args={'value': 2, 'prev_value': 1, 'change': 1}
2026-06-15 00:21:28,742 : INFO : ball_device.bd_plunger : Received unexpected ball
2026-06-15 00:21:28,743 : INFO : EventManager : Event: ======'balldevice_captured_from_playfield'====== Args={'balls': 1}
2026-06-15 00:21:28,745 : INFO : EventManager : Event: ======'sw_playfield_active'====== Args={'balls': 1}
2026-06-15 00:21:28,746 : INFO : EventManager : Event: ======'playfield_active'====== Args={'source': None}
2026-06-15 00:21:28,746 : INFO : EventManager : Event: ======'unexpected_ball_on_playfield'====== Args={}
2026-06-15 00:21:28,746 : INFO : EventManager : Event: ======'playfield_ball_count_change'====== Args={'balls': -1, 'change': -1}
2026-06-15 00:21:28,746 : INFO : EventManager : Event: ======'balldevice_playfield_ball_enter'====== Args={'new_balls': 1, 'unclaimed_balls': 1, 'device': <playfield.playfield>}
2026-06-15 00:21:28,746 : INFO : EventManager : Event: ======'playfield_ball_count_change'====== Args={'balls': 0, 'change': 1}
2026-06-15 00:21:28,746 : INFO : BallController : Found a new ball which was captured from playfield. Known balls: 2
2026-06-15 00:21:28,746 : INFO : EventManager : Event: ======'found_new_ball'====== Args={}
2026-06-15 00:21:28,746 : INFO : EventManager : Event: ======'balldevice_bd_plunger_ball_enter'====== Args={'new_balls': 1, 'unclaimed_balls': 1, 'new_available_balls': 1, 'device': <ball_device.bd_plunger>}
2026-06-15 00:21:28,747 : INFO : ball_device.bd_plunger : Ejecting 1 unexpected balls using path deque([<ball_device.bd_plunger>, <playfield.playfield>])
2026-06-15 00:21:28,747 : INFO : EventManager : Event: ======'balldevice_balls_available'====== Args={}
2026-06-15 00:21:28,747 : INFO : EventManager : Event: ======'balldevice_balls_available'====== Args={}
2026-06-15 00:21:28,747 : INFO : EventManager : Event: ======'balldevice_bd_plunger_ball_entered'====== Args={'new_balls': 1, 'device': <ball_device.bd_plunger>}
2026-06-15 00:21:28,747 : INFO : EventManager : Event: ======'balldevice_bd_plunger_ball_count_changed'====== Args={'balls': 1}
2026-06-15 00:21:28,747 : INFO : ball_device.bd_plunger : State: waiting_for_target_ready
2026-06-15 00:21:28,747 : INFO : EventManager : Event: ======'balldevice_bd_plunger_ball_eject_attempt'====== Args={'balls': 1, 'target': <playfield.playfield>, 'source': <ball_device.bd_plunger>, 'mechanical_eject': False, 'num_attempts': 0}
2026-06-15 00:21:28,748 : INFO : ball_device.bd_plunger : State: ejecting
2026-06-15 00:21:28,748 : INFO : ball_device.bd_plunger : Ejecting ball to <playfield.playfield>
2026-06-15 00:21:28,748 : INFO : EventManager : Event: ======'balldevice_bd_plunger_ejecting_ball'====== Args={'balls': 1, 'target': <playfield.playfield>, 'source': <ball_device.bd_plunger>, 'mechanical_eject': False, 'num_attempts': 0}
2026-06-15 00:21:28,748 : INFO : ball_device.bd_plunger : Wait for ball to leave device
2026-06-15 00:21:30,089 : INFO : SwitchController : <<<<<<< 's_plunger' inactive >>>>>>>
2026-06-15 00:21:30,093 : INFO : ball_device.bd_plunger : State: ball_left
2026-06-15 00:21:30,093 : INFO : ball_device.bd_plunger : Ball left
2026-06-15 00:21:30,093 : INFO : ball_device.bd_plunger : Wait for confirm with timeout 5.0
2026-06-15 00:21:31,979 : INFO : SwitchController : <<<<<<< 's_left_inlane' active >>>>>>>
2026-06-15 00:21:31,981 : INFO : EventManager : Event: ======'machine_var_audits_switches_s_left_inlane'====== Args={'value': 5, 'prev_value': 4, 'change': 1}
2026-06-15 00:21:32,107 : INFO : SwitchController : <<<<<<< 's_left_inlane' inactive >>>>>>>
2026-06-15 00:21:33,437 : INFO : SwitchController : <<<<<<< 's_left_inlane' active >>>>>>>
2026-06-15 00:21:33,438 : INFO : EventManager : Event: ======'machine_var_audits_switches_s_left_inlane'====== Args={'value': 6, 'prev_value': 5, 'change': 1}
2026-06-15 00:21:33,548 : INFO : SwitchController : <<<<<<< 's_left_inlane' inactive >>>>>>>
2026-06-15 00:21:33,788 : INFO : SwitchController : <<<<<<< 's_left_inlane' active >>>>>>>
2026-06-15 00:21:33,789 : INFO : EventManager : Event: ======'machine_var_audits_switches_s_left_inlane'====== Args={'value': 7, 'prev_value': 6, 'change': 1}
2026-06-15 00:21:33,900 : INFO : SwitchController : <<<<<<< 's_left_inlane' inactive >>>>>>>
2026-06-15 00:21:34,188 : INFO : SwitchController : <<<<<<< 's_left_inlane' active >>>>>>>
2026-06-15 00:21:34,189 : INFO : EventManager : Event: ======'machine_var_audits_switches_s_left_inlane'====== Args={'value': 8, 'prev_value': 7, 'change': 1}
2026-06-15 00:21:34,316 : INFO : SwitchController : <<<<<<< 's_left_inlane' inactive >>>>>>>
2026-06-15 00:21:34,620 : INFO : SwitchController : <<<<<<< 's_left_inlane' active >>>>>>>
2026-06-15 00:21:34,621 : INFO : EventManager : Event: ======'machine_var_audits_switches_s_left_inlane'====== Args={'value': 9, 'prev_value': 8, 'change': 1}
2026-06-15 00:21:34,701 : INFO : SwitchController : <<<<<<< 's_left_inlane' inactive >>>>>>>
2026-06-15 00:21:35,100 : INFO : ball_device.bd_plunger : State: failed_confirm
2026-06-15 00:21:35,101 : INFO : ball_device.bd_plunger : Got timeout (5.0s) before confirm from <playfield.playfield>
2026-06-15 00:21:35,212 : INFO : ball_device.bd_plunger : Confirming eject because target is playfield and ball did not return.
2026-06-15 00:21:35,213 : INFO : ball_device.bd_plunger : Eject successful
2026-06-15 00:21:35,213 : INFO : EventManager : Event: ======'balldevice_bd_plunger_ball_eject_success'====== Args={'balls': 1, 'target': <playfield.playfield>}
2026-06-15 00:21:35,215 : INFO : EventManager : Event: ======'balldevice_playfield_ball_enter'====== Args={'new_balls': 1, 'unclaimed_balls': 1, 'device': <playfield.playfield>}
2026-06-15 00:21:35,215 : INFO : EventManager : Event: ======'playfield_ball_count_change'====== Args={'balls': 1, 'change': 1}
2026-06-15 00:21:35,216 : INFO : EventManager : Event: ======'balldevice_bd_plunger_ball_count_changed'====== Args={'balls': 0}
2026-06-15 00:21:35,216 : INFO : ball_device.bd_plunger : State: idle
2026-06-15 00:21:35,218 : INFO : ball_device.bd_plunger : State: waiting_for_ball
2026-06-15 00:21:35,421 : INFO : SwitchController : <<<<<<< 's_left_outlane' active >>>>>>>
2026-06-15 00:21:35,421 : INFO : EventManager : Event: ======'machine_var_audits_switches_s_left_outlane'====== Args={'value': 3, 'prev_value': 2, 'change': 1}
2026-06-15 00:21:35,516 : INFO : SwitchController : <<<<<<< 's_left_outlane' inactive >>>>>>>
2026-06-15 00:21:35,981 : INFO : SwitchController : <<<<<<< 's_slingshot_left' active >>>>>>>
2026-06-15 00:21:35,982 : INFO : EventManager : Event: ======'machine_var_audits_switches_s_slingshot_left'====== Args={'value': 4, 'prev_value': 3, 'change': 1}
2026-06-15 00:21:35,997 : INFO : SwitchController : <<<<<<< 's_slingshot_left' inactive >>>>>>>
2026-06-15 00:21:36,715 : INFO : SwitchController : <<<<<<< 's_slingshot_left' active >>>>>>>
2026-06-15 00:21:36,715 : INFO : EventManager : Event: ======'machine_var_audits_switches_s_slingshot_left'====== Args={'value': 5, 'prev_value': 4, 'change': 1}
2026-06-15 00:21:36,732 : INFO : SwitchController : <<<<<<< 's_slingshot_left' inactive >>>>>>>
2026-06-15 00:21:39,612 : INFO : SwitchController : <<<<<<< 's_slingshot_right' active >>>>>>>
2026-06-15 00:21:39,613 : INFO : EventManager : Event: ======'machine_var_audits_switches_s_slingshot_right'====== Args={'value': 1, 'prev_value': 0, 'change': 1}
2026-06-15 00:21:39,627 : INFO : SwitchController : <<<<<<< 's_slingshot_right' inactive >>>>>>>
2026-06-15 00:21:39,643 : INFO : SwitchController : <<<<<<< 's_slingshot_right' active >>>>>>>
2026-06-15 00:21:39,643 : INFO : EventManager : Event: ======'machine_var_audits_switches_s_slingshot_right'====== Args={'value': 2, 'prev_value': 1, 'change': 1}
2026-06-15 00:21:39,659 : INFO : SwitchController : <<<<<<< 's_slingshot_right' inactive >>>>>>>
2026-06-15 00:21:40,556 : INFO : SwitchController : <<<<<<< 's_slingshot_right' active >>>>>>>
2026-06-15 00:21:40,557 : INFO : EventManager : Event: ======'machine_var_audits_switches_s_slingshot_right'====== Args={'value': 3, 'prev_value': 2, 'change': 1}
2026-06-15 00:21:40,571 : INFO : SwitchController : <<<<<<< 's_slingshot_right' inactive >>>>>>>
2026-06-15 00:21:41,485 : INFO : SwitchController : <<<<<<< 's_slingshot_right' active >>>>>>>
2026-06-15 00:21:41,486 : INFO : EventManager : Event: ======'machine_var_audits_switches_s_slingshot_right'====== Args={'value': 4, 'prev_value': 3, 'change': 1}
2026-06-15 00:21:41,500 : INFO : SwitchController : <<<<<<< 's_slingshot_right' inactive >>>>>>>
2026-06-15 00:21:41,820 : INFO : SwitchController : <<<<<<< 's_slingshot_right' active >>>>>>>
2026-06-15 00:21:41,821 : INFO : EventManager : Event: ======'machine_var_audits_switches_s_slingshot_right'====== Args={'value': 5, 'prev_value': 4, 'change': 1}
2026-06-15 00:21:41,823 : INFO : SwitchController : <<<<<<< 's_slingshot_right' inactive >>>>>>>
2026-06-15 00:21:48,465 : INFO : SwitchController : <<<<<<< 's_trough_ball_1' inactive >>>>>>>
2026-06-15 00:21:48,466 : INFO : SwitchController : <<<<<<< 's_trough_ball_jam' active >>>>>>>
2026-06-15 00:21:48,467 : INFO : EventManager : Event: ======'machine_var_audits_switches_s_trough_ball_jam'====== Args={'value': 27, 'prev_value': 26, 'change': 1}
2026-06-15 00:21:48,512 : INFO : SwitchController : <<<<<<< 's_trough_ball_jam' inactive >>>>>>>
2026-06-15 00:21:48,637 : INFO : SwitchController : <<<<<<< 's_trough_ball_jam' active >>>>>>>
2026-06-15 00:21:48,637 : INFO : EventManager : Event: ======'machine_var_audits_switches_s_trough_ball_jam'====== Args={'value': 28, 'prev_value': 27, 'change': 1}
2026-06-15 00:21:48,674 : INFO : SwitchController : <<<<<<< 's_trough_ball_1' active >>>>>>>
2026-06-15 00:21:48,674 : INFO : EventManager : Event: ======'machine_var_audits_switches_s_trough_ball_1'====== Args={'value': 19, 'prev_value': 18, 'change': 1}
2026-06-15 00:21:48,674 : INFO : SwitchController : <<<<<<< 's_trough_ball_jam' inactive >>>>>>>
2026-06-15 00:21:49,136 : INFO : SwitchController : <<<<<<< 's_trough_ball_1' inactive >>>>>>>
2026-06-15 00:21:49,136 : INFO : SwitchController : <<<<<<< 's_trough_ball_jam' active >>>>>>>
2026-06-15 00:21:49,137 : INFO : EventManager : Event: ======'machine_var_audits_switches_s_trough_ball_jam'====== Args={'value': 29, 'prev_value': 28, 'change': 1}
2026-06-15 00:21:49,152 : INFO : SwitchController : <<<<<<< 's_trough_ball_jam' inactive >>>>>>>
2026-06-15 00:21:49,344 : INFO : SwitchController : <<<<<<< 's_trough_ball_jam' active >>>>>>>
2026-06-15 00:21:49,344 : INFO : EventManager : Event: ======'machine_var_audits_switches_s_trough_ball_jam'====== Args={'value': 30, 'prev_value': 29, 'change': 1}
2026-06-15 00:21:49,376 : INFO : SwitchController : <<<<<<< 's_trough_ball_1' active >>>>>>>
2026-06-15 00:21:49,377 : INFO : EventManager : Event: ======'machine_var_audits_switches_s_trough_ball_1'====== Args={'value': 20, 'prev_value': 19, 'change': 1}
2026-06-15 00:21:49,377 : INFO : SwitchController : <<<<<<< 's_trough_ball_jam' inactive >>>>>>>
2026-06-15 00:21:49,854 : INFO : SwitchController : <<<<<<< 's_trough_ball_1' inactive >>>>>>>
2026-06-15 00:21:49,855 : INFO : SwitchController : <<<<<<< 's_trough_ball_jam' active >>>>>>>
2026-06-15 00:21:49,855 : INFO : EventManager : Event: ======'machine_var_audits_switches_s_trough_ball_jam'====== Args={'value': 31, 'prev_value': 30, 'change': 1}
2026-06-15 00:21:49,870 : INFO : SwitchController : <<<<<<< 's_trough_ball_jam' inactive >>>>>>>
2026-06-15 00:21:50,063 : INFO : SwitchController : <<<<<<< 's_trough_ball_jam' active >>>>>>>
2026-06-15 00:21:50,064 : INFO : EventManager : Event: ======'machine_var_audits_switches_s_trough_ball_jam'====== Args={'value': 32, 'prev_value': 31, 'change': 1}
2026-06-15 00:21:50,080 : INFO : SwitchController : <<<<<<< 's_trough_ball_1' active >>>>>>>
2026-06-15 00:21:50,081 : INFO : EventManager : Event: ======'machine_var_audits_switches_s_trough_ball_1'====== Args={'value': 21, 'prev_value': 20, 'change': 1}
2026-06-15 00:21:50,081 : INFO : SwitchController : <<<<<<< 's_trough_ball_jam' inactive >>>>>>>
2026-06-15 00:21:50,110 : INFO : SwitchController : <<<<<<< 's_trough_ball_1' inactive >>>>>>>
2026-06-15 00:21:50,158 : INFO : SwitchController : <<<<<<< 's_trough_ball_2' active >>>>>>>
2026-06-15 00:21:50,159 : INFO : EventManager : Event: ======'machine_var_audits_switches_s_trough_ball_2'====== Args={'value': 4, 'prev_value': 3, 'change': 1}
2026-06-15 00:21:50,510 : INFO : SwitchController : <<<<<<< 's_trough_ball_2' inactive >>>>>>>
2026-06-15 00:21:50,527 : INFO : SwitchController : <<<<<<< 's_trough_ball_1' active >>>>>>>
2026-06-15 00:21:50,527 : INFO : EventManager : Event: ======'machine_var_audits_switches_s_trough_ball_1'====== Args={'value': 22, 'prev_value': 21, 'change': 1}
2026-06-15 00:21:51,262 : INFO : SwitchController : <<<<<<< 's_trough_ball_1' inactive >>>>>>>
2026-06-15 00:21:51,264 : INFO : SwitchController : <<<<<<< 's_trough_ball_jam' active >>>>>>>
2026-06-15 00:21:51,264 : INFO : EventManager : Event: ======'machine_var_audits_switches_s_trough_ball_jam'====== Args={'value': 33, 'prev_value': 32, 'change': 1}
2026-06-15 00:21:51,294 : INFO : SwitchController : <<<<<<< 's_trough_ball_jam' inactive >>>>>>>
2026-06-15 00:21:51,453 : INFO : SwitchController : <<<<<<< 's_trough_ball_jam' active >>>>>>>
2026-06-15 00:21:51,453 : INFO : EventManager : Event: ======'machine_var_audits_switches_s_trough_ball_jam'====== Args={'value': 34, 'prev_value': 33, 'change': 1}
2026-06-15 00:21:51,501 : INFO : SwitchController : <<<<<<< 's_trough_ball_1' active >>>>>>>
2026-06-15 00:21:51,501 : INFO : EventManager : Event: ======'machine_var_audits_switches_s_trough_ball_1'====== Args={'value': 23, 'prev_value': 22, 'change': 1}
2026-06-15 00:21:51,502 : INFO : SwitchController : <<<<<<< 's_trough_ball_jam' inactive >>>>>>>
2026-06-15 00:21:53,002 : INFO : SwitchController : <<<<<<< 's_trough_ball_1' inactive >>>>>>>
2026-06-15 00:21:53,003 : INFO : SwitchController : <<<<<<< 's_trough_ball_jam' active >>>>>>>
2026-06-15 00:21:53,003 : INFO : EventManager : Event: ======'machine_var_audits_switches_s_trough_ball_jam'====== Args={'value': 35, 'prev_value': 34, 'change': 1}
2026-06-15 00:21:53,034 : INFO : SwitchController : <<<<<<< 's_trough_ball_jam' inactive >>>>>>>
2026-06-15 00:21:53,228 : INFO : SwitchController : <<<<<<< 's_trough_ball_jam' active >>>>>>>
2026-06-15 00:21:53,228 : INFO : EventManager : Event: ======'machine_var_audits_switches_s_trough_ball_jam'====== Args={'value': 36, 'prev_value': 35, 'change': 1}
2026-06-15 00:21:53,261 : INFO : SwitchController : <<<<<<< 's_trough_ball_1' active >>>>>>>
2026-06-15 00:21:53,261 : INFO : EventManager : Event: ======'machine_var_audits_switches_s_trough_ball_1'====== Args={'value': 24, 'prev_value': 23, 'change': 1}
2026-06-15 00:21:53,261 : INFO : SwitchController : <<<<<<< 's_trough_ball_jam' inactive >>>>>>>
2026-06-15 00:21:53,262 : INFO : SwitchController : <<<<<<< 's_trough_ball_jam' active >>>>>>>
2026-06-15 00:21:53,262 : INFO : EventManager : Event: ======'machine_var_audits_switches_s_trough_ball_jam'====== Args={'value': 37, 'prev_value': 36, 'change': 1}
2026-06-15 00:21:53,291 : INFO : SwitchController : <<<<<<< 's_trough_ball_1' inactive >>>>>>>
2026-06-15 00:21:53,323 : INFO : SwitchController : <<<<<<< 's_trough_ball_2' active >>>>>>>
2026-06-15 00:21:53,324 : INFO : EventManager : Event: ======'machine_var_audits_switches_s_trough_ball_2'====== Args={'value': 5, 'prev_value': 4, 'change': 1}
2026-06-15 00:21:53,355 : INFO : SwitchController : <<<<<<< 's_trough_ball_jam' inactive >>>>>>>
2026-06-15 00:21:53,371 : INFO : SwitchController : <<<<<<< 's_trough_ball_jam' active >>>>>>>
2026-06-15 00:21:53,371 : INFO : EventManager : Event: ======'machine_var_audits_switches_s_trough_ball_jam'====== Args={'value': 38, 'prev_value': 37, 'change': 1}
2026-06-15 00:21:53,374 : INFO : SwitchController : <<<<<<< 's_trough_ball_jam' inactive >>>>>>>
2026-06-15 00:21:53,386 : INFO : SwitchController : <<<<<<< 's_trough_ball_jam' active >>>>>>>
2026-06-15 00:21:53,387 : INFO : EventManager : Event: ======'machine_var_audits_switches_s_trough_ball_jam'====== Args={'value': 39, 'prev_value': 38, 'change': 1}
2026-06-15 00:21:53,403 : INFO : SwitchController : <<<<<<< 's_trough_ball_jam' inactive >>>>>>>
2026-06-15 00:21:53,404 : INFO : SwitchController : <<<<<<< 's_trough_ball_jam' active >>>>>>>
2026-06-15 00:21:53,405 : INFO : EventManager : Event: ======'machine_var_audits_switches_s_trough_ball_jam'====== Args={'value': 40, 'prev_value': 39, 'change': 1}
2026-06-15 00:21:53,435 : INFO : SwitchController : <<<<<<< 's_trough_ball_jam' inactive >>>>>>>
2026-06-15 00:21:53,466 : INFO : SwitchController : <<<<<<< 's_trough_ball_jam' active >>>>>>>
2026-06-15 00:21:53,467 : INFO : EventManager : Event: ======'machine_var_audits_switches_s_trough_ball_jam'====== Args={'value': 41, 'prev_value': 40, 'change': 1}
2026-06-15 00:21:53,482 : INFO : SwitchController : <<<<<<< 's_trough_ball_jam' inactive >>>>>>>
2026-06-15 00:21:53,596 : INFO : SwitchController : <<<<<<< 's_trough_ball_jam' active >>>>>>>
2026-06-15 00:21:53,596 : INFO : EventManager : Event: ======'machine_var_audits_switches_s_trough_ball_jam'====== Args={'value': 42, 'prev_value': 41, 'change': 1}
2026-06-15 00:21:53,597 : INFO : SwitchController : <<<<<<< 's_trough_ball_jam' inactive >>>>>>>
2026-06-15 00:21:53,658 : INFO : SwitchController : <<<<<<< 's_trough_ball_2' inactive >>>>>>>
2026-06-15 00:21:53,675 : INFO : SwitchController : <<<<<<< 's_trough_ball_1' active >>>>>>>
2026-06-15 00:21:53,676 : INFO : EventManager : Event: ======'machine_var_audits_switches_s_trough_ball_1'====== Args={'value': 25, 'prev_value': 24, 'change': 1}
2026-06-15 00:21:54,640 : INFO : SwitchController : <<<<<<< 's_trough_ball_1' inactive >>>>>>>
2026-06-15 00:21:54,640 : INFO : SwitchController : <<<<<<< 's_trough_ball_jam' active >>>>>>>
2026-06-15 00:21:54,640 : INFO : EventManager : Event: ======'machine_var_audits_switches_s_trough_ball_jam'====== Args={'value': 43, 'prev_value': 42, 'change': 1}
2026-06-15 00:21:54,661 : INFO : SwitchController : <<<<<<< 's_trough_ball_jam' inactive >>>>>>>
2026-06-15 00:21:54,869 : INFO : SwitchController : <<<<<<< 's_trough_ball_jam' active >>>>>>>
2026-06-15 00:21:54,869 : INFO : EventManager : Event: ======'machine_var_audits_switches_s_trough_ball_jam'====== Args={'value': 44, 'prev_value': 43, 'change': 1}
2026-06-15 00:21:54,901 : INFO : SwitchController : <<<<<<< 's_trough_ball_1' active >>>>>>>
2026-06-15 00:21:54,902 : INFO : EventManager : Event: ======'machine_var_audits_switches_s_trough_ball_1'====== Args={'value': 26, 'prev_value': 25, 'change': 1}
2026-06-15 00:21:54,902 : INFO : SwitchController : <<<<<<< 's_trough_ball_jam' inactive >>>>>>>
2026-06-15 00:21:54,948 : INFO : SwitchController : <<<<<<< 's_trough_ball_1' inactive >>>>>>>
2026-06-15 00:21:54,948 : INFO : SwitchController : <<<<<<< 's_trough_ball_jam' active >>>>>>>
2026-06-15 00:21:54,949 : INFO : EventManager : Event: ======'machine_var_audits_switches_s_trough_ball_jam'====== Args={'value': 45, 'prev_value': 44, 'change': 1}
2026-06-15 00:21:54,996 : INFO : SwitchController : <<<<<<< 's_trough_ball_1' active >>>>>>>
2026-06-15 00:21:54,997 : INFO : EventManager : Event: ======'machine_var_audits_switches_s_trough_ball_1'====== Args={'value': 27, 'prev_value': 26, 'change': 1}
2026-06-15 00:21:54,997 : INFO : SwitchController : <<<<<<< 's_trough_ball_jam' inactive >>>>>>>
2026-06-15 00:21:56,163 : INFO : SwitchController : <<<<<<< 's_trough_ball_1' inactive >>>>>>>
2026-06-15 00:21:56,164 : INFO : SwitchController : <<<<<<< 's_trough_ball_jam' active >>>>>>>
2026-06-15 00:21:56,165 : INFO : EventManager : Event: ======'machine_var_audits_switches_s_trough_ball_jam'====== Args={'value': 46, 'prev_value': 45, 'change': 1}
2026-06-15 00:21:56,628 : INFO : SwitchController : <<<<<<< 's_trough_ball_1' active >>>>>>>
2026-06-15 00:21:56,629 : INFO : EventManager : Event: ======'machine_var_audits_switches_s_trough_ball_1'====== Args={'value': 28, 'prev_value': 27, 'change': 1}
2026-06-15 00:21:57,250 : INFO : SwitchController : <<<<<<< 's_trough_ball_1' inactive >>>>>>>
2026-06-15 00:21:57,714 : INFO : SwitchController : <<<<<<< 's_trough_ball_1' active >>>>>>>
2026-06-15 00:21:57,715 : INFO : EventManager : Event: ======'machine_var_audits_switches_s_trough_ball_1'====== Args={'value': 29, 'prev_value': 28, 'change': 1}
2026-06-15 00:21:58,163 : INFO : SwitchController : <<<<<<< 's_trough_ball_1' inactive >>>>>>>
2026-06-15 00:21:58,901 : INFO : SwitchController : <<<<<<< 's_trough_ball_1' active >>>>>>>
2026-06-15 00:21:58,902 : INFO : EventManager : Event: ======'machine_var_audits_switches_s_trough_ball_1'====== Args={'value': 30, 'prev_value': 29, 'change': 1}
2026-06-15 00:21:59,490 : INFO : SwitchController : <<<<<<< 's_trough_ball_1' inactive >>>>>>>
2026-06-15 00:21:59,761 : INFO : SwitchController : <<<<<<< 's_trough_ball_1' active >>>>>>>
2026-06-15 00:21:59,762 : INFO : EventManager : Event: ======'machine_var_audits_switches_s_trough_ball_1'====== Args={'value': 31, 'prev_value': 30, 'change': 1}
2026-06-15 00:22:00,241 : INFO : SwitchController : <<<<<<< 's_trough_ball_1' inactive >>>>>>>
2026-06-15 00:22:00,480 : INFO : SwitchController : <<<<<<< 's_trough_ball_1' active >>>>>>>
2026-06-15 00:22:00,481 : INFO : EventManager : Event: ======'machine_var_audits_switches_s_trough_ball_1'====== Args={'value': 32, 'prev_value': 31, 'change': 1}
2026-06-15 00:22:19,916 : INFO : SwitchController : <<<<<<< 's_trough_ball_1' inactive >>>>>>>
2026-06-15 00:22:20,155 : INFO : SwitchController : <<<<<<< 's_trough_ball_1' active >>>>>>>
2026-06-15 00:22:20,156 : INFO : EventManager : Event: ======'machine_var_audits_switches_s_trough_ball_1'====== Args={'value': 33, 'prev_value': 32, 'change': 1}
2026-06-15 00:22:21,340 : INFO : SwitchController : <<<<<<< 's_trough_ball_1' inactive >>>>>>>
2026-06-15 00:22:21,564 : INFO : SwitchController : <<<<<<< 's_trough_ball_1' active >>>>>>>
2026-06-15 00:22:21,564 : INFO : EventManager : Event: ======'machine_var_audits_switches_s_trough_ball_1'====== Args={'value': 34, 'prev_value': 33, 'change': 1}
2026-06-15 00:22:21,580 : INFO : SwitchController : <<<<<<< 's_trough_ball_1' inactive >>>>>>>
2026-06-15 00:22:21,628 : INFO : SwitchController : <<<<<<< 's_trough_ball_2' active >>>>>>>
2026-06-15 00:22:21,629 : INFO : EventManager : Event: ======'machine_var_audits_switches_s_trough_ball_2'====== Args={'value': 6, 'prev_value': 5, 'change': 1}
2026-06-15 00:22:21,963 : INFO : SwitchController : <<<<<<< 's_trough_ball_2' inactive >>>>>>>
2026-06-15 00:22:22,027 : INFO : SwitchController : <<<<<<< 's_trough_ball_1' active >>>>>>>
2026-06-15 00:22:22,027 : INFO : EventManager : Event: ======'machine_var_audits_switches_s_trough_ball_1'====== Args={'value': 35, 'prev_value': 34, 'change': 1}
2026-06-15 00:22:22,964 : INFO : SwitchController : <<<<<<< 's_trough_ball_1' inactive >>>>>>>
2026-06-15 00:22:23,348 : INFO : SwitchController : <<<<<<< 's_trough_ball_1' active >>>>>>>
2026-06-15 00:22:23,349 : INFO : EventManager : Event: ======'machine_var_audits_switches_s_trough_ball_1'====== Args={'value': 36, 'prev_value': 35, 'change': 1}
2026-06-15 00:22:24,132 : INFO : SwitchController : <<<<<<< 's_trough_ball_1' inactive >>>>>>>
2026-06-15 00:22:24,405 : INFO : SwitchController : <<<<<<< 's_trough_ball_1' active >>>>>>>
2026-06-15 00:22:24,406 : INFO : EventManager : Event: ======'machine_var_audits_switches_s_trough_ball_1'====== Args={'value': 37, 'prev_value': 36, 'change': 1}
2026-06-15 00:22:26,662 : INFO : SwitchController : <<<<<<< 's_trough_ball_1' inactive >>>>>>>
2026-06-15 00:22:27,526 : INFO : SwitchController : <<<<<<< 's_trough_ball_1' active >>>>>>>
2026-06-15 00:22:27,527 : INFO : EventManager : Event: ======'machine_var_audits_switches_s_trough_ball_1'====== Args={'value': 38, 'prev_value': 37, 'change': 1}
2026-06-15 00:22:33,463 : INFO : SwitchController : <<<<<<< 's_trough_ball_1' inactive >>>>>>>
2026-06-15 00:22:34,614 : INFO : SwitchController : <<<<<<< 's_trough_ball_1' active >>>>>>>
2026-06-15 00:22:34,615 : INFO : EventManager : Event: ======'machine_var_audits_switches_s_trough_ball_1'====== Args={'value': 39, 'prev_value': 38, 'change': 1}
2026-06-15 00:22:34,933 : INFO : SwitchController : <<<<<<< 's_trough_ball_1' inactive >>>>>>>
2026-06-15 00:22:35,731 : INFO : SwitchController : <<<<<<< 's_trough_ball_1' active >>>>>>>
2026-06-15 00:22:35,731 : INFO : EventManager : Event: ======'machine_var_audits_switches_s_trough_ball_1'====== Args={'value': 40, 'prev_value': 39, 'change': 1}
2026-06-15 00:22:36,683 : INFO : SwitchController : <<<<<<< 's_trough_ball_1' inactive >>>>>>>
2026-06-15 00:22:37,321 : INFO : SwitchController : <<<<<<< 's_trough_ball_1' active >>>>>>>
2026-06-15 00:22:37,322 : INFO : EventManager : Event: ======'machine_var_audits_switches_s_trough_ball_1'====== Args={'value': 41, 'prev_value': 40, 'change': 1}
2026-06-15 00:22:37,657 : INFO : SwitchController : <<<<<<< 's_trough_ball_1' inactive >>>>>>>
2026-06-15 00:22:38,104 : INFO : SwitchController : <<<<<<< 's_trough_ball_1' active >>>>>>>
2026-06-15 00:22:38,105 : INFO : EventManager : Event: ======'machine_var_audits_switches_s_trough_ball_1'====== Args={'value': 42, 'prev_value': 41, 'change': 1}
2026-06-15 00:22:38,374 : INFO : SwitchController : <<<<<<< 's_trough_ball_1' inactive >>>>>>>
2026-06-15 00:22:38,613 : INFO : SwitchController : <<<<<<< 's_trough_ball_1' active >>>>>>>
2026-06-15 00:22:38,613 : INFO : EventManager : Event: ======'machine_var_audits_switches_s_trough_ball_1'====== Args={'value': 43, 'prev_value': 42, 'change': 1}
2026-06-15 00:22:38,933 : INFO : SwitchController : <<<<<<< 's_trough_ball_1' inactive >>>>>>>
2026-06-15 00:22:39,142 : INFO : SwitchController : <<<<<<< 's_trough_ball_1' active >>>>>>>
2026-06-15 00:22:39,142 : INFO : EventManager : Event: ======'machine_var_audits_switches_s_trough_ball_1'====== Args={'value': 44, 'prev_value': 43, 'change': 1}
2026-06-15 00:22:39,318 : INFO : SwitchController : <<<<<<< 's_trough_ball_1' inactive >>>>>>>
2026-06-15 00:22:39,542 : INFO : SwitchController : <<<<<<< 's_trough_ball_1' active >>>>>>>
2026-06-15 00:22:39,543 : INFO : EventManager : Event: ======'machine_var_audits_switches_s_trough_ball_1'====== Args={'value': 45, 'prev_value': 44, 'change': 1}
2026-06-15 00:22:39,670 : INFO : SwitchController : <<<<<<< 's_trough_ball_1' inactive >>>>>>>
2026-06-15 00:22:39,878 : INFO : SwitchController : <<<<<<< 's_trough_ball_1' active >>>>>>>
2026-06-15 00:22:39,879 : INFO : EventManager : Event: ======'machine_var_audits_switches_s_trough_ball_1'====== Args={'value': 46, 'prev_value': 45, 'change': 1}
2026-06-15 00:22:39,881 : INFO : SwitchController : <<<<<<< 's_trough_ball_1' inactive >>>>>>>
2026-06-15 00:22:39,910 : INFO : SwitchController : <<<<<<< 's_trough_ball_1' active >>>>>>>
2026-06-15 00:22:39,911 : INFO : EventManager : Event: ======'machine_var_audits_switches_s_trough_ball_1'====== Args={'value': 47, 'prev_value': 46, 'change': 1}
2026-06-15 00:22:40,007 : INFO : SwitchController : <<<<<<< 's_trough_ball_1' inactive >>>>>>>
2026-06-15 00:22:40,232 : INFO : SwitchController : <<<<<<< 's_trough_ball_1' active >>>>>>>
2026-06-15 00:22:40,232 : INFO : EventManager : Event: ======'machine_var_audits_switches_s_trough_ball_1'====== Args={'value': 48, 'prev_value': 47, 'change': 1}
2026-06-15 00:22:40,343 : INFO : SwitchController : <<<<<<< 's_trough_ball_1' inactive >>>>>>>
2026-06-15 00:22:40,551 : INFO : SwitchController : <<<<<<< 's_trough_ball_1' active >>>>>>>
2026-06-15 00:22:40,552 : INFO : EventManager : Event: ======'machine_var_audits_switches_s_trough_ball_1'====== Args={'value': 49, 'prev_value': 48, 'change': 1}
2026-06-15 00:22:40,567 : INFO : SwitchController : <<<<<<< 's_trough_ball_1' inactive >>>>>>>
2026-06-15 00:22:40,599 : INFO : SwitchController : <<<<<<< 's_trough_ball_1' active >>>>>>>
2026-06-15 00:22:40,600 : INFO : EventManager : Event: ======'machine_var_audits_switches_s_trough_ball_1'====== Args={'value': 50, 'prev_value': 49, 'change': 1}
2026-06-15 00:22:40,696 : INFO : SwitchController : <<<<<<< 's_trough_ball_1' inactive >>>>>>>
2026-06-15 00:22:41,064 : INFO : SwitchController : <<<<<<< 's_trough_ball_1' active >>>>>>>
2026-06-15 00:22:41,065 : INFO : EventManager : Event: ======'machine_var_audits_switches_s_trough_ball_1'====== Args={'value': 51, 'prev_value': 50, 'change': 1}
2026-06-15 00:22:41,496 : INFO : SwitchController : <<<<<<< 's_trough_ball_1' inactive >>>>>>>
2026-06-15 00:23:04,469 : INFO : SwitchController : <<<<<<< 's_trough_ball_1' active >>>>>>>
2026-06-15 00:23:04,470 : INFO : EventManager : Event: ======'machine_var_audits_switches_s_trough_ball_1'====== Args={'value': 52, 'prev_value': 51, 'change': 1}
2026-06-15 00:23:07,382 : INFO : SwitchController : <<<<<<< 's_trough_ball_1' inactive >>>>>>>
2026-06-15 00:23:08,085 : INFO : SwitchController : <<<<<<< 's_trough_ball_1' active >>>>>>>
2026-06-15 00:23:08,085 : INFO : EventManager : Event: ======'machine_var_audits_switches_s_trough_ball_1'====== Args={'value': 53, 'prev_value': 52, 'change': 1}
2026-06-15 00:23:08,949 : INFO : SwitchController : <<<<<<< 's_trough_ball_1' inactive >>>>>>>
2026-06-15 00:23:09,508 : INFO : SwitchController : <<<<<<< 's_trough_ball_1' active >>>>>>>
2026-06-15 00:23:09,509 : INFO : EventManager : Event: ======'machine_var_audits_switches_s_trough_ball_1'====== Args={'value': 54, 'prev_value': 53, 'change': 1}
2026-06-15 00:23:11,332 : INFO : SwitchController : <<<<<<< 's_trough_ball_1' inactive >>>>>>>
2026-06-15 00:23:11,812 : INFO : SwitchController : <<<<<<< 's_trough_ball_1' active >>>>>>>
2026-06-15 00:23:11,813 : INFO : EventManager : Event: ======'machine_var_audits_switches_s_trough_ball_1'====== Args={'value': 55, 'prev_value': 54, 'change': 1}
2026-06-15 00:23:12,549 : INFO : SwitchController : <<<<<<< 's_trough_ball_1' inactive >>>>>>>
2026-06-15 00:23:13,124 : INFO : SwitchController : <<<<<<< 's_trough_ball_1' active >>>>>>>
2026-06-15 00:23:13,125 : INFO : EventManager : Event: ======'machine_var_audits_switches_s_trough_ball_1'====== Args={'value': 56, 'prev_value': 55, 'change': 1}
2026-06-15 00:23:13,813 : INFO : SwitchController : <<<<<<< 's_trough_ball_1' inactive >>>>>>>
2026-06-15 00:23:14,596 : INFO : SwitchController : <<<<<<< 's_trough_ball_1' active >>>>>>>
2026-06-15 00:23:14,596 : INFO : EventManager : Event: ======'machine_var_audits_switches_s_trough_ball_1'====== Args={'value': 57, 'prev_value': 56, 'change': 1}
2026-06-15 00:23:17,457 : INFO : SwitchController : <<<<<<< 's_trough_ball_1' inactive >>>>>>>
2026-06-15 00:23:18,256 : INFO : SwitchController : <<<<<<< 's_trough_ball_1' active >>>>>>>
2026-06-15 00:23:18,257 : INFO : EventManager : Event: ======'machine_var_audits_switches_s_trough_ball_1'====== Args={'value': 58, 'prev_value': 57, 'change': 1}
2026-06-15 00:23:19,027 : INFO : SwitchController : <<<<<<< 's_trough_ball_1' inactive >>>>>>>
2026-06-15 00:23:19,602 : INFO : SwitchController : <<<<<<< 's_trough_ball_1' active >>>>>>>
2026-06-15 00:23:19,603 : INFO : EventManager : Event: ======'machine_var_audits_switches_s_trough_ball_1'====== Args={'value': 59, 'prev_value': 58, 'change': 1}
2026-06-15 00:23:20,003 : INFO : SwitchController : <<<<<<< 's_trough_ball_1' inactive >>>>>>>
2026-06-15 00:23:20,578 : INFO : SwitchController : <<<<<<< 's_trough_ball_1' active >>>>>>>
2026-06-15 00:23:20,578 : INFO : EventManager : Event: ======'machine_var_audits_switches_s_trough_ball_1'====== Args={'value': 60, 'prev_value': 59, 'change': 1}
2026-06-15 00:23:20,977 : INFO : SwitchController : <<<<<<< 's_trough_ball_1' inactive >>>>>>>
2026-06-15 00:23:21,952 : INFO : SwitchController : <<<<<<< 's_trough_ball_1' active >>>>>>>
2026-06-15 00:23:21,953 : INFO : EventManager : Event: ======'machine_var_audits_switches_s_trough_ball_1'====== Args={'value': 61, 'prev_value': 60, 'change': 1}
2026-06-15 00:24:14,444 : INFO : SwitchController : <<<<<<< 's_slingshot_right' active >>>>>>>
2026-06-15 00:24:14,444 : INFO : EventManager : Event: ======'machine_var_audits_switches_s_slingshot_right'====== Args={'value': 6, 'prev_value': 5, 'change': 1}
2026-06-15 00:24:14,452 : INFO : SwitchController : <<<<<<< 's_slingshot_right' inactive >>>>>>>
2026-06-15 00:24:14,475 : INFO : SwitchController : <<<<<<< 's_slingshot_right' active >>>>>>>
2026-06-15 00:24:14,476 : INFO : EventManager : Event: ======'machine_var_audits_switches_s_slingshot_right'====== Args={'value': 7, 'prev_value': 6, 'change': 1}
2026-06-15 00:24:14,491 : INFO : SwitchController : <<<<<<< 's_slingshot_right' inactive >>>>>>>
2026-06-15 00:24:14,841 : INFO : SwitchController : <<<<<<< 's_slingshot_right' active >>>>>>>
2026-06-15 00:24:14,842 : INFO : EventManager : Event: ======'machine_var_audits_switches_s_slingshot_right'====== Args={'value': 8, 'prev_value': 7, 'change': 1}
2026-06-15 00:24:14,858 : INFO : SwitchController : <<<<<<< 's_slingshot_right' inactive >>>>>>>
2026-06-15 00:24:15,129 : INFO : SwitchController : <<<<<<< 's_slingshot_right' active >>>>>>>
2026-06-15 00:24:15,130 : INFO : EventManager : Event: ======'machine_var_audits_switches_s_slingshot_right'====== Args={'value': 9, 'prev_value': 8, 'change': 1}
2026-06-15 00:24:15,145 : INFO : SwitchController : <<<<<<< 's_slingshot_right' inactive >>>>>>>
2026-06-15 00:24:15,991 : INFO : SwitchController : <<<<<<< 's_slingshot_left' active >>>>>>>
2026-06-15 00:24:15,992 : INFO : EventManager : Event: ======'machine_var_audits_switches_s_slingshot_left'====== Args={'value': 6, 'prev_value': 5, 'change': 1}
2026-06-15 00:24:15,994 : INFO : SwitchController : <<<<<<< 's_slingshot_left' inactive >>>>>>>
2026-06-15 00:24:16,246 : INFO : SwitchController : <<<<<<< 's_slingshot_left' active >>>>>>>
2026-06-15 00:24:16,247 : INFO : EventManager : Event: ======'machine_var_audits_switches_s_slingshot_left'====== Args={'value': 7, 'prev_value': 6, 'change': 1}
2026-06-15 00:24:16,249 : INFO : SwitchController : <<<<<<< 's_slingshot_left' inactive >>>>>>>
2026-06-15 00:24:17,079 : INFO : SwitchController : <<<<<<< 's_slingshot_left' active >>>>>>>
2026-06-15 00:24:17,079 : INFO : EventManager : Event: ======'machine_var_audits_switches_s_slingshot_left'====== Args={'value': 8, 'prev_value': 7, 'change': 1}
2026-06-15 00:24:17,095 : INFO : SwitchController : <<<<<<< 's_slingshot_left' inactive >>>>>>>
2026-06-15 00:24:17,286 : INFO : SwitchController : <<<<<<< 's_slingshot_left' active >>>>>>>
2026-06-15 00:24:17,286 : INFO : EventManager : Event: ======'machine_var_audits_switches_s_slingshot_left'====== Args={'value': 9, 'prev_value': 8, 'change': 1}
2026-06-15 00:24:17,302 : INFO : SwitchController : <<<<<<< 's_slingshot_left' inactive >>>>>>>
2026-06-15 00:27:30,316 : INFO : Machine : Shutting down...
2026-06-15 00:27:30,316 : INFO : EventManager : Event: ======'shutdown'====== Args={}
2026-06-15 00:27:30,317 : INFO : EventManager : Event: ======'mode_game_will_stop'====== Args={}
2026-06-15 00:27:30,317 : INFO : EventManager : Event: ======'mode_game_stopping'====== Args={}
2026-06-15 00:27:30,317 : INFO : Mode.game : Stopped.
2026-06-15 00:27:30,317 : INFO : EventManager : Event: ======'modes_active_modes_changed'====== Args={}
2026-06-15 00:27:30,318 : INFO : EventManager : Event: ======'mode_game_stopped'====== Args={}
2026-06-15 00:27:30,318 : INFO : EventManager : Event: ======'clear'====== Args={'key': 'game'}
2026-06-15 00:27:30,431 : INFO : root : MPF run loop ended.
